[2026-09-13T02:14:50.107+0000] {local_task_job_runner.py:120} INFO - ::group::Pre task execution logs
[2026-09-13T02:14:50.154+0000] {taskinstance.py:2076} INFO - Dependencies all met for dep_context=non-requeueable deps ti=<TaskInstance: steam_analytics_daily.build_gold_data_mart scheduled__2026-09-12T02:00:00+00:00 [queued]>
[2026-09-13T02:14:50.170+0000] {taskinstance.py:2076} INFO - Dependencies all met for dep_context=requeueable deps ti=<TaskInstance: steam_analytics_daily.build_gold_data_mart scheduled__2026-09-12T02:00:00+00:00 [queued]>
[2026-09-13T02:14:50.171+0000] {taskinstance.py:2306} INFO - Starting attempt 1 of 2
[2026-09-13T02:14:50.215+0000] {taskinstance.py:2330} INFO - Executing <Task(_PythonDecoratedOperator): build_gold_data_mart> on 2026-09-12 02:00:00+00:00
[2026-09-13T02:14:50.229+0000] {logging_mixin.py:188} WARNING - /home/***/.local/lib/python3.12/site-packages/***/task/task_runner/standard_task_runner.py:62 DeprecationWarning: This process (pid=198) is multi-threaded, use of fork() may lead to deadlocks in the child.
[2026-09-13T02:14:50.227+0000] {standard_task_runner.py:90} INFO - Running: ['***', 'tasks', 'run', 'steam_analytics_daily', 'build_gold_data_mart', 'scheduled__2026-09-12T02:00:00+00:00', '--job-id', '87', '--raw', '--subdir', 'DAGS_FOLDER/steam_analytics.py', '--cfg-path', '/tmp/tmplouyvg15']
[2026-09-13T02:14:50.232+0000] {standard_task_runner.py:64} INFO - Started process 199 to run task
[2026-09-13T02:14:50.235+0000] {standard_task_runner.py:91} INFO - Job 87: Subtask build_gold_data_mart
[2026-09-13T02:14:50.319+0000] {task_command.py:426} INFO - Running <TaskInstance: steam_analytics_daily.build_gold_data_mart scheduled__2026-09-12T02:00:00+00:00 [running]> on host fcb1bc3b8094
[2026-09-13T02:14:50.447+0000] {taskinstance.py:2648} INFO - Exporting env vars: AIRFLOW_CTX_DAG_OWNER='data_engineer' AIRFLOW_CTX_DAG_ID='steam_analytics_daily' AIRFLOW_CTX_TASK_ID='build_gold_data_mart' AIRFLOW_CTX_EXECUTION_DATE='2026-09-12T02:00:00+00:00' AIRFLOW_CTX_TRY_NUMBER='1' AIRFLOW_CTX_DAG_RUN_ID='scheduled__2026-09-12T02:00:00+00:00'
[2026-09-13T02:14:50.449+0000] {taskinstance.py:430} INFO - ::endgroup::
[2026-09-13T02:14:50.451+0000] {steam_analytics.py:213} INFO - Memulai build SELURUH Gold Data Mart untuk 2026-09-12
[2026-09-13T02:14:50.452+0000] {crypto.py:82} WARNING - empty cryptography key - values will not be stored encrypted.
[2026-09-13T02:14:50.453+0000] {base.py:84} INFO - Using connection ID 'postgres_***' for task execution.
[2026-09-13T02:14:50.457+0000] {postgres.py:691} INFO - Memulai pembangunan seluruh Gold Data Mart untuk 2026-09-12
[2026-09-13T02:14:50.521+0000] {postgres.py:453} INFO - mart_game_ranking berhasil dibangun untuk 2026-09-12
[2026-09-13T02:14:50.546+0000] {postgres.py:509} INFO - mart_genre_analysis berhasil dibangun untuk 2026-09-12
[2026-09-13T02:14:50.563+0000] {postgres.py:548} INFO - mart_platform_analysis berhasil dibangun untuk 2026-09-12
[2026-09-13T02:14:50.569+0000] {postgres.py:601} INFO - mart_daily_summary berhasil dibangun untuk 2026-09-12
[2026-09-13T02:14:50.579+0000] {postgres.py:680} INFO - mart_price_value_segment berhasil dibangun untuk 2026-09-12
[2026-09-13T02:14:50.579+0000] {postgres.py:699} INFO - Seluruh Gold Data Mart berhasil dibangun untuk 2026-09-12
[2026-09-13T02:14:50.580+0000] {python.py:237} INFO - Done. Returned value was: None
[2026-09-13T02:14:50.581+0000] {taskinstance.py:441} INFO - ::group::Post task execution logs
[2026-09-13T02:14:50.591+0000] {taskinstance.py:1206} INFO - Marking task as SUCCESS. dag_id=steam_analytics_daily, task_id=build_gold_data_mart, run_id=scheduled__2026-09-12T02:00:00+00:00, execution_date=20260912T020000, start_date=20260913T021450, end_date=20260913T021450
[2026-09-13T02:14:50.613+0000] {local_task_job_runner.py:243} INFO - Task exited with return code 0
[2026-09-13T02:14:50.636+0000] {taskinstance.py:3503} INFO - 0 downstream tasks scheduled from follow-on schedule check
[2026-09-13T02:14:50.638+0000] {local_task_job_runner.py:222} INFO - ::endgroup::
