[2026-09-09T19:31:54.949+0000] {local_task_job_runner.py:120} INFO - ::group::Pre task execution logs
[2026-09-09T19:31:54.980+0000] {taskinstance.py:2076} INFO - Dependencies all met for dep_context=non-requeueable deps ti=<TaskInstance: steam_analytics_daily.build_gold_data_mart manual__2026-09-09T19:31:49.226892+00:00 [queued]>
[2026-09-09T19:31:54.987+0000] {taskinstance.py:2076} INFO - Dependencies all met for dep_context=requeueable deps ti=<TaskInstance: steam_analytics_daily.build_gold_data_mart manual__2026-09-09T19:31:49.226892+00:00 [queued]>
[2026-09-09T19:31:54.988+0000] {taskinstance.py:2306} INFO - Starting attempt 1 of 2
[2026-09-09T19:31:54.999+0000] {taskinstance.py:2330} INFO - Executing <Task(_PythonDecoratedOperator): build_gold_data_mart> on 2026-09-09 19:31:49.226892+00:00
[2026-09-09T19:31:55.006+0000] {logging_mixin.py:188} WARNING - /home/***/.local/lib/python3.12/site-packages/***/task/task_runner/standard_task_runner.py:62 DeprecationWarning: This process (pid=1384) is multi-threaded, use of fork() may lead to deadlocks in the child.
[2026-09-09T19:31:55.006+0000] {standard_task_runner.py:90} INFO - Running: ['***', 'tasks', 'run', 'steam_analytics_daily', 'build_gold_data_mart', 'manual__2026-09-09T19:31:49.226892+00:00', '--job-id', '16', '--raw', '--subdir', 'DAGS_FOLDER/steam_analytics.py', '--cfg-path', '/tmp/tmpukpqfv5f']
[2026-09-09T19:31:55.007+0000] {standard_task_runner.py:64} INFO - Started process 1385 to run task
[2026-09-09T19:31:55.007+0000] {standard_task_runner.py:91} INFO - Job 16: Subtask build_gold_data_mart
[2026-09-09T19:31:55.053+0000] {task_command.py:426} INFO - Running <TaskInstance: steam_analytics_daily.build_gold_data_mart manual__2026-09-09T19:31:49.226892+00:00 [running]> on host fcb1bc3b8094
[2026-09-09T19:31:55.136+0000] {taskinstance.py:2648} INFO - Exporting env vars: AIRFLOW_CTX_DAG_OWNER='data_engineer' AIRFLOW_CTX_DAG_ID='steam_analytics_daily' AIRFLOW_CTX_TASK_ID='build_gold_data_mart' AIRFLOW_CTX_EXECUTION_DATE='2026-09-09T19:31:49.226892+00:00' AIRFLOW_CTX_TRY_NUMBER='1' AIRFLOW_CTX_DAG_RUN_ID='manual__2026-09-09T19:31:49.226892+00:00'
[2026-09-09T19:31:55.137+0000] {taskinstance.py:430} INFO - ::endgroup::
[2026-09-09T19:31:55.137+0000] {steam_analytics.py:236} INFO - Memulai build SELURUH Gold Data Mart untuk 2026-09-09
[2026-09-09T19:31:55.138+0000] {crypto.py:82} WARNING - empty cryptography key - values will not be stored encrypted.
[2026-09-09T19:31:55.139+0000] {base.py:84} INFO - Using connection ID 'postgres_***' for task execution.
[2026-09-09T19:31:55.144+0000] {postgres.py:717} INFO - Memulai pembangunan seluruh Gold Data Mart untuk 2026-09-09
[2026-09-09T19:31:55.184+0000] {postgres.py:479} INFO - mart_game_ranking berhasil dibangun untuk 2026-09-09
[2026-09-09T19:31:55.201+0000] {postgres.py:535} INFO - mart_genre_analysis berhasil dibangun untuk 2026-09-09
[2026-09-09T19:31:55.214+0000] {postgres.py:574} INFO - mart_platform_analysis berhasil dibangun untuk 2026-09-09
[2026-09-09T19:31:55.218+0000] {postgres.py:627} INFO - mart_daily_summary berhasil dibangun untuk 2026-09-09
[2026-09-09T19:31:55.224+0000] {postgres.py:706} INFO - mart_price_value_segment berhasil dibangun untuk 2026-09-09
[2026-09-09T19:31:55.224+0000] {postgres.py:725} INFO - Seluruh Gold Data Mart berhasil dibangun untuk 2026-09-09
[2026-09-09T19:31:55.225+0000] {python.py:237} INFO - Done. Returned value was: None
[2026-09-09T19:31:55.225+0000] {taskinstance.py:441} INFO - ::group::Post task execution logs
[2026-09-09T19:31:55.235+0000] {taskinstance.py:1206} INFO - Marking task as SUCCESS. dag_id=steam_analytics_daily, task_id=build_gold_data_mart, run_id=manual__2026-09-09T19:31:49.226892+00:00, execution_date=20260909T193149, start_date=20260909T193154, end_date=20260909T193155
[2026-09-09T19:31:55.261+0000] {local_task_job_runner.py:243} INFO - Task exited with return code 0
[2026-09-09T19:31:55.276+0000] {taskinstance.py:3503} INFO - 0 downstream tasks scheduled from follow-on schedule check
[2026-09-09T19:31:55.278+0000] {local_task_job_runner.py:222} INFO - ::endgroup::
