[2026-09-02T07:55:16.263+0000] {local_task_job_runner.py:120} INFO - ::group::Pre task execution logs
[2026-09-02T07:55:16.300+0000] {taskinstance.py:2076} INFO - Dependencies all met for dep_context=non-requeueable deps ti=<TaskInstance: steam_analytics_daily.process_facts_and_silver_layer scheduled__2026-09-01T02:00:00+00:00 [queued]>
[2026-09-02T07:55:16.310+0000] {taskinstance.py:2076} INFO - Dependencies all met for dep_context=requeueable deps ti=<TaskInstance: steam_analytics_daily.process_facts_and_silver_layer scheduled__2026-09-01T02:00:00+00:00 [queued]>
[2026-09-02T07:55:16.311+0000] {taskinstance.py:2306} INFO - Starting attempt 1 of 2
[2026-09-02T07:55:16.325+0000] {taskinstance.py:2330} INFO - Executing <Task(_PythonDecoratedOperator): process_facts_and_silver_layer> on 2026-09-01 02:00:00+00:00
[2026-09-02T07:55:16.333+0000] {logging_mixin.py:188} WARNING - /home/***/.local/lib/python3.12/site-packages/***/task/task_runner/standard_task_runner.py:62 DeprecationWarning: This process (pid=196) is multi-threaded, use of fork() may lead to deadlocks in the child.
[2026-09-02T07:55:16.332+0000] {standard_task_runner.py:90} INFO - Running: ['***', 'tasks', 'run', 'steam_analytics_daily', 'process_facts_and_silver_layer', 'scheduled__2026-09-01T02:00:00+00:00', '--job-id', '12', '--raw', '--subdir', 'DAGS_FOLDER/steam_analytics.py', '--cfg-path', '/tmp/tmp54ti4w24']
[2026-09-02T07:55:16.334+0000] {standard_task_runner.py:64} INFO - Started process 197 to run task
[2026-09-02T07:55:16.334+0000] {standard_task_runner.py:91} INFO - Job 12: Subtask process_facts_and_silver_layer
[2026-09-02T07:55:16.380+0000] {task_command.py:426} INFO - Running <TaskInstance: steam_analytics_daily.process_facts_and_silver_layer scheduled__2026-09-01T02:00:00+00:00 [running]> on host d1c76e755124
[2026-09-02T07:55:16.458+0000] {taskinstance.py:2648} INFO - Exporting env vars: AIRFLOW_CTX_DAG_OWNER='data_engineer' AIRFLOW_CTX_DAG_ID='steam_analytics_daily' AIRFLOW_CTX_TASK_ID='process_facts_and_silver_layer' AIRFLOW_CTX_EXECUTION_DATE='2026-09-01T02:00:00+00:00' AIRFLOW_CTX_TRY_NUMBER='1' AIRFLOW_CTX_DAG_RUN_ID='scheduled__2026-09-01T02:00:00+00:00'
[2026-09-02T07:55:16.459+0000] {taskinstance.py:430} INFO - ::endgroup::
[2026-09-02T07:55:16.591+0000] {minio_client.py:91} INFO - Berhasil membaca 1000 record dari s3://steam-analytics/bronze/steamspy/2026-09-01/data.json
[2026-09-02T07:55:16.602+0000] {base.py:84} INFO - Using connection ID 'postgres_***' for task execution.
[2026-09-02T07:55:16.615+0000] {postgres.py:288} INFO - Partisi fact_game_snapshot_2026_09 dipastikan tersedia
[2026-09-02T07:55:16.620+0000] {postgres.py:166} INFO - get_game_lookup: 963 game dimuat dari dim_game
[2026-09-02T07:55:16.621+0000] {cleaning.py:175} WARNING - appid 1063730 tidak ditemukan di game_lookup, dilewati
[2026-09-02T07:55:16.622+0000] {cleaning.py:175} WARNING - appid 291480 tidak ditemukan di game_lookup, dilewati
[2026-09-02T07:55:16.623+0000] {cleaning.py:175} WARNING - appid 203160 tidak ditemukan di game_lookup, dilewati
[2026-09-02T07:55:16.623+0000] {cleaning.py:175} WARNING - appid 1172620 tidak ditemukan di game_lookup, dilewati
[2026-09-02T07:55:16.624+0000] {cleaning.py:175} WARNING - appid 221380 tidak ditemukan di game_lookup, dilewati
[2026-09-02T07:55:16.625+0000] {cleaning.py:175} WARNING - appid 439700 tidak ditemukan di game_lookup, dilewati
[2026-09-02T07:55:16.625+0000] {cleaning.py:175} WARNING - appid 677620 tidak ditemukan di game_lookup, dilewati
[2026-09-02T07:55:16.625+0000] {cleaning.py:175} WARNING - appid 397900 tidak ditemukan di game_lookup, dilewati
[2026-09-02T07:55:16.626+0000] {cleaning.py:175} WARNING - appid 273110 tidak ditemukan di game_lookup, dilewati
[2026-09-02T07:55:16.626+0000] {cleaning.py:175} WARNING - appid 223750 tidak ditemukan di game_lookup, dilewati
[2026-09-02T07:55:16.627+0000] {cleaning.py:175} WARNING - appid 1366800 tidak ditemukan di game_lookup, dilewati
[2026-09-02T07:55:16.628+0000] {cleaning.py:175} WARNING - appid 447040 tidak ditemukan di game_lookup, dilewati
[2026-09-02T07:55:16.628+0000] {cleaning.py:175} WARNING - appid 33900 tidak ditemukan di game_lookup, dilewati
[2026-09-02T07:55:16.629+0000] {cleaning.py:175} WARNING - appid 4560 tidak ditemukan di game_lookup, dilewati
[2026-09-02T07:55:16.629+0000] {cleaning.py:175} WARNING - appid 838350 tidak ditemukan di game_lookup, dilewati
[2026-09-02T07:55:16.630+0000] {cleaning.py:175} WARNING - appid 38400 tidak ditemukan di game_lookup, dilewati
[2026-09-02T07:55:16.630+0000] {cleaning.py:175} WARNING - appid 629520 tidak ditemukan di game_lookup, dilewati
[2026-09-02T07:55:16.631+0000] {cleaning.py:175} WARNING - appid 1468810 tidak ditemukan di game_lookup, dilewati
[2026-09-02T07:55:16.631+0000] {cleaning.py:175} WARNING - appid 105450 tidak ditemukan di game_lookup, dilewati
[2026-09-02T07:55:16.632+0000] {cleaning.py:175} WARNING - appid 466560 tidak ditemukan di game_lookup, dilewati
[2026-09-02T07:55:16.632+0000] {cleaning.py:175} WARNING - appid 1466860 tidak ditemukan di game_lookup, dilewati
[2026-09-02T07:55:16.633+0000] {cleaning.py:175} WARNING - appid 394510 tidak ditemukan di game_lookup, dilewati
[2026-09-02T07:55:16.633+0000] {cleaning.py:175} WARNING - appid 640820 tidak ditemukan di game_lookup, dilewati
[2026-09-02T07:55:16.634+0000] {cleaning.py:175} WARNING - appid 15620 tidak ditemukan di game_lookup, dilewati
[2026-09-02T07:55:16.634+0000] {cleaning.py:175} WARNING - appid 55150 tidak ditemukan di game_lookup, dilewati
[2026-09-02T07:55:16.635+0000] {cleaning.py:175} WARNING - appid 314160 tidak ditemukan di game_lookup, dilewati
[2026-09-02T07:55:16.636+0000] {cleaning.py:175} WARNING - appid 1659040 tidak ditemukan di game_lookup, dilewati
[2026-09-02T07:55:16.637+0000] {cleaning.py:175} WARNING - appid 208140 tidak ditemukan di game_lookup, dilewati
[2026-09-02T07:55:16.637+0000] {cleaning.py:175} WARNING - appid 206500 tidak ditemukan di game_lookup, dilewati
[2026-09-02T07:55:16.638+0000] {cleaning.py:175} WARNING - appid 10500 tidak ditemukan di game_lookup, dilewati
[2026-09-02T07:55:16.639+0000] {cleaning.py:175} WARNING - appid 24980 tidak ditemukan di game_lookup, dilewati
[2026-09-02T07:55:16.640+0000] {cleaning.py:175} WARNING - appid 34030 tidak ditemukan di game_lookup, dilewati
[2026-09-02T07:55:16.640+0000] {cleaning.py:175} WARNING - appid 736220 tidak ditemukan di game_lookup, dilewati
[2026-09-02T07:55:16.641+0000] {cleaning.py:175} WARNING - appid 4570 tidak ditemukan di game_lookup, dilewati
[2026-09-02T07:55:16.642+0000] {cleaning.py:175} WARNING - appid 17460 tidak ditemukan di game_lookup, dilewati
[2026-09-02T07:55:16.642+0000] {cleaning.py:175} WARNING - appid 4700 tidak ditemukan di game_lookup, dilewati
[2026-09-02T07:55:16.644+0000] {cleaning.py:175} WARNING - appid 972660 tidak ditemukan di game_lookup, dilewati
[2026-09-02T07:55:16.644+0000] {cleaning.py:182} INFO - build_silver_dataset selesai: 963 record berhasil diproses, 37 dilewati
[2026-09-02T07:55:16.751+0000] {minio_client.py:74} INFO - Berhasil menulis 963 record ke s3://steam-analytics/silver/game_snapshot/2026-09-01/data.json
[2026-09-02T07:55:16.866+0000] {postgres.py:345} INFO - Berhasil insert/update 963 baris ke fact_game_snapshot (0 dilewati karena tidak ada game_key)
[2026-09-02T07:55:16.866+0000] {steam_analytics.py:456} INFO - Silver + Fact berhasil diproses. Record: 963
[2026-09-02T07:55:16.867+0000] {python.py:237} INFO - Done. Returned value was: None
[2026-09-02T07:55:16.868+0000] {taskinstance.py:441} INFO - ::group::Post task execution logs
[2026-09-02T07:55:16.878+0000] {taskinstance.py:1206} INFO - Marking task as SUCCESS. dag_id=steam_analytics_daily, task_id=process_facts_and_silver_layer, run_id=scheduled__2026-09-01T02:00:00+00:00, execution_date=20260901T020000, start_date=20260902T075516, end_date=20260902T075516
[2026-09-02T07:55:16.909+0000] {local_task_job_runner.py:243} INFO - Task exited with return code 0
[2026-09-02T07:55:16.927+0000] {taskinstance.py:3503} INFO - 0 downstream tasks scheduled from follow-on schedule check
[2026-09-02T07:55:16.929+0000] {local_task_job_runner.py:222} INFO - ::endgroup::
