[2026-09-05T03:23:41.945+0000] {local_task_job_runner.py:120} INFO - ::group::Pre task execution logs
[2026-09-05T03:23:41.976+0000] {taskinstance.py:2076} INFO - Dependencies all met for dep_context=non-requeueable deps ti=<TaskInstance: steam_analytics_daily.process_new_games_and_dimensions scheduled__2026-09-04T02:00:00+00:00 [queued]>
[2026-09-05T03:23:41.984+0000] {taskinstance.py:2076} INFO - Dependencies all met for dep_context=requeueable deps ti=<TaskInstance: steam_analytics_daily.process_new_games_and_dimensions scheduled__2026-09-04T02:00:00+00:00 [queued]>
[2026-09-05T03:23:41.985+0000] {taskinstance.py:2306} INFO - Starting attempt 1 of 2
[2026-09-05T03:23:41.996+0000] {taskinstance.py:2330} INFO - Executing <Task(_PythonDecoratedOperator): process_new_games_and_dimensions> on 2026-09-04 02:00:00+00:00
[2026-09-05T03:23:42.003+0000] {logging_mixin.py:188} WARNING - /home/***/.local/lib/python3.12/site-packages/***/task/task_runner/standard_task_runner.py:62 DeprecationWarning: This process (pid=194) is multi-threaded, use of fork() may lead to deadlocks in the child.
[2026-09-05T03:23:42.004+0000] {standard_task_runner.py:64} INFO - Started process 195 to run task
[2026-09-05T03:23:42.003+0000] {standard_task_runner.py:90} INFO - Running: ['***', 'tasks', 'run', 'steam_analytics_daily', 'process_new_games_and_dimensions', 'scheduled__2026-09-04T02:00:00+00:00', '--job-id', '10', '--raw', '--subdir', 'DAGS_FOLDER/steam_analytics.py', '--cfg-path', '/tmp/tmpjfyia7uu']
[2026-09-05T03:23:42.005+0000] {standard_task_runner.py:91} INFO - Job 10: Subtask process_new_games_and_dimensions
[2026-09-05T03:23:42.057+0000] {task_command.py:426} INFO - Running <TaskInstance: steam_analytics_daily.process_new_games_and_dimensions scheduled__2026-09-04T02:00:00+00:00 [running]> on host 69bb381b179f
[2026-09-05T03:23:42.155+0000] {taskinstance.py:2648} INFO - Exporting env vars: AIRFLOW_CTX_DAG_OWNER='data_engineer' AIRFLOW_CTX_DAG_ID='steam_analytics_daily' AIRFLOW_CTX_TASK_ID='process_new_games_and_dimensions' AIRFLOW_CTX_EXECUTION_DATE='2026-09-04T02:00:00+00:00' AIRFLOW_CTX_TRY_NUMBER='1' AIRFLOW_CTX_DAG_RUN_ID='scheduled__2026-09-04T02:00:00+00:00'
[2026-09-05T03:23:42.156+0000] {taskinstance.py:430} INFO - ::endgroup::
[2026-09-05T03:23:42.290+0000] {minio_client.py:91} INFO - Berhasil membaca 1000 record dari s3://steam-analytics/bronze/steamspy/2026-09-04/data.json
[2026-09-05T03:23:42.316+0000] {minio_client.py:91} INFO - Berhasil membaca 0 record dari s3://steam-analytics/bronze/rawg/2026-09-04/data.json
[2026-09-05T03:23:42.322+0000] {crypto.py:82} WARNING - empty cryptography key - values will not be stored encrypted.
[2026-09-05T03:23:42.323+0000] {base.py:84} INFO - Using connection ID 'postgres_***' for task execution.
[2026-09-05T03:23:42.330+0000] {matching.py:69} INFO - Deteksi game baru: 0 dari 1000 game hari ini belum punya mapping
[2026-09-05T03:23:42.331+0000] {steam_analytics.py:331} INFO - Task dimension selesai. Game baru diproses: 0
[2026-09-05T03:23:42.332+0000] {python.py:237} INFO - Done. Returned value was: None
[2026-09-05T03:23:42.333+0000] {taskinstance.py:441} INFO - ::group::Post task execution logs
[2026-09-05T03:23:42.344+0000] {taskinstance.py:1206} INFO - Marking task as SUCCESS. dag_id=steam_analytics_daily, task_id=process_new_games_and_dimensions, run_id=scheduled__2026-09-04T02:00:00+00:00, execution_date=20260904T020000, start_date=20260905T032341, end_date=20260905T032342
[2026-09-05T03:23:42.379+0000] {local_task_job_runner.py:243} INFO - Task exited with return code 0
[2026-09-05T03:23:42.402+0000] {taskinstance.py:3503} INFO - 1 downstream tasks scheduled from follow-on schedule check
[2026-09-05T03:23:42.404+0000] {local_task_job_runner.py:222} INFO - ::endgroup::
