[2026-09-01T15:19:33.905+0000] {local_task_job_runner.py:120} INFO - ::group::Pre task execution logs
[2026-09-01T15:19:33.940+0000] {taskinstance.py:2076} INFO - Dependencies all met for dep_context=non-requeueable deps ti=<TaskInstance: steam_analytics_daily.extract_steamspy_to_bronze manual__2026-09-01T15:19:33.273101+00:00 [queued]>
[2026-09-01T15:19:33.947+0000] {taskinstance.py:2076} INFO - Dependencies all met for dep_context=requeueable deps ti=<TaskInstance: steam_analytics_daily.extract_steamspy_to_bronze manual__2026-09-01T15:19:33.273101+00:00 [queued]>
[2026-09-01T15:19:33.948+0000] {taskinstance.py:2306} INFO - Starting attempt 1 of 2
[2026-09-01T15:19:33.959+0000] {taskinstance.py:2330} INFO - Executing <Task(_PythonDecoratedOperator): extract_steamspy_to_bronze> on 2026-09-01 15:19:33.273101+00:00
[2026-09-01T15:19:33.968+0000] {logging_mixin.py:188} WARNING - /home/***/.local/lib/python3.12/site-packages/***/task/task_runner/standard_task_runner.py:62 DeprecationWarning: This process (pid=222) is multi-threaded, use of fork() may lead to deadlocks in the child.
[2026-09-01T15:19:33.968+0000] {standard_task_runner.py:90} INFO - Running: ['***', 'tasks', 'run', 'steam_analytics_daily', 'extract_steamspy_to_bronze', 'manual__2026-09-01T15:19:33.273101+00:00', '--job-id', '3', '--raw', '--subdir', 'DAGS_FOLDER/steam_analytics.py', '--cfg-path', '/tmp/tmpzu4n5ua7']
[2026-09-01T15:19:33.970+0000] {standard_task_runner.py:64} INFO - Started process 223 to run task
[2026-09-01T15:19:33.970+0000] {standard_task_runner.py:91} INFO - Job 3: Subtask extract_steamspy_to_bronze
[2026-09-01T15:19:34.015+0000] {task_command.py:426} INFO - Running <TaskInstance: steam_analytics_daily.extract_steamspy_to_bronze manual__2026-09-01T15:19:33.273101+00:00 [running]> on host 6c89f55949cb
[2026-09-01T15:19:34.101+0000] {taskinstance.py:2648} INFO - Exporting env vars: AIRFLOW_CTX_DAG_OWNER='data_engineer' AIRFLOW_CTX_DAG_ID='steam_analytics_daily' AIRFLOW_CTX_TASK_ID='extract_steamspy_to_bronze' AIRFLOW_CTX_EXECUTION_DATE='2026-09-01T15:19:33.273101+00:00' AIRFLOW_CTX_TRY_NUMBER='1' AIRFLOW_CTX_DAG_RUN_ID='manual__2026-09-01T15:19:33.273101+00:00'
[2026-09-01T15:19:34.102+0000] {taskinstance.py:430} INFO - ::endgroup::
[2026-09-01T15:19:37.048+0000] {steamspy.py:64} INFO - Page 0: 1000 game ditarik (top 0-999 by owners)
[2026-09-01T15:19:37.048+0000] {steamspy.py:71} INFO - Total game ditarik via pagination: 1000
[2026-09-01T15:19:37.071+0000] {minio_client.py:74} INFO - Berhasil menulis 1000 record ke s3://steam-analytics/bronze/steamspy/2026-09-01/data.json
[2026-09-01T15:19:37.072+0000] {python.py:237} INFO - Done. Returned value was: None
[2026-09-01T15:19:37.072+0000] {taskinstance.py:441} INFO - ::group::Post task execution logs
[2026-09-01T15:19:37.081+0000] {taskinstance.py:1206} INFO - Marking task as SUCCESS. dag_id=steam_analytics_daily, task_id=extract_steamspy_to_bronze, run_id=manual__2026-09-01T15:19:33.273101+00:00, execution_date=20260901T151933, start_date=20260901T151933, end_date=20260901T151937
[2026-09-01T15:19:37.111+0000] {local_task_job_runner.py:243} INFO - Task exited with return code 0
[2026-09-01T15:19:37.131+0000] {taskinstance.py:3503} INFO - 1 downstream tasks scheduled from follow-on schedule check
[2026-09-01T15:19:37.133+0000] {local_task_job_runner.py:222} INFO - ::endgroup::
