[2026-09-08T12:50:35.406+0000] {local_task_job_runner.py:120} INFO - ::group::Pre task execution logs
[2026-09-08T12:50:35.439+0000] {taskinstance.py:2076} INFO - Dependencies all met for dep_context=non-requeueable deps ti=<TaskInstance: steam_analytics_daily.build_gold_data_mart scheduled__2026-09-07T02:00:00+00:00 [queued]>
[2026-09-08T12:50:35.447+0000] {taskinstance.py:2076} INFO - Dependencies all met for dep_context=requeueable deps ti=<TaskInstance: steam_analytics_daily.build_gold_data_mart scheduled__2026-09-07T02:00:00+00:00 [queued]>
[2026-09-08T12:50:35.447+0000] {taskinstance.py:2306} INFO - Starting attempt 3 of 4
[2026-09-08T12:50:35.459+0000] {taskinstance.py:2330} INFO - Executing <Task(_PythonDecoratedOperator): build_gold_data_mart> on 2026-09-07 02:00:00+00:00
[2026-09-08T12:50:35.465+0000] {logging_mixin.py:188} WARNING - /home/***/.local/lib/python3.12/site-packages/***/task/task_runner/standard_task_runner.py:62 DeprecationWarning: This process (pid=848) is multi-threaded, use of fork() may lead to deadlocks in the child.
[2026-09-08T12:50:35.466+0000] {standard_task_runner.py:64} INFO - Started process 849 to run task
[2026-09-08T12:50:35.465+0000] {standard_task_runner.py:90} INFO - Running: ['***', 'tasks', 'run', 'steam_analytics_daily', 'build_gold_data_mart', 'scheduled__2026-09-07T02:00:00+00:00', '--job-id', '8', '--raw', '--subdir', 'DAGS_FOLDER/steam_analytics.py', '--cfg-path', '/tmp/tmpukt8xd_n']
[2026-09-08T12:50:35.467+0000] {standard_task_runner.py:91} INFO - Job 8: Subtask build_gold_data_mart
[2026-09-08T12:50:35.511+0000] {task_command.py:426} INFO - Running <TaskInstance: steam_analytics_daily.build_gold_data_mart scheduled__2026-09-07T02:00:00+00:00 [running]> on host d6ba0ff7b234
[2026-09-08T12:50:35.592+0000] {taskinstance.py:2648} INFO - Exporting env vars: AIRFLOW_CTX_DAG_OWNER='data_engineer' AIRFLOW_CTX_DAG_ID='steam_analytics_daily' AIRFLOW_CTX_TASK_ID='build_gold_data_mart' AIRFLOW_CTX_EXECUTION_DATE='2026-09-07T02:00:00+00:00' AIRFLOW_CTX_TRY_NUMBER='3' AIRFLOW_CTX_DAG_RUN_ID='scheduled__2026-09-07T02:00:00+00:00'
[2026-09-08T12:50:35.593+0000] {taskinstance.py:430} INFO - ::endgroup::
[2026-09-08T12:50:35.594+0000] {steam_analytics.py:236} INFO - Memulai build SELURUH Gold Data Mart untuk 2026-09-07
[2026-09-08T12:50:35.595+0000] {crypto.py:82} WARNING - empty cryptography key - values will not be stored encrypted.
[2026-09-08T12:50:35.595+0000] {base.py:84} INFO - Using connection ID 'postgres_***' for task execution.
[2026-09-08T12:50:35.725+0000] {postgres.py:453} INFO - mart_game_value berhasil dibangun untuk 2026-09-07
[2026-09-08T12:50:35.737+0000] {postgres.py:499} INFO - mart_discount_now diperbarui untuk 2026-09-07
[2026-09-08T12:50:35.755+0000] {postgres.py:547} INFO - mart_genre_insight diperbarui untuk 2026-09-07
[2026-09-08T12:50:35.780+0000] {postgres.py:611} INFO - mart_game_trend diperbarui untuk 2026-09-07
[2026-09-08T12:50:35.781+0000] {postgres.py:623} INFO - Seluruh Gold layer (4 Data Mart) berhasil dibangun untuk 2026-09-07
[2026-09-08T12:50:35.781+0000] {python.py:237} INFO - Done. Returned value was: None
[2026-09-08T12:50:35.782+0000] {taskinstance.py:441} INFO - ::group::Post task execution logs
[2026-09-08T12:50:35.793+0000] {taskinstance.py:1206} INFO - Marking task as SUCCESS. dag_id=steam_analytics_daily, task_id=build_gold_data_mart, run_id=scheduled__2026-09-07T02:00:00+00:00, execution_date=20260907T020000, start_date=20260908T125035, end_date=20260908T125035
[2026-09-08T12:50:35.840+0000] {local_task_job_runner.py:243} INFO - Task exited with return code 0
[2026-09-08T12:50:35.856+0000] {taskinstance.py:3503} INFO - 0 downstream tasks scheduled from follow-on schedule check
[2026-09-08T12:50:35.858+0000] {local_task_job_runner.py:222} INFO - ::endgroup::
