[2026-09-05T03:23:38.735+0000] {local_task_job_runner.py:120} INFO - ::group::Pre task execution logs
[2026-09-05T03:23:38.773+0000] {taskinstance.py:2076} INFO - Dependencies all met for dep_context=non-requeueable deps ti=<TaskInstance: steam_analytics_daily.extract_steamspy_to_bronze scheduled__2026-09-04T02:00:00+00:00 [queued]>
[2026-09-05T03:23:38.783+0000] {taskinstance.py:2076} INFO - Dependencies all met for dep_context=requeueable deps ti=<TaskInstance: steam_analytics_daily.extract_steamspy_to_bronze scheduled__2026-09-04T02:00:00+00:00 [queued]>
[2026-09-05T03:23:38.784+0000] {taskinstance.py:2306} INFO - Starting attempt 1 of 2
[2026-09-05T03:23:38.800+0000] {taskinstance.py:2330} INFO - Executing <Task(_PythonDecoratedOperator): extract_steamspy_to_bronze> on 2026-09-04 02:00:00+00:00
[2026-09-05T03:23:38.808+0000] {logging_mixin.py:188} WARNING - /home/***/.local/lib/python3.12/site-packages/***/task/task_runner/standard_task_runner.py:62 DeprecationWarning: This process (pid=190) is multi-threaded, use of fork() may lead to deadlocks in the child.
[2026-09-05T03:23:38.808+0000] {standard_task_runner.py:90} INFO - Running: ['***', 'tasks', 'run', 'steam_analytics_daily', 'extract_steamspy_to_bronze', 'scheduled__2026-09-04T02:00:00+00:00', '--job-id', '8', '--raw', '--subdir', 'DAGS_FOLDER/steam_analytics.py', '--cfg-path', '/tmp/tmp8v619vls']
[2026-09-05T03:23:38.810+0000] {standard_task_runner.py:64} INFO - Started process 191 to run task
[2026-09-05T03:23:38.811+0000] {standard_task_runner.py:91} INFO - Job 8: Subtask extract_steamspy_to_bronze
[2026-09-05T03:23:38.867+0000] {task_command.py:426} INFO - Running <TaskInstance: steam_analytics_daily.extract_steamspy_to_bronze scheduled__2026-09-04T02:00:00+00:00 [running]> on host 69bb381b179f
[2026-09-05T03:23:38.998+0000] {taskinstance.py:2648} INFO - Exporting env vars: AIRFLOW_CTX_DAG_OWNER='data_engineer' AIRFLOW_CTX_DAG_ID='steam_analytics_daily' AIRFLOW_CTX_TASK_ID='extract_steamspy_to_bronze' AIRFLOW_CTX_EXECUTION_DATE='2026-09-04T02:00:00+00:00' AIRFLOW_CTX_TRY_NUMBER='1' AIRFLOW_CTX_DAG_RUN_ID='scheduled__2026-09-04T02:00:00+00:00'
[2026-09-05T03:23:39.000+0000] {taskinstance.py:430} INFO - ::endgroup::
[2026-09-05T03:23:39.001+0000] {steam_analytics.py:44} INFO - Memulai extract SteamSpy untuk 2026-09-04
[2026-09-05T03:23:39.799+0000] {steamspy.py:63} INFO - Page 0: 1000 game ditarik (top 0-999 by owners)
[2026-09-05T03:23:39.800+0000] {steamspy.py:70} INFO - Total game ditarik via pagination: 1000
[2026-09-05T03:23:39.836+0000] {minio_client.py:74} INFO - Berhasil menulis 1000 record ke s3://steam-analytics/bronze/steamspy/2026-09-04/data.json
[2026-09-05T03:23:39.837+0000] {steam_analytics.py:83} INFO - Bronze SteamSpy 2026-09-04 berhasil disimpan. Total game: 1000
[2026-09-05T03:23:39.839+0000] {python.py:237} INFO - Done. Returned value was: None
[2026-09-05T03:23:39.839+0000] {taskinstance.py:441} INFO - ::group::Post task execution logs
[2026-09-05T03:23:39.854+0000] {taskinstance.py:1206} INFO - Marking task as SUCCESS. dag_id=steam_analytics_daily, task_id=extract_steamspy_to_bronze, run_id=scheduled__2026-09-04T02:00:00+00:00, execution_date=20260904T020000, start_date=20260905T032338, end_date=20260905T032339
[2026-09-05T03:23:39.909+0000] {local_task_job_runner.py:243} INFO - Task exited with return code 0
[2026-09-05T03:23:39.944+0000] {taskinstance.py:3503} INFO - 1 downstream tasks scheduled from follow-on schedule check
[2026-09-05T03:23:39.946+0000] {local_task_job_runner.py:222} INFO - ::endgroup::
