[2026-09-09T17:31:10.380+0000] {local_task_job_runner.py:120} INFO - ::group::Pre task execution logs
[2026-09-09T17:31:10.411+0000] {taskinstance.py:2076} INFO - Dependencies all met for dep_context=non-requeueable deps ti=<TaskInstance: steam_analytics_daily.process_facts_and_silver_layer scheduled__2026-09-07T02:00:00+00:00 [queued]>
[2026-09-09T17:31:10.419+0000] {taskinstance.py:2076} INFO - Dependencies all met for dep_context=requeueable deps ti=<TaskInstance: steam_analytics_daily.process_facts_and_silver_layer scheduled__2026-09-07T02:00:00+00:00 [queued]>
[2026-09-09T17:31:10.420+0000] {taskinstance.py:2306} INFO - Starting attempt 2 of 3
[2026-09-09T17:31:10.432+0000] {taskinstance.py:2330} INFO - Executing <Task(_PythonDecoratedOperator): process_facts_and_silver_layer> on 2026-09-07 02:00:00+00:00
[2026-09-09T17:31:10.439+0000] {logging_mixin.py:188} WARNING - /home/***/.local/lib/python3.12/site-packages/***/task/task_runner/standard_task_runner.py:62 DeprecationWarning: This process (pid=5651) is multi-threaded, use of fork() may lead to deadlocks in the child.
[2026-09-09T17:31:10.438+0000] {standard_task_runner.py:90} INFO - Running: ['***', 'tasks', 'run', 'steam_analytics_daily', 'process_facts_and_silver_layer', 'scheduled__2026-09-07T02:00:00+00:00', '--job-id', '27', '--raw', '--subdir', 'DAGS_FOLDER/steam_analytics.py', '--cfg-path', '/tmp/tmpvqr4718z']
[2026-09-09T17:31:10.440+0000] {standard_task_runner.py:64} INFO - Started process 5652 to run task
[2026-09-09T17:31:10.440+0000] {standard_task_runner.py:91} INFO - Job 27: Subtask process_facts_and_silver_layer
[2026-09-09T17:31:10.489+0000] {task_command.py:426} INFO - Running <TaskInstance: steam_analytics_daily.process_facts_and_silver_layer scheduled__2026-09-07T02:00:00+00:00 [running]> on host af106f5ed5d0
[2026-09-09T17:31:10.572+0000] {taskinstance.py:2648} INFO - Exporting env vars: AIRFLOW_CTX_DAG_OWNER='data_engineer' AIRFLOW_CTX_DAG_ID='steam_analytics_daily' AIRFLOW_CTX_TASK_ID='process_facts_and_silver_layer' AIRFLOW_CTX_EXECUTION_DATE='2026-09-07T02:00:00+00:00' AIRFLOW_CTX_TRY_NUMBER='2' AIRFLOW_CTX_DAG_RUN_ID='scheduled__2026-09-07T02:00:00+00:00'
[2026-09-09T17:31:10.573+0000] {taskinstance.py:430} INFO - ::endgroup::
[2026-09-09T17:31:10.707+0000] {minio_client.py:87} INFO - Berhasil membaca 3000 record dari s3://steam-analytics/bronze/steamspy/2026-09-07/data.json
[2026-09-09T17:31:10.709+0000] {crypto.py:82} WARNING - empty cryptography key - values will not be stored encrypted.
[2026-09-09T17:31:10.710+0000] {base.py:84} INFO - Using connection ID 'postgres_***' for task execution.
[2026-09-09T17:31:10.716+0000] {postgres.py:306} INFO - Partisi fact_game_snapshot_2026_09 dipastikan tersedia
[2026-09-09T17:31:10.725+0000] {postgres.py:184} INFO - get_game_lookup: 2887 game dimuat dari dim_game
[2026-09-09T17:31:10.726+0000] {cleaning.py:219} WARNING - appid 1063730 tidak ditemukan di game_lookup, dilewati
[2026-09-09T17:31:10.727+0000] {cleaning.py:219} WARNING - appid 291480 tidak ditemukan di game_lookup, dilewati
[2026-09-09T17:31:10.728+0000] {cleaning.py:219} WARNING - appid 203160 tidak ditemukan di game_lookup, dilewati
[2026-09-09T17:31:10.728+0000] {cleaning.py:219} WARNING - appid 1172620 tidak ditemukan di game_lookup, dilewati
[2026-09-09T17:31:10.729+0000] {cleaning.py:219} WARNING - appid 221380 tidak ditemukan di game_lookup, dilewati
[2026-09-09T17:31:10.729+0000] {cleaning.py:219} WARNING - appid 439700 tidak ditemukan di game_lookup, dilewati
[2026-09-09T17:31:10.730+0000] {cleaning.py:219} WARNING - appid 677620 tidak ditemukan di game_lookup, dilewati
[2026-09-09T17:31:10.730+0000] {cleaning.py:219} WARNING - appid 397900 tidak ditemukan di game_lookup, dilewati
[2026-09-09T17:31:10.731+0000] {cleaning.py:219} WARNING - appid 273110 tidak ditemukan di game_lookup, dilewati
[2026-09-09T17:31:10.731+0000] {cleaning.py:219} WARNING - appid 223750 tidak ditemukan di game_lookup, dilewati
[2026-09-09T17:31:10.732+0000] {cleaning.py:219} WARNING - appid 1366800 tidak ditemukan di game_lookup, dilewati
[2026-09-09T17:31:10.733+0000] {cleaning.py:219} WARNING - appid 447040 tidak ditemukan di game_lookup, dilewati
[2026-09-09T17:31:10.734+0000] {cleaning.py:219} WARNING - appid 33900 tidak ditemukan di game_lookup, dilewati
[2026-09-09T17:31:10.734+0000] {cleaning.py:219} WARNING - appid 4560 tidak ditemukan di game_lookup, dilewati
[2026-09-09T17:31:10.735+0000] {cleaning.py:219} WARNING - appid 838350 tidak ditemukan di game_lookup, dilewati
[2026-09-09T17:31:10.735+0000] {cleaning.py:219} WARNING - appid 38400 tidak ditemukan di game_lookup, dilewati
[2026-09-09T17:31:10.736+0000] {cleaning.py:219} WARNING - appid 629520 tidak ditemukan di game_lookup, dilewati
[2026-09-09T17:31:10.736+0000] {cleaning.py:219} WARNING - appid 1468810 tidak ditemukan di game_lookup, dilewati
[2026-09-09T17:31:10.737+0000] {cleaning.py:219} WARNING - appid 105450 tidak ditemukan di game_lookup, dilewati
[2026-09-09T17:31:10.738+0000] {cleaning.py:219} WARNING - appid 466560 tidak ditemukan di game_lookup, dilewati
[2026-09-09T17:31:10.738+0000] {cleaning.py:219} WARNING - appid 1466860 tidak ditemukan di game_lookup, dilewati
[2026-09-09T17:31:10.739+0000] {cleaning.py:219} WARNING - appid 394510 tidak ditemukan di game_lookup, dilewati
[2026-09-09T17:31:10.740+0000] {cleaning.py:219} WARNING - appid 640820 tidak ditemukan di game_lookup, dilewati
[2026-09-09T17:31:10.740+0000] {cleaning.py:219} WARNING - appid 15620 tidak ditemukan di game_lookup, dilewati
[2026-09-09T17:31:10.740+0000] {cleaning.py:219} WARNING - appid 55150 tidak ditemukan di game_lookup, dilewati
[2026-09-09T17:31:10.741+0000] {cleaning.py:219} WARNING - appid 314160 tidak ditemukan di game_lookup, dilewati
[2026-09-09T17:31:10.741+0000] {cleaning.py:219} WARNING - appid 1659040 tidak ditemukan di game_lookup, dilewati
[2026-09-09T17:31:10.742+0000] {cleaning.py:219} WARNING - appid 208140 tidak ditemukan di game_lookup, dilewati
[2026-09-09T17:31:10.742+0000] {cleaning.py:219} WARNING - appid 206500 tidak ditemukan di game_lookup, dilewati
[2026-09-09T17:31:10.743+0000] {cleaning.py:219} WARNING - appid 10500 tidak ditemukan di game_lookup, dilewati
[2026-09-09T17:31:10.744+0000] {cleaning.py:219} WARNING - appid 24980 tidak ditemukan di game_lookup, dilewati
[2026-09-09T17:31:10.744+0000] {cleaning.py:219} WARNING - appid 34030 tidak ditemukan di game_lookup, dilewati
[2026-09-09T17:31:10.745+0000] {cleaning.py:219} WARNING - appid 736220 tidak ditemukan di game_lookup, dilewati
[2026-09-09T17:31:10.746+0000] {cleaning.py:219} WARNING - appid 4570 tidak ditemukan di game_lookup, dilewati
[2026-09-09T17:31:10.746+0000] {cleaning.py:219} WARNING - appid 17460 tidak ditemukan di game_lookup, dilewati
[2026-09-09T17:31:10.747+0000] {cleaning.py:219} WARNING - appid 4700 tidak ditemukan di game_lookup, dilewati
[2026-09-09T17:31:10.749+0000] {cleaning.py:219} WARNING - appid 972660 tidak ditemukan di game_lookup, dilewati
[2026-09-09T17:31:10.749+0000] {cleaning.py:219} WARNING - appid 859570 tidak ditemukan di game_lookup, dilewati
[2026-09-09T17:31:10.750+0000] {cleaning.py:219} WARNING - appid 38410 tidak ditemukan di game_lookup, dilewati
[2026-09-09T17:31:10.750+0000] {cleaning.py:219} WARNING - appid 212740 tidak ditemukan di game_lookup, dilewati
[2026-09-09T17:31:10.751+0000] {cleaning.py:219} WARNING - appid 747610 tidak ditemukan di game_lookup, dilewati
[2026-09-09T17:31:10.752+0000] {cleaning.py:219} WARNING - appid 2390840 tidak ditemukan di game_lookup, dilewati
[2026-09-09T17:31:10.752+0000] {cleaning.py:219} WARNING - appid 250820 tidak ditemukan di game_lookup, dilewati
[2026-09-09T17:31:10.753+0000] {cleaning.py:219} WARNING - appid 541570 tidak ditemukan di game_lookup, dilewati
[2026-09-09T17:31:10.753+0000] {cleaning.py:219} WARNING - appid 1325860 tidak ditemukan di game_lookup, dilewati
[2026-09-09T17:31:10.754+0000] {cleaning.py:219} WARNING - appid 997070 tidak ditemukan di game_lookup, dilewati
[2026-09-09T17:31:10.754+0000] {cleaning.py:219} WARNING - appid 282660 tidak ditemukan di game_lookup, dilewati
[2026-09-09T17:31:10.755+0000] {cleaning.py:219} WARNING - appid 329110 tidak ditemukan di game_lookup, dilewati
[2026-09-09T17:31:10.755+0000] {cleaning.py:219} WARNING - appid 962730 tidak ditemukan di game_lookup, dilewati
[2026-09-09T17:31:10.756+0000] {cleaning.py:219} WARNING - appid 469600 tidak ditemukan di game_lookup, dilewati
[2026-09-09T17:31:10.756+0000] {cleaning.py:219} WARNING - appid 301750 tidak ditemukan di game_lookup, dilewati
[2026-09-09T17:31:10.757+0000] {cleaning.py:219} WARNING - appid 648120 tidak ditemukan di game_lookup, dilewati
[2026-09-09T17:31:10.757+0000] {cleaning.py:219} WARNING - appid 1473480 tidak ditemukan di game_lookup, dilewati
[2026-09-09T17:31:10.758+0000] {cleaning.py:219} WARNING - appid 400750 tidak ditemukan di game_lookup, dilewati
[2026-09-09T17:31:10.758+0000] {cleaning.py:219} WARNING - appid 244930 tidak ditemukan di game_lookup, dilewati
[2026-09-09T17:31:10.759+0000] {cleaning.py:219} WARNING - appid 689580 tidak ditemukan di game_lookup, dilewati
[2026-09-09T17:31:10.760+0000] {cleaning.py:219} WARNING - appid 1283970 tidak ditemukan di game_lookup, dilewati
[2026-09-09T17:31:10.760+0000] {cleaning.py:219} WARNING - appid 875210 tidak ditemukan di game_lookup, dilewati
[2026-09-09T17:31:10.762+0000] {cleaning.py:219} WARNING - appid 439350 tidak ditemukan di game_lookup, dilewati
[2026-09-09T17:31:10.762+0000] {cleaning.py:219} WARNING - appid 1469280 tidak ditemukan di game_lookup, dilewati
[2026-09-09T17:31:10.763+0000] {cleaning.py:219} WARNING - appid 400630 tidak ditemukan di game_lookup, dilewati
[2026-09-09T17:31:10.764+0000] {cleaning.py:219} WARNING - appid 21000 tidak ditemukan di game_lookup, dilewati
[2026-09-09T17:31:10.764+0000] {cleaning.py:219} WARNING - appid 1013320 tidak ditemukan di game_lookup, dilewati
[2026-09-09T17:31:10.765+0000] {cleaning.py:219} WARNING - appid 605740 tidak ditemukan di game_lookup, dilewati
[2026-09-09T17:31:10.766+0000] {cleaning.py:219} WARNING - appid 672680 tidak ditemukan di game_lookup, dilewati
[2026-09-09T17:31:10.766+0000] {cleaning.py:219} WARNING - appid 1068820 tidak ditemukan di game_lookup, dilewati
[2026-09-09T17:31:10.767+0000] {cleaning.py:219} WARNING - appid 991780 tidak ditemukan di game_lookup, dilewati
[2026-09-09T17:31:10.767+0000] {cleaning.py:219} WARNING - appid 1016800 tidak ditemukan di game_lookup, dilewati
[2026-09-09T17:31:10.768+0000] {cleaning.py:219} WARNING - appid 46510 tidak ditemukan di game_lookup, dilewati
[2026-09-09T17:31:10.769+0000] {cleaning.py:219} WARNING - appid 1278480 tidak ditemukan di game_lookup, dilewati
[2026-09-09T17:31:10.769+0000] {cleaning.py:219} WARNING - appid 550470 tidak ditemukan di game_lookup, dilewati
[2026-09-09T17:31:10.771+0000] {cleaning.py:219} WARNING - appid 335670 tidak ditemukan di game_lookup, dilewati
[2026-09-09T17:31:10.772+0000] {cleaning.py:219} WARNING - appid 351030 tidak ditemukan di game_lookup, dilewati
[2026-09-09T17:31:10.772+0000] {cleaning.py:219} WARNING - appid 429570 tidak ditemukan di game_lookup, dilewati
[2026-09-09T17:31:10.772+0000] {cleaning.py:219} WARNING - appid 552620 tidak ditemukan di game_lookup, dilewati
[2026-09-09T17:31:10.773+0000] {cleaning.py:219} WARNING - appid 1279610 tidak ditemukan di game_lookup, dilewati
[2026-09-09T17:31:10.774+0000] {cleaning.py:219} WARNING - appid 353380 tidak ditemukan di game_lookup, dilewati
[2026-09-09T17:31:10.774+0000] {cleaning.py:219} WARNING - appid 597760 tidak ditemukan di game_lookup, dilewati
[2026-09-09T17:31:10.774+0000] {cleaning.py:219} WARNING - appid 486310 tidak ditemukan di game_lookup, dilewati
[2026-09-09T17:31:10.775+0000] {cleaning.py:219} WARNING - appid 108200 tidak ditemukan di game_lookup, dilewati
[2026-09-09T17:31:10.775+0000] {cleaning.py:219} WARNING - appid 1787090 tidak ditemukan di game_lookup, dilewati
[2026-09-09T17:31:10.777+0000] {cleaning.py:219} WARNING - appid 790820 tidak ditemukan di game_lookup, dilewati
[2026-09-09T17:31:10.777+0000] {cleaning.py:219} WARNING - appid 1634680 tidak ditemukan di game_lookup, dilewati
[2026-09-09T17:31:10.778+0000] {cleaning.py:219} WARNING - appid 1486350 tidak ditemukan di game_lookup, dilewati
[2026-09-09T17:31:10.779+0000] {cleaning.py:219} WARNING - appid 776960 tidak ditemukan di game_lookup, dilewati
[2026-09-09T17:31:10.779+0000] {cleaning.py:219} WARNING - appid 1921980 tidak ditemukan di game_lookup, dilewati
[2026-09-09T17:31:10.780+0000] {cleaning.py:219} WARNING - appid 287370 tidak ditemukan di game_lookup, dilewati
[2026-09-09T17:31:10.780+0000] {cleaning.py:219} WARNING - appid 517710 tidak ditemukan di game_lookup, dilewati
[2026-09-09T17:31:10.781+0000] {cleaning.py:219} WARNING - appid 1112400 tidak ditemukan di game_lookup, dilewati
[2026-09-09T17:31:10.781+0000] {cleaning.py:219} WARNING - appid 1364390 tidak ditemukan di game_lookup, dilewati
[2026-09-09T17:31:10.782+0000] {cleaning.py:219} WARNING - appid 282900 tidak ditemukan di game_lookup, dilewati
[2026-09-09T17:31:10.782+0000] {cleaning.py:219} WARNING - appid 690530 tidak ditemukan di game_lookup, dilewati
[2026-09-09T17:31:10.783+0000] {cleaning.py:219} WARNING - appid 824270 tidak ditemukan di game_lookup, dilewati
[2026-09-09T17:31:10.783+0000] {cleaning.py:219} WARNING - appid 1504570 tidak ditemukan di game_lookup, dilewati
[2026-09-09T17:31:10.784+0000] {cleaning.py:219} WARNING - appid 872670 tidak ditemukan di game_lookup, dilewati
[2026-09-09T17:31:10.784+0000] {cleaning.py:219} WARNING - appid 675260 tidak ditemukan di game_lookup, dilewati
[2026-09-09T17:31:10.785+0000] {cleaning.py:219} WARNING - appid 295790 tidak ditemukan di game_lookup, dilewati
[2026-09-09T17:31:10.785+0000] {cleaning.py:219} WARNING - appid 1036890 tidak ditemukan di game_lookup, dilewati
[2026-09-09T17:31:10.786+0000] {cleaning.py:219} WARNING - appid 1110390 tidak ditemukan di game_lookup, dilewati
[2026-09-09T17:31:10.786+0000] {cleaning.py:219} WARNING - appid 1477830 tidak ditemukan di game_lookup, dilewati
[2026-09-09T17:31:10.787+0000] {cleaning.py:219} WARNING - appid 40960 tidak ditemukan di game_lookup, dilewati
[2026-09-09T17:31:10.787+0000] {cleaning.py:219} WARNING - appid 266310 tidak ditemukan di game_lookup, dilewati
[2026-09-09T17:31:10.788+0000] {cleaning.py:219} WARNING - appid 410710 tidak ditemukan di game_lookup, dilewati
[2026-09-09T17:31:10.788+0000] {cleaning.py:219} WARNING - appid 1204050 tidak ditemukan di game_lookup, dilewati
[2026-09-09T17:31:10.789+0000] {cleaning.py:219} WARNING - appid 837380 tidak ditemukan di game_lookup, dilewati
[2026-09-09T17:31:10.789+0000] {cleaning.py:219} WARNING - appid 1170760 tidak ditemukan di game_lookup, dilewati
[2026-09-09T17:31:10.790+0000] {cleaning.py:219} WARNING - appid 384490 tidak ditemukan di game_lookup, dilewati
[2026-09-09T17:31:10.790+0000] {cleaning.py:219} WARNING - appid 253940 tidak ditemukan di game_lookup, dilewati
[2026-09-09T17:31:10.791+0000] {cleaning.py:219} WARNING - appid 249990 tidak ditemukan di game_lookup, dilewati
[2026-09-09T17:31:10.792+0000] {cleaning.py:219} WARNING - appid 1203630 tidak ditemukan di game_lookup, dilewati
[2026-09-09T17:31:10.792+0000] {cleaning.py:219} WARNING - appid 2210 tidak ditemukan di game_lookup, dilewati
[2026-09-09T17:31:10.793+0000] {cleaning.py:219} WARNING - appid 695920 tidak ditemukan di game_lookup, dilewati
[2026-09-09T17:31:10.794+0000] {cleaning.py:219} WARNING - appid 1732190 tidak ditemukan di game_lookup, dilewati
[2026-09-09T17:31:10.794+0000] {cleaning.py:226} INFO - build_silver_dataset selesai: 2887 record berhasil diproses, 113 dilewati
[2026-09-09T17:31:10.794+0000] {steam_analytics.py:215} INFO - Cleaning menghasilkan 2887 record.
[2026-09-09T17:31:10.971+0000] {postgres.py:364} INFO - Berhasil insert/update 2887 baris ke fact_game_snapshot (0 dilewati karena tidak ada game_key)
[2026-09-09T17:31:10.972+0000] {steam_analytics.py:221} INFO - Silver DWH berhasil diproses. Fact records: 2887
[2026-09-09T17:31:10.974+0000] {python.py:237} INFO - Done. Returned value was: None
[2026-09-09T17:31:10.975+0000] {taskinstance.py:441} INFO - ::group::Post task execution logs
[2026-09-09T17:31:10.984+0000] {taskinstance.py:1206} INFO - Marking task as SUCCESS. dag_id=steam_analytics_daily, task_id=process_facts_and_silver_layer, run_id=scheduled__2026-09-07T02:00:00+00:00, execution_date=20260907T020000, start_date=20260909T173110, end_date=20260909T173110
[2026-09-09T17:31:11.014+0000] {local_task_job_runner.py:243} INFO - Task exited with return code 0
[2026-09-09T17:31:11.035+0000] {taskinstance.py:3503} INFO - 1 downstream tasks scheduled from follow-on schedule check
[2026-09-09T17:31:11.037+0000] {local_task_job_runner.py:222} INFO - ::endgroup::
