[2026-09-08T12:43:43.238+0000] {local_task_job_runner.py:120} INFO - ::group::Pre task execution logs
[2026-09-08T12:43:43.269+0000] {taskinstance.py:2076} INFO - Dependencies all met for dep_context=non-requeueable deps ti=<TaskInstance: steam_analytics_daily.process_facts_and_silver_layer scheduled__2026-09-07T02:00:00+00:00 [queued]>
[2026-09-08T12:43:43.279+0000] {taskinstance.py:2076} INFO - Dependencies all met for dep_context=requeueable deps ti=<TaskInstance: steam_analytics_daily.process_facts_and_silver_layer scheduled__2026-09-07T02:00:00+00:00 [queued]>
[2026-09-08T12:43:43.279+0000] {taskinstance.py:2306} INFO - Starting attempt 1 of 2
[2026-09-08T12:43:43.291+0000] {taskinstance.py:2330} INFO - Executing <Task(_PythonDecoratedOperator): process_facts_and_silver_layer> on 2026-09-07 02:00:00+00:00
[2026-09-08T12:43:43.298+0000] {logging_mixin.py:188} WARNING - /home/***/.local/lib/python3.12/site-packages/***/task/task_runner/standard_task_runner.py:62 DeprecationWarning: This process (pid=772) is multi-threaded, use of fork() may lead to deadlocks in the child.
[2026-09-08T12:43:43.299+0000] {standard_task_runner.py:64} INFO - Started process 773 to run task
[2026-09-08T12:43:43.298+0000] {standard_task_runner.py:90} INFO - Running: ['***', 'tasks', 'run', 'steam_analytics_daily', 'process_facts_and_silver_layer', 'scheduled__2026-09-07T02:00:00+00:00', '--job-id', '5', '--raw', '--subdir', 'DAGS_FOLDER/steam_analytics.py', '--cfg-path', '/tmp/tmpolfipfno']
[2026-09-08T12:43:43.299+0000] {standard_task_runner.py:91} INFO - Job 5: Subtask process_facts_and_silver_layer
[2026-09-08T12:43:43.341+0000] {task_command.py:426} INFO - Running <TaskInstance: steam_analytics_daily.process_facts_and_silver_layer scheduled__2026-09-07T02:00:00+00:00 [running]> on host d6ba0ff7b234
[2026-09-08T12:43:43.417+0000] {taskinstance.py:2648} INFO - Exporting env vars: AIRFLOW_CTX_DAG_OWNER='data_engineer' AIRFLOW_CTX_DAG_ID='steam_analytics_daily' AIRFLOW_CTX_TASK_ID='process_facts_and_silver_layer' AIRFLOW_CTX_EXECUTION_DATE='2026-09-07T02:00:00+00:00' AIRFLOW_CTX_TRY_NUMBER='1' AIRFLOW_CTX_DAG_RUN_ID='scheduled__2026-09-07T02:00:00+00:00'
[2026-09-08T12:43:43.418+0000] {taskinstance.py:430} INFO - ::endgroup::
[2026-09-08T12:43:43.539+0000] {minio_client.py:91} INFO - Berhasil membaca 3000 record dari s3://steam-analytics/bronze/steamspy/2026-09-07/data.json
[2026-09-08T12:43:43.541+0000] {crypto.py:82} WARNING - empty cryptography key - values will not be stored encrypted.
[2026-09-08T12:43:43.542+0000] {base.py:84} INFO - Using connection ID 'postgres_***' for task execution.
[2026-09-08T12:43:43.570+0000] {postgres.py:306} INFO - Partisi fact_game_snapshot_2026_09 dipastikan tersedia
[2026-09-08T12:43:43.576+0000] {postgres.py:184} INFO - get_game_lookup: 2886 game dimuat dari dim_game
[2026-09-08T12:43:43.577+0000] {cleaning.py:219} WARNING - appid 1063730 tidak ditemukan di game_lookup, dilewati
[2026-09-08T12:43:43.578+0000] {cleaning.py:219} WARNING - appid 291480 tidak ditemukan di game_lookup, dilewati
[2026-09-08T12:43:43.579+0000] {cleaning.py:219} WARNING - appid 203160 tidak ditemukan di game_lookup, dilewati
[2026-09-08T12:43:43.580+0000] {cleaning.py:219} WARNING - appid 1172620 tidak ditemukan di game_lookup, dilewati
[2026-09-08T12:43:43.580+0000] {cleaning.py:219} WARNING - appid 221380 tidak ditemukan di game_lookup, dilewati
[2026-09-08T12:43:43.581+0000] {cleaning.py:219} WARNING - appid 439700 tidak ditemukan di game_lookup, dilewati
[2026-09-08T12:43:43.581+0000] {cleaning.py:219} WARNING - appid 677620 tidak ditemukan di game_lookup, dilewati
[2026-09-08T12:43:43.581+0000] {cleaning.py:219} WARNING - appid 397900 tidak ditemukan di game_lookup, dilewati
[2026-09-08T12:43:43.582+0000] {cleaning.py:219} WARNING - appid 273110 tidak ditemukan di game_lookup, dilewati
[2026-09-08T12:43:43.583+0000] {cleaning.py:219} WARNING - appid 223750 tidak ditemukan di game_lookup, dilewati
[2026-09-08T12:43:43.583+0000] {cleaning.py:219} WARNING - appid 1366800 tidak ditemukan di game_lookup, dilewati
[2026-09-08T12:43:43.584+0000] {cleaning.py:219} WARNING - appid 447040 tidak ditemukan di game_lookup, dilewati
[2026-09-08T12:43:43.585+0000] {cleaning.py:219} WARNING - appid 33900 tidak ditemukan di game_lookup, dilewati
[2026-09-08T12:43:43.585+0000] {cleaning.py:219} WARNING - appid 4560 tidak ditemukan di game_lookup, dilewati
[2026-09-08T12:43:43.586+0000] {cleaning.py:219} WARNING - appid 838350 tidak ditemukan di game_lookup, dilewati
[2026-09-08T12:43:43.587+0000] {cleaning.py:219} WARNING - appid 38400 tidak ditemukan di game_lookup, dilewati
[2026-09-08T12:43:43.587+0000] {cleaning.py:219} WARNING - appid 629520 tidak ditemukan di game_lookup, dilewati
[2026-09-08T12:43:43.588+0000] {cleaning.py:219} WARNING - appid 1468810 tidak ditemukan di game_lookup, dilewati
[2026-09-08T12:43:43.588+0000] {cleaning.py:219} WARNING - appid 105450 tidak ditemukan di game_lookup, dilewati
[2026-09-08T12:43:43.589+0000] {cleaning.py:219} WARNING - appid 466560 tidak ditemukan di game_lookup, dilewati
[2026-09-08T12:43:43.589+0000] {cleaning.py:219} WARNING - appid 1466860 tidak ditemukan di game_lookup, dilewati
[2026-09-08T12:43:43.590+0000] {cleaning.py:219} WARNING - appid 394510 tidak ditemukan di game_lookup, dilewati
[2026-09-08T12:43:43.590+0000] {cleaning.py:219} WARNING - appid 640820 tidak ditemukan di game_lookup, dilewati
[2026-09-08T12:43:43.591+0000] {cleaning.py:219} WARNING - appid 15620 tidak ditemukan di game_lookup, dilewati
[2026-09-08T12:43:43.591+0000] {cleaning.py:219} WARNING - appid 55150 tidak ditemukan di game_lookup, dilewati
[2026-09-08T12:43:43.592+0000] {cleaning.py:219} WARNING - appid 314160 tidak ditemukan di game_lookup, dilewati
[2026-09-08T12:43:43.592+0000] {cleaning.py:219} WARNING - appid 1659040 tidak ditemukan di game_lookup, dilewati
[2026-09-08T12:43:43.593+0000] {cleaning.py:219} WARNING - appid 208140 tidak ditemukan di game_lookup, dilewati
[2026-09-08T12:43:43.593+0000] {cleaning.py:219} WARNING - appid 206500 tidak ditemukan di game_lookup, dilewati
[2026-09-08T12:43:43.594+0000] {cleaning.py:219} WARNING - appid 10500 tidak ditemukan di game_lookup, dilewati
[2026-09-08T12:43:43.595+0000] {cleaning.py:219} WARNING - appid 24980 tidak ditemukan di game_lookup, dilewati
[2026-09-08T12:43:43.595+0000] {cleaning.py:219} WARNING - appid 34030 tidak ditemukan di game_lookup, dilewati
[2026-09-08T12:43:43.596+0000] {cleaning.py:219} WARNING - appid 736220 tidak ditemukan di game_lookup, dilewati
[2026-09-08T12:43:43.597+0000] {cleaning.py:219} WARNING - appid 4570 tidak ditemukan di game_lookup, dilewati
[2026-09-08T12:43:43.597+0000] {cleaning.py:219} WARNING - appid 17460 tidak ditemukan di game_lookup, dilewati
[2026-09-08T12:43:43.598+0000] {cleaning.py:219} WARNING - appid 4700 tidak ditemukan di game_lookup, dilewati
[2026-09-08T12:43:43.599+0000] {cleaning.py:219} WARNING - appid 1307550 tidak ditemukan di game_lookup, dilewati
[2026-09-08T12:43:43.600+0000] {cleaning.py:219} WARNING - appid 972660 tidak ditemukan di game_lookup, dilewati
[2026-09-08T12:43:43.601+0000] {cleaning.py:219} WARNING - appid 859570 tidak ditemukan di game_lookup, dilewati
[2026-09-08T12:43:43.601+0000] {cleaning.py:219} WARNING - appid 38410 tidak ditemukan di game_lookup, dilewati
[2026-09-08T12:43:43.602+0000] {cleaning.py:219} WARNING - appid 212740 tidak ditemukan di game_lookup, dilewati
[2026-09-08T12:43:43.602+0000] {cleaning.py:219} WARNING - appid 747610 tidak ditemukan di game_lookup, dilewati
[2026-09-08T12:43:43.603+0000] {cleaning.py:219} WARNING - appid 2390840 tidak ditemukan di game_lookup, dilewati
[2026-09-08T12:43:43.603+0000] {cleaning.py:219} WARNING - appid 250820 tidak ditemukan di game_lookup, dilewati
[2026-09-08T12:43:43.604+0000] {cleaning.py:219} WARNING - appid 541570 tidak ditemukan di game_lookup, dilewati
[2026-09-08T12:43:43.604+0000] {cleaning.py:219} WARNING - appid 1325860 tidak ditemukan di game_lookup, dilewati
[2026-09-08T12:43:43.605+0000] {cleaning.py:219} WARNING - appid 997070 tidak ditemukan di game_lookup, dilewati
[2026-09-08T12:43:43.605+0000] {cleaning.py:219} WARNING - appid 282660 tidak ditemukan di game_lookup, dilewati
[2026-09-08T12:43:43.606+0000] {cleaning.py:219} WARNING - appid 329110 tidak ditemukan di game_lookup, dilewati
[2026-09-08T12:43:43.606+0000] {cleaning.py:219} WARNING - appid 962730 tidak ditemukan di game_lookup, dilewati
[2026-09-08T12:43:43.607+0000] {cleaning.py:219} WARNING - appid 469600 tidak ditemukan di game_lookup, dilewati
[2026-09-08T12:43:43.608+0000] {cleaning.py:219} WARNING - appid 301750 tidak ditemukan di game_lookup, dilewati
[2026-09-08T12:43:43.608+0000] {cleaning.py:219} WARNING - appid 648120 tidak ditemukan di game_lookup, dilewati
[2026-09-08T12:43:43.608+0000] {cleaning.py:219} WARNING - appid 1473480 tidak ditemukan di game_lookup, dilewati
[2026-09-08T12:43:43.609+0000] {cleaning.py:219} WARNING - appid 400750 tidak ditemukan di game_lookup, dilewati
[2026-09-08T12:43:43.610+0000] {cleaning.py:219} WARNING - appid 244930 tidak ditemukan di game_lookup, dilewati
[2026-09-08T12:43:43.610+0000] {cleaning.py:219} WARNING - appid 689580 tidak ditemukan di game_lookup, dilewati
[2026-09-08T12:43:43.611+0000] {cleaning.py:219} WARNING - appid 1283970 tidak ditemukan di game_lookup, dilewati
[2026-09-08T12:43:43.611+0000] {cleaning.py:219} WARNING - appid 875210 tidak ditemukan di game_lookup, dilewati
[2026-09-08T12:43:43.613+0000] {cleaning.py:219} WARNING - appid 439350 tidak ditemukan di game_lookup, dilewati
[2026-09-08T12:43:43.613+0000] {cleaning.py:219} WARNING - appid 1469280 tidak ditemukan di game_lookup, dilewati
[2026-09-08T12:43:43.614+0000] {cleaning.py:219} WARNING - appid 400630 tidak ditemukan di game_lookup, dilewati
[2026-09-08T12:43:43.615+0000] {cleaning.py:219} WARNING - appid 21000 tidak ditemukan di game_lookup, dilewati
[2026-09-08T12:43:43.615+0000] {cleaning.py:219} WARNING - appid 1013320 tidak ditemukan di game_lookup, dilewati
[2026-09-08T12:43:43.616+0000] {cleaning.py:219} WARNING - appid 605740 tidak ditemukan di game_lookup, dilewati
[2026-09-08T12:43:43.617+0000] {cleaning.py:219} WARNING - appid 672680 tidak ditemukan di game_lookup, dilewati
[2026-09-08T12:43:43.617+0000] {cleaning.py:219} WARNING - appid 1068820 tidak ditemukan di game_lookup, dilewati
[2026-09-08T12:43:43.618+0000] {cleaning.py:219} WARNING - appid 991780 tidak ditemukan di game_lookup, dilewati
[2026-09-08T12:43:43.618+0000] {cleaning.py:219} WARNING - appid 1016800 tidak ditemukan di game_lookup, dilewati
[2026-09-08T12:43:43.618+0000] {cleaning.py:219} WARNING - appid 46510 tidak ditemukan di game_lookup, dilewati
[2026-09-08T12:43:43.619+0000] {cleaning.py:219} WARNING - appid 1278480 tidak ditemukan di game_lookup, dilewati
[2026-09-08T12:43:43.620+0000] {cleaning.py:219} WARNING - appid 550470 tidak ditemukan di game_lookup, dilewati
[2026-09-08T12:43:43.622+0000] {cleaning.py:219} WARNING - appid 335670 tidak ditemukan di game_lookup, dilewati
[2026-09-08T12:43:43.622+0000] {cleaning.py:219} WARNING - appid 351030 tidak ditemukan di game_lookup, dilewati
[2026-09-08T12:43:43.623+0000] {cleaning.py:219} WARNING - appid 429570 tidak ditemukan di game_lookup, dilewati
[2026-09-08T12:43:43.623+0000] {cleaning.py:219} WARNING - appid 552620 tidak ditemukan di game_lookup, dilewati
[2026-09-08T12:43:43.623+0000] {cleaning.py:219} WARNING - appid 1279610 tidak ditemukan di game_lookup, dilewati
[2026-09-08T12:43:43.624+0000] {cleaning.py:219} WARNING - appid 353380 tidak ditemukan di game_lookup, dilewati
[2026-09-08T12:43:43.625+0000] {cleaning.py:219} WARNING - appid 597760 tidak ditemukan di game_lookup, dilewati
[2026-09-08T12:43:43.625+0000] {cleaning.py:219} WARNING - appid 486310 tidak ditemukan di game_lookup, dilewati
[2026-09-08T12:43:43.625+0000] {cleaning.py:219} WARNING - appid 108200 tidak ditemukan di game_lookup, dilewati
[2026-09-08T12:43:43.626+0000] {cleaning.py:219} WARNING - appid 1787090 tidak ditemukan di game_lookup, dilewati
[2026-09-08T12:43:43.627+0000] {cleaning.py:219} WARNING - appid 790820 tidak ditemukan di game_lookup, dilewati
[2026-09-08T12:43:43.628+0000] {cleaning.py:219} WARNING - appid 1634680 tidak ditemukan di game_lookup, dilewati
[2026-09-08T12:43:43.628+0000] {cleaning.py:219} WARNING - appid 1486350 tidak ditemukan di game_lookup, dilewati
[2026-09-08T12:43:43.629+0000] {cleaning.py:219} WARNING - appid 776960 tidak ditemukan di game_lookup, dilewati
[2026-09-08T12:43:43.629+0000] {cleaning.py:219} WARNING - appid 1921980 tidak ditemukan di game_lookup, dilewati
[2026-09-08T12:43:43.630+0000] {cleaning.py:219} WARNING - appid 287370 tidak ditemukan di game_lookup, dilewati
[2026-09-08T12:43:43.630+0000] {cleaning.py:219} WARNING - appid 517710 tidak ditemukan di game_lookup, dilewati
[2026-09-08T12:43:43.631+0000] {cleaning.py:219} WARNING - appid 1112400 tidak ditemukan di game_lookup, dilewati
[2026-09-08T12:43:43.632+0000] {cleaning.py:219} WARNING - appid 1364390 tidak ditemukan di game_lookup, dilewati
[2026-09-08T12:43:43.632+0000] {cleaning.py:219} WARNING - appid 282900 tidak ditemukan di game_lookup, dilewati
[2026-09-08T12:43:43.632+0000] {cleaning.py:219} WARNING - appid 690530 tidak ditemukan di game_lookup, dilewati
[2026-09-08T12:43:43.633+0000] {cleaning.py:219} WARNING - appid 824270 tidak ditemukan di game_lookup, dilewati
[2026-09-08T12:43:43.634+0000] {cleaning.py:219} WARNING - appid 1504570 tidak ditemukan di game_lookup, dilewati
[2026-09-08T12:43:43.634+0000] {cleaning.py:219} WARNING - appid 872670 tidak ditemukan di game_lookup, dilewati
[2026-09-08T12:43:43.634+0000] {cleaning.py:219} WARNING - appid 675260 tidak ditemukan di game_lookup, dilewati
[2026-09-08T12:43:43.635+0000] {cleaning.py:219} WARNING - appid 295790 tidak ditemukan di game_lookup, dilewati
[2026-09-08T12:43:43.636+0000] {cleaning.py:219} WARNING - appid 1036890 tidak ditemukan di game_lookup, dilewati
[2026-09-08T12:43:43.636+0000] {cleaning.py:219} WARNING - appid 1110390 tidak ditemukan di game_lookup, dilewati
[2026-09-08T12:43:43.637+0000] {cleaning.py:219} WARNING - appid 1477830 tidak ditemukan di game_lookup, dilewati
[2026-09-08T12:43:43.637+0000] {cleaning.py:219} WARNING - appid 40960 tidak ditemukan di game_lookup, dilewati
[2026-09-08T12:43:43.638+0000] {cleaning.py:219} WARNING - appid 266310 tidak ditemukan di game_lookup, dilewati
[2026-09-08T12:43:43.638+0000] {cleaning.py:219} WARNING - appid 410710 tidak ditemukan di game_lookup, dilewati
[2026-09-08T12:43:43.639+0000] {cleaning.py:219} WARNING - appid 1204050 tidak ditemukan di game_lookup, dilewati
[2026-09-08T12:43:43.639+0000] {cleaning.py:219} WARNING - appid 837380 tidak ditemukan di game_lookup, dilewati
[2026-09-08T12:43:43.640+0000] {cleaning.py:219} WARNING - appid 1170760 tidak ditemukan di game_lookup, dilewati
[2026-09-08T12:43:43.640+0000] {cleaning.py:219} WARNING - appid 384490 tidak ditemukan di game_lookup, dilewati
[2026-09-08T12:43:43.641+0000] {cleaning.py:219} WARNING - appid 253940 tidak ditemukan di game_lookup, dilewati
[2026-09-08T12:43:43.641+0000] {cleaning.py:219} WARNING - appid 249990 tidak ditemukan di game_lookup, dilewati
[2026-09-08T12:43:43.642+0000] {cleaning.py:219} WARNING - appid 1203630 tidak ditemukan di game_lookup, dilewati
[2026-09-08T12:43:43.643+0000] {cleaning.py:219} WARNING - appid 2210 tidak ditemukan di game_lookup, dilewati
[2026-09-08T12:43:43.643+0000] {cleaning.py:219} WARNING - appid 695920 tidak ditemukan di game_lookup, dilewati
[2026-09-08T12:43:43.644+0000] {cleaning.py:219} WARNING - appid 1732190 tidak ditemukan di game_lookup, dilewati
[2026-09-08T12:43:43.645+0000] {cleaning.py:226} INFO - build_silver_dataset selesai: 2886 record berhasil diproses, 114 dilewati
[2026-09-08T12:43:43.645+0000] {steam_analytics.py:215} INFO - Cleaning menghasilkan 2886 record.
[2026-09-08T12:43:43.836+0000] {postgres.py:364} INFO - Berhasil insert/update 2886 baris ke fact_game_snapshot (0 dilewati karena tidak ada game_key)
[2026-09-08T12:43:43.837+0000] {steam_analytics.py:221} INFO - Silver DWH berhasil diproses. Fact records: 2886
[2026-09-08T12:43:43.841+0000] {python.py:237} INFO - Done. Returned value was: None
[2026-09-08T12:43:43.841+0000] {taskinstance.py:441} INFO - ::group::Post task execution logs
[2026-09-08T12:43:43.851+0000] {taskinstance.py:1206} INFO - Marking task as SUCCESS. dag_id=steam_analytics_daily, task_id=process_facts_and_silver_layer, run_id=scheduled__2026-09-07T02:00:00+00:00, execution_date=20260907T020000, start_date=20260908T124343, end_date=20260908T124343
[2026-09-08T12:43:43.873+0000] {local_task_job_runner.py:243} INFO - Task exited with return code 0
[2026-09-08T12:43:43.892+0000] {taskinstance.py:3503} INFO - 1 downstream tasks scheduled from follow-on schedule check
[2026-09-08T12:43:43.894+0000] {local_task_job_runner.py:222} INFO - ::endgroup::
[2026-09-08T18:24:45.301+0000] {local_task_job_runner.py:120} INFO - ::group::Pre task execution logs
[2026-09-08T18:24:45.359+0000] {taskinstance.py:2076} INFO - Dependencies all met for dep_context=non-requeueable deps ti=<TaskInstance: steam_analytics_daily.process_facts_and_silver_layer scheduled__2026-09-07T02:00:00+00:00 [queued]>
[2026-09-08T18:24:45.379+0000] {taskinstance.py:2076} INFO - Dependencies all met for dep_context=requeueable deps ti=<TaskInstance: steam_analytics_daily.process_facts_and_silver_layer scheduled__2026-09-07T02:00:00+00:00 [queued]>
[2026-09-08T18:24:45.381+0000] {taskinstance.py:2306} INFO - Starting attempt 1 of 2
[2026-09-08T18:24:45.404+0000] {taskinstance.py:2330} INFO - Executing <Task(_PythonDecoratedOperator): process_facts_and_silver_layer> on 2026-09-07 02:00:00+00:00
[2026-09-08T18:24:45.414+0000] {standard_task_runner.py:90} INFO - Running: ['***', 'tasks', 'run', 'steam_analytics_daily', 'process_facts_and_silver_layer', 'scheduled__2026-09-07T02:00:00+00:00', '--job-id', '6', '--raw', '--subdir', 'DAGS_FOLDER/steam_analytics.py', '--cfg-path', '/tmp/tmpu_dvf8x7']
[2026-09-08T18:24:45.417+0000] {standard_task_runner.py:91} INFO - Job 6: Subtask process_facts_and_silver_layer
[2026-09-08T18:24:45.419+0000] {logging_mixin.py:188} WARNING - /home/***/.local/lib/python3.12/site-packages/***/task/task_runner/standard_task_runner.py:62 DeprecationWarning: This process (pid=704) is multi-threaded, use of fork() may lead to deadlocks in the child.
[2026-09-08T18:24:45.420+0000] {standard_task_runner.py:64} INFO - Started process 705 to run task
[2026-09-08T18:24:45.489+0000] {task_command.py:426} INFO - Running <TaskInstance: steam_analytics_daily.process_facts_and_silver_layer scheduled__2026-09-07T02:00:00+00:00 [running]> on host af106f5ed5d0
[2026-09-08T18:24:45.651+0000] {taskinstance.py:2648} INFO - Exporting env vars: AIRFLOW_CTX_DAG_OWNER='data_engineer' AIRFLOW_CTX_DAG_ID='steam_analytics_daily' AIRFLOW_CTX_TASK_ID='process_facts_and_silver_layer' AIRFLOW_CTX_EXECUTION_DATE='2026-09-07T02:00:00+00:00' AIRFLOW_CTX_TRY_NUMBER='1' AIRFLOW_CTX_DAG_RUN_ID='scheduled__2026-09-07T02:00:00+00:00'
[2026-09-08T18:24:45.653+0000] {taskinstance.py:430} INFO - ::endgroup::
[2026-09-08T18:24:45.887+0000] {minio_client.py:87} INFO - Berhasil membaca 3000 record dari s3://steam-analytics/bronze/steamspy/2026-09-07/data.json
[2026-09-08T18:24:45.890+0000] {crypto.py:82} WARNING - empty cryptography key - values will not be stored encrypted.
[2026-09-08T18:24:45.892+0000] {base.py:84} INFO - Using connection ID 'postgres_***' for task execution.
[2026-09-08T18:24:46.005+0000] {postgres.py:306} INFO - Partisi fact_game_snapshot_2026_09 dipastikan tersedia
[2026-09-08T18:24:46.015+0000] {postgres.py:184} INFO - get_game_lookup: 2887 game dimuat dari dim_game
[2026-09-08T18:24:46.016+0000] {cleaning.py:219} WARNING - appid 1063730 tidak ditemukan di game_lookup, dilewati
[2026-09-08T18:24:46.017+0000] {cleaning.py:219} WARNING - appid 291480 tidak ditemukan di game_lookup, dilewati
[2026-09-08T18:24:46.019+0000] {cleaning.py:219} WARNING - appid 203160 tidak ditemukan di game_lookup, dilewati
[2026-09-08T18:24:46.019+0000] {cleaning.py:219} WARNING - appid 1172620 tidak ditemukan di game_lookup, dilewati
[2026-09-08T18:24:46.020+0000] {cleaning.py:219} WARNING - appid 221380 tidak ditemukan di game_lookup, dilewati
[2026-09-08T18:24:46.021+0000] {cleaning.py:219} WARNING - appid 439700 tidak ditemukan di game_lookup, dilewati
[2026-09-08T18:24:46.022+0000] {cleaning.py:219} WARNING - appid 677620 tidak ditemukan di game_lookup, dilewati
[2026-09-08T18:24:46.023+0000] {cleaning.py:219} WARNING - appid 397900 tidak ditemukan di game_lookup, dilewati
[2026-09-08T18:24:46.023+0000] {cleaning.py:219} WARNING - appid 273110 tidak ditemukan di game_lookup, dilewati
[2026-09-08T18:24:46.024+0000] {cleaning.py:219} WARNING - appid 223750 tidak ditemukan di game_lookup, dilewati
[2026-09-08T18:24:46.025+0000] {cleaning.py:219} WARNING - appid 1366800 tidak ditemukan di game_lookup, dilewati
[2026-09-08T18:24:46.027+0000] {cleaning.py:219} WARNING - appid 447040 tidak ditemukan di game_lookup, dilewati
[2026-09-08T18:24:46.028+0000] {cleaning.py:219} WARNING - appid 33900 tidak ditemukan di game_lookup, dilewati
[2026-09-08T18:24:46.029+0000] {cleaning.py:219} WARNING - appid 4560 tidak ditemukan di game_lookup, dilewati
[2026-09-08T18:24:46.030+0000] {cleaning.py:219} WARNING - appid 838350 tidak ditemukan di game_lookup, dilewati
[2026-09-08T18:24:46.031+0000] {cleaning.py:219} WARNING - appid 38400 tidak ditemukan di game_lookup, dilewati
[2026-09-08T18:24:46.031+0000] {cleaning.py:219} WARNING - appid 629520 tidak ditemukan di game_lookup, dilewati
[2026-09-08T18:24:46.032+0000] {cleaning.py:219} WARNING - appid 1468810 tidak ditemukan di game_lookup, dilewati
[2026-09-08T18:24:46.033+0000] {cleaning.py:219} WARNING - appid 105450 tidak ditemukan di game_lookup, dilewati
[2026-09-08T18:24:46.034+0000] {cleaning.py:219} WARNING - appid 466560 tidak ditemukan di game_lookup, dilewati
[2026-09-08T18:24:46.035+0000] {cleaning.py:219} WARNING - appid 1466860 tidak ditemukan di game_lookup, dilewati
[2026-09-08T18:24:46.036+0000] {cleaning.py:219} WARNING - appid 394510 tidak ditemukan di game_lookup, dilewati
[2026-09-08T18:24:46.037+0000] {cleaning.py:219} WARNING - appid 640820 tidak ditemukan di game_lookup, dilewati
[2026-09-08T18:24:46.038+0000] {cleaning.py:219} WARNING - appid 15620 tidak ditemukan di game_lookup, dilewati
[2026-09-08T18:24:46.039+0000] {cleaning.py:219} WARNING - appid 55150 tidak ditemukan di game_lookup, dilewati
[2026-09-08T18:24:46.039+0000] {cleaning.py:219} WARNING - appid 314160 tidak ditemukan di game_lookup, dilewati
[2026-09-08T18:24:46.040+0000] {cleaning.py:219} WARNING - appid 1659040 tidak ditemukan di game_lookup, dilewati
[2026-09-08T18:24:46.041+0000] {cleaning.py:219} WARNING - appid 208140 tidak ditemukan di game_lookup, dilewati
[2026-09-08T18:24:46.041+0000] {cleaning.py:219} WARNING - appid 206500 tidak ditemukan di game_lookup, dilewati
[2026-09-08T18:24:46.042+0000] {cleaning.py:219} WARNING - appid 10500 tidak ditemukan di game_lookup, dilewati
[2026-09-08T18:24:46.044+0000] {cleaning.py:219} WARNING - appid 24980 tidak ditemukan di game_lookup, dilewati
[2026-09-08T18:24:46.044+0000] {cleaning.py:219} WARNING - appid 34030 tidak ditemukan di game_lookup, dilewati
[2026-09-08T18:24:46.046+0000] {cleaning.py:219} WARNING - appid 736220 tidak ditemukan di game_lookup, dilewati
[2026-09-08T18:24:46.047+0000] {cleaning.py:219} WARNING - appid 4570 tidak ditemukan di game_lookup, dilewati
[2026-09-08T18:24:46.048+0000] {cleaning.py:219} WARNING - appid 17460 tidak ditemukan di game_lookup, dilewati
[2026-09-08T18:24:46.049+0000] {cleaning.py:219} WARNING - appid 4700 tidak ditemukan di game_lookup, dilewati
[2026-09-08T18:24:46.051+0000] {cleaning.py:219} WARNING - appid 972660 tidak ditemukan di game_lookup, dilewati
[2026-09-08T18:24:46.052+0000] {cleaning.py:219} WARNING - appid 859570 tidak ditemukan di game_lookup, dilewati
[2026-09-08T18:24:46.053+0000] {cleaning.py:219} WARNING - appid 38410 tidak ditemukan di game_lookup, dilewati
[2026-09-08T18:24:46.054+0000] {cleaning.py:219} WARNING - appid 212740 tidak ditemukan di game_lookup, dilewati
[2026-09-08T18:24:46.055+0000] {cleaning.py:219} WARNING - appid 747610 tidak ditemukan di game_lookup, dilewati
[2026-09-08T18:24:46.056+0000] {cleaning.py:219} WARNING - appid 2390840 tidak ditemukan di game_lookup, dilewati
[2026-09-08T18:24:46.057+0000] {cleaning.py:219} WARNING - appid 250820 tidak ditemukan di game_lookup, dilewati
[2026-09-08T18:24:46.058+0000] {cleaning.py:219} WARNING - appid 541570 tidak ditemukan di game_lookup, dilewati
[2026-09-08T18:24:46.059+0000] {cleaning.py:219} WARNING - appid 1325860 tidak ditemukan di game_lookup, dilewati
[2026-09-08T18:24:46.059+0000] {cleaning.py:219} WARNING - appid 997070 tidak ditemukan di game_lookup, dilewati
[2026-09-08T18:24:46.060+0000] {cleaning.py:219} WARNING - appid 282660 tidak ditemukan di game_lookup, dilewati
[2026-09-08T18:24:46.061+0000] {cleaning.py:219} WARNING - appid 329110 tidak ditemukan di game_lookup, dilewati
[2026-09-08T18:24:46.061+0000] {cleaning.py:219} WARNING - appid 962730 tidak ditemukan di game_lookup, dilewati
[2026-09-08T18:24:46.063+0000] {cleaning.py:219} WARNING - appid 469600 tidak ditemukan di game_lookup, dilewati
[2026-09-08T18:24:46.064+0000] {cleaning.py:219} WARNING - appid 301750 tidak ditemukan di game_lookup, dilewati
[2026-09-08T18:24:46.064+0000] {cleaning.py:219} WARNING - appid 648120 tidak ditemukan di game_lookup, dilewati
[2026-09-08T18:24:46.065+0000] {cleaning.py:219} WARNING - appid 1473480 tidak ditemukan di game_lookup, dilewati
[2026-09-08T18:24:46.066+0000] {cleaning.py:219} WARNING - appid 400750 tidak ditemukan di game_lookup, dilewati
[2026-09-08T18:24:46.067+0000] {cleaning.py:219} WARNING - appid 244930 tidak ditemukan di game_lookup, dilewati
[2026-09-08T18:24:46.068+0000] {cleaning.py:219} WARNING - appid 689580 tidak ditemukan di game_lookup, dilewati
[2026-09-08T18:24:46.069+0000] {cleaning.py:219} WARNING - appid 1283970 tidak ditemukan di game_lookup, dilewati
[2026-09-08T18:24:46.070+0000] {cleaning.py:219} WARNING - appid 875210 tidak ditemukan di game_lookup, dilewati
[2026-09-08T18:24:46.071+0000] {cleaning.py:219} WARNING - appid 439350 tidak ditemukan di game_lookup, dilewati
[2026-09-08T18:24:46.072+0000] {cleaning.py:219} WARNING - appid 1469280 tidak ditemukan di game_lookup, dilewati
[2026-09-08T18:24:46.073+0000] {cleaning.py:219} WARNING - appid 400630 tidak ditemukan di game_lookup, dilewati
[2026-09-08T18:24:46.075+0000] {cleaning.py:219} WARNING - appid 21000 tidak ditemukan di game_lookup, dilewati
[2026-09-08T18:24:46.075+0000] {cleaning.py:219} WARNING - appid 1013320 tidak ditemukan di game_lookup, dilewati
[2026-09-08T18:24:46.076+0000] {cleaning.py:219} WARNING - appid 605740 tidak ditemukan di game_lookup, dilewati
[2026-09-08T18:24:46.078+0000] {cleaning.py:219} WARNING - appid 672680 tidak ditemukan di game_lookup, dilewati
[2026-09-08T18:24:46.079+0000] {cleaning.py:219} WARNING - appid 1068820 tidak ditemukan di game_lookup, dilewati
[2026-09-08T18:24:46.080+0000] {cleaning.py:219} WARNING - appid 991780 tidak ditemukan di game_lookup, dilewati
[2026-09-08T18:24:46.081+0000] {cleaning.py:219} WARNING - appid 1016800 tidak ditemukan di game_lookup, dilewati
[2026-09-08T18:24:46.081+0000] {cleaning.py:219} WARNING - appid 46510 tidak ditemukan di game_lookup, dilewati
[2026-09-08T18:24:46.083+0000] {cleaning.py:219} WARNING - appid 1278480 tidak ditemukan di game_lookup, dilewati
[2026-09-08T18:24:46.084+0000] {cleaning.py:219} WARNING - appid 550470 tidak ditemukan di game_lookup, dilewati
[2026-09-08T18:24:46.086+0000] {cleaning.py:219} WARNING - appid 335670 tidak ditemukan di game_lookup, dilewati
[2026-09-08T18:24:46.087+0000] {cleaning.py:219} WARNING - appid 351030 tidak ditemukan di game_lookup, dilewati
[2026-09-08T18:24:46.087+0000] {cleaning.py:219} WARNING - appid 429570 tidak ditemukan di game_lookup, dilewati
[2026-09-08T18:24:46.088+0000] {cleaning.py:219} WARNING - appid 552620 tidak ditemukan di game_lookup, dilewati
[2026-09-08T18:24:46.089+0000] {cleaning.py:219} WARNING - appid 1279610 tidak ditemukan di game_lookup, dilewati
[2026-09-08T18:24:46.090+0000] {cleaning.py:219} WARNING - appid 353380 tidak ditemukan di game_lookup, dilewati
[2026-09-08T18:24:46.091+0000] {cleaning.py:219} WARNING - appid 597760 tidak ditemukan di game_lookup, dilewati
[2026-09-08T18:24:46.092+0000] {cleaning.py:219} WARNING - appid 486310 tidak ditemukan di game_lookup, dilewati
[2026-09-08T18:24:46.092+0000] {cleaning.py:219} WARNING - appid 108200 tidak ditemukan di game_lookup, dilewati
[2026-09-08T18:24:46.094+0000] {cleaning.py:219} WARNING - appid 1787090 tidak ditemukan di game_lookup, dilewati
[2026-09-08T18:24:46.095+0000] {cleaning.py:219} WARNING - appid 790820 tidak ditemukan di game_lookup, dilewati
[2026-09-08T18:24:46.096+0000] {cleaning.py:219} WARNING - appid 1634680 tidak ditemukan di game_lookup, dilewati
[2026-09-08T18:24:46.097+0000] {cleaning.py:219} WARNING - appid 1486350 tidak ditemukan di game_lookup, dilewati
[2026-09-08T18:24:46.098+0000] {cleaning.py:219} WARNING - appid 776960 tidak ditemukan di game_lookup, dilewati
[2026-09-08T18:24:46.098+0000] {cleaning.py:219} WARNING - appid 1921980 tidak ditemukan di game_lookup, dilewati
[2026-09-08T18:24:46.099+0000] {cleaning.py:219} WARNING - appid 287370 tidak ditemukan di game_lookup, dilewati
[2026-09-08T18:24:46.101+0000] {cleaning.py:219} WARNING - appid 517710 tidak ditemukan di game_lookup, dilewati
[2026-09-08T18:24:46.102+0000] {cleaning.py:219} WARNING - appid 1112400 tidak ditemukan di game_lookup, dilewati
[2026-09-08T18:24:46.103+0000] {cleaning.py:219} WARNING - appid 1364390 tidak ditemukan di game_lookup, dilewati
[2026-09-08T18:24:46.103+0000] {cleaning.py:219} WARNING - appid 282900 tidak ditemukan di game_lookup, dilewati
[2026-09-08T18:24:46.104+0000] {cleaning.py:219} WARNING - appid 690530 tidak ditemukan di game_lookup, dilewati
[2026-09-08T18:24:46.105+0000] {cleaning.py:219} WARNING - appid 824270 tidak ditemukan di game_lookup, dilewati
[2026-09-08T18:24:46.106+0000] {cleaning.py:219} WARNING - appid 1504570 tidak ditemukan di game_lookup, dilewati
[2026-09-08T18:24:46.106+0000] {cleaning.py:219} WARNING - appid 872670 tidak ditemukan di game_lookup, dilewati
[2026-09-08T18:24:46.107+0000] {cleaning.py:219} WARNING - appid 675260 tidak ditemukan di game_lookup, dilewati
[2026-09-08T18:24:46.108+0000] {cleaning.py:219} WARNING - appid 295790 tidak ditemukan di game_lookup, dilewati
[2026-09-08T18:24:46.108+0000] {cleaning.py:219} WARNING - appid 1036890 tidak ditemukan di game_lookup, dilewati
[2026-09-08T18:24:46.109+0000] {cleaning.py:219} WARNING - appid 1110390 tidak ditemukan di game_lookup, dilewati
[2026-09-08T18:24:46.110+0000] {cleaning.py:219} WARNING - appid 1477830 tidak ditemukan di game_lookup, dilewati
[2026-09-08T18:24:46.111+0000] {cleaning.py:219} WARNING - appid 40960 tidak ditemukan di game_lookup, dilewati
[2026-09-08T18:24:46.112+0000] {cleaning.py:219} WARNING - appid 266310 tidak ditemukan di game_lookup, dilewati
[2026-09-08T18:24:46.112+0000] {cleaning.py:219} WARNING - appid 410710 tidak ditemukan di game_lookup, dilewati
[2026-09-08T18:24:46.113+0000] {cleaning.py:219} WARNING - appid 1204050 tidak ditemukan di game_lookup, dilewati
[2026-09-08T18:24:46.114+0000] {cleaning.py:219} WARNING - appid 837380 tidak ditemukan di game_lookup, dilewati
[2026-09-08T18:24:46.115+0000] {cleaning.py:219} WARNING - appid 1170760 tidak ditemukan di game_lookup, dilewati
[2026-09-08T18:24:46.115+0000] {cleaning.py:219} WARNING - appid 384490 tidak ditemukan di game_lookup, dilewati
[2026-09-08T18:24:46.116+0000] {cleaning.py:219} WARNING - appid 253940 tidak ditemukan di game_lookup, dilewati
[2026-09-08T18:24:46.117+0000] {cleaning.py:219} WARNING - appid 249990 tidak ditemukan di game_lookup, dilewati
[2026-09-08T18:24:46.118+0000] {cleaning.py:219} WARNING - appid 1203630 tidak ditemukan di game_lookup, dilewati
[2026-09-08T18:24:46.119+0000] {cleaning.py:219} WARNING - appid 2210 tidak ditemukan di game_lookup, dilewati
[2026-09-08T18:24:46.120+0000] {cleaning.py:219} WARNING - appid 695920 tidak ditemukan di game_lookup, dilewati
[2026-09-08T18:24:46.121+0000] {cleaning.py:219} WARNING - appid 1732190 tidak ditemukan di game_lookup, dilewati
[2026-09-08T18:24:46.122+0000] {cleaning.py:226} INFO - build_silver_dataset selesai: 2887 record berhasil diproses, 113 dilewati
[2026-09-08T18:24:46.122+0000] {steam_analytics.py:215} INFO - Cleaning menghasilkan 2887 record.
[2026-09-08T18:24:46.404+0000] {postgres.py:364} INFO - Berhasil insert/update 2887 baris ke fact_game_snapshot (0 dilewati karena tidak ada game_key)
[2026-09-08T18:24:46.405+0000] {steam_analytics.py:221} INFO - Silver DWH berhasil diproses. Fact records: 2887
[2026-09-08T18:24:46.409+0000] {python.py:237} INFO - Done. Returned value was: None
[2026-09-08T18:24:46.411+0000] {taskinstance.py:441} INFO - ::group::Post task execution logs
[2026-09-08T18:24:46.424+0000] {taskinstance.py:1206} INFO - Marking task as SUCCESS. dag_id=steam_analytics_daily, task_id=process_facts_and_silver_layer, run_id=scheduled__2026-09-07T02:00:00+00:00, execution_date=20260907T020000, start_date=20260908T182445, end_date=20260908T182446
[2026-09-08T18:24:46.478+0000] {local_task_job_runner.py:243} INFO - Task exited with return code 0
[2026-09-08T18:24:46.508+0000] {taskinstance.py:3503} INFO - 1 downstream tasks scheduled from follow-on schedule check
[2026-09-08T18:24:46.511+0000] {local_task_job_runner.py:222} INFO - ::endgroup::
