[2026-09-09T08:22:02.880+0000] {local_task_job_runner.py:120} INFO - ::group::Pre task execution logs
[2026-09-09T08:22:02.947+0000] {taskinstance.py:2076} INFO - Dependencies all met for dep_context=non-requeueable deps ti=<TaskInstance: steam_analytics_daily.extract_steamspy_to_bronze scheduled__2026-09-08T02:00:00+00:00 [queued]>
[2026-09-09T08:22:02.962+0000] {taskinstance.py:2076} INFO - Dependencies all met for dep_context=requeueable deps ti=<TaskInstance: steam_analytics_daily.extract_steamspy_to_bronze scheduled__2026-09-08T02:00:00+00:00 [queued]>
[2026-09-09T08:22:02.963+0000] {taskinstance.py:2306} INFO - Starting attempt 1 of 2
[2026-09-09T08:22:02.987+0000] {taskinstance.py:2330} INFO - Executing <Task(_PythonDecoratedOperator): extract_steamspy_to_bronze> on 2026-09-08 02:00:00+00:00
[2026-09-09T08:22:02.998+0000] {standard_task_runner.py:90} INFO - Running: ['***', 'tasks', 'run', 'steam_analytics_daily', 'extract_steamspy_to_bronze', 'scheduled__2026-09-08T02:00:00+00:00', '--job-id', '9', '--raw', '--subdir', 'DAGS_FOLDER/steam_analytics.py', '--cfg-path', '/tmp/tmp1mj62hws']
[2026-09-09T08:22:03.000+0000] {logging_mixin.py:188} WARNING - /home/***/.local/lib/python3.12/site-packages/***/task/task_runner/standard_task_runner.py:62 DeprecationWarning: This process (pid=190) is multi-threaded, use of fork() may lead to deadlocks in the child.
[2026-09-09T08:22:03.001+0000] {standard_task_runner.py:91} INFO - Job 9: Subtask extract_steamspy_to_bronze
[2026-09-09T08:22:03.001+0000] {standard_task_runner.py:64} INFO - Started process 191 to run task
[2026-09-09T08:22:03.086+0000] {task_command.py:426} INFO - Running <TaskInstance: steam_analytics_daily.extract_steamspy_to_bronze scheduled__2026-09-08T02:00:00+00:00 [running]> on host af106f5ed5d0
[2026-09-09T08:22:03.208+0000] {taskinstance.py:2648} INFO - Exporting env vars: AIRFLOW_CTX_DAG_OWNER='data_engineer' AIRFLOW_CTX_DAG_ID='steam_analytics_daily' AIRFLOW_CTX_TASK_ID='extract_steamspy_to_bronze' AIRFLOW_CTX_EXECUTION_DATE='2026-09-08T02:00:00+00:00' AIRFLOW_CTX_TRY_NUMBER='1' AIRFLOW_CTX_DAG_RUN_ID='scheduled__2026-09-08T02:00:00+00:00'
[2026-09-09T08:22:03.210+0000] {taskinstance.py:430} INFO - ::endgroup::
[2026-09-09T08:22:03.211+0000] {steam_analytics.py:84} INFO - Memulai extract SteamSpy untuk 2026-09-08
[2026-09-09T08:22:03.828+0000] {steam_analytics.py:90} INFO - Mengambil SteamSpy dengan 3 page (~3000 game).
[2026-09-09T08:22:04.140+0000] {steamspy.py:39} INFO - Page 0: 1000 game ditarik (top 0-999 by owners)
[2026-09-09T08:22:04.141+0000] {steamspy.py:43} INFO - Menunggu 61 detik sebelum request page berikutnya (rate limit 'all')...
[2026-09-09T08:23:05.254+0000] {steamspy.py:39} INFO - Page 1: 1000 game ditarik (top 1000-1999 by owners)
[2026-09-09T08:23:05.255+0000] {steamspy.py:43} INFO - Menunggu 61 detik sebelum request page berikutnya (rate limit 'all')...
[2026-09-09T08:24:06.359+0000] {steamspy.py:39} INFO - Page 2: 1000 game ditarik (top 2000-2999 by owners)
[2026-09-09T08:24:06.359+0000] {steamspy.py:46} INFO - Total game ditarik via pagination: 3000
[2026-09-09T08:24:06.402+0000] {minio_client.py:70} INFO - Berhasil menulis 3000 record ke s3://steam-analytics/bronze/steamspy/2026-09-08/data.json
[2026-09-09T08:24:06.403+0000] {steam_analytics.py:102} INFO - Bronze SteamSpy 2026-09-08 berhasil disimpan. Total game: 3000
[2026-09-09T08:24:06.405+0000] {python.py:237} INFO - Done. Returned value was: None
[2026-09-09T08:24:06.406+0000] {taskinstance.py:441} INFO - ::group::Post task execution logs
[2026-09-09T08:24:06.416+0000] {taskinstance.py:1206} INFO - Marking task as SUCCESS. dag_id=steam_analytics_daily, task_id=extract_steamspy_to_bronze, run_id=scheduled__2026-09-08T02:00:00+00:00, execution_date=20260908T020000, start_date=20260909T082202, end_date=20260909T082406
[2026-09-09T08:24:06.472+0000] {local_task_job_runner.py:243} INFO - Task exited with return code 0
[2026-09-09T08:24:06.496+0000] {taskinstance.py:3503} INFO - 1 downstream tasks scheduled from follow-on schedule check
[2026-09-09T08:24:06.498+0000] {local_task_job_runner.py:222} INFO - ::endgroup::
[2026-09-09T17:34:04.856+0000] {local_task_job_runner.py:120} INFO - ::group::Pre task execution logs
[2026-09-09T17:34:04.888+0000] {taskinstance.py:2076} INFO - Dependencies all met for dep_context=non-requeueable deps ti=<TaskInstance: steam_analytics_daily.extract_steamspy_to_bronze scheduled__2026-09-08T02:00:00+00:00 [queued]>
[2026-09-09T17:34:04.894+0000] {taskinstance.py:2076} INFO - Dependencies all met for dep_context=requeueable deps ti=<TaskInstance: steam_analytics_daily.extract_steamspy_to_bronze scheduled__2026-09-08T02:00:00+00:00 [queued]>
[2026-09-09T17:34:04.895+0000] {taskinstance.py:2306} INFO - Starting attempt 1 of 2
[2026-09-09T17:34:04.905+0000] {taskinstance.py:2330} INFO - Executing <Task(_PythonDecoratedOperator): extract_steamspy_to_bronze> on 2026-09-08 02:00:00+00:00
[2026-09-09T17:34:04.912+0000] {logging_mixin.py:188} WARNING - /home/***/.local/lib/python3.12/site-packages/***/task/task_runner/standard_task_runner.py:62 DeprecationWarning: This process (pid=191) is multi-threaded, use of fork() may lead to deadlocks in the child.
[2026-09-09T17:34:04.911+0000] {standard_task_runner.py:90} INFO - Running: ['***', 'tasks', 'run', 'steam_analytics_daily', 'extract_steamspy_to_bronze', 'scheduled__2026-09-08T02:00:00+00:00', '--job-id', '2', '--raw', '--subdir', 'DAGS_FOLDER/steam_analytics.py', '--cfg-path', '/tmp/tmpxvddtzay']
[2026-09-09T17:34:04.913+0000] {standard_task_runner.py:91} INFO - Job 2: Subtask extract_steamspy_to_bronze
[2026-09-09T17:34:04.913+0000] {standard_task_runner.py:64} INFO - Started process 192 to run task
[2026-09-09T17:34:04.958+0000] {task_command.py:426} INFO - Running <TaskInstance: steam_analytics_daily.extract_steamspy_to_bronze scheduled__2026-09-08T02:00:00+00:00 [running]> on host fcb1bc3b8094
[2026-09-09T17:34:05.040+0000] {taskinstance.py:2648} INFO - Exporting env vars: AIRFLOW_CTX_DAG_OWNER='data_engineer' AIRFLOW_CTX_DAG_ID='steam_analytics_daily' AIRFLOW_CTX_TASK_ID='extract_steamspy_to_bronze' AIRFLOW_CTX_EXECUTION_DATE='2026-09-08T02:00:00+00:00' AIRFLOW_CTX_TRY_NUMBER='1' AIRFLOW_CTX_DAG_RUN_ID='scheduled__2026-09-08T02:00:00+00:00'
[2026-09-09T17:34:05.041+0000] {taskinstance.py:430} INFO - ::endgroup::
[2026-09-09T17:34:05.042+0000] {steam_analytics.py:84} INFO - Memulai extract SteamSpy untuk 2026-09-08
[2026-09-09T17:34:05.280+0000] {steam_analytics.py:90} INFO - Mengambil SteamSpy dengan 3 page (~3000 game).
[2026-09-09T17:34:05.439+0000] {steamspy.py:39} INFO - Page 0: 1000 game ditarik (top 0-999 by owners)
[2026-09-09T17:34:05.440+0000] {steamspy.py:43} INFO - Menunggu 61 detik sebelum request page berikutnya (rate limit 'all')...
[2026-09-09T17:35:06.540+0000] {steamspy.py:39} INFO - Page 1: 1000 game ditarik (top 1000-1999 by owners)
[2026-09-09T17:35:06.540+0000] {steamspy.py:43} INFO - Menunggu 61 detik sebelum request page berikutnya (rate limit 'all')...
[2026-09-09T17:36:07.630+0000] {steamspy.py:39} INFO - Page 2: 1000 game ditarik (top 2000-2999 by owners)
[2026-09-09T17:36:07.631+0000] {steamspy.py:46} INFO - Total game ditarik via pagination: 3000
[2026-09-09T17:36:07.708+0000] {minio_client.py:70} INFO - Berhasil menulis 3000 record ke s3://steam-analytics/bronze/steamspy/2026-09-08/data.json
[2026-09-09T17:36:07.709+0000] {steam_analytics.py:102} INFO - Bronze SteamSpy 2026-09-08 berhasil disimpan. Total game: 3000
[2026-09-09T17:36:07.710+0000] {python.py:237} INFO - Done. Returned value was: None
[2026-09-09T17:36:07.711+0000] {taskinstance.py:441} INFO - ::group::Post task execution logs
[2026-09-09T17:36:07.721+0000] {taskinstance.py:1206} INFO - Marking task as SUCCESS. dag_id=steam_analytics_daily, task_id=extract_steamspy_to_bronze, run_id=scheduled__2026-09-08T02:00:00+00:00, execution_date=20260908T020000, start_date=20260909T173404, end_date=20260909T173607
[2026-09-09T17:36:07.742+0000] {local_task_job_runner.py:243} INFO - Task exited with return code 0
[2026-09-09T17:36:07.767+0000] {taskinstance.py:3503} INFO - 1 downstream tasks scheduled from follow-on schedule check
[2026-09-09T17:36:07.769+0000] {local_task_job_runner.py:222} INFO - ::endgroup::
