[2026-09-08T17:06:21.962+0000] {local_task_job_runner.py:120} INFO - ::group::Pre task execution logs
[2026-09-08T17:06:21.994+0000] {taskinstance.py:2076} INFO - Dependencies all met for dep_context=non-requeueable deps ti=<TaskInstance: steam_analytics_daily.extract_rawg_to_bronze manual__2026-09-08T17:06:20.416417+00:00 [queued]>
[2026-09-08T17:06:22.003+0000] {taskinstance.py:2076} INFO - Dependencies all met for dep_context=requeueable deps ti=<TaskInstance: steam_analytics_daily.extract_rawg_to_bronze manual__2026-09-08T17:06:20.416417+00:00 [queued]>
[2026-09-08T17:06:22.004+0000] {taskinstance.py:2306} INFO - Starting attempt 1 of 2
[2026-09-08T17:06:22.014+0000] {taskinstance.py:2330} INFO - Executing <Task(_PythonDecoratedOperator): extract_rawg_to_bronze> on 2026-09-08 17:06:20.416417+00:00
[2026-09-08T17:06:22.022+0000] {logging_mixin.py:188} WARNING - /home/***/.local/lib/python3.12/site-packages/***/task/task_runner/standard_task_runner.py:62 DeprecationWarning: This process (pid=2793) is multi-threaded, use of fork() may lead to deadlocks in the child.
[2026-09-08T17:06:22.023+0000] {standard_task_runner.py:64} INFO - Started process 2794 to run task
[2026-09-08T17:06:22.022+0000] {standard_task_runner.py:90} INFO - Running: ['***', 'tasks', 'run', 'steam_analytics_daily', 'extract_rawg_to_bronze', 'manual__2026-09-08T17:06:20.416417+00:00', '--job-id', '26', '--raw', '--subdir', 'DAGS_FOLDER/steam_analytics.py', '--cfg-path', '/tmp/tmp9tnpgwt9']
[2026-09-08T17:06:22.024+0000] {standard_task_runner.py:91} INFO - Job 26: Subtask extract_rawg_to_bronze
[2026-09-08T17:06:22.064+0000] {task_command.py:426} INFO - Running <TaskInstance: steam_analytics_daily.extract_rawg_to_bronze manual__2026-09-08T17:06:20.416417+00:00 [running]> on host d6ba0ff7b234
[2026-09-08T17:06:22.146+0000] {taskinstance.py:2648} INFO - Exporting env vars: AIRFLOW_CTX_DAG_OWNER='data_engineer' AIRFLOW_CTX_DAG_ID='steam_analytics_daily' AIRFLOW_CTX_TASK_ID='extract_rawg_to_bronze' AIRFLOW_CTX_EXECUTION_DATE='2026-09-08T17:06:20.416417+00:00' AIRFLOW_CTX_TRY_NUMBER='1' AIRFLOW_CTX_DAG_RUN_ID='manual__2026-09-08T17:06:20.416417+00:00'
[2026-09-08T17:06:22.147+0000] {taskinstance.py:430} INFO - ::endgroup::
[2026-09-08T17:06:22.148+0000] {steam_analytics.py:115} INFO - Memulai extract RAWG untuk 2026-09-08
[2026-09-08T17:06:22.272+0000] {minio_client.py:87} INFO - Berhasil membaca 3000 record dari s3://steam-analytics/bronze/steamspy/2026-09-08/data.json
[2026-09-08T17:06:22.273+0000] {steam_analytics.py:118} INFO - SteamSpy Bronze berisi 3000 game.
[2026-09-08T17:06:22.283+0000] {steam_analytics.py:121} INFO - Bronze RAWG 2026-09-08 sudah ada. RAWG API call dilewati.
[2026-09-08T17:06:22.284+0000] {python.py:237} INFO - Done. Returned value was: None
[2026-09-08T17:06:22.285+0000] {taskinstance.py:441} INFO - ::group::Post task execution logs
[2026-09-08T17:06:22.293+0000] {taskinstance.py:1206} INFO - Marking task as SUCCESS. dag_id=steam_analytics_daily, task_id=extract_rawg_to_bronze, run_id=manual__2026-09-08T17:06:20.416417+00:00, execution_date=20260908T170620, start_date=20260908T170621, end_date=20260908T170622
[2026-09-08T17:06:22.317+0000] {local_task_job_runner.py:243} INFO - Task exited with return code 0
[2026-09-08T17:06:22.340+0000] {taskinstance.py:3503} INFO - 1 downstream tasks scheduled from follow-on schedule check
[2026-09-08T17:06:22.342+0000] {local_task_job_runner.py:222} INFO - ::endgroup::
