[2026-09-09T17:31:20.382+0000] {local_task_job_runner.py:120} INFO - ::group::Pre task execution logs
[2026-09-09T17:31:20.411+0000] {taskinstance.py:2076} INFO - Dependencies all met for dep_context=non-requeueable deps ti=<TaskInstance: steam_analytics_daily.extract_rawg_to_bronze scheduled__2026-09-08T02:00:00+00:00 [queued]>
[2026-09-09T17:31:20.419+0000] {taskinstance.py:2076} INFO - Dependencies all met for dep_context=requeueable deps ti=<TaskInstance: steam_analytics_daily.extract_rawg_to_bronze scheduled__2026-09-08T02:00:00+00:00 [queued]>
[2026-09-09T17:31:20.419+0000] {taskinstance.py:2306} INFO - Starting attempt 2 of 3
[2026-09-09T17:31:20.430+0000] {taskinstance.py:2330} INFO - Executing <Task(_PythonDecoratedOperator): extract_rawg_to_bronze> on 2026-09-08 02:00:00+00:00
[2026-09-09T17:31:20.436+0000] {logging_mixin.py:188} WARNING - /home/***/.local/lib/python3.12/site-packages/***/task/task_runner/standard_task_runner.py:62 DeprecationWarning: This process (pid=5657) is multi-threaded, use of fork() may lead to deadlocks in the child.
[2026-09-09T17:31:20.437+0000] {standard_task_runner.py:64} INFO - Started process 5658 to run task
[2026-09-09T17:31:20.436+0000] {standard_task_runner.py:90} INFO - Running: ['***', 'tasks', 'run', 'steam_analytics_daily', 'extract_rawg_to_bronze', 'scheduled__2026-09-08T02:00:00+00:00', '--job-id', '30', '--raw', '--subdir', 'DAGS_FOLDER/steam_analytics.py', '--cfg-path', '/tmp/tmp1bik3lcg']
[2026-09-09T17:31:20.438+0000] {standard_task_runner.py:91} INFO - Job 30: Subtask extract_rawg_to_bronze
[2026-09-09T17:31:20.478+0000] {task_command.py:426} INFO - Running <TaskInstance: steam_analytics_daily.extract_rawg_to_bronze scheduled__2026-09-08T02:00:00+00:00 [running]> on host af106f5ed5d0
[2026-09-09T17:31:20.556+0000] {taskinstance.py:2648} INFO - Exporting env vars: AIRFLOW_CTX_DAG_OWNER='data_engineer' AIRFLOW_CTX_DAG_ID='steam_analytics_daily' AIRFLOW_CTX_TASK_ID='extract_rawg_to_bronze' AIRFLOW_CTX_EXECUTION_DATE='2026-09-08T02:00:00+00:00' AIRFLOW_CTX_TRY_NUMBER='2' AIRFLOW_CTX_DAG_RUN_ID='scheduled__2026-09-08T02:00:00+00:00'
[2026-09-09T17:31:20.557+0000] {taskinstance.py:430} INFO - ::endgroup::
[2026-09-09T17:31:20.557+0000] {steam_analytics.py:115} INFO - Memulai extract RAWG untuk 2026-09-08
[2026-09-09T17:31:20.674+0000] {minio_client.py:87} INFO - Berhasil membaca 3000 record dari s3://steam-analytics/bronze/steamspy/2026-09-08/data.json
[2026-09-09T17:31:20.675+0000] {steam_analytics.py:118} INFO - SteamSpy Bronze berisi 3000 game.
[2026-09-09T17:31:20.685+0000] {steam_analytics.py:121} INFO - Bronze RAWG 2026-09-08 sudah ada. RAWG API call dilewati.
[2026-09-09T17:31:20.686+0000] {python.py:237} INFO - Done. Returned value was: None
[2026-09-09T17:31:20.687+0000] {taskinstance.py:441} INFO - ::group::Post task execution logs
[2026-09-09T17:31:20.697+0000] {taskinstance.py:1206} INFO - Marking task as SUCCESS. dag_id=steam_analytics_daily, task_id=extract_rawg_to_bronze, run_id=scheduled__2026-09-08T02:00:00+00:00, execution_date=20260908T020000, start_date=20260909T173120, end_date=20260909T173120
[2026-09-09T17:31:20.731+0000] {local_task_job_runner.py:243} INFO - Task exited with return code 0
[2026-09-09T17:31:20.759+0000] {taskinstance.py:3503} INFO - 1 downstream tasks scheduled from follow-on schedule check
[2026-09-09T17:31:20.761+0000] {local_task_job_runner.py:222} INFO - ::endgroup::
