[2026-09-01T15:34:38.527+0000] {local_task_job_runner.py:120} INFO - ::group::Pre task execution logs
[2026-09-01T15:34:38.561+0000] {taskinstance.py:2076} INFO - Dependencies all met for dep_context=non-requeueable deps ti=<TaskInstance: steam_analytics_daily.process_facts_and_silver_layer manual__2026-09-01T15:19:33.273101+00:00 [queued]>
[2026-09-01T15:34:38.569+0000] {taskinstance.py:2076} INFO - Dependencies all met for dep_context=requeueable deps ti=<TaskInstance: steam_analytics_daily.process_facts_and_silver_layer manual__2026-09-01T15:19:33.273101+00:00 [queued]>
[2026-09-01T15:34:38.569+0000] {taskinstance.py:2306} INFO - Starting attempt 1 of 2
[2026-09-01T15:34:38.580+0000] {taskinstance.py:2330} INFO - Executing <Task(_PythonDecoratedOperator): process_facts_and_silver_layer> on 2026-09-01 15:19:33.273101+00:00
[2026-09-01T15:34:38.587+0000] {logging_mixin.py:188} WARNING - /home/***/.local/lib/python3.12/site-packages/***/task/task_runner/standard_task_runner.py:62 DeprecationWarning: This process (pid=379) is multi-threaded, use of fork() may lead to deadlocks in the child.
[2026-09-01T15:34:38.587+0000] {standard_task_runner.py:90} INFO - Running: ['***', 'tasks', 'run', 'steam_analytics_daily', 'process_facts_and_silver_layer', 'manual__2026-09-01T15:19:33.273101+00:00', '--job-id', '6', '--raw', '--subdir', 'DAGS_FOLDER/steam_analytics.py', '--cfg-path', '/tmp/tmpyajb9tmg']
[2026-09-01T15:34:38.588+0000] {standard_task_runner.py:64} INFO - Started process 380 to run task
[2026-09-01T15:34:38.588+0000] {standard_task_runner.py:91} INFO - Job 6: Subtask process_facts_and_silver_layer
[2026-09-01T15:34:38.631+0000] {task_command.py:426} INFO - Running <TaskInstance: steam_analytics_daily.process_facts_and_silver_layer manual__2026-09-01T15:19:33.273101+00:00 [running]> on host 6c89f55949cb
[2026-09-01T15:34:38.707+0000] {taskinstance.py:2648} INFO - Exporting env vars: AIRFLOW_CTX_DAG_OWNER='data_engineer' AIRFLOW_CTX_DAG_ID='steam_analytics_daily' AIRFLOW_CTX_TASK_ID='process_facts_and_silver_layer' AIRFLOW_CTX_EXECUTION_DATE='2026-09-01T15:19:33.273101+00:00' AIRFLOW_CTX_TRY_NUMBER='1' AIRFLOW_CTX_DAG_RUN_ID='manual__2026-09-01T15:19:33.273101+00:00'
[2026-09-01T15:34:38.708+0000] {taskinstance.py:430} INFO - ::endgroup::
[2026-09-01T15:34:38.825+0000] {minio_client.py:91} INFO - Berhasil membaca 1000 record dari s3://steam-analytics/bronze/steamspy/2026-09-01/data.json
[2026-09-01T15:34:38.835+0000] {base.py:84} INFO - Using connection ID 'postgres_***' for task execution.
[2026-09-01T15:34:38.859+0000] {postgres.py:288} INFO - Partisi fact_game_snapshot_2026_09 dipastikan tersedia
[2026-09-01T15:34:38.862+0000] {postgres.py:166} INFO - get_game_lookup: 963 game dimuat dari dim_game
[2026-09-01T15:34:38.863+0000] {taskinstance.py:441} INFO - ::group::Post task execution logs
[2026-09-01T15:34:38.863+0000] {taskinstance.py:2905} ERROR - Task failed with exception
Traceback (most recent call last):
  File "/home/airflow/.local/lib/python3.12/site-packages/airflow/models/taskinstance.py", line 465, in _execute_task
    result = _execute_callable(context=context, **execute_callable_kwargs)
             ^^^^^^^^^^^^^^^^^^^^^^^^^^^^^^^^^^^^^^^^^^^^^^^^^^^^^^^^^^^^^
  File "/home/airflow/.local/lib/python3.12/site-packages/airflow/models/taskinstance.py", line 432, in _execute_callable
    return execute_callable(context=context, **execute_callable_kwargs)
           ^^^^^^^^^^^^^^^^^^^^^^^^^^^^^^^^^^^^^^^^^^^^^^^^^^^^^^^^^^^^
  File "/home/airflow/.local/lib/python3.12/site-packages/airflow/models/baseoperator.py", line 401, in wrapper
    return func(self, *args, **kwargs)
           ^^^^^^^^^^^^^^^^^^^^^^^^^^^
  File "/home/airflow/.local/lib/python3.12/site-packages/airflow/decorators/base.py", line 265, in execute
    return_value = super().execute(context)
                   ^^^^^^^^^^^^^^^^^^^^^^^^
  File "/home/airflow/.local/lib/python3.12/site-packages/airflow/models/baseoperator.py", line 401, in wrapper
    return func(self, *args, **kwargs)
           ^^^^^^^^^^^^^^^^^^^^^^^^^^^
  File "/home/airflow/.local/lib/python3.12/site-packages/airflow/operators/python.py", line 235, in execute
    return_value = self.execute_callable()
                   ^^^^^^^^^^^^^^^^^^^^^^^
  File "/home/airflow/.local/lib/python3.12/site-packages/airflow/operators/python.py", line 252, in execute_callable
    return self.python_callable(*self.op_args, **self.op_kwargs)
           ^^^^^^^^^^^^^^^^^^^^^^^^^^^^^^^^^^^^^^^^^^^^^^^^^^^^^
  File "/opt/airflow/dags/steam_analytics.py", line 93, in process_facts_and_silver_layer
    silver_records = cleaning.build_silver_dataset(steamspy_data, game_lookup, logical_date)
                     ^^^^^^^^^^^^^^^^^^^^^^^^^^^^^^^^^^^^^^^^^^^^^^^^^^^^^^^^^^^^^^^^^^^^^^^
  File "/opt/airflow/src/transform/cleaning.py", line 174, in build_silver_dataset
    record = build_snapshot_record(game, game_info, snapshot_date)
             ^^^^^^^^^^^^^^^^^^^^^^^^^^^^^^^^^^^^^^^^^^^^^^^^^^^^^
  File "/opt/airflow/src/transform/cleaning.py", line 129, in build_snapshot_record
    value_score = compute_value_score(review_pct, rawg_rating, price_usd)
                  ^^^^^^^^^^^^^^^^^^^^^^^^^^^^^^^^^^^^^^^^^^^^^^^^^^^^^^^
  File "/opt/airflow/src/transform/cleaning.py", line 85, in compute_value_score
    score = (review_component * 0.5) + (rating_component * 0.3) + (price_component * 0.2)
                                        ~~~~~~~~~~~~~~~~~^~~~~
TypeError: unsupported operand type(s) for *: 'decimal.Decimal' and 'float'
[2026-09-01T15:34:38.879+0000] {taskinstance.py:1206} INFO - Marking task as UP_FOR_RETRY. dag_id=steam_analytics_daily, task_id=process_facts_and_silver_layer, run_id=manual__2026-09-01T15:19:33.273101+00:00, execution_date=20260901T151933, start_date=20260901T153438, end_date=20260901T153438
[2026-09-01T15:34:38.893+0000] {standard_task_runner.py:110} ERROR - Failed to execute job 6 for task process_facts_and_silver_layer (unsupported operand type(s) for *: 'decimal.Decimal' and 'float'; 380)
[2026-09-01T15:34:38.922+0000] {local_task_job_runner.py:243} INFO - Task exited with return code 1
[2026-09-01T15:34:38.937+0000] {taskinstance.py:3503} INFO - 0 downstream tasks scheduled from follow-on schedule check
[2026-09-01T15:34:38.939+0000] {local_task_job_runner.py:222} INFO - ::endgroup::
