[2026-09-05T03:58:22.079+0000] {local_task_job_runner.py:120} INFO - ::group::Pre task execution logs
[2026-09-05T03:58:22.106+0000] {taskinstance.py:2076} INFO - Dependencies all met for dep_context=non-requeueable deps ti=<TaskInstance: steam_analytics_daily.extract_rawg_to_bronze manual__2026-09-05T03:58:20.598901+00:00 [queued]>
[2026-09-05T03:58:22.112+0000] {taskinstance.py:2076} INFO - Dependencies all met for dep_context=requeueable deps ti=<TaskInstance: steam_analytics_daily.extract_rawg_to_bronze manual__2026-09-05T03:58:20.598901+00:00 [queued]>
[2026-09-05T03:58:22.113+0000] {taskinstance.py:2306} INFO - Starting attempt 1 of 2
[2026-09-05T03:58:22.123+0000] {taskinstance.py:2330} INFO - Executing <Task(_PythonDecoratedOperator): extract_rawg_to_bronze> on 2026-09-05 03:58:20.598901+00:00
[2026-09-05T03:58:22.129+0000] {logging_mixin.py:188} WARNING - /home/***/.local/lib/python3.12/site-packages/***/task/task_runner/standard_task_runner.py:62 DeprecationWarning: This process (pid=540) is multi-threaded, use of fork() may lead to deadlocks in the child.
[2026-09-05T03:58:22.129+0000] {standard_task_runner.py:64} INFO - Started process 541 to run task
[2026-09-05T03:58:22.128+0000] {standard_task_runner.py:90} INFO - Running: ['***', 'tasks', 'run', 'steam_analytics_daily', 'extract_rawg_to_bronze', 'manual__2026-09-05T03:58:20.598901+00:00', '--job-id', '13', '--raw', '--subdir', 'DAGS_FOLDER/steam_analytics.py', '--cfg-path', '/tmp/tmpsvbutswv']
[2026-09-05T03:58:22.130+0000] {standard_task_runner.py:91} INFO - Job 13: Subtask extract_rawg_to_bronze
[2026-09-05T03:58:22.167+0000] {task_command.py:426} INFO - Running <TaskInstance: steam_analytics_daily.extract_rawg_to_bronze manual__2026-09-05T03:58:20.598901+00:00 [running]> on host 69bb381b179f
[2026-09-05T03:58:22.245+0000] {taskinstance.py:2648} INFO - Exporting env vars: AIRFLOW_CTX_DAG_OWNER='data_engineer' AIRFLOW_CTX_DAG_ID='steam_analytics_daily' AIRFLOW_CTX_TASK_ID='extract_rawg_to_bronze' AIRFLOW_CTX_EXECUTION_DATE='2026-09-05T03:58:20.598901+00:00' AIRFLOW_CTX_TRY_NUMBER='1' AIRFLOW_CTX_DAG_RUN_ID='manual__2026-09-05T03:58:20.598901+00:00'
[2026-09-05T03:58:22.245+0000] {taskinstance.py:430} INFO - ::endgroup::
[2026-09-05T03:58:22.246+0000] {steam_analytics.py:101} INFO - Memulai extract RAWG untuk 2026-09-05
[2026-09-05T03:58:22.350+0000] {minio_client.py:91} INFO - Berhasil membaca 1000 record dari s3://steam-analytics/bronze/steamspy/2026-09-05/data.json
[2026-09-05T03:58:22.361+0000] {crypto.py:82} WARNING - empty cryptography key - values will not be stored encrypted.
[2026-09-05T03:58:22.362+0000] {base.py:84} INFO - Using connection ID 'postgres_***' for task execution.
[2026-09-05T03:58:22.370+0000] {matching.py:69} INFO - Deteksi game baru: 0 dari 1000 game hari ini belum punya mapping
[2026-09-05T03:58:22.370+0000] {steam_analytics.py:159} INFO - Game belum memiliki mapping: 0
[2026-09-05T03:58:22.371+0000] {steam_analytics.py:171} INFO - Tidak ada game baru. Membuat Bronze RAWG kosong.
[2026-09-05T03:58:22.383+0000] {minio_client.py:74} INFO - Berhasil menulis 0 record ke s3://steam-analytics/bronze/rawg/2026-09-05/data.json
[2026-09-05T03:58:22.384+0000] {python.py:237} INFO - Done. Returned value was: None
[2026-09-05T03:58:22.385+0000] {taskinstance.py:441} INFO - ::group::Post task execution logs
[2026-09-05T03:58:22.393+0000] {taskinstance.py:1206} INFO - Marking task as SUCCESS. dag_id=steam_analytics_daily, task_id=extract_rawg_to_bronze, run_id=manual__2026-09-05T03:58:20.598901+00:00, execution_date=20260905T035820, start_date=20260905T035822, end_date=20260905T035822
[2026-09-05T03:58:22.423+0000] {local_task_job_runner.py:243} INFO - Task exited with return code 0
[2026-09-05T03:58:22.446+0000] {taskinstance.py:3503} INFO - 1 downstream tasks scheduled from follow-on schedule check
[2026-09-05T03:58:22.448+0000] {local_task_job_runner.py:222} INFO - ::endgroup::
