[2026-09-04T08:57:42.656+0000] {local_task_job_runner.py:120} INFO - ::group::Pre task execution logs
[2026-09-04T08:57:42.694+0000] {taskinstance.py:2076} INFO - Dependencies all met for dep_context=non-requeueable deps ti=<TaskInstance: steam_analytics_daily.process_facts_and_silver_layer scheduled__2026-09-03T02:00:00+00:00 [queued]>
[2026-09-04T08:57:42.702+0000] {taskinstance.py:2076} INFO - Dependencies all met for dep_context=requeueable deps ti=<TaskInstance: steam_analytics_daily.process_facts_and_silver_layer scheduled__2026-09-03T02:00:00+00:00 [queued]>
[2026-09-04T08:57:42.703+0000] {taskinstance.py:2306} INFO - Starting attempt 1 of 2
[2026-09-04T08:57:42.716+0000] {taskinstance.py:2330} INFO - Executing <Task(_PythonDecoratedOperator): process_facts_and_silver_layer> on 2026-09-03 02:00:00+00:00
[2026-09-04T08:57:42.724+0000] {logging_mixin.py:188} WARNING - /home/***/.local/lib/python3.12/site-packages/***/task/task_runner/standard_task_runner.py:62 DeprecationWarning: This process (pid=431) is multi-threaded, use of fork() may lead to deadlocks in the child.
[2026-09-04T08:57:42.725+0000] {standard_task_runner.py:64} INFO - Started process 432 to run task
[2026-09-04T08:57:42.724+0000] {standard_task_runner.py:90} INFO - Running: ['***', 'tasks', 'run', 'steam_analytics_daily', 'process_facts_and_silver_layer', 'scheduled__2026-09-03T02:00:00+00:00', '--job-id', '5', '--raw', '--subdir', 'DAGS_FOLDER/steam_analytics.py', '--cfg-path', '/tmp/tmpxh85j2o2']
[2026-09-04T08:57:42.726+0000] {standard_task_runner.py:91} INFO - Job 5: Subtask process_facts_and_silver_layer
[2026-09-04T08:57:42.769+0000] {task_command.py:426} INFO - Running <TaskInstance: steam_analytics_daily.process_facts_and_silver_layer scheduled__2026-09-03T02:00:00+00:00 [running]> on host 69bb381b179f
[2026-09-04T08:57:42.849+0000] {taskinstance.py:2648} INFO - Exporting env vars: AIRFLOW_CTX_DAG_OWNER='data_engineer' AIRFLOW_CTX_DAG_ID='steam_analytics_daily' AIRFLOW_CTX_TASK_ID='process_facts_and_silver_layer' AIRFLOW_CTX_EXECUTION_DATE='2026-09-03T02:00:00+00:00' AIRFLOW_CTX_TRY_NUMBER='1' AIRFLOW_CTX_DAG_RUN_ID='scheduled__2026-09-03T02:00:00+00:00'
[2026-09-04T08:57:42.850+0000] {taskinstance.py:430} INFO - ::endgroup::
[2026-09-04T08:57:42.962+0000] {minio_client.py:91} INFO - Berhasil membaca 1000 record dari s3://steam-analytics/bronze/steamspy/2026-09-03/data.json
[2026-09-04T08:57:42.964+0000] {crypto.py:82} WARNING - empty cryptography key - values will not be stored encrypted.
[2026-09-04T08:57:42.965+0000] {base.py:84} INFO - Using connection ID 'postgres_***' for task execution.
[2026-09-04T08:57:43.006+0000] {taskinstance.py:441} INFO - ::group::Post task execution logs
[2026-09-04T08:57:43.007+0000] {taskinstance.py:2905} ERROR - Task failed with exception
Traceback (most recent call last):
  File "/home/airflow/.local/lib/python3.12/site-packages/airflow/models/taskinstance.py", line 465, in _execute_task
    result = _execute_callable(context=context, **execute_callable_kwargs)
             ^^^^^^^^^^^^^^^^^^^^^^^^^^^^^^^^^^^^^^^^^^^^^^^^^^^^^^^^^^^^^
  File "/home/airflow/.local/lib/python3.12/site-packages/airflow/models/taskinstance.py", line 432, in _execute_callable
    return execute_callable(context=context, **execute_callable_kwargs)
           ^^^^^^^^^^^^^^^^^^^^^^^^^^^^^^^^^^^^^^^^^^^^^^^^^^^^^^^^^^^^
  File "/home/airflow/.local/lib/python3.12/site-packages/airflow/models/baseoperator.py", line 401, in wrapper
    return func(self, *args, **kwargs)
           ^^^^^^^^^^^^^^^^^^^^^^^^^^^
  File "/home/airflow/.local/lib/python3.12/site-packages/airflow/decorators/base.py", line 265, in execute
    return_value = super().execute(context)
                   ^^^^^^^^^^^^^^^^^^^^^^^^
  File "/home/airflow/.local/lib/python3.12/site-packages/airflow/models/baseoperator.py", line 401, in wrapper
    return func(self, *args, **kwargs)
           ^^^^^^^^^^^^^^^^^^^^^^^^^^^
  File "/home/airflow/.local/lib/python3.12/site-packages/airflow/operators/python.py", line 235, in execute
    return_value = self.execute_callable()
                   ^^^^^^^^^^^^^^^^^^^^^^^
  File "/home/airflow/.local/lib/python3.12/site-packages/airflow/operators/python.py", line 252, in execute_callable
    return self.python_callable(*self.op_args, **self.op_kwargs)
           ^^^^^^^^^^^^^^^^^^^^^^^^^^^^^^^^^^^^^^^^^^^^^^^^^^^^^
  File "/opt/airflow/dags/steam_analytics.py", line 401, in process_facts_and_silver_layer
    cleaning.build_silver_dataset(
  File "/opt/airflow/src/transform/cleaning.py", line 223, in build_silver_dataset
    record = build_snapshot_record(game, game_info, snapshot_date)
             ^^^^^^^^^^^^^^^^^^^^^^^^^^^^^^^^^^^^^^^^^^^^^^^^^^^^^
  File "/opt/airflow/src/transform/cleaning.py", line 176, in build_snapshot_record
    average_rating = compute_average_rating(review_pct, rawg_rating)
                     ^^^^^^^^^^^^^^^^^^^^^^^^^^^^^^^^^^^^^^^^^^^^^^^
  File "/opt/airflow/src/transform/cleaning.py", line 85, in compute_average_rating
    return round(sum(values) / len(values), 2)
                 ^^^^^^^^^^^
TypeError: unsupported operand type(s) for +: 'float' and 'decimal.Decimal'
[2026-09-04T08:57:43.024+0000] {taskinstance.py:1206} INFO - Marking task as UP_FOR_RETRY. dag_id=steam_analytics_daily, task_id=process_facts_and_silver_layer, run_id=scheduled__2026-09-03T02:00:00+00:00, execution_date=20260903T020000, start_date=20260904T085742, end_date=20260904T085743
[2026-09-04T08:57:43.033+0000] {standard_task_runner.py:110} ERROR - Failed to execute job 5 for task process_facts_and_silver_layer (unsupported operand type(s) for +: 'float' and 'decimal.Decimal'; 432)
[2026-09-04T08:57:43.059+0000] {local_task_job_runner.py:243} INFO - Task exited with return code 1
[2026-09-04T08:57:43.074+0000] {taskinstance.py:3503} INFO - 0 downstream tasks scheduled from follow-on schedule check
[2026-09-04T08:57:43.076+0000] {local_task_job_runner.py:222} INFO - ::endgroup::
