[2026-09-09T08:24:10.650+0000] {local_task_job_runner.py:120} INFO - ::group::Pre task execution logs
[2026-09-09T08:24:10.681+0000] {taskinstance.py:2076} INFO - Dependencies all met for dep_context=non-requeueable deps ti=<TaskInstance: steam_analytics_daily.build_gold_data_mart scheduled__2026-09-08T02:00:00+00:00 [queued]>
[2026-09-09T08:24:10.688+0000] {taskinstance.py:2076} INFO - Dependencies all met for dep_context=requeueable deps ti=<TaskInstance: steam_analytics_daily.build_gold_data_mart scheduled__2026-09-08T02:00:00+00:00 [queued]>
[2026-09-09T08:24:10.689+0000] {taskinstance.py:2306} INFO - Starting attempt 1 of 2
[2026-09-09T08:24:10.700+0000] {taskinstance.py:2330} INFO - Executing <Task(_PythonDecoratedOperator): build_gold_data_mart> on 2026-09-08 02:00:00+00:00
[2026-09-09T08:24:10.706+0000] {logging_mixin.py:188} WARNING - /home/***/.local/lib/python3.12/site-packages/***/task/task_runner/standard_task_runner.py:62 DeprecationWarning: This process (pid=218) is multi-threaded, use of fork() may lead to deadlocks in the child.
[2026-09-09T08:24:10.707+0000] {standard_task_runner.py:64} INFO - Started process 219 to run task
[2026-09-09T08:24:10.706+0000] {standard_task_runner.py:90} INFO - Running: ['***', 'tasks', 'run', 'steam_analytics_daily', 'build_gold_data_mart', 'scheduled__2026-09-08T02:00:00+00:00', '--job-id', '13', '--raw', '--subdir', 'DAGS_FOLDER/steam_analytics.py', '--cfg-path', '/tmp/tmpej5wq3vc']
[2026-09-09T08:24:10.707+0000] {standard_task_runner.py:91} INFO - Job 13: Subtask build_gold_data_mart
[2026-09-09T08:24:10.749+0000] {task_command.py:426} INFO - Running <TaskInstance: steam_analytics_daily.build_gold_data_mart scheduled__2026-09-08T02:00:00+00:00 [running]> on host af106f5ed5d0
[2026-09-09T08:24:10.823+0000] {taskinstance.py:2648} INFO - Exporting env vars: AIRFLOW_CTX_DAG_OWNER='data_engineer' AIRFLOW_CTX_DAG_ID='steam_analytics_daily' AIRFLOW_CTX_TASK_ID='build_gold_data_mart' AIRFLOW_CTX_EXECUTION_DATE='2026-09-08T02:00:00+00:00' AIRFLOW_CTX_TRY_NUMBER='1' AIRFLOW_CTX_DAG_RUN_ID='scheduled__2026-09-08T02:00:00+00:00'
[2026-09-09T08:24:10.824+0000] {taskinstance.py:430} INFO - ::endgroup::
[2026-09-09T08:24:10.825+0000] {steam_analytics.py:236} INFO - Memulai build SELURUH Gold Data Mart untuk 2026-09-08
[2026-09-09T08:24:10.826+0000] {crypto.py:82} WARNING - empty cryptography key - values will not be stored encrypted.
[2026-09-09T08:24:10.827+0000] {base.py:84} INFO - Using connection ID 'postgres_***' for task execution.
[2026-09-09T08:24:10.831+0000] {postgres.py:935} INFO - Memulai pembangunan seluruh Gold Data Mart untuk 2026-09-08
[2026-09-09T08:24:10.861+0000] {postgres.py:490} INFO - mart_game_ranking berhasil dibangun untuk 2026-09-08
[2026-09-09T08:24:10.887+0000] {postgres.py:598} INFO - mart_genre_analysis berhasil dibangun untuk 2026-09-08
[2026-09-09T08:24:10.911+0000] {postgres.py:699} INFO - mart_platform_analysis berhasil dibangun untuk 2026-09-08
[2026-09-09T08:24:10.915+0000] {postgres.py:788} INFO - mart_game_trend berhasil dibangun untuk 2026-09-08
[2026-09-09T08:24:10.921+0000] {postgres.py:920} INFO - mart_price_value_segment berhasil dibangun untuk 2026-09-08
[2026-09-09T08:24:10.921+0000] {postgres.py:950} INFO - Seluruh Gold Data Mart berhasil dibangun untuk 2026-09-08
[2026-09-09T08:24:10.922+0000] {python.py:237} INFO - Done. Returned value was: None
[2026-09-09T08:24:10.922+0000] {taskinstance.py:441} INFO - ::group::Post task execution logs
[2026-09-09T08:24:10.930+0000] {taskinstance.py:1206} INFO - Marking task as SUCCESS. dag_id=steam_analytics_daily, task_id=build_gold_data_mart, run_id=scheduled__2026-09-08T02:00:00+00:00, execution_date=20260908T020000, start_date=20260909T082410, end_date=20260909T082410
[2026-09-09T08:24:10.960+0000] {local_task_job_runner.py:243} INFO - Task exited with return code 0
[2026-09-09T08:24:10.976+0000] {taskinstance.py:3503} INFO - 0 downstream tasks scheduled from follow-on schedule check
[2026-09-09T08:24:10.977+0000] {local_task_job_runner.py:222} INFO - ::endgroup::
[2026-09-09T18:23:47.017+0000] {local_task_job_runner.py:120} INFO - ::group::Pre task execution logs
[2026-09-09T18:23:47.053+0000] {taskinstance.py:2076} INFO - Dependencies all met for dep_context=non-requeueable deps ti=<TaskInstance: steam_analytics_daily.build_gold_data_mart scheduled__2026-09-08T02:00:00+00:00 [queued]>
[2026-09-09T18:23:47.061+0000] {taskinstance.py:2076} INFO - Dependencies all met for dep_context=requeueable deps ti=<TaskInstance: steam_analytics_daily.build_gold_data_mart scheduled__2026-09-08T02:00:00+00:00 [queued]>
[2026-09-09T18:23:47.062+0000] {taskinstance.py:2306} INFO - Starting attempt 1 of 2
[2026-09-09T18:23:47.074+0000] {taskinstance.py:2330} INFO - Executing <Task(_PythonDecoratedOperator): build_gold_data_mart> on 2026-09-08 02:00:00+00:00
[2026-09-09T18:23:47.082+0000] {logging_mixin.py:188} WARNING - /home/***/.local/lib/python3.12/site-packages/***/task/task_runner/standard_task_runner.py:62 DeprecationWarning: This process (pid=694) is multi-threaded, use of fork() may lead to deadlocks in the child.
[2026-09-09T18:23:47.082+0000] {standard_task_runner.py:90} INFO - Running: ['***', 'tasks', 'run', 'steam_analytics_daily', 'build_gold_data_mart', 'scheduled__2026-09-08T02:00:00+00:00', '--job-id', '6', '--raw', '--subdir', 'DAGS_FOLDER/steam_analytics.py', '--cfg-path', '/tmp/tmpy5saiwc9']
[2026-09-09T18:23:47.083+0000] {standard_task_runner.py:64} INFO - Started process 695 to run task
[2026-09-09T18:23:47.083+0000] {standard_task_runner.py:91} INFO - Job 6: Subtask build_gold_data_mart
[2026-09-09T18:23:47.130+0000] {task_command.py:426} INFO - Running <TaskInstance: steam_analytics_daily.build_gold_data_mart scheduled__2026-09-08T02:00:00+00:00 [running]> on host fcb1bc3b8094
[2026-09-09T18:23:47.210+0000] {taskinstance.py:2648} INFO - Exporting env vars: AIRFLOW_CTX_DAG_OWNER='data_engineer' AIRFLOW_CTX_DAG_ID='steam_analytics_daily' AIRFLOW_CTX_TASK_ID='build_gold_data_mart' AIRFLOW_CTX_EXECUTION_DATE='2026-09-08T02:00:00+00:00' AIRFLOW_CTX_TRY_NUMBER='1' AIRFLOW_CTX_DAG_RUN_ID='scheduled__2026-09-08T02:00:00+00:00'
[2026-09-09T18:23:47.212+0000] {taskinstance.py:430} INFO - ::endgroup::
[2026-09-09T18:23:47.212+0000] {steam_analytics.py:236} INFO - Memulai build SELURUH Gold Data Mart untuk 2026-09-08
[2026-09-09T18:23:47.213+0000] {crypto.py:82} WARNING - empty cryptography key - values will not be stored encrypted.
[2026-09-09T18:23:47.214+0000] {base.py:84} INFO - Using connection ID 'postgres_***' for task execution.
[2026-09-09T18:23:47.219+0000] {postgres.py:717} INFO - Memulai pembangunan seluruh Gold Data Mart untuk 2026-09-08
[2026-09-09T18:23:47.258+0000] {postgres.py:479} INFO - mart_game_ranking berhasil dibangun untuk 2026-09-08
[2026-09-09T18:23:47.280+0000] {postgres.py:535} INFO - mart_genre_analysis berhasil dibangun untuk 2026-09-08
[2026-09-09T18:23:47.298+0000] {postgres.py:574} INFO - mart_platform_analysis berhasil dibangun untuk 2026-09-08
[2026-09-09T18:23:47.305+0000] {postgres.py:627} INFO - mart_daily_summary berhasil dibangun untuk 2026-09-08
[2026-09-09T18:23:47.319+0000] {postgres.py:706} INFO - mart_price_value_segment berhasil dibangun untuk 2026-09-08
[2026-09-09T18:23:47.319+0000] {postgres.py:725} INFO - Seluruh Gold Data Mart berhasil dibangun untuk 2026-09-08
[2026-09-09T18:23:47.320+0000] {python.py:237} INFO - Done. Returned value was: None
[2026-09-09T18:23:47.320+0000] {taskinstance.py:441} INFO - ::group::Post task execution logs
[2026-09-09T18:23:47.329+0000] {taskinstance.py:1206} INFO - Marking task as SUCCESS. dag_id=steam_analytics_daily, task_id=build_gold_data_mart, run_id=scheduled__2026-09-08T02:00:00+00:00, execution_date=20260908T020000, start_date=20260909T182347, end_date=20260909T182347
[2026-09-09T18:23:47.377+0000] {local_task_job_runner.py:243} INFO - Task exited with return code 0
[2026-09-09T18:23:47.393+0000] {taskinstance.py:3503} INFO - 0 downstream tasks scheduled from follow-on schedule check
[2026-09-09T18:23:47.395+0000] {local_task_job_runner.py:222} INFO - ::endgroup::
