[2026-09-09T17:31:23.638+0000] {local_task_job_runner.py:120} INFO - ::group::Pre task execution logs
[2026-09-09T17:31:23.668+0000] {taskinstance.py:2076} INFO - Dependencies all met for dep_context=non-requeueable deps ti=<TaskInstance: steam_analytics_daily.build_gold_data_mart scheduled__2026-09-08T02:00:00+00:00 [queued]>
[2026-09-09T17:31:23.676+0000] {taskinstance.py:2076} INFO - Dependencies all met for dep_context=requeueable deps ti=<TaskInstance: steam_analytics_daily.build_gold_data_mart scheduled__2026-09-08T02:00:00+00:00 [queued]>
[2026-09-09T17:31:23.676+0000] {taskinstance.py:2306} INFO - Starting attempt 2 of 3
[2026-09-09T17:31:23.687+0000] {taskinstance.py:2330} INFO - Executing <Task(_PythonDecoratedOperator): build_gold_data_mart> on 2026-09-08 02:00:00+00:00
[2026-09-09T17:31:23.694+0000] {logging_mixin.py:188} WARNING - /home/***/.local/lib/python3.12/site-packages/***/task/task_runner/standard_task_runner.py:62 DeprecationWarning: This process (pid=5663) is multi-threaded, use of fork() may lead to deadlocks in the child.
[2026-09-09T17:31:23.695+0000] {standard_task_runner.py:64} INFO - Started process 5664 to run task
[2026-09-09T17:31:23.694+0000] {standard_task_runner.py:90} INFO - Running: ['***', 'tasks', 'run', 'steam_analytics_daily', 'build_gold_data_mart', 'scheduled__2026-09-08T02:00:00+00:00', '--job-id', '33', '--raw', '--subdir', 'DAGS_FOLDER/steam_analytics.py', '--cfg-path', '/tmp/tmpp1pm4um_']
[2026-09-09T17:31:23.696+0000] {standard_task_runner.py:91} INFO - Job 33: Subtask build_gold_data_mart
[2026-09-09T17:31:23.737+0000] {task_command.py:426} INFO - Running <TaskInstance: steam_analytics_daily.build_gold_data_mart scheduled__2026-09-08T02:00:00+00:00 [running]> on host af106f5ed5d0
[2026-09-09T17:31:23.817+0000] {taskinstance.py:2648} INFO - Exporting env vars: AIRFLOW_CTX_DAG_OWNER='data_engineer' AIRFLOW_CTX_DAG_ID='steam_analytics_daily' AIRFLOW_CTX_TASK_ID='build_gold_data_mart' AIRFLOW_CTX_EXECUTION_DATE='2026-09-08T02:00:00+00:00' AIRFLOW_CTX_TRY_NUMBER='2' AIRFLOW_CTX_DAG_RUN_ID='scheduled__2026-09-08T02:00:00+00:00'
[2026-09-09T17:31:23.818+0000] {taskinstance.py:430} INFO - ::endgroup::
[2026-09-09T17:31:23.819+0000] {steam_analytics.py:236} INFO - Memulai build SELURUH Gold Data Mart untuk 2026-09-08
[2026-09-09T17:31:23.820+0000] {crypto.py:82} WARNING - empty cryptography key - values will not be stored encrypted.
[2026-09-09T17:31:23.821+0000] {base.py:84} INFO - Using connection ID 'postgres_***' for task execution.
[2026-09-09T17:31:23.826+0000] {postgres.py:717} INFO - Memulai pembangunan seluruh Gold Data Mart untuk 2026-09-08
[2026-09-09T17:31:23.867+0000] {postgres.py:479} INFO - mart_game_ranking berhasil dibangun untuk 2026-09-08
[2026-09-09T17:31:23.882+0000] {postgres.py:535} INFO - mart_genre_analysis berhasil dibangun untuk 2026-09-08
[2026-09-09T17:31:23.896+0000] {postgres.py:574} INFO - mart_platform_analysis berhasil dibangun untuk 2026-09-08
[2026-09-09T17:31:23.900+0000] {postgres.py:627} INFO - mart_daily_summary berhasil dibangun untuk 2026-09-08
[2026-09-09T17:31:23.907+0000] {postgres.py:706} INFO - mart_price_value_segment berhasil dibangun untuk 2026-09-08
[2026-09-09T17:31:23.907+0000] {postgres.py:725} INFO - Seluruh Gold Data Mart berhasil dibangun untuk 2026-09-08
[2026-09-09T17:31:23.908+0000] {python.py:237} INFO - Done. Returned value was: None
[2026-09-09T17:31:23.909+0000] {taskinstance.py:441} INFO - ::group::Post task execution logs
[2026-09-09T17:31:23.918+0000] {taskinstance.py:1206} INFO - Marking task as SUCCESS. dag_id=steam_analytics_daily, task_id=build_gold_data_mart, run_id=scheduled__2026-09-08T02:00:00+00:00, execution_date=20260908T020000, start_date=20260909T173123, end_date=20260909T173123
[2026-09-09T17:31:23.949+0000] {local_task_job_runner.py:243} INFO - Task exited with return code 0
[2026-09-09T17:31:23.966+0000] {taskinstance.py:3503} INFO - 0 downstream tasks scheduled from follow-on schedule check
[2026-09-09T17:31:23.968+0000] {local_task_job_runner.py:222} INFO - ::endgroup::
