[2026-09-09T08:24:09.569+0000] {local_task_job_runner.py:120} INFO - ::group::Pre task execution logs
[2026-09-09T08:24:09.598+0000] {taskinstance.py:2076} INFO - Dependencies all met for dep_context=non-requeueable deps ti=<TaskInstance: steam_analytics_daily.process_facts_and_silver_layer scheduled__2026-09-08T02:00:00+00:00 [queued]>
[2026-09-09T08:24:09.606+0000] {taskinstance.py:2076} INFO - Dependencies all met for dep_context=requeueable deps ti=<TaskInstance: steam_analytics_daily.process_facts_and_silver_layer scheduled__2026-09-08T02:00:00+00:00 [queued]>
[2026-09-09T08:24:09.606+0000] {taskinstance.py:2306} INFO - Starting attempt 1 of 2
[2026-09-09T08:24:09.617+0000] {taskinstance.py:2330} INFO - Executing <Task(_PythonDecoratedOperator): process_facts_and_silver_layer> on 2026-09-08 02:00:00+00:00
[2026-09-09T08:24:09.624+0000] {logging_mixin.py:188} WARNING - /home/***/.local/lib/python3.12/site-packages/***/task/task_runner/standard_task_runner.py:62 DeprecationWarning: This process (pid=216) is multi-threaded, use of fork() may lead to deadlocks in the child.
[2026-09-09T08:24:09.623+0000] {standard_task_runner.py:90} INFO - Running: ['***', 'tasks', 'run', 'steam_analytics_daily', 'process_facts_and_silver_layer', 'scheduled__2026-09-08T02:00:00+00:00', '--job-id', '12', '--raw', '--subdir', 'DAGS_FOLDER/steam_analytics.py', '--cfg-path', '/tmp/tmp2nkgdenb']
[2026-09-09T08:24:09.625+0000] {standard_task_runner.py:64} INFO - Started process 217 to run task
[2026-09-09T08:24:09.625+0000] {standard_task_runner.py:91} INFO - Job 12: Subtask process_facts_and_silver_layer
[2026-09-09T08:24:09.667+0000] {task_command.py:426} INFO - Running <TaskInstance: steam_analytics_daily.process_facts_and_silver_layer scheduled__2026-09-08T02:00:00+00:00 [running]> on host af106f5ed5d0
[2026-09-09T08:24:09.746+0000] {taskinstance.py:2648} INFO - Exporting env vars: AIRFLOW_CTX_DAG_OWNER='data_engineer' AIRFLOW_CTX_DAG_ID='steam_analytics_daily' AIRFLOW_CTX_TASK_ID='process_facts_and_silver_layer' AIRFLOW_CTX_EXECUTION_DATE='2026-09-08T02:00:00+00:00' AIRFLOW_CTX_TRY_NUMBER='1' AIRFLOW_CTX_DAG_RUN_ID='scheduled__2026-09-08T02:00:00+00:00'
[2026-09-09T08:24:09.747+0000] {taskinstance.py:430} INFO - ::endgroup::
[2026-09-09T08:24:09.859+0000] {minio_client.py:87} INFO - Berhasil membaca 3000 record dari s3://steam-analytics/bronze/steamspy/2026-09-08/data.json
[2026-09-09T08:24:09.861+0000] {crypto.py:82} WARNING - empty cryptography key - values will not be stored encrypted.
[2026-09-09T08:24:09.862+0000] {base.py:84} INFO - Using connection ID 'postgres_***' for task execution.
[2026-09-09T08:24:09.874+0000] {postgres.py:306} INFO - Partisi fact_game_snapshot_2026_09 dipastikan tersedia
[2026-09-09T08:24:09.887+0000] {postgres.py:184} INFO - get_game_lookup: 2887 game dimuat dari dim_game
[2026-09-09T08:24:09.888+0000] {cleaning.py:219} WARNING - appid 1063730 tidak ditemukan di game_lookup, dilewati
[2026-09-09T08:24:09.888+0000] {cleaning.py:219} WARNING - appid 291480 tidak ditemukan di game_lookup, dilewati
[2026-09-09T08:24:09.889+0000] {cleaning.py:219} WARNING - appid 203160 tidak ditemukan di game_lookup, dilewati
[2026-09-09T08:24:09.890+0000] {cleaning.py:219} WARNING - appid 1172620 tidak ditemukan di game_lookup, dilewati
[2026-09-09T08:24:09.891+0000] {cleaning.py:219} WARNING - appid 221380 tidak ditemukan di game_lookup, dilewati
[2026-09-09T08:24:09.891+0000] {cleaning.py:219} WARNING - appid 439700 tidak ditemukan di game_lookup, dilewati
[2026-09-09T08:24:09.891+0000] {cleaning.py:219} WARNING - appid 677620 tidak ditemukan di game_lookup, dilewati
[2026-09-09T08:24:09.892+0000] {cleaning.py:219} WARNING - appid 397900 tidak ditemukan di game_lookup, dilewati
[2026-09-09T08:24:09.892+0000] {cleaning.py:219} WARNING - appid 273110 tidak ditemukan di game_lookup, dilewati
[2026-09-09T08:24:09.893+0000] {cleaning.py:219} WARNING - appid 223750 tidak ditemukan di game_lookup, dilewati
[2026-09-09T08:24:09.894+0000] {cleaning.py:219} WARNING - appid 1366800 tidak ditemukan di game_lookup, dilewati
[2026-09-09T08:24:09.895+0000] {cleaning.py:219} WARNING - appid 447040 tidak ditemukan di game_lookup, dilewati
[2026-09-09T08:24:09.895+0000] {cleaning.py:219} WARNING - appid 33900 tidak ditemukan di game_lookup, dilewati
[2026-09-09T08:24:09.896+0000] {cleaning.py:219} WARNING - appid 4560 tidak ditemukan di game_lookup, dilewati
[2026-09-09T08:24:09.896+0000] {cleaning.py:219} WARNING - appid 838350 tidak ditemukan di game_lookup, dilewati
[2026-09-09T08:24:09.896+0000] {cleaning.py:219} WARNING - appid 38400 tidak ditemukan di game_lookup, dilewati
[2026-09-09T08:24:09.897+0000] {cleaning.py:219} WARNING - appid 629520 tidak ditemukan di game_lookup, dilewati
[2026-09-09T08:24:09.897+0000] {cleaning.py:219} WARNING - appid 1468810 tidak ditemukan di game_lookup, dilewati
[2026-09-09T08:24:09.898+0000] {cleaning.py:219} WARNING - appid 105450 tidak ditemukan di game_lookup, dilewati
[2026-09-09T08:24:09.898+0000] {cleaning.py:219} WARNING - appid 466560 tidak ditemukan di game_lookup, dilewati
[2026-09-09T08:24:09.899+0000] {cleaning.py:219} WARNING - appid 1466860 tidak ditemukan di game_lookup, dilewati
[2026-09-09T08:24:09.900+0000] {cleaning.py:219} WARNING - appid 394510 tidak ditemukan di game_lookup, dilewati
[2026-09-09T08:24:09.900+0000] {cleaning.py:219} WARNING - appid 640820 tidak ditemukan di game_lookup, dilewati
[2026-09-09T08:24:09.901+0000] {cleaning.py:219} WARNING - appid 15620 tidak ditemukan di game_lookup, dilewati
[2026-09-09T08:24:09.901+0000] {cleaning.py:219} WARNING - appid 55150 tidak ditemukan di game_lookup, dilewati
[2026-09-09T08:24:09.902+0000] {cleaning.py:219} WARNING - appid 314160 tidak ditemukan di game_lookup, dilewati
[2026-09-09T08:24:09.902+0000] {cleaning.py:219} WARNING - appid 1659040 tidak ditemukan di game_lookup, dilewati
[2026-09-09T08:24:09.903+0000] {cleaning.py:219} WARNING - appid 208140 tidak ditemukan di game_lookup, dilewati
[2026-09-09T08:24:09.903+0000] {cleaning.py:219} WARNING - appid 206500 tidak ditemukan di game_lookup, dilewati
[2026-09-09T08:24:09.904+0000] {cleaning.py:219} WARNING - appid 10500 tidak ditemukan di game_lookup, dilewati
[2026-09-09T08:24:09.905+0000] {cleaning.py:219} WARNING - appid 24980 tidak ditemukan di game_lookup, dilewati
[2026-09-09T08:24:09.905+0000] {cleaning.py:219} WARNING - appid 34030 tidak ditemukan di game_lookup, dilewati
[2026-09-09T08:24:09.906+0000] {cleaning.py:219} WARNING - appid 736220 tidak ditemukan di game_lookup, dilewati
[2026-09-09T08:24:09.906+0000] {cleaning.py:219} WARNING - appid 4570 tidak ditemukan di game_lookup, dilewati
[2026-09-09T08:24:09.907+0000] {cleaning.py:219} WARNING - appid 17460 tidak ditemukan di game_lookup, dilewati
[2026-09-09T08:24:09.908+0000] {cleaning.py:219} WARNING - appid 4700 tidak ditemukan di game_lookup, dilewati
[2026-09-09T08:24:09.909+0000] {cleaning.py:219} WARNING - appid 972660 tidak ditemukan di game_lookup, dilewati
[2026-09-09T08:24:09.910+0000] {cleaning.py:219} WARNING - appid 859570 tidak ditemukan di game_lookup, dilewati
[2026-09-09T08:24:09.911+0000] {cleaning.py:219} WARNING - appid 38410 tidak ditemukan di game_lookup, dilewati
[2026-09-09T08:24:09.911+0000] {cleaning.py:219} WARNING - appid 212740 tidak ditemukan di game_lookup, dilewati
[2026-09-09T08:24:09.912+0000] {cleaning.py:219} WARNING - appid 747610 tidak ditemukan di game_lookup, dilewati
[2026-09-09T08:24:09.912+0000] {cleaning.py:219} WARNING - appid 2390840 tidak ditemukan di game_lookup, dilewati
[2026-09-09T08:24:09.913+0000] {cleaning.py:219} WARNING - appid 250820 tidak ditemukan di game_lookup, dilewati
[2026-09-09T08:24:09.913+0000] {cleaning.py:219} WARNING - appid 541570 tidak ditemukan di game_lookup, dilewati
[2026-09-09T08:24:09.914+0000] {cleaning.py:219} WARNING - appid 1325860 tidak ditemukan di game_lookup, dilewati
[2026-09-09T08:24:09.914+0000] {cleaning.py:219} WARNING - appid 997070 tidak ditemukan di game_lookup, dilewati
[2026-09-09T08:24:09.915+0000] {cleaning.py:219} WARNING - appid 282660 tidak ditemukan di game_lookup, dilewati
[2026-09-09T08:24:09.915+0000] {cleaning.py:219} WARNING - appid 329110 tidak ditemukan di game_lookup, dilewati
[2026-09-09T08:24:09.916+0000] {cleaning.py:219} WARNING - appid 962730 tidak ditemukan di game_lookup, dilewati
[2026-09-09T08:24:09.916+0000] {cleaning.py:219} WARNING - appid 469600 tidak ditemukan di game_lookup, dilewati
[2026-09-09T08:24:09.917+0000] {cleaning.py:219} WARNING - appid 301750 tidak ditemukan di game_lookup, dilewati
[2026-09-09T08:24:09.917+0000] {cleaning.py:219} WARNING - appid 648120 tidak ditemukan di game_lookup, dilewati
[2026-09-09T08:24:09.918+0000] {cleaning.py:219} WARNING - appid 1473480 tidak ditemukan di game_lookup, dilewati
[2026-09-09T08:24:09.918+0000] {cleaning.py:219} WARNING - appid 400750 tidak ditemukan di game_lookup, dilewati
[2026-09-09T08:24:09.919+0000] {cleaning.py:219} WARNING - appid 244930 tidak ditemukan di game_lookup, dilewati
[2026-09-09T08:24:09.920+0000] {cleaning.py:219} WARNING - appid 689580 tidak ditemukan di game_lookup, dilewati
[2026-09-09T08:24:09.920+0000] {cleaning.py:219} WARNING - appid 1283970 tidak ditemukan di game_lookup, dilewati
[2026-09-09T08:24:09.921+0000] {cleaning.py:219} WARNING - appid 875210 tidak ditemukan di game_lookup, dilewati
[2026-09-09T08:24:09.922+0000] {cleaning.py:219} WARNING - appid 439350 tidak ditemukan di game_lookup, dilewati
[2026-09-09T08:24:09.923+0000] {cleaning.py:219} WARNING - appid 1469280 tidak ditemukan di game_lookup, dilewati
[2026-09-09T08:24:09.923+0000] {cleaning.py:219} WARNING - appid 400630 tidak ditemukan di game_lookup, dilewati
[2026-09-09T08:24:09.924+0000] {cleaning.py:219} WARNING - appid 21000 tidak ditemukan di game_lookup, dilewati
[2026-09-09T08:24:09.924+0000] {cleaning.py:219} WARNING - appid 1013320 tidak ditemukan di game_lookup, dilewati
[2026-09-09T08:24:09.925+0000] {cleaning.py:219} WARNING - appid 605740 tidak ditemukan di game_lookup, dilewati
[2026-09-09T08:24:09.926+0000] {cleaning.py:219} WARNING - appid 672680 tidak ditemukan di game_lookup, dilewati
[2026-09-09T08:24:09.926+0000] {cleaning.py:219} WARNING - appid 1068820 tidak ditemukan di game_lookup, dilewati
[2026-09-09T08:24:09.927+0000] {cleaning.py:219} WARNING - appid 991780 tidak ditemukan di game_lookup, dilewati
[2026-09-09T08:24:09.927+0000] {cleaning.py:219} WARNING - appid 1016800 tidak ditemukan di game_lookup, dilewati
[2026-09-09T08:24:09.928+0000] {cleaning.py:219} WARNING - appid 46510 tidak ditemukan di game_lookup, dilewati
[2026-09-09T08:24:09.928+0000] {cleaning.py:219} WARNING - appid 1278480 tidak ditemukan di game_lookup, dilewati
[2026-09-09T08:24:09.929+0000] {cleaning.py:219} WARNING - appid 550470 tidak ditemukan di game_lookup, dilewati
[2026-09-09T08:24:09.931+0000] {cleaning.py:219} WARNING - appid 335670 tidak ditemukan di game_lookup, dilewati
[2026-09-09T08:24:09.931+0000] {cleaning.py:219} WARNING - appid 351030 tidak ditemukan di game_lookup, dilewati
[2026-09-09T08:24:09.932+0000] {cleaning.py:219} WARNING - appid 429570 tidak ditemukan di game_lookup, dilewati
[2026-09-09T08:24:09.932+0000] {cleaning.py:219} WARNING - appid 552620 tidak ditemukan di game_lookup, dilewati
[2026-09-09T08:24:09.932+0000] {cleaning.py:219} WARNING - appid 1279610 tidak ditemukan di game_lookup, dilewati
[2026-09-09T08:24:09.933+0000] {cleaning.py:219} WARNING - appid 353380 tidak ditemukan di game_lookup, dilewati
[2026-09-09T08:24:09.934+0000] {cleaning.py:219} WARNING - appid 597760 tidak ditemukan di game_lookup, dilewati
[2026-09-09T08:24:09.934+0000] {cleaning.py:219} WARNING - appid 486310 tidak ditemukan di game_lookup, dilewati
[2026-09-09T08:24:09.934+0000] {cleaning.py:219} WARNING - appid 108200 tidak ditemukan di game_lookup, dilewati
[2026-09-09T08:24:09.935+0000] {cleaning.py:219} WARNING - appid 1787090 tidak ditemukan di game_lookup, dilewati
[2026-09-09T08:24:09.936+0000] {cleaning.py:219} WARNING - appid 790820 tidak ditemukan di game_lookup, dilewati
[2026-09-09T08:24:09.937+0000] {cleaning.py:219} WARNING - appid 1634680 tidak ditemukan di game_lookup, dilewati
[2026-09-09T08:24:09.938+0000] {cleaning.py:219} WARNING - appid 1486350 tidak ditemukan di game_lookup, dilewati
[2026-09-09T08:24:09.938+0000] {cleaning.py:219} WARNING - appid 776960 tidak ditemukan di game_lookup, dilewati
[2026-09-09T08:24:09.938+0000] {cleaning.py:219} WARNING - appid 1921980 tidak ditemukan di game_lookup, dilewati
[2026-09-09T08:24:09.939+0000] {cleaning.py:219} WARNING - appid 287370 tidak ditemukan di game_lookup, dilewati
[2026-09-09T08:24:09.939+0000] {cleaning.py:219} WARNING - appid 517710 tidak ditemukan di game_lookup, dilewati
[2026-09-09T08:24:09.940+0000] {cleaning.py:219} WARNING - appid 1112400 tidak ditemukan di game_lookup, dilewati
[2026-09-09T08:24:09.940+0000] {cleaning.py:219} WARNING - appid 1364390 tidak ditemukan di game_lookup, dilewati
[2026-09-09T08:24:09.941+0000] {cleaning.py:219} WARNING - appid 282900 tidak ditemukan di game_lookup, dilewati
[2026-09-09T08:24:09.941+0000] {cleaning.py:219} WARNING - appid 690530 tidak ditemukan di game_lookup, dilewati
[2026-09-09T08:24:09.942+0000] {cleaning.py:219} WARNING - appid 824270 tidak ditemukan di game_lookup, dilewati
[2026-09-09T08:24:09.942+0000] {cleaning.py:219} WARNING - appid 1504570 tidak ditemukan di game_lookup, dilewati
[2026-09-09T08:24:09.942+0000] {cleaning.py:219} WARNING - appid 872670 tidak ditemukan di game_lookup, dilewati
[2026-09-09T08:24:09.943+0000] {cleaning.py:219} WARNING - appid 675260 tidak ditemukan di game_lookup, dilewati
[2026-09-09T08:24:09.944+0000] {cleaning.py:219} WARNING - appid 295790 tidak ditemukan di game_lookup, dilewati
[2026-09-09T08:24:09.944+0000] {cleaning.py:219} WARNING - appid 1036890 tidak ditemukan di game_lookup, dilewati
[2026-09-09T08:24:09.945+0000] {cleaning.py:219} WARNING - appid 1110390 tidak ditemukan di game_lookup, dilewati
[2026-09-09T08:24:09.945+0000] {cleaning.py:219} WARNING - appid 1477830 tidak ditemukan di game_lookup, dilewati
[2026-09-09T08:24:09.946+0000] {cleaning.py:219} WARNING - appid 40960 tidak ditemukan di game_lookup, dilewati
[2026-09-09T08:24:09.946+0000] {cleaning.py:219} WARNING - appid 266310 tidak ditemukan di game_lookup, dilewati
[2026-09-09T08:24:09.947+0000] {cleaning.py:219} WARNING - appid 410710 tidak ditemukan di game_lookup, dilewati
[2026-09-09T08:24:09.947+0000] {cleaning.py:219} WARNING - appid 1204050 tidak ditemukan di game_lookup, dilewati
[2026-09-09T08:24:09.948+0000] {cleaning.py:219} WARNING - appid 837380 tidak ditemukan di game_lookup, dilewati
[2026-09-09T08:24:09.948+0000] {cleaning.py:219} WARNING - appid 1170760 tidak ditemukan di game_lookup, dilewati
[2026-09-09T08:24:09.948+0000] {cleaning.py:219} WARNING - appid 384490 tidak ditemukan di game_lookup, dilewati
[2026-09-09T08:24:09.949+0000] {cleaning.py:219} WARNING - appid 253940 tidak ditemukan di game_lookup, dilewati
[2026-09-09T08:24:09.950+0000] {cleaning.py:219} WARNING - appid 249990 tidak ditemukan di game_lookup, dilewati
[2026-09-09T08:24:09.950+0000] {cleaning.py:219} WARNING - appid 1203630 tidak ditemukan di game_lookup, dilewati
[2026-09-09T08:24:09.951+0000] {cleaning.py:219} WARNING - appid 2210 tidak ditemukan di game_lookup, dilewati
[2026-09-09T08:24:09.952+0000] {cleaning.py:219} WARNING - appid 695920 tidak ditemukan di game_lookup, dilewati
[2026-09-09T08:24:09.952+0000] {cleaning.py:219} WARNING - appid 1732190 tidak ditemukan di game_lookup, dilewati
[2026-09-09T08:24:09.953+0000] {cleaning.py:226} INFO - build_silver_dataset selesai: 2887 record berhasil diproses, 113 dilewati
[2026-09-09T08:24:09.953+0000] {steam_analytics.py:215} INFO - Cleaning menghasilkan 2887 record.
[2026-09-09T08:24:10.136+0000] {postgres.py:364} INFO - Berhasil insert/update 2887 baris ke fact_game_snapshot (0 dilewati karena tidak ada game_key)
[2026-09-09T08:24:10.137+0000] {steam_analytics.py:221} INFO - Silver DWH berhasil diproses. Fact records: 2887
[2026-09-09T08:24:10.139+0000] {python.py:237} INFO - Done. Returned value was: None
[2026-09-09T08:24:10.140+0000] {taskinstance.py:441} INFO - ::group::Post task execution logs
[2026-09-09T08:24:10.148+0000] {taskinstance.py:1206} INFO - Marking task as SUCCESS. dag_id=steam_analytics_daily, task_id=process_facts_and_silver_layer, run_id=scheduled__2026-09-08T02:00:00+00:00, execution_date=20260908T020000, start_date=20260909T082409, end_date=20260909T082410
[2026-09-09T08:24:10.199+0000] {local_task_job_runner.py:243} INFO - Task exited with return code 0
[2026-09-09T08:24:10.218+0000] {taskinstance.py:3503} INFO - 1 downstream tasks scheduled from follow-on schedule check
[2026-09-09T08:24:10.220+0000] {local_task_job_runner.py:222} INFO - ::endgroup::
[2026-09-09T18:23:45.916+0000] {local_task_job_runner.py:120} INFO - ::group::Pre task execution logs
[2026-09-09T18:23:45.952+0000] {taskinstance.py:2076} INFO - Dependencies all met for dep_context=non-requeueable deps ti=<TaskInstance: steam_analytics_daily.process_facts_and_silver_layer scheduled__2026-09-08T02:00:00+00:00 [queued]>
[2026-09-09T18:23:45.960+0000] {taskinstance.py:2076} INFO - Dependencies all met for dep_context=requeueable deps ti=<TaskInstance: steam_analytics_daily.process_facts_and_silver_layer scheduled__2026-09-08T02:00:00+00:00 [queued]>
[2026-09-09T18:23:45.961+0000] {taskinstance.py:2306} INFO - Starting attempt 1 of 2
[2026-09-09T18:23:45.973+0000] {taskinstance.py:2330} INFO - Executing <Task(_PythonDecoratedOperator): process_facts_and_silver_layer> on 2026-09-08 02:00:00+00:00
[2026-09-09T18:23:45.980+0000] {logging_mixin.py:188} WARNING - /home/***/.local/lib/python3.12/site-packages/***/task/task_runner/standard_task_runner.py:62 DeprecationWarning: This process (pid=692) is multi-threaded, use of fork() may lead to deadlocks in the child.
[2026-09-09T18:23:45.981+0000] {standard_task_runner.py:64} INFO - Started process 693 to run task
[2026-09-09T18:23:45.980+0000] {standard_task_runner.py:90} INFO - Running: ['***', 'tasks', 'run', 'steam_analytics_daily', 'process_facts_and_silver_layer', 'scheduled__2026-09-08T02:00:00+00:00', '--job-id', '5', '--raw', '--subdir', 'DAGS_FOLDER/steam_analytics.py', '--cfg-path', '/tmp/tmpnbxhdxnx']
[2026-09-09T18:23:45.982+0000] {standard_task_runner.py:91} INFO - Job 5: Subtask process_facts_and_silver_layer
[2026-09-09T18:23:46.030+0000] {task_command.py:426} INFO - Running <TaskInstance: steam_analytics_daily.process_facts_and_silver_layer scheduled__2026-09-08T02:00:00+00:00 [running]> on host fcb1bc3b8094
[2026-09-09T18:23:46.116+0000] {taskinstance.py:2648} INFO - Exporting env vars: AIRFLOW_CTX_DAG_OWNER='data_engineer' AIRFLOW_CTX_DAG_ID='steam_analytics_daily' AIRFLOW_CTX_TASK_ID='process_facts_and_silver_layer' AIRFLOW_CTX_EXECUTION_DATE='2026-09-08T02:00:00+00:00' AIRFLOW_CTX_TRY_NUMBER='1' AIRFLOW_CTX_DAG_RUN_ID='scheduled__2026-09-08T02:00:00+00:00'
[2026-09-09T18:23:46.118+0000] {taskinstance.py:430} INFO - ::endgroup::
[2026-09-09T18:23:46.249+0000] {minio_client.py:87} INFO - Berhasil membaca 3000 record dari s3://steam-analytics/bronze/steamspy/2026-09-08/data.json
[2026-09-09T18:23:46.251+0000] {crypto.py:82} WARNING - empty cryptography key - values will not be stored encrypted.
[2026-09-09T18:23:46.251+0000] {base.py:84} INFO - Using connection ID 'postgres_***' for task execution.
[2026-09-09T18:23:46.281+0000] {postgres.py:306} INFO - Partisi fact_game_snapshot_2026_09 dipastikan tersedia
[2026-09-09T18:23:46.288+0000] {postgres.py:184} INFO - get_game_lookup: 2886 game dimuat dari dim_game
[2026-09-09T18:23:46.290+0000] {cleaning.py:219} WARNING - appid 1063730 tidak ditemukan di game_lookup, dilewati
[2026-09-09T18:23:46.291+0000] {cleaning.py:219} WARNING - appid 291480 tidak ditemukan di game_lookup, dilewati
[2026-09-09T18:23:46.292+0000] {cleaning.py:219} WARNING - appid 203160 tidak ditemukan di game_lookup, dilewati
[2026-09-09T18:23:46.293+0000] {cleaning.py:219} WARNING - appid 1172620 tidak ditemukan di game_lookup, dilewati
[2026-09-09T18:23:46.293+0000] {cleaning.py:219} WARNING - appid 221380 tidak ditemukan di game_lookup, dilewati
[2026-09-09T18:23:46.294+0000] {cleaning.py:219} WARNING - appid 439700 tidak ditemukan di game_lookup, dilewati
[2026-09-09T18:23:46.294+0000] {cleaning.py:219} WARNING - appid 677620 tidak ditemukan di game_lookup, dilewati
[2026-09-09T18:23:46.295+0000] {cleaning.py:219} WARNING - appid 397900 tidak ditemukan di game_lookup, dilewati
[2026-09-09T18:23:46.295+0000] {cleaning.py:219} WARNING - appid 273110 tidak ditemukan di game_lookup, dilewati
[2026-09-09T18:23:46.296+0000] {cleaning.py:219} WARNING - appid 223750 tidak ditemukan di game_lookup, dilewati
[2026-09-09T18:23:46.297+0000] {cleaning.py:219} WARNING - appid 1366800 tidak ditemukan di game_lookup, dilewati
[2026-09-09T18:23:46.298+0000] {cleaning.py:219} WARNING - appid 447040 tidak ditemukan di game_lookup, dilewati
[2026-09-09T18:23:46.298+0000] {cleaning.py:219} WARNING - appid 33900 tidak ditemukan di game_lookup, dilewati
[2026-09-09T18:23:46.299+0000] {cleaning.py:219} WARNING - appid 4560 tidak ditemukan di game_lookup, dilewati
[2026-09-09T18:23:46.300+0000] {cleaning.py:219} WARNING - appid 838350 tidak ditemukan di game_lookup, dilewati
[2026-09-09T18:23:46.300+0000] {cleaning.py:219} WARNING - appid 38400 tidak ditemukan di game_lookup, dilewati
[2026-09-09T18:23:46.301+0000] {cleaning.py:219} WARNING - appid 629520 tidak ditemukan di game_lookup, dilewati
[2026-09-09T18:23:46.302+0000] {cleaning.py:219} WARNING - appid 1468810 tidak ditemukan di game_lookup, dilewati
[2026-09-09T18:23:46.302+0000] {cleaning.py:219} WARNING - appid 105450 tidak ditemukan di game_lookup, dilewati
[2026-09-09T18:23:46.303+0000] {cleaning.py:219} WARNING - appid 466560 tidak ditemukan di game_lookup, dilewati
[2026-09-09T18:23:46.304+0000] {cleaning.py:219} WARNING - appid 1466860 tidak ditemukan di game_lookup, dilewati
[2026-09-09T18:23:46.305+0000] {cleaning.py:219} WARNING - appid 394510 tidak ditemukan di game_lookup, dilewati
[2026-09-09T18:23:46.305+0000] {cleaning.py:219} WARNING - appid 640820 tidak ditemukan di game_lookup, dilewati
[2026-09-09T18:23:46.306+0000] {cleaning.py:219} WARNING - appid 15620 tidak ditemukan di game_lookup, dilewati
[2026-09-09T18:23:46.306+0000] {cleaning.py:219} WARNING - appid 55150 tidak ditemukan di game_lookup, dilewati
[2026-09-09T18:23:46.307+0000] {cleaning.py:219} WARNING - appid 314160 tidak ditemukan di game_lookup, dilewati
[2026-09-09T18:23:46.307+0000] {cleaning.py:219} WARNING - appid 1659040 tidak ditemukan di game_lookup, dilewati
[2026-09-09T18:23:46.308+0000] {cleaning.py:219} WARNING - appid 208140 tidak ditemukan di game_lookup, dilewati
[2026-09-09T18:23:46.309+0000] {cleaning.py:219} WARNING - appid 206500 tidak ditemukan di game_lookup, dilewati
[2026-09-09T18:23:46.309+0000] {cleaning.py:219} WARNING - appid 10500 tidak ditemukan di game_lookup, dilewati
[2026-09-09T18:23:46.310+0000] {cleaning.py:219} WARNING - appid 24980 tidak ditemukan di game_lookup, dilewati
[2026-09-09T18:23:46.311+0000] {cleaning.py:219} WARNING - appid 34030 tidak ditemukan di game_lookup, dilewati
[2026-09-09T18:23:46.311+0000] {cleaning.py:219} WARNING - appid 736220 tidak ditemukan di game_lookup, dilewati
[2026-09-09T18:23:46.313+0000] {cleaning.py:219} WARNING - appid 4570 tidak ditemukan di game_lookup, dilewati
[2026-09-09T18:23:46.313+0000] {cleaning.py:219} WARNING - appid 17460 tidak ditemukan di game_lookup, dilewati
[2026-09-09T18:23:46.314+0000] {cleaning.py:219} WARNING - appid 4700 tidak ditemukan di game_lookup, dilewati
[2026-09-09T18:23:46.315+0000] {cleaning.py:219} WARNING - appid 972660 tidak ditemukan di game_lookup, dilewati
[2026-09-09T18:23:46.316+0000] {cleaning.py:219} WARNING - appid 859570 tidak ditemukan di game_lookup, dilewati
[2026-09-09T18:23:46.317+0000] {cleaning.py:219} WARNING - appid 38410 tidak ditemukan di game_lookup, dilewati
[2026-09-09T18:23:46.318+0000] {cleaning.py:219} WARNING - appid 212740 tidak ditemukan di game_lookup, dilewati
[2026-09-09T18:23:46.319+0000] {cleaning.py:219} WARNING - appid 747610 tidak ditemukan di game_lookup, dilewati
[2026-09-09T18:23:46.320+0000] {cleaning.py:219} WARNING - appid 2390840 tidak ditemukan di game_lookup, dilewati
[2026-09-09T18:23:46.320+0000] {cleaning.py:219} WARNING - appid 250820 tidak ditemukan di game_lookup, dilewati
[2026-09-09T18:23:46.321+0000] {cleaning.py:219} WARNING - appid 541570 tidak ditemukan di game_lookup, dilewati
[2026-09-09T18:23:46.322+0000] {cleaning.py:219} WARNING - appid 1325860 tidak ditemukan di game_lookup, dilewati
[2026-09-09T18:23:46.322+0000] {cleaning.py:219} WARNING - appid 997070 tidak ditemukan di game_lookup, dilewati
[2026-09-09T18:23:46.323+0000] {cleaning.py:219} WARNING - appid 282660 tidak ditemukan di game_lookup, dilewati
[2026-09-09T18:23:46.323+0000] {cleaning.py:219} WARNING - appid 329110 tidak ditemukan di game_lookup, dilewati
[2026-09-09T18:23:46.324+0000] {cleaning.py:219} WARNING - appid 962730 tidak ditemukan di game_lookup, dilewati
[2026-09-09T18:23:46.324+0000] {cleaning.py:219} WARNING - appid 469600 tidak ditemukan di game_lookup, dilewati
[2026-09-09T18:23:46.325+0000] {cleaning.py:219} WARNING - appid 301750 tidak ditemukan di game_lookup, dilewati
[2026-09-09T18:23:46.326+0000] {cleaning.py:219} WARNING - appid 648120 tidak ditemukan di game_lookup, dilewati
[2026-09-09T18:23:46.326+0000] {cleaning.py:219} WARNING - appid 1473480 tidak ditemukan di game_lookup, dilewati
[2026-09-09T18:23:46.327+0000] {cleaning.py:219} WARNING - appid 400750 tidak ditemukan di game_lookup, dilewati
[2026-09-09T18:23:46.327+0000] {cleaning.py:219} WARNING - appid 244930 tidak ditemukan di game_lookup, dilewati
[2026-09-09T18:23:46.328+0000] {cleaning.py:219} WARNING - appid 689580 tidak ditemukan di game_lookup, dilewati
[2026-09-09T18:23:46.329+0000] {cleaning.py:219} WARNING - appid 1283970 tidak ditemukan di game_lookup, dilewati
[2026-09-09T18:23:46.329+0000] {cleaning.py:219} WARNING - appid 875210 tidak ditemukan di game_lookup, dilewati
[2026-09-09T18:23:46.331+0000] {cleaning.py:219} WARNING - appid 439350 tidak ditemukan di game_lookup, dilewati
[2026-09-09T18:23:46.331+0000] {cleaning.py:219} WARNING - appid 1469280 tidak ditemukan di game_lookup, dilewati
[2026-09-09T18:23:46.332+0000] {cleaning.py:219} WARNING - appid 400630 tidak ditemukan di game_lookup, dilewati
[2026-09-09T18:23:46.333+0000] {cleaning.py:219} WARNING - appid 21000 tidak ditemukan di game_lookup, dilewati
[2026-09-09T18:23:46.334+0000] {cleaning.py:219} WARNING - appid 1013320 tidak ditemukan di game_lookup, dilewati
[2026-09-09T18:23:46.335+0000] {cleaning.py:219} WARNING - appid 605740 tidak ditemukan di game_lookup, dilewati
[2026-09-09T18:23:46.335+0000] {cleaning.py:219} WARNING - appid 672680 tidak ditemukan di game_lookup, dilewati
[2026-09-09T18:23:46.336+0000] {cleaning.py:219} WARNING - appid 1068820 tidak ditemukan di game_lookup, dilewati
[2026-09-09T18:23:46.336+0000] {cleaning.py:219} WARNING - appid 991780 tidak ditemukan di game_lookup, dilewati
[2026-09-09T18:23:46.337+0000] {cleaning.py:219} WARNING - appid 1016800 tidak ditemukan di game_lookup, dilewati
[2026-09-09T18:23:46.337+0000] {cleaning.py:219} WARNING - appid 46510 tidak ditemukan di game_lookup, dilewati
[2026-09-09T18:23:46.338+0000] {cleaning.py:219} WARNING - appid 1278480 tidak ditemukan di game_lookup, dilewati
[2026-09-09T18:23:46.339+0000] {cleaning.py:219} WARNING - appid 550470 tidak ditemukan di game_lookup, dilewati
[2026-09-09T18:23:46.341+0000] {cleaning.py:219} WARNING - appid 335670 tidak ditemukan di game_lookup, dilewati
[2026-09-09T18:23:46.341+0000] {cleaning.py:219} WARNING - appid 351030 tidak ditemukan di game_lookup, dilewati
[2026-09-09T18:23:46.342+0000] {cleaning.py:219} WARNING - appid 429570 tidak ditemukan di game_lookup, dilewati
[2026-09-09T18:23:46.342+0000] {cleaning.py:219} WARNING - appid 552620 tidak ditemukan di game_lookup, dilewati
[2026-09-09T18:23:46.343+0000] {cleaning.py:219} WARNING - appid 1279610 tidak ditemukan di game_lookup, dilewati
[2026-09-09T18:23:46.343+0000] {cleaning.py:219} WARNING - appid 353380 tidak ditemukan di game_lookup, dilewati
[2026-09-09T18:23:46.344+0000] {cleaning.py:219} WARNING - appid 597760 tidak ditemukan di game_lookup, dilewati
[2026-09-09T18:23:46.344+0000] {cleaning.py:219} WARNING - appid 486310 tidak ditemukan di game_lookup, dilewati
[2026-09-09T18:23:46.345+0000] {cleaning.py:219} WARNING - appid 108200 tidak ditemukan di game_lookup, dilewati
[2026-09-09T18:23:46.346+0000] {cleaning.py:219} WARNING - appid 1787090 tidak ditemukan di game_lookup, dilewati
[2026-09-09T18:23:46.347+0000] {cleaning.py:219} WARNING - appid 790820 tidak ditemukan di game_lookup, dilewati
[2026-09-09T18:23:46.347+0000] {cleaning.py:219} WARNING - appid 1634680 tidak ditemukan di game_lookup, dilewati
[2026-09-09T18:23:46.348+0000] {cleaning.py:219} WARNING - appid 1486350 tidak ditemukan di game_lookup, dilewati
[2026-09-09T18:23:46.348+0000] {cleaning.py:219} WARNING - appid 776960 tidak ditemukan di game_lookup, dilewati
[2026-09-09T18:23:46.349+0000] {cleaning.py:219} WARNING - appid 1921980 tidak ditemukan di game_lookup, dilewati
[2026-09-09T18:23:46.350+0000] {cleaning.py:219} WARNING - appid 287370 tidak ditemukan di game_lookup, dilewati
[2026-09-09T18:23:46.350+0000] {cleaning.py:219} WARNING - appid 517710 tidak ditemukan di game_lookup, dilewati
[2026-09-09T18:23:46.351+0000] {cleaning.py:219} WARNING - appid 1112400 tidak ditemukan di game_lookup, dilewati
[2026-09-09T18:23:46.351+0000] {cleaning.py:219} WARNING - appid 1364390 tidak ditemukan di game_lookup, dilewati
[2026-09-09T18:23:46.352+0000] {cleaning.py:219} WARNING - appid 282900 tidak ditemukan di game_lookup, dilewati
[2026-09-09T18:23:46.352+0000] {cleaning.py:219} WARNING - appid 690530 tidak ditemukan di game_lookup, dilewati
[2026-09-09T18:23:46.353+0000] {cleaning.py:219} WARNING - appid 824270 tidak ditemukan di game_lookup, dilewati
[2026-09-09T18:23:46.353+0000] {cleaning.py:219} WARNING - appid 1504570 tidak ditemukan di game_lookup, dilewati
[2026-09-09T18:23:46.354+0000] {cleaning.py:219} WARNING - appid 872670 tidak ditemukan di game_lookup, dilewati
[2026-09-09T18:23:46.354+0000] {cleaning.py:219} WARNING - appid 675260 tidak ditemukan di game_lookup, dilewati
[2026-09-09T18:23:46.355+0000] {cleaning.py:219} WARNING - appid 295790 tidak ditemukan di game_lookup, dilewati
[2026-09-09T18:23:46.355+0000] {cleaning.py:219} WARNING - appid 1880330 tidak ditemukan di game_lookup, dilewati
[2026-09-09T18:23:46.356+0000] {cleaning.py:219} WARNING - appid 1036890 tidak ditemukan di game_lookup, dilewati
[2026-09-09T18:23:46.357+0000] {cleaning.py:219} WARNING - appid 1110390 tidak ditemukan di game_lookup, dilewati
[2026-09-09T18:23:46.358+0000] {cleaning.py:219} WARNING - appid 1477830 tidak ditemukan di game_lookup, dilewati
[2026-09-09T18:23:46.358+0000] {cleaning.py:219} WARNING - appid 40960 tidak ditemukan di game_lookup, dilewati
[2026-09-09T18:23:46.358+0000] {cleaning.py:219} WARNING - appid 266310 tidak ditemukan di game_lookup, dilewati
[2026-09-09T18:23:46.359+0000] {cleaning.py:219} WARNING - appid 410710 tidak ditemukan di game_lookup, dilewati
[2026-09-09T18:23:46.359+0000] {cleaning.py:219} WARNING - appid 1204050 tidak ditemukan di game_lookup, dilewati
[2026-09-09T18:23:46.360+0000] {cleaning.py:219} WARNING - appid 837380 tidak ditemukan di game_lookup, dilewati
[2026-09-09T18:23:46.360+0000] {cleaning.py:219} WARNING - appid 1170760 tidak ditemukan di game_lookup, dilewati
[2026-09-09T18:23:46.361+0000] {cleaning.py:219} WARNING - appid 384490 tidak ditemukan di game_lookup, dilewati
[2026-09-09T18:23:46.362+0000] {cleaning.py:219} WARNING - appid 253940 tidak ditemukan di game_lookup, dilewati
[2026-09-09T18:23:46.362+0000] {cleaning.py:219} WARNING - appid 249990 tidak ditemukan di game_lookup, dilewati
[2026-09-09T18:23:46.363+0000] {cleaning.py:219} WARNING - appid 1203630 tidak ditemukan di game_lookup, dilewati
[2026-09-09T18:23:46.364+0000] {cleaning.py:219} WARNING - appid 2210 tidak ditemukan di game_lookup, dilewati
[2026-09-09T18:23:46.365+0000] {cleaning.py:219} WARNING - appid 695920 tidak ditemukan di game_lookup, dilewati
[2026-09-09T18:23:46.366+0000] {cleaning.py:219} WARNING - appid 1732190 tidak ditemukan di game_lookup, dilewati
[2026-09-09T18:23:46.366+0000] {cleaning.py:226} INFO - build_silver_dataset selesai: 2886 record berhasil diproses, 114 dilewati
[2026-09-09T18:23:46.366+0000] {steam_analytics.py:215} INFO - Cleaning menghasilkan 2886 record.
[2026-09-09T18:23:46.592+0000] {postgres.py:364} INFO - Berhasil insert/update 2886 baris ke fact_game_snapshot (0 dilewati karena tidak ada game_key)
[2026-09-09T18:23:46.593+0000] {steam_analytics.py:221} INFO - Silver DWH berhasil diproses. Fact records: 2886
[2026-09-09T18:23:46.596+0000] {python.py:237} INFO - Done. Returned value was: None
[2026-09-09T18:23:46.596+0000] {taskinstance.py:441} INFO - ::group::Post task execution logs
[2026-09-09T18:23:46.606+0000] {taskinstance.py:1206} INFO - Marking task as SUCCESS. dag_id=steam_analytics_daily, task_id=process_facts_and_silver_layer, run_id=scheduled__2026-09-08T02:00:00+00:00, execution_date=20260908T020000, start_date=20260909T182345, end_date=20260909T182346
[2026-09-09T18:23:46.636+0000] {local_task_job_runner.py:243} INFO - Task exited with return code 0
[2026-09-09T18:23:46.659+0000] {taskinstance.py:3503} INFO - 1 downstream tasks scheduled from follow-on schedule check
[2026-09-09T18:23:46.661+0000] {local_task_job_runner.py:222} INFO - ::endgroup::
