[2026-09-09T08:29:15.692+0000] {local_task_job_runner.py:120} INFO - ::group::Pre task execution logs
[2026-09-09T08:29:15.722+0000] {taskinstance.py:2076} INFO - Dependencies all met for dep_context=non-requeueable deps ti=<TaskInstance: steam_analytics_daily.process_facts_and_silver_layer manual__2026-09-09T08:27:09.122926+00:00 [queued]>
[2026-09-09T08:29:15.729+0000] {taskinstance.py:2076} INFO - Dependencies all met for dep_context=requeueable deps ti=<TaskInstance: steam_analytics_daily.process_facts_and_silver_layer manual__2026-09-09T08:27:09.122926+00:00 [queued]>
[2026-09-09T08:29:15.730+0000] {taskinstance.py:2306} INFO - Starting attempt 1 of 2
[2026-09-09T08:29:15.741+0000] {taskinstance.py:2330} INFO - Executing <Task(_PythonDecoratedOperator): process_facts_and_silver_layer> on 2026-09-09 08:27:09.122926+00:00
[2026-09-09T08:29:15.747+0000] {logging_mixin.py:188} WARNING - /home/***/.local/lib/python3.12/site-packages/***/task/task_runner/standard_task_runner.py:62 DeprecationWarning: This process (pid=276) is multi-threaded, use of fork() may lead to deadlocks in the child.
[2026-09-09T08:29:15.748+0000] {standard_task_runner.py:64} INFO - Started process 277 to run task
[2026-09-09T08:29:15.747+0000] {standard_task_runner.py:90} INFO - Running: ['***', 'tasks', 'run', 'steam_analytics_daily', 'process_facts_and_silver_layer', 'manual__2026-09-09T08:27:09.122926+00:00', '--job-id', '17', '--raw', '--subdir', 'DAGS_FOLDER/steam_analytics.py', '--cfg-path', '/tmp/tmp1oa4yzlc']
[2026-09-09T08:29:15.748+0000] {standard_task_runner.py:91} INFO - Job 17: Subtask process_facts_and_silver_layer
[2026-09-09T08:29:15.787+0000] {task_command.py:426} INFO - Running <TaskInstance: steam_analytics_daily.process_facts_and_silver_layer manual__2026-09-09T08:27:09.122926+00:00 [running]> on host af106f5ed5d0
[2026-09-09T08:29:15.869+0000] {taskinstance.py:2648} INFO - Exporting env vars: AIRFLOW_CTX_DAG_OWNER='data_engineer' AIRFLOW_CTX_DAG_ID='steam_analytics_daily' AIRFLOW_CTX_TASK_ID='process_facts_and_silver_layer' AIRFLOW_CTX_EXECUTION_DATE='2026-09-09T08:27:09.122926+00:00' AIRFLOW_CTX_TRY_NUMBER='1' AIRFLOW_CTX_DAG_RUN_ID='manual__2026-09-09T08:27:09.122926+00:00'
[2026-09-09T08:29:15.870+0000] {taskinstance.py:430} INFO - ::endgroup::
[2026-09-09T08:29:15.988+0000] {minio_client.py:87} INFO - Berhasil membaca 3000 record dari s3://steam-analytics/bronze/steamspy/2026-09-09/data.json
[2026-09-09T08:29:15.990+0000] {crypto.py:82} WARNING - empty cryptography key - values will not be stored encrypted.
[2026-09-09T08:29:15.991+0000] {base.py:84} INFO - Using connection ID 'postgres_***' for task execution.
[2026-09-09T08:29:15.998+0000] {postgres.py:306} INFO - Partisi fact_game_snapshot_2026_09 dipastikan tersedia
[2026-09-09T08:29:16.006+0000] {postgres.py:184} INFO - get_game_lookup: 2887 game dimuat dari dim_game
[2026-09-09T08:29:16.007+0000] {cleaning.py:219} WARNING - appid 1063730 tidak ditemukan di game_lookup, dilewati
[2026-09-09T08:29:16.007+0000] {cleaning.py:219} WARNING - appid 291480 tidak ditemukan di game_lookup, dilewati
[2026-09-09T08:29:16.008+0000] {cleaning.py:219} WARNING - appid 203160 tidak ditemukan di game_lookup, dilewati
[2026-09-09T08:29:16.009+0000] {cleaning.py:219} WARNING - appid 1172620 tidak ditemukan di game_lookup, dilewati
[2026-09-09T08:29:16.010+0000] {cleaning.py:219} WARNING - appid 221380 tidak ditemukan di game_lookup, dilewati
[2026-09-09T08:29:16.010+0000] {cleaning.py:219} WARNING - appid 439700 tidak ditemukan di game_lookup, dilewati
[2026-09-09T08:29:16.010+0000] {cleaning.py:219} WARNING - appid 677620 tidak ditemukan di game_lookup, dilewati
[2026-09-09T08:29:16.011+0000] {cleaning.py:219} WARNING - appid 397900 tidak ditemukan di game_lookup, dilewati
[2026-09-09T08:29:16.011+0000] {cleaning.py:219} WARNING - appid 273110 tidak ditemukan di game_lookup, dilewati
[2026-09-09T08:29:16.012+0000] {cleaning.py:219} WARNING - appid 223750 tidak ditemukan di game_lookup, dilewati
[2026-09-09T08:29:16.013+0000] {cleaning.py:219} WARNING - appid 1366800 tidak ditemukan di game_lookup, dilewati
[2026-09-09T08:29:16.014+0000] {cleaning.py:219} WARNING - appid 447040 tidak ditemukan di game_lookup, dilewati
[2026-09-09T08:29:16.014+0000] {cleaning.py:219} WARNING - appid 33900 tidak ditemukan di game_lookup, dilewati
[2026-09-09T08:29:16.014+0000] {cleaning.py:219} WARNING - appid 4560 tidak ditemukan di game_lookup, dilewati
[2026-09-09T08:29:16.015+0000] {cleaning.py:219} WARNING - appid 838350 tidak ditemukan di game_lookup, dilewati
[2026-09-09T08:29:16.015+0000] {cleaning.py:219} WARNING - appid 38400 tidak ditemukan di game_lookup, dilewati
[2026-09-09T08:29:16.016+0000] {cleaning.py:219} WARNING - appid 629520 tidak ditemukan di game_lookup, dilewati
[2026-09-09T08:29:16.016+0000] {cleaning.py:219} WARNING - appid 1468810 tidak ditemukan di game_lookup, dilewati
[2026-09-09T08:29:16.017+0000] {cleaning.py:219} WARNING - appid 105450 tidak ditemukan di game_lookup, dilewati
[2026-09-09T08:29:16.017+0000] {cleaning.py:219} WARNING - appid 466560 tidak ditemukan di game_lookup, dilewati
[2026-09-09T08:29:16.018+0000] {cleaning.py:219} WARNING - appid 1466860 tidak ditemukan di game_lookup, dilewati
[2026-09-09T08:29:16.019+0000] {cleaning.py:219} WARNING - appid 394510 tidak ditemukan di game_lookup, dilewati
[2026-09-09T08:29:16.019+0000] {cleaning.py:219} WARNING - appid 640820 tidak ditemukan di game_lookup, dilewati
[2026-09-09T08:29:16.020+0000] {cleaning.py:219} WARNING - appid 15620 tidak ditemukan di game_lookup, dilewati
[2026-09-09T08:29:16.020+0000] {cleaning.py:219} WARNING - appid 55150 tidak ditemukan di game_lookup, dilewati
[2026-09-09T08:29:16.021+0000] {cleaning.py:219} WARNING - appid 314160 tidak ditemukan di game_lookup, dilewati
[2026-09-09T08:29:16.021+0000] {cleaning.py:219} WARNING - appid 1659040 tidak ditemukan di game_lookup, dilewati
[2026-09-09T08:29:16.022+0000] {cleaning.py:219} WARNING - appid 208140 tidak ditemukan di game_lookup, dilewati
[2026-09-09T08:29:16.022+0000] {cleaning.py:219} WARNING - appid 206500 tidak ditemukan di game_lookup, dilewati
[2026-09-09T08:29:16.023+0000] {cleaning.py:219} WARNING - appid 10500 tidak ditemukan di game_lookup, dilewati
[2026-09-09T08:29:16.024+0000] {cleaning.py:219} WARNING - appid 24980 tidak ditemukan di game_lookup, dilewati
[2026-09-09T08:29:16.024+0000] {cleaning.py:219} WARNING - appid 34030 tidak ditemukan di game_lookup, dilewati
[2026-09-09T08:29:16.025+0000] {cleaning.py:219} WARNING - appid 736220 tidak ditemukan di game_lookup, dilewati
[2026-09-09T08:29:16.026+0000] {cleaning.py:219} WARNING - appid 4570 tidak ditemukan di game_lookup, dilewati
[2026-09-09T08:29:16.026+0000] {cleaning.py:219} WARNING - appid 17460 tidak ditemukan di game_lookup, dilewati
[2026-09-09T08:29:16.027+0000] {cleaning.py:219} WARNING - appid 4700 tidak ditemukan di game_lookup, dilewati
[2026-09-09T08:29:16.028+0000] {cleaning.py:219} WARNING - appid 972660 tidak ditemukan di game_lookup, dilewati
[2026-09-09T08:29:16.029+0000] {cleaning.py:219} WARNING - appid 859570 tidak ditemukan di game_lookup, dilewati
[2026-09-09T08:29:16.030+0000] {cleaning.py:219} WARNING - appid 38410 tidak ditemukan di game_lookup, dilewati
[2026-09-09T08:29:16.030+0000] {cleaning.py:219} WARNING - appid 212740 tidak ditemukan di game_lookup, dilewati
[2026-09-09T08:29:16.031+0000] {cleaning.py:219} WARNING - appid 747610 tidak ditemukan di game_lookup, dilewati
[2026-09-09T08:29:16.031+0000] {cleaning.py:219} WARNING - appid 2390840 tidak ditemukan di game_lookup, dilewati
[2026-09-09T08:29:16.032+0000] {cleaning.py:219} WARNING - appid 250820 tidak ditemukan di game_lookup, dilewati
[2026-09-09T08:29:16.032+0000] {cleaning.py:219} WARNING - appid 541570 tidak ditemukan di game_lookup, dilewati
[2026-09-09T08:29:16.033+0000] {cleaning.py:219} WARNING - appid 1325860 tidak ditemukan di game_lookup, dilewati
[2026-09-09T08:29:16.033+0000] {cleaning.py:219} WARNING - appid 997070 tidak ditemukan di game_lookup, dilewati
[2026-09-09T08:29:16.034+0000] {cleaning.py:219} WARNING - appid 282660 tidak ditemukan di game_lookup, dilewati
[2026-09-09T08:29:16.034+0000] {cleaning.py:219} WARNING - appid 329110 tidak ditemukan di game_lookup, dilewati
[2026-09-09T08:29:16.035+0000] {cleaning.py:219} WARNING - appid 962730 tidak ditemukan di game_lookup, dilewati
[2026-09-09T08:29:16.035+0000] {cleaning.py:219} WARNING - appid 469600 tidak ditemukan di game_lookup, dilewati
[2026-09-09T08:29:16.036+0000] {cleaning.py:219} WARNING - appid 301750 tidak ditemukan di game_lookup, dilewati
[2026-09-09T08:29:16.036+0000] {cleaning.py:219} WARNING - appid 648120 tidak ditemukan di game_lookup, dilewati
[2026-09-09T08:29:16.036+0000] {cleaning.py:219} WARNING - appid 1473480 tidak ditemukan di game_lookup, dilewati
[2026-09-09T08:29:16.037+0000] {cleaning.py:219} WARNING - appid 400750 tidak ditemukan di game_lookup, dilewati
[2026-09-09T08:29:16.038+0000] {cleaning.py:219} WARNING - appid 244930 tidak ditemukan di game_lookup, dilewati
[2026-09-09T08:29:16.038+0000] {cleaning.py:219} WARNING - appid 689580 tidak ditemukan di game_lookup, dilewati
[2026-09-09T08:29:16.039+0000] {cleaning.py:219} WARNING - appid 1283970 tidak ditemukan di game_lookup, dilewati
[2026-09-09T08:29:16.039+0000] {cleaning.py:219} WARNING - appid 875210 tidak ditemukan di game_lookup, dilewati
[2026-09-09T08:29:16.041+0000] {cleaning.py:219} WARNING - appid 439350 tidak ditemukan di game_lookup, dilewati
[2026-09-09T08:29:16.041+0000] {cleaning.py:219} WARNING - appid 1469280 tidak ditemukan di game_lookup, dilewati
[2026-09-09T08:29:16.042+0000] {cleaning.py:219} WARNING - appid 400630 tidak ditemukan di game_lookup, dilewati
[2026-09-09T08:29:16.043+0000] {cleaning.py:219} WARNING - appid 21000 tidak ditemukan di game_lookup, dilewati
[2026-09-09T08:29:16.043+0000] {cleaning.py:219} WARNING - appid 1013320 tidak ditemukan di game_lookup, dilewati
[2026-09-09T08:29:16.044+0000] {cleaning.py:219} WARNING - appid 605740 tidak ditemukan di game_lookup, dilewati
[2026-09-09T08:29:16.045+0000] {cleaning.py:219} WARNING - appid 672680 tidak ditemukan di game_lookup, dilewati
[2026-09-09T08:29:16.045+0000] {cleaning.py:219} WARNING - appid 1068820 tidak ditemukan di game_lookup, dilewati
[2026-09-09T08:29:16.046+0000] {cleaning.py:219} WARNING - appid 991780 tidak ditemukan di game_lookup, dilewati
[2026-09-09T08:29:16.046+0000] {cleaning.py:219} WARNING - appid 1016800 tidak ditemukan di game_lookup, dilewati
[2026-09-09T08:29:16.047+0000] {cleaning.py:219} WARNING - appid 46510 tidak ditemukan di game_lookup, dilewati
[2026-09-09T08:29:16.047+0000] {cleaning.py:219} WARNING - appid 1278480 tidak ditemukan di game_lookup, dilewati
[2026-09-09T08:29:16.048+0000] {cleaning.py:219} WARNING - appid 550470 tidak ditemukan di game_lookup, dilewati
[2026-09-09T08:29:16.050+0000] {cleaning.py:219} WARNING - appid 335670 tidak ditemukan di game_lookup, dilewati
[2026-09-09T08:29:16.050+0000] {cleaning.py:219} WARNING - appid 351030 tidak ditemukan di game_lookup, dilewati
[2026-09-09T08:29:16.050+0000] {cleaning.py:219} WARNING - appid 429570 tidak ditemukan di game_lookup, dilewati
[2026-09-09T08:29:16.051+0000] {cleaning.py:219} WARNING - appid 552620 tidak ditemukan di game_lookup, dilewati
[2026-09-09T08:29:16.051+0000] {cleaning.py:219} WARNING - appid 1279610 tidak ditemukan di game_lookup, dilewati
[2026-09-09T08:29:16.052+0000] {cleaning.py:219} WARNING - appid 353380 tidak ditemukan di game_lookup, dilewati
[2026-09-09T08:29:16.053+0000] {cleaning.py:219} WARNING - appid 597760 tidak ditemukan di game_lookup, dilewati
[2026-09-09T08:29:16.053+0000] {cleaning.py:219} WARNING - appid 486310 tidak ditemukan di game_lookup, dilewati
[2026-09-09T08:29:16.053+0000] {cleaning.py:219} WARNING - appid 108200 tidak ditemukan di game_lookup, dilewati
[2026-09-09T08:29:16.054+0000] {cleaning.py:219} WARNING - appid 1787090 tidak ditemukan di game_lookup, dilewati
[2026-09-09T08:29:16.055+0000] {cleaning.py:219} WARNING - appid 790820 tidak ditemukan di game_lookup, dilewati
[2026-09-09T08:29:16.056+0000] {cleaning.py:219} WARNING - appid 1634680 tidak ditemukan di game_lookup, dilewati
[2026-09-09T08:29:16.056+0000] {cleaning.py:219} WARNING - appid 1486350 tidak ditemukan di game_lookup, dilewati
[2026-09-09T08:29:16.057+0000] {cleaning.py:219} WARNING - appid 776960 tidak ditemukan di game_lookup, dilewati
[2026-09-09T08:29:16.057+0000] {cleaning.py:219} WARNING - appid 1921980 tidak ditemukan di game_lookup, dilewati
[2026-09-09T08:29:16.058+0000] {cleaning.py:219} WARNING - appid 287370 tidak ditemukan di game_lookup, dilewati
[2026-09-09T08:29:16.058+0000] {cleaning.py:219} WARNING - appid 517710 tidak ditemukan di game_lookup, dilewati
[2026-09-09T08:29:16.059+0000] {cleaning.py:219} WARNING - appid 1112400 tidak ditemukan di game_lookup, dilewati
[2026-09-09T08:29:16.059+0000] {cleaning.py:219} WARNING - appid 1364390 tidak ditemukan di game_lookup, dilewati
[2026-09-09T08:29:16.060+0000] {cleaning.py:219} WARNING - appid 282900 tidak ditemukan di game_lookup, dilewati
[2026-09-09T08:29:16.060+0000] {cleaning.py:219} WARNING - appid 690530 tidak ditemukan di game_lookup, dilewati
[2026-09-09T08:29:16.061+0000] {cleaning.py:219} WARNING - appid 824270 tidak ditemukan di game_lookup, dilewati
[2026-09-09T08:29:16.061+0000] {cleaning.py:219} WARNING - appid 1504570 tidak ditemukan di game_lookup, dilewati
[2026-09-09T08:29:16.061+0000] {cleaning.py:219} WARNING - appid 872670 tidak ditemukan di game_lookup, dilewati
[2026-09-09T08:29:16.062+0000] {cleaning.py:219} WARNING - appid 675260 tidak ditemukan di game_lookup, dilewati
[2026-09-09T08:29:16.062+0000] {cleaning.py:219} WARNING - appid 295790 tidak ditemukan di game_lookup, dilewati
[2026-09-09T08:29:16.063+0000] {cleaning.py:219} WARNING - appid 1036890 tidak ditemukan di game_lookup, dilewati
[2026-09-09T08:29:16.064+0000] {cleaning.py:219} WARNING - appid 1110390 tidak ditemukan di game_lookup, dilewati
[2026-09-09T08:29:16.064+0000] {cleaning.py:219} WARNING - appid 1477830 tidak ditemukan di game_lookup, dilewati
[2026-09-09T08:29:16.065+0000] {cleaning.py:219} WARNING - appid 40960 tidak ditemukan di game_lookup, dilewati
[2026-09-09T08:29:16.065+0000] {cleaning.py:219} WARNING - appid 266310 tidak ditemukan di game_lookup, dilewati
[2026-09-09T08:29:16.065+0000] {cleaning.py:219} WARNING - appid 410710 tidak ditemukan di game_lookup, dilewati
[2026-09-09T08:29:16.066+0000] {cleaning.py:219} WARNING - appid 1204050 tidak ditemukan di game_lookup, dilewati
[2026-09-09T08:29:16.066+0000] {cleaning.py:219} WARNING - appid 837380 tidak ditemukan di game_lookup, dilewati
[2026-09-09T08:29:16.067+0000] {cleaning.py:219} WARNING - appid 1170760 tidak ditemukan di game_lookup, dilewati
[2026-09-09T08:29:16.067+0000] {cleaning.py:219} WARNING - appid 384490 tidak ditemukan di game_lookup, dilewati
[2026-09-09T08:29:16.068+0000] {cleaning.py:219} WARNING - appid 253940 tidak ditemukan di game_lookup, dilewati
[2026-09-09T08:29:16.069+0000] {cleaning.py:219} WARNING - appid 249990 tidak ditemukan di game_lookup, dilewati
[2026-09-09T08:29:16.069+0000] {cleaning.py:219} WARNING - appid 1203630 tidak ditemukan di game_lookup, dilewati
[2026-09-09T08:29:16.070+0000] {cleaning.py:219} WARNING - appid 2210 tidak ditemukan di game_lookup, dilewati
[2026-09-09T08:29:16.071+0000] {cleaning.py:219} WARNING - appid 695920 tidak ditemukan di game_lookup, dilewati
[2026-09-09T08:29:16.072+0000] {cleaning.py:219} WARNING - appid 1732190 tidak ditemukan di game_lookup, dilewati
[2026-09-09T08:29:16.072+0000] {cleaning.py:226} INFO - build_silver_dataset selesai: 2887 record berhasil diproses, 113 dilewati
[2026-09-09T08:29:16.072+0000] {steam_analytics.py:215} INFO - Cleaning menghasilkan 2887 record.
[2026-09-09T08:29:16.244+0000] {postgres.py:364} INFO - Berhasil insert/update 2887 baris ke fact_game_snapshot (0 dilewati karena tidak ada game_key)
[2026-09-09T08:29:16.245+0000] {steam_analytics.py:221} INFO - Silver DWH berhasil diproses. Fact records: 2887
[2026-09-09T08:29:16.248+0000] {python.py:237} INFO - Done. Returned value was: None
[2026-09-09T08:29:16.248+0000] {taskinstance.py:441} INFO - ::group::Post task execution logs
[2026-09-09T08:29:16.257+0000] {taskinstance.py:1206} INFO - Marking task as SUCCESS. dag_id=steam_analytics_daily, task_id=process_facts_and_silver_layer, run_id=manual__2026-09-09T08:27:09.122926+00:00, execution_date=20260909T082709, start_date=20260909T082915, end_date=20260909T082916
[2026-09-09T08:29:16.282+0000] {local_task_job_runner.py:243} INFO - Task exited with return code 0
[2026-09-09T08:29:16.302+0000] {taskinstance.py:3503} INFO - 1 downstream tasks scheduled from follow-on schedule check
[2026-09-09T08:29:16.304+0000] {local_task_job_runner.py:222} INFO - ::endgroup::
