[2026-09-04T07:39:10.740+0000] {local_task_job_runner.py:120} INFO - ::group::Pre task execution logs
[2026-09-04T07:39:10.775+0000] {taskinstance.py:2076} INFO - Dependencies all met for dep_context=non-requeueable deps ti=<TaskInstance: steam_analytics_daily.extract_rawg_to_bronze scheduled__2026-09-03T02:00:00+00:00 [queued]>
[2026-09-04T07:39:10.783+0000] {taskinstance.py:2076} INFO - Dependencies all met for dep_context=requeueable deps ti=<TaskInstance: steam_analytics_daily.extract_rawg_to_bronze scheduled__2026-09-03T02:00:00+00:00 [queued]>
[2026-09-04T07:39:10.783+0000] {taskinstance.py:2306} INFO - Starting attempt 3 of 4
[2026-09-04T07:39:10.795+0000] {taskinstance.py:2330} INFO - Executing <Task(_PythonDecoratedOperator): extract_rawg_to_bronze> on 2026-09-03 02:00:00+00:00
[2026-09-04T07:39:10.803+0000] {logging_mixin.py:188} WARNING - /home/***/.local/lib/python3.12/site-packages/***/task/task_runner/standard_task_runner.py:62 DeprecationWarning: This process (pid=292) is multi-threaded, use of fork() may lead to deadlocks in the child.
[2026-09-04T07:39:10.802+0000] {standard_task_runner.py:90} INFO - Running: ['***', 'tasks', 'run', 'steam_analytics_daily', 'extract_rawg_to_bronze', 'scheduled__2026-09-03T02:00:00+00:00', '--job-id', '5', '--raw', '--subdir', 'DAGS_FOLDER/steam_analytics.py', '--cfg-path', '/tmp/tmpcrrmw0k_']
[2026-09-04T07:39:10.804+0000] {standard_task_runner.py:64} INFO - Started process 293 to run task
[2026-09-04T07:39:10.804+0000] {standard_task_runner.py:91} INFO - Job 5: Subtask extract_rawg_to_bronze
[2026-09-04T07:39:10.849+0000] {task_command.py:426} INFO - Running <TaskInstance: steam_analytics_daily.extract_rawg_to_bronze scheduled__2026-09-03T02:00:00+00:00 [running]> on host 3762623e3598
[2026-09-04T07:39:10.929+0000] {taskinstance.py:2648} INFO - Exporting env vars: AIRFLOW_CTX_DAG_OWNER='data_engineer' AIRFLOW_CTX_DAG_ID='steam_analytics_daily' AIRFLOW_CTX_TASK_ID='extract_rawg_to_bronze' AIRFLOW_CTX_EXECUTION_DATE='2026-09-03T02:00:00+00:00' AIRFLOW_CTX_TRY_NUMBER='3' AIRFLOW_CTX_DAG_RUN_ID='scheduled__2026-09-03T02:00:00+00:00'
[2026-09-04T07:39:10.930+0000] {taskinstance.py:430} INFO - ::endgroup::
[2026-09-04T07:39:10.930+0000] {steam_analytics.py:101} INFO - Memulai extract RAWG untuk 2026-09-03
[2026-09-04T07:39:11.046+0000] {minio_client.py:91} INFO - Berhasil membaca 1000 record dari s3://steam-analytics/bronze/steamspy/2026-09-03/data.json
[2026-09-04T07:39:11.067+0000] {base.py:84} INFO - Using connection ID 'postgres_***' for task execution.
[2026-09-04T07:39:12.946+0000] {taskinstance.py:441} INFO - ::group::Post task execution logs
[2026-09-04T07:39:12.947+0000] {taskinstance.py:2905} ERROR - Task failed with exception
Traceback (most recent call last):
  File "/home/airflow/.local/lib/python3.12/site-packages/airflow/models/taskinstance.py", line 465, in _execute_task
    result = _execute_callable(context=context, **execute_callable_kwargs)
             ^^^^^^^^^^^^^^^^^^^^^^^^^^^^^^^^^^^^^^^^^^^^^^^^^^^^^^^^^^^^^
  File "/home/airflow/.local/lib/python3.12/site-packages/airflow/models/taskinstance.py", line 432, in _execute_callable
    return execute_callable(context=context, **execute_callable_kwargs)
           ^^^^^^^^^^^^^^^^^^^^^^^^^^^^^^^^^^^^^^^^^^^^^^^^^^^^^^^^^^^^
  File "/home/airflow/.local/lib/python3.12/site-packages/airflow/models/baseoperator.py", line 401, in wrapper
    return func(self, *args, **kwargs)
           ^^^^^^^^^^^^^^^^^^^^^^^^^^^
  File "/home/airflow/.local/lib/python3.12/site-packages/airflow/decorators/base.py", line 265, in execute
    return_value = super().execute(context)
                   ^^^^^^^^^^^^^^^^^^^^^^^^
  File "/home/airflow/.local/lib/python3.12/site-packages/airflow/models/baseoperator.py", line 401, in wrapper
    return func(self, *args, **kwargs)
           ^^^^^^^^^^^^^^^^^^^^^^^^^^^
  File "/home/airflow/.local/lib/python3.12/site-packages/airflow/operators/python.py", line 235, in execute
    return_value = self.execute_callable()
                   ^^^^^^^^^^^^^^^^^^^^^^^
  File "/home/airflow/.local/lib/python3.12/site-packages/airflow/operators/python.py", line 252, in execute_callable
    return self.python_callable(*self.op_args, **self.op_kwargs)
           ^^^^^^^^^^^^^^^^^^^^^^^^^^^^^^^^^^^^^^^^^^^^^^^^^^^^^
  File "/opt/airflow/dags/steam_analytics.py", line 138, in extract_rawg_to_bronze
    conn = postgres.get_connection()
           ^^^^^^^^^^^^^^^^^^^^^^^^^
  File "/opt/airflow/src/load/postgres.py", line 49, in get_connection
    return hook.get_conn()
           ^^^^^^^^^^^^^^^
  File "/home/airflow/.local/lib/python3.12/site-packages/airflow/providers/postgres/hooks/postgres.py", line 175, in get_conn
    self.conn = psycopg2.connect(**conn_args)
                ^^^^^^^^^^^^^^^^^^^^^^^^^^^^^
  File "/home/airflow/.local/lib/python3.12/site-packages/psycopg2/__init__.py", line 122, in connect
    conn = _connect(dsn, connection_factory=connection_factory, **kwasync)
           ^^^^^^^^^^^^^^^^^^^^^^^^^^^^^^^^^^^^^^^^^^^^^^^^^^^^^^^^^^^^^^^
psycopg2.OperationalError: could not translate host name "postgres_***" to address: Name or service not known

[2026-09-04T07:39:12.962+0000] {taskinstance.py:1206} INFO - Marking task as UP_FOR_RETRY. dag_id=steam_analytics_daily, task_id=extract_rawg_to_bronze, run_id=scheduled__2026-09-03T02:00:00+00:00, execution_date=20260903T020000, start_date=20260904T073910, end_date=20260904T073912
[2026-09-04T07:39:12.972+0000] {standard_task_runner.py:110} ERROR - Failed to execute job 5 for task extract_rawg_to_bronze (could not translate host name "postgres_***" to address: Name or service not known
; 293)
[2026-09-04T07:39:12.983+0000] {local_task_job_runner.py:243} INFO - Task exited with return code 1
[2026-09-04T07:39:13.004+0000] {taskinstance.py:3503} INFO - 0 downstream tasks scheduled from follow-on schedule check
[2026-09-04T07:39:13.006+0000] {local_task_job_runner.py:222} INFO - ::endgroup::
[2026-09-04T07:50:48.335+0000] {local_task_job_runner.py:120} INFO - ::group::Pre task execution logs
[2026-09-04T07:50:48.366+0000] {taskinstance.py:2076} INFO - Dependencies all met for dep_context=non-requeueable deps ti=<TaskInstance: steam_analytics_daily.extract_rawg_to_bronze scheduled__2026-09-03T02:00:00+00:00 [queued]>
[2026-09-04T07:50:48.373+0000] {taskinstance.py:2076} INFO - Dependencies all met for dep_context=requeueable deps ti=<TaskInstance: steam_analytics_daily.extract_rawg_to_bronze scheduled__2026-09-03T02:00:00+00:00 [queued]>
[2026-09-04T07:50:48.374+0000] {taskinstance.py:2306} INFO - Starting attempt 3 of 4
[2026-09-04T07:50:48.384+0000] {taskinstance.py:2330} INFO - Executing <Task(_PythonDecoratedOperator): extract_rawg_to_bronze> on 2026-09-03 02:00:00+00:00
[2026-09-04T07:50:48.391+0000] {logging_mixin.py:188} WARNING - /home/***/.local/lib/python3.12/site-packages/***/task/task_runner/standard_task_runner.py:62 DeprecationWarning: This process (pid=237) is multi-threaded, use of fork() may lead to deadlocks in the child.
[2026-09-04T07:50:48.391+0000] {standard_task_runner.py:90} INFO - Running: ['***', 'tasks', 'run', 'steam_analytics_daily', 'extract_rawg_to_bronze', 'scheduled__2026-09-03T02:00:00+00:00', '--job-id', '5', '--raw', '--subdir', 'DAGS_FOLDER/steam_analytics.py', '--cfg-path', '/tmp/tmpb5wcq2yu']
[2026-09-04T07:50:48.392+0000] {standard_task_runner.py:64} INFO - Started process 238 to run task
[2026-09-04T07:50:48.392+0000] {standard_task_runner.py:91} INFO - Job 5: Subtask extract_rawg_to_bronze
[2026-09-04T07:50:48.436+0000] {task_command.py:426} INFO - Running <TaskInstance: steam_analytics_daily.extract_rawg_to_bronze scheduled__2026-09-03T02:00:00+00:00 [running]> on host 735f0d5a1378
[2026-09-04T07:50:48.515+0000] {taskinstance.py:2648} INFO - Exporting env vars: AIRFLOW_CTX_DAG_OWNER='data_engineer' AIRFLOW_CTX_DAG_ID='steam_analytics_daily' AIRFLOW_CTX_TASK_ID='extract_rawg_to_bronze' AIRFLOW_CTX_EXECUTION_DATE='2026-09-03T02:00:00+00:00' AIRFLOW_CTX_TRY_NUMBER='3' AIRFLOW_CTX_DAG_RUN_ID='scheduled__2026-09-03T02:00:00+00:00'
[2026-09-04T07:50:48.516+0000] {taskinstance.py:430} INFO - ::endgroup::
[2026-09-04T07:50:48.517+0000] {steam_analytics.py:101} INFO - Memulai extract RAWG untuk 2026-09-03
[2026-09-04T07:50:48.633+0000] {minio_client.py:91} INFO - Berhasil membaca 1000 record dari s3://steam-analytics/bronze/steamspy/2026-09-03/data.json
[2026-09-04T07:50:48.655+0000] {base.py:84} INFO - Using connection ID '***_warehouse' for task execution.
[2026-09-04T07:50:52.384+0000] {taskinstance.py:441} INFO - ::group::Post task execution logs
[2026-09-04T07:50:52.385+0000] {taskinstance.py:2905} ERROR - Task failed with exception
Traceback (most recent call last):
  File "/home/airflow/.local/lib/python3.12/site-packages/airflow/models/taskinstance.py", line 465, in _execute_task
    result = _execute_callable(context=context, **execute_callable_kwargs)
             ^^^^^^^^^^^^^^^^^^^^^^^^^^^^^^^^^^^^^^^^^^^^^^^^^^^^^^^^^^^^^
  File "/home/airflow/.local/lib/python3.12/site-packages/airflow/models/taskinstance.py", line 432, in _execute_callable
    return execute_callable(context=context, **execute_callable_kwargs)
           ^^^^^^^^^^^^^^^^^^^^^^^^^^^^^^^^^^^^^^^^^^^^^^^^^^^^^^^^^^^^
  File "/home/airflow/.local/lib/python3.12/site-packages/airflow/models/baseoperator.py", line 401, in wrapper
    return func(self, *args, **kwargs)
           ^^^^^^^^^^^^^^^^^^^^^^^^^^^
  File "/home/airflow/.local/lib/python3.12/site-packages/airflow/decorators/base.py", line 265, in execute
    return_value = super().execute(context)
                   ^^^^^^^^^^^^^^^^^^^^^^^^
  File "/home/airflow/.local/lib/python3.12/site-packages/airflow/models/baseoperator.py", line 401, in wrapper
    return func(self, *args, **kwargs)
           ^^^^^^^^^^^^^^^^^^^^^^^^^^^
  File "/home/airflow/.local/lib/python3.12/site-packages/airflow/operators/python.py", line 235, in execute
    return_value = self.execute_callable()
                   ^^^^^^^^^^^^^^^^^^^^^^^
  File "/home/airflow/.local/lib/python3.12/site-packages/airflow/operators/python.py", line 252, in execute_callable
    return self.python_callable(*self.op_args, **self.op_kwargs)
           ^^^^^^^^^^^^^^^^^^^^^^^^^^^^^^^^^^^^^^^^^^^^^^^^^^^^^
  File "/opt/airflow/dags/steam_analytics.py", line 138, in extract_rawg_to_bronze
    conn = postgres.get_connection()
           ^^^^^^^^^^^^^^^^^^^^^^^^^
  File "/opt/airflow/src/load/postgres.py", line 49, in get_connection
    return hook.get_conn()
           ^^^^^^^^^^^^^^^
  File "/home/airflow/.local/lib/python3.12/site-packages/airflow/providers/postgres/hooks/postgres.py", line 175, in get_conn
    self.conn = psycopg2.connect(**conn_args)
                ^^^^^^^^^^^^^^^^^^^^^^^^^^^^^
  File "/home/airflow/.local/lib/python3.12/site-packages/psycopg2/__init__.py", line 122, in connect
    conn = _connect(dsn, connection_factory=connection_factory, **kwasync)
           ^^^^^^^^^^^^^^^^^^^^^^^^^^^^^^^^^^^^^^^^^^^^^^^^^^^^^^^^^^^^^^^
psycopg2.OperationalError: could not translate host name "***" to address: Name or service not known

[2026-09-04T07:50:52.400+0000] {taskinstance.py:1206} INFO - Marking task as UP_FOR_RETRY. dag_id=steam_analytics_daily, task_id=extract_rawg_to_bronze, run_id=scheduled__2026-09-03T02:00:00+00:00, execution_date=20260903T020000, start_date=20260904T075048, end_date=20260904T075052
[2026-09-04T07:50:52.410+0000] {standard_task_runner.py:110} ERROR - Failed to execute job 5 for task extract_rawg_to_bronze (could not translate host name "***" to address: Name or service not known
; 238)
[2026-09-04T07:50:52.457+0000] {local_task_job_runner.py:243} INFO - Task exited with return code 1
[2026-09-04T07:50:52.478+0000] {taskinstance.py:3503} INFO - 0 downstream tasks scheduled from follow-on schedule check
[2026-09-04T07:50:52.480+0000] {local_task_job_runner.py:222} INFO - ::endgroup::
[2026-09-04T08:03:49.309+0000] {local_task_job_runner.py:120} INFO - ::group::Pre task execution logs
[2026-09-04T08:03:49.343+0000] {taskinstance.py:2076} INFO - Dependencies all met for dep_context=non-requeueable deps ti=<TaskInstance: steam_analytics_daily.extract_rawg_to_bronze scheduled__2026-09-03T02:00:00+00:00 [queued]>
[2026-09-04T08:03:49.351+0000] {taskinstance.py:2076} INFO - Dependencies all met for dep_context=requeueable deps ti=<TaskInstance: steam_analytics_daily.extract_rawg_to_bronze scheduled__2026-09-03T02:00:00+00:00 [queued]>
[2026-09-04T08:03:49.352+0000] {taskinstance.py:2306} INFO - Starting attempt 3 of 4
[2026-09-04T08:03:49.365+0000] {taskinstance.py:2330} INFO - Executing <Task(_PythonDecoratedOperator): extract_rawg_to_bronze> on 2026-09-03 02:00:00+00:00
[2026-09-04T08:03:49.371+0000] {standard_task_runner.py:90} INFO - Running: ['***', 'tasks', 'run', 'steam_analytics_daily', 'extract_rawg_to_bronze', 'scheduled__2026-09-03T02:00:00+00:00', '--job-id', '5', '--raw', '--subdir', 'DAGS_FOLDER/steam_analytics.py', '--cfg-path', '/tmp/tmp1luta9ip']
[2026-09-04T08:03:49.373+0000] {logging_mixin.py:188} WARNING - /home/***/.local/lib/python3.12/site-packages/***/task/task_runner/standard_task_runner.py:62 DeprecationWarning: This process (pid=267) is multi-threaded, use of fork() may lead to deadlocks in the child.
[2026-09-04T08:03:49.373+0000] {standard_task_runner.py:91} INFO - Job 5: Subtask extract_rawg_to_bronze
[2026-09-04T08:03:49.374+0000] {standard_task_runner.py:64} INFO - Started process 268 to run task
[2026-09-04T08:03:49.422+0000] {task_command.py:426} INFO - Running <TaskInstance: steam_analytics_daily.extract_rawg_to_bronze scheduled__2026-09-03T02:00:00+00:00 [running]> on host 70e81768a14c
[2026-09-04T08:03:49.518+0000] {taskinstance.py:2648} INFO - Exporting env vars: AIRFLOW_CTX_DAG_OWNER='data_engineer' AIRFLOW_CTX_DAG_ID='steam_analytics_daily' AIRFLOW_CTX_TASK_ID='extract_rawg_to_bronze' AIRFLOW_CTX_EXECUTION_DATE='2026-09-03T02:00:00+00:00' AIRFLOW_CTX_TRY_NUMBER='3' AIRFLOW_CTX_DAG_RUN_ID='scheduled__2026-09-03T02:00:00+00:00'
[2026-09-04T08:03:49.519+0000] {taskinstance.py:430} INFO - ::endgroup::
[2026-09-04T08:03:49.520+0000] {steam_analytics.py:101} INFO - Memulai extract RAWG untuk 2026-09-03
[2026-09-04T08:03:49.671+0000] {minio_client.py:91} INFO - Berhasil membaca 1000 record dari s3://steam-analytics/bronze/steamspy/2026-09-03/data.json
[2026-09-04T08:03:49.692+0000] {taskinstance.py:441} INFO - ::group::Post task execution logs
[2026-09-04T08:03:49.693+0000] {taskinstance.py:2905} ERROR - Task failed with exception
Traceback (most recent call last):
  File "/home/airflow/.local/lib/python3.12/site-packages/airflow/models/taskinstance.py", line 465, in _execute_task
    result = _execute_callable(context=context, **execute_callable_kwargs)
             ^^^^^^^^^^^^^^^^^^^^^^^^^^^^^^^^^^^^^^^^^^^^^^^^^^^^^^^^^^^^^
  File "/home/airflow/.local/lib/python3.12/site-packages/airflow/models/taskinstance.py", line 432, in _execute_callable
    return execute_callable(context=context, **execute_callable_kwargs)
           ^^^^^^^^^^^^^^^^^^^^^^^^^^^^^^^^^^^^^^^^^^^^^^^^^^^^^^^^^^^^
  File "/home/airflow/.local/lib/python3.12/site-packages/airflow/models/baseoperator.py", line 401, in wrapper
    return func(self, *args, **kwargs)
           ^^^^^^^^^^^^^^^^^^^^^^^^^^^
  File "/home/airflow/.local/lib/python3.12/site-packages/airflow/decorators/base.py", line 265, in execute
    return_value = super().execute(context)
                   ^^^^^^^^^^^^^^^^^^^^^^^^
  File "/home/airflow/.local/lib/python3.12/site-packages/airflow/models/baseoperator.py", line 401, in wrapper
    return func(self, *args, **kwargs)
           ^^^^^^^^^^^^^^^^^^^^^^^^^^^
  File "/home/airflow/.local/lib/python3.12/site-packages/airflow/operators/python.py", line 235, in execute
    return_value = self.execute_callable()
                   ^^^^^^^^^^^^^^^^^^^^^^^
  File "/home/airflow/.local/lib/python3.12/site-packages/airflow/operators/python.py", line 252, in execute_callable
    return self.python_callable(*self.op_args, **self.op_kwargs)
           ^^^^^^^^^^^^^^^^^^^^^^^^^^^^^^^^^^^^^^^^^^^^^^^^^^^^^
  File "/opt/airflow/dags/steam_analytics.py", line 138, in extract_rawg_to_bronze
    conn = postgres.get_connection()
           ^^^^^^^^^^^^^^^^^^^^^^^^^
  File "/opt/airflow/src/load/postgres.py", line 36, in get_connection
    return psycopg2.connect(
           ^^^^^^^^^^^^^^^^^
  File "/home/airflow/.local/lib/python3.12/site-packages/psycopg2/__init__.py", line 122, in connect
    conn = _connect(dsn, connection_factory=connection_factory, **kwasync)
           ^^^^^^^^^^^^^^^^^^^^^^^^^^^^^^^^^^^^^^^^^^^^^^^^^^^^^^^^^^^^^^^
psycopg2.OperationalError: connection to server at "postgres-warehouse" (172.18.0.2), port 5432 failed: FATAL:  password authentication failed for user "postgres"

[2026-09-04T08:03:49.710+0000] {taskinstance.py:1206} INFO - Marking task as UP_FOR_RETRY. dag_id=steam_analytics_daily, task_id=extract_rawg_to_bronze, run_id=scheduled__2026-09-03T02:00:00+00:00, execution_date=20260903T020000, start_date=20260904T080349, end_date=20260904T080349
[2026-09-04T08:03:49.720+0000] {standard_task_runner.py:110} ERROR - Failed to execute job 5 for task extract_rawg_to_bronze (connection to server at "postgres-warehouse" (172.18.0.2), port 5432 failed: FATAL:  password authentication failed for user "postgres"
; 268)
[2026-09-04T08:03:49.748+0000] {local_task_job_runner.py:243} INFO - Task exited with return code 1
[2026-09-04T08:03:49.769+0000] {taskinstance.py:3503} INFO - 0 downstream tasks scheduled from follow-on schedule check
[2026-09-04T08:03:49.774+0000] {local_task_job_runner.py:222} INFO - ::endgroup::
