[2026-09-04T07:40:33.495+0000] {local_task_job_runner.py:120} INFO - ::group::Pre task execution logs
[2026-09-04T07:40:33.537+0000] {taskinstance.py:2076} INFO - Dependencies all met for dep_context=non-requeueable deps ti=<TaskInstance: steam_analytics_daily.extract_rawg_to_bronze scheduled__2026-09-03T02:00:00+00:00 [queued]>
[2026-09-04T07:40:33.544+0000] {taskinstance.py:2076} INFO - Dependencies all met for dep_context=requeueable deps ti=<TaskInstance: steam_analytics_daily.extract_rawg_to_bronze scheduled__2026-09-03T02:00:00+00:00 [queued]>
[2026-09-04T07:40:33.545+0000] {taskinstance.py:2306} INFO - Starting attempt 4 of 5
[2026-09-04T07:40:33.555+0000] {taskinstance.py:2330} INFO - Executing <Task(_PythonDecoratedOperator): extract_rawg_to_bronze> on 2026-09-03 02:00:00+00:00
[2026-09-04T07:40:33.561+0000] {logging_mixin.py:188} WARNING - /home/***/.local/lib/python3.12/site-packages/***/task/task_runner/standard_task_runner.py:62 DeprecationWarning: This process (pid=309) is multi-threaded, use of fork() may lead to deadlocks in the child.
[2026-09-04T07:40:33.561+0000] {standard_task_runner.py:90} INFO - Running: ['***', 'tasks', 'run', 'steam_analytics_daily', 'extract_rawg_to_bronze', 'scheduled__2026-09-03T02:00:00+00:00', '--job-id', '6', '--raw', '--subdir', 'DAGS_FOLDER/steam_analytics.py', '--cfg-path', '/tmp/tmpb7vzqb59']
[2026-09-04T07:40:33.563+0000] {standard_task_runner.py:64} INFO - Started process 310 to run task
[2026-09-04T07:40:33.563+0000] {standard_task_runner.py:91} INFO - Job 6: Subtask extract_rawg_to_bronze
[2026-09-04T07:40:33.663+0000] {task_command.py:426} INFO - Running <TaskInstance: steam_analytics_daily.extract_rawg_to_bronze scheduled__2026-09-03T02:00:00+00:00 [running]> on host 3762623e3598
[2026-09-04T07:40:33.787+0000] {taskinstance.py:2648} INFO - Exporting env vars: AIRFLOW_CTX_DAG_OWNER='data_engineer' AIRFLOW_CTX_DAG_ID='steam_analytics_daily' AIRFLOW_CTX_TASK_ID='extract_rawg_to_bronze' AIRFLOW_CTX_EXECUTION_DATE='2026-09-03T02:00:00+00:00' AIRFLOW_CTX_TRY_NUMBER='4' AIRFLOW_CTX_DAG_RUN_ID='scheduled__2026-09-03T02:00:00+00:00'
[2026-09-04T07:40:33.789+0000] {taskinstance.py:430} INFO - ::endgroup::
[2026-09-04T07:40:33.791+0000] {steam_analytics.py:101} INFO - Memulai extract RAWG untuk 2026-09-03
[2026-09-04T07:40:34.083+0000] {minio_client.py:91} INFO - Berhasil membaca 1000 record dari s3://steam-analytics/bronze/steamspy/2026-09-03/data.json
[2026-09-04T07:40:34.110+0000] {base.py:84} INFO - Using connection ID 'postgres_***' for task execution.
[2026-09-04T07:40:37.824+0000] {taskinstance.py:441} INFO - ::group::Post task execution logs
[2026-09-04T07:40:37.827+0000] {taskinstance.py:2905} ERROR - Task failed with exception
Traceback (most recent call last):
  File "/home/airflow/.local/lib/python3.12/site-packages/airflow/models/taskinstance.py", line 465, in _execute_task
    result = _execute_callable(context=context, **execute_callable_kwargs)
             ^^^^^^^^^^^^^^^^^^^^^^^^^^^^^^^^^^^^^^^^^^^^^^^^^^^^^^^^^^^^^
  File "/home/airflow/.local/lib/python3.12/site-packages/airflow/models/taskinstance.py", line 432, in _execute_callable
    return execute_callable(context=context, **execute_callable_kwargs)
           ^^^^^^^^^^^^^^^^^^^^^^^^^^^^^^^^^^^^^^^^^^^^^^^^^^^^^^^^^^^^
  File "/home/airflow/.local/lib/python3.12/site-packages/airflow/models/baseoperator.py", line 401, in wrapper
    return func(self, *args, **kwargs)
           ^^^^^^^^^^^^^^^^^^^^^^^^^^^
  File "/home/airflow/.local/lib/python3.12/site-packages/airflow/decorators/base.py", line 265, in execute
    return_value = super().execute(context)
                   ^^^^^^^^^^^^^^^^^^^^^^^^
  File "/home/airflow/.local/lib/python3.12/site-packages/airflow/models/baseoperator.py", line 401, in wrapper
    return func(self, *args, **kwargs)
           ^^^^^^^^^^^^^^^^^^^^^^^^^^^
  File "/home/airflow/.local/lib/python3.12/site-packages/airflow/operators/python.py", line 235, in execute
    return_value = self.execute_callable()
                   ^^^^^^^^^^^^^^^^^^^^^^^
  File "/home/airflow/.local/lib/python3.12/site-packages/airflow/operators/python.py", line 252, in execute_callable
    return self.python_callable(*self.op_args, **self.op_kwargs)
           ^^^^^^^^^^^^^^^^^^^^^^^^^^^^^^^^^^^^^^^^^^^^^^^^^^^^^
  File "/opt/airflow/dags/steam_analytics.py", line 138, in extract_rawg_to_bronze
    conn = postgres.get_connection()
           ^^^^^^^^^^^^^^^^^^^^^^^^^
  File "/opt/airflow/src/load/postgres.py", line 49, in get_connection
    return hook.get_conn()
           ^^^^^^^^^^^^^^^
  File "/home/airflow/.local/lib/python3.12/site-packages/airflow/providers/postgres/hooks/postgres.py", line 175, in get_conn
    self.conn = psycopg2.connect(**conn_args)
                ^^^^^^^^^^^^^^^^^^^^^^^^^^^^^
  File "/home/airflow/.local/lib/python3.12/site-packages/psycopg2/__init__.py", line 122, in connect
    conn = _connect(dsn, connection_factory=connection_factory, **kwasync)
           ^^^^^^^^^^^^^^^^^^^^^^^^^^^^^^^^^^^^^^^^^^^^^^^^^^^^^^^^^^^^^^^
psycopg2.OperationalError: could not translate host name "postgres" to address: Name or service not known

[2026-09-04T07:40:37.850+0000] {taskinstance.py:1206} INFO - Marking task as UP_FOR_RETRY. dag_id=steam_analytics_daily, task_id=extract_rawg_to_bronze, run_id=scheduled__2026-09-03T02:00:00+00:00, execution_date=20260903T020000, start_date=20260904T074033, end_date=20260904T074037
[2026-09-04T07:40:37.864+0000] {standard_task_runner.py:110} ERROR - Failed to execute job 6 for task extract_rawg_to_bronze (could not translate host name "postgres" to address: Name or service not known
; 310)
[2026-09-04T07:40:37.874+0000] {local_task_job_runner.py:243} INFO - Task exited with return code 1
[2026-09-04T07:40:37.895+0000] {taskinstance.py:3503} INFO - 0 downstream tasks scheduled from follow-on schedule check
[2026-09-04T07:40:37.897+0000] {local_task_job_runner.py:222} INFO - ::endgroup::
[2026-09-04T07:51:56.079+0000] {local_task_job_runner.py:120} INFO - ::group::Pre task execution logs
[2026-09-04T07:51:56.116+0000] {taskinstance.py:2076} INFO - Dependencies all met for dep_context=non-requeueable deps ti=<TaskInstance: steam_analytics_daily.extract_rawg_to_bronze scheduled__2026-09-03T02:00:00+00:00 [queued]>
[2026-09-04T07:51:56.126+0000] {taskinstance.py:2076} INFO - Dependencies all met for dep_context=requeueable deps ti=<TaskInstance: steam_analytics_daily.extract_rawg_to_bronze scheduled__2026-09-03T02:00:00+00:00 [queued]>
[2026-09-04T07:51:56.127+0000] {taskinstance.py:2306} INFO - Starting attempt 4 of 5
[2026-09-04T07:51:56.142+0000] {taskinstance.py:2330} INFO - Executing <Task(_PythonDecoratedOperator): extract_rawg_to_bronze> on 2026-09-03 02:00:00+00:00
[2026-09-04T07:51:56.150+0000] {logging_mixin.py:188} WARNING - /home/***/.local/lib/python3.12/site-packages/***/task/task_runner/standard_task_runner.py:62 DeprecationWarning: This process (pid=254) is multi-threaded, use of fork() may lead to deadlocks in the child.
[2026-09-04T07:51:56.150+0000] {standard_task_runner.py:90} INFO - Running: ['***', 'tasks', 'run', 'steam_analytics_daily', 'extract_rawg_to_bronze', 'scheduled__2026-09-03T02:00:00+00:00', '--job-id', '6', '--raw', '--subdir', 'DAGS_FOLDER/steam_analytics.py', '--cfg-path', '/tmp/tmp5qzo0wxp']
[2026-09-04T07:51:56.151+0000] {standard_task_runner.py:64} INFO - Started process 255 to run task
[2026-09-04T07:51:56.152+0000] {standard_task_runner.py:91} INFO - Job 6: Subtask extract_rawg_to_bronze
[2026-09-04T07:51:56.206+0000] {task_command.py:426} INFO - Running <TaskInstance: steam_analytics_daily.extract_rawg_to_bronze scheduled__2026-09-03T02:00:00+00:00 [running]> on host 735f0d5a1378
[2026-09-04T07:51:56.290+0000] {taskinstance.py:2648} INFO - Exporting env vars: AIRFLOW_CTX_DAG_OWNER='data_engineer' AIRFLOW_CTX_DAG_ID='steam_analytics_daily' AIRFLOW_CTX_TASK_ID='extract_rawg_to_bronze' AIRFLOW_CTX_EXECUTION_DATE='2026-09-03T02:00:00+00:00' AIRFLOW_CTX_TRY_NUMBER='4' AIRFLOW_CTX_DAG_RUN_ID='scheduled__2026-09-03T02:00:00+00:00'
[2026-09-04T07:51:56.291+0000] {taskinstance.py:430} INFO - ::endgroup::
[2026-09-04T07:51:56.291+0000] {steam_analytics.py:101} INFO - Memulai extract RAWG untuk 2026-09-03
[2026-09-04T07:51:56.406+0000] {minio_client.py:91} INFO - Berhasil membaca 1000 record dari s3://steam-analytics/bronze/steamspy/2026-09-03/data.json
[2026-09-04T07:51:56.428+0000] {base.py:84} INFO - Using connection ID '***_warehouse' for task execution.
[2026-09-04T07:51:56.433+0000] {taskinstance.py:441} INFO - ::group::Post task execution logs
[2026-09-04T07:51:56.434+0000] {taskinstance.py:2905} ERROR - Task failed with exception
Traceback (most recent call last):
  File "/home/airflow/.local/lib/python3.12/site-packages/airflow/models/taskinstance.py", line 465, in _execute_task
    result = _execute_callable(context=context, **execute_callable_kwargs)
             ^^^^^^^^^^^^^^^^^^^^^^^^^^^^^^^^^^^^^^^^^^^^^^^^^^^^^^^^^^^^^
  File "/home/airflow/.local/lib/python3.12/site-packages/airflow/models/taskinstance.py", line 432, in _execute_callable
    return execute_callable(context=context, **execute_callable_kwargs)
           ^^^^^^^^^^^^^^^^^^^^^^^^^^^^^^^^^^^^^^^^^^^^^^^^^^^^^^^^^^^^
  File "/home/airflow/.local/lib/python3.12/site-packages/airflow/models/baseoperator.py", line 401, in wrapper
    return func(self, *args, **kwargs)
           ^^^^^^^^^^^^^^^^^^^^^^^^^^^
  File "/home/airflow/.local/lib/python3.12/site-packages/airflow/decorators/base.py", line 265, in execute
    return_value = super().execute(context)
                   ^^^^^^^^^^^^^^^^^^^^^^^^
  File "/home/airflow/.local/lib/python3.12/site-packages/airflow/models/baseoperator.py", line 401, in wrapper
    return func(self, *args, **kwargs)
           ^^^^^^^^^^^^^^^^^^^^^^^^^^^
  File "/home/airflow/.local/lib/python3.12/site-packages/airflow/operators/python.py", line 235, in execute
    return_value = self.execute_callable()
                   ^^^^^^^^^^^^^^^^^^^^^^^
  File "/home/airflow/.local/lib/python3.12/site-packages/airflow/operators/python.py", line 252, in execute_callable
    return self.python_callable(*self.op_args, **self.op_kwargs)
           ^^^^^^^^^^^^^^^^^^^^^^^^^^^^^^^^^^^^^^^^^^^^^^^^^^^^^
  File "/opt/airflow/dags/steam_analytics.py", line 138, in extract_rawg_to_bronze
    conn = postgres.get_connection()
           ^^^^^^^^^^^^^^^^^^^^^^^^^
  File "/opt/airflow/src/load/postgres.py", line 49, in get_connection
    return hook.get_conn()
           ^^^^^^^^^^^^^^^
  File "/home/airflow/.local/lib/python3.12/site-packages/airflow/providers/postgres/hooks/postgres.py", line 175, in get_conn
    self.conn = psycopg2.connect(**conn_args)
                ^^^^^^^^^^^^^^^^^^^^^^^^^^^^^
  File "/home/airflow/.local/lib/python3.12/site-packages/psycopg2/__init__.py", line 122, in connect
    conn = _connect(dsn, connection_factory=connection_factory, **kwasync)
           ^^^^^^^^^^^^^^^^^^^^^^^^^^^^^^^^^^^^^^^^^^^^^^^^^^^^^^^^^^^^^^^
psycopg2.OperationalError: connection to server at "***-warehouse" (172.18.0.2), port 5432 failed: FATAL:  password authentication failed for user "***"

[2026-09-04T07:51:56.449+0000] {taskinstance.py:1206} INFO - Marking task as UP_FOR_RETRY. dag_id=steam_analytics_daily, task_id=extract_rawg_to_bronze, run_id=scheduled__2026-09-03T02:00:00+00:00, execution_date=20260903T020000, start_date=20260904T075156, end_date=20260904T075156
[2026-09-04T07:51:56.458+0000] {standard_task_runner.py:110} ERROR - Failed to execute job 6 for task extract_rawg_to_bronze (connection to server at "***-warehouse" (172.18.0.2), port 5432 failed: FATAL:  password authentication failed for user "***"
; 255)
[2026-09-04T07:51:56.486+0000] {local_task_job_runner.py:243} INFO - Task exited with return code 1
[2026-09-04T07:51:56.509+0000] {taskinstance.py:3503} INFO - 0 downstream tasks scheduled from follow-on schedule check
[2026-09-04T07:51:56.511+0000] {local_task_job_runner.py:222} INFO - ::endgroup::
[2026-09-04T08:05:11.585+0000] {local_task_job_runner.py:120} INFO - ::group::Pre task execution logs
[2026-09-04T08:05:11.617+0000] {taskinstance.py:2076} INFO - Dependencies all met for dep_context=non-requeueable deps ti=<TaskInstance: steam_analytics_daily.extract_rawg_to_bronze scheduled__2026-09-03T02:00:00+00:00 [queued]>
[2026-09-04T08:05:11.624+0000] {taskinstance.py:2076} INFO - Dependencies all met for dep_context=requeueable deps ti=<TaskInstance: steam_analytics_daily.extract_rawg_to_bronze scheduled__2026-09-03T02:00:00+00:00 [queued]>
[2026-09-04T08:05:11.624+0000] {taskinstance.py:2306} INFO - Starting attempt 4 of 5
[2026-09-04T08:05:11.634+0000] {taskinstance.py:2330} INFO - Executing <Task(_PythonDecoratedOperator): extract_rawg_to_bronze> on 2026-09-03 02:00:00+00:00
[2026-09-04T08:05:11.642+0000] {logging_mixin.py:188} WARNING - /home/***/.local/lib/python3.12/site-packages/***/task/task_runner/standard_task_runner.py:62 DeprecationWarning: This process (pid=190) is multi-threaded, use of fork() may lead to deadlocks in the child.
[2026-09-04T08:05:11.642+0000] {standard_task_runner.py:90} INFO - Running: ['***', 'tasks', 'run', 'steam_analytics_daily', 'extract_rawg_to_bronze', 'scheduled__2026-09-03T02:00:00+00:00', '--job-id', '7', '--raw', '--subdir', 'DAGS_FOLDER/steam_analytics.py', '--cfg-path', '/tmp/tmpve42096p']
[2026-09-04T08:05:11.643+0000] {standard_task_runner.py:64} INFO - Started process 191 to run task
[2026-09-04T08:05:11.643+0000] {standard_task_runner.py:91} INFO - Job 7: Subtask extract_rawg_to_bronze
[2026-09-04T08:05:11.685+0000] {task_command.py:426} INFO - Running <TaskInstance: steam_analytics_daily.extract_rawg_to_bronze scheduled__2026-09-03T02:00:00+00:00 [running]> on host 70e81768a14c
[2026-09-04T08:05:11.760+0000] {taskinstance.py:2648} INFO - Exporting env vars: AIRFLOW_CTX_DAG_OWNER='data_engineer' AIRFLOW_CTX_DAG_ID='steam_analytics_daily' AIRFLOW_CTX_TASK_ID='extract_rawg_to_bronze' AIRFLOW_CTX_EXECUTION_DATE='2026-09-03T02:00:00+00:00' AIRFLOW_CTX_TRY_NUMBER='4' AIRFLOW_CTX_DAG_RUN_ID='scheduled__2026-09-03T02:00:00+00:00'
[2026-09-04T08:05:11.761+0000] {taskinstance.py:430} INFO - ::endgroup::
[2026-09-04T08:05:11.762+0000] {steam_analytics.py:101} INFO - Memulai extract RAWG untuk 2026-09-03
[2026-09-04T08:05:11.866+0000] {minio_client.py:91} INFO - Berhasil membaca 1000 record dari s3://steam-analytics/bronze/steamspy/2026-09-03/data.json
[2026-09-04T08:05:11.881+0000] {taskinstance.py:441} INFO - ::group::Post task execution logs
[2026-09-04T08:05:11.882+0000] {taskinstance.py:2905} ERROR - Task failed with exception
Traceback (most recent call last):
  File "/home/airflow/.local/lib/python3.12/site-packages/airflow/models/taskinstance.py", line 465, in _execute_task
    result = _execute_callable(context=context, **execute_callable_kwargs)
             ^^^^^^^^^^^^^^^^^^^^^^^^^^^^^^^^^^^^^^^^^^^^^^^^^^^^^^^^^^^^^
  File "/home/airflow/.local/lib/python3.12/site-packages/airflow/models/taskinstance.py", line 432, in _execute_callable
    return execute_callable(context=context, **execute_callable_kwargs)
           ^^^^^^^^^^^^^^^^^^^^^^^^^^^^^^^^^^^^^^^^^^^^^^^^^^^^^^^^^^^^
  File "/home/airflow/.local/lib/python3.12/site-packages/airflow/models/baseoperator.py", line 401, in wrapper
    return func(self, *args, **kwargs)
           ^^^^^^^^^^^^^^^^^^^^^^^^^^^
  File "/home/airflow/.local/lib/python3.12/site-packages/airflow/decorators/base.py", line 265, in execute
    return_value = super().execute(context)
                   ^^^^^^^^^^^^^^^^^^^^^^^^
  File "/home/airflow/.local/lib/python3.12/site-packages/airflow/models/baseoperator.py", line 401, in wrapper
    return func(self, *args, **kwargs)
           ^^^^^^^^^^^^^^^^^^^^^^^^^^^
  File "/home/airflow/.local/lib/python3.12/site-packages/airflow/operators/python.py", line 235, in execute
    return_value = self.execute_callable()
                   ^^^^^^^^^^^^^^^^^^^^^^^
  File "/home/airflow/.local/lib/python3.12/site-packages/airflow/operators/python.py", line 252, in execute_callable
    return self.python_callable(*self.op_args, **self.op_kwargs)
           ^^^^^^^^^^^^^^^^^^^^^^^^^^^^^^^^^^^^^^^^^^^^^^^^^^^^^
  File "/opt/airflow/dags/steam_analytics.py", line 138, in extract_rawg_to_bronze
    conn = postgres.get_connection()
           ^^^^^^^^^^^^^^^^^^^^^^^^^
  File "/opt/airflow/src/load/postgres.py", line 36, in get_connection
    return psycopg2.connect(
           ^^^^^^^^^^^^^^^^^
  File "/home/airflow/.local/lib/python3.12/site-packages/psycopg2/__init__.py", line 122, in connect
    conn = _connect(dsn, connection_factory=connection_factory, **kwasync)
           ^^^^^^^^^^^^^^^^^^^^^^^^^^^^^^^^^^^^^^^^^^^^^^^^^^^^^^^^^^^^^^^
psycopg2.OperationalError: connection to server at "postgres-warehouse" (172.18.0.2), port 5432 failed: FATAL:  password authentication failed for user "postgres"

[2026-09-04T08:05:11.896+0000] {taskinstance.py:1206} INFO - Marking task as UP_FOR_RETRY. dag_id=steam_analytics_daily, task_id=extract_rawg_to_bronze, run_id=scheduled__2026-09-03T02:00:00+00:00, execution_date=20260903T020000, start_date=20260904T080511, end_date=20260904T080511
[2026-09-04T08:05:11.905+0000] {standard_task_runner.py:110} ERROR - Failed to execute job 7 for task extract_rawg_to_bronze (connection to server at "postgres-warehouse" (172.18.0.2), port 5432 failed: FATAL:  password authentication failed for user "postgres"
; 191)
[2026-09-04T08:05:11.937+0000] {local_task_job_runner.py:243} INFO - Task exited with return code 1
[2026-09-04T08:05:11.957+0000] {taskinstance.py:3503} INFO - 0 downstream tasks scheduled from follow-on schedule check
[2026-09-04T08:05:11.959+0000] {local_task_job_runner.py:222} INFO - ::endgroup::
