[2026-09-04T07:38:38.225+0000] {local_task_job_runner.py:120} INFO - ::group::Pre task execution logs
[2026-09-04T07:38:38.258+0000] {taskinstance.py:2076} INFO - Dependencies all met for dep_context=non-requeueable deps ti=<TaskInstance: steam_analytics_daily.extract_rawg_to_bronze scheduled__2026-09-03T02:00:00+00:00 [queued]>
[2026-09-04T07:38:38.265+0000] {taskinstance.py:2076} INFO - Dependencies all met for dep_context=requeueable deps ti=<TaskInstance: steam_analytics_daily.extract_rawg_to_bronze scheduled__2026-09-03T02:00:00+00:00 [queued]>
[2026-09-04T07:38:38.266+0000] {taskinstance.py:2306} INFO - Starting attempt 2 of 3
[2026-09-04T07:38:38.278+0000] {taskinstance.py:2330} INFO - Executing <Task(_PythonDecoratedOperator): extract_rawg_to_bronze> on 2026-09-03 02:00:00+00:00
[2026-09-04T07:38:38.285+0000] {logging_mixin.py:188} WARNING - /home/***/.local/lib/python3.12/site-packages/***/task/task_runner/standard_task_runner.py:62 DeprecationWarning: This process (pid=285) is multi-threaded, use of fork() may lead to deadlocks in the child.
[2026-09-04T07:38:38.284+0000] {standard_task_runner.py:90} INFO - Running: ['***', 'tasks', 'run', 'steam_analytics_daily', 'extract_rawg_to_bronze', 'scheduled__2026-09-03T02:00:00+00:00', '--job-id', '4', '--raw', '--subdir', 'DAGS_FOLDER/steam_analytics.py', '--cfg-path', '/tmp/tmpex2cta7z']
[2026-09-04T07:38:38.286+0000] {standard_task_runner.py:64} INFO - Started process 286 to run task
[2026-09-04T07:38:38.286+0000] {standard_task_runner.py:91} INFO - Job 4: Subtask extract_rawg_to_bronze
[2026-09-04T07:38:38.336+0000] {task_command.py:426} INFO - Running <TaskInstance: steam_analytics_daily.extract_rawg_to_bronze scheduled__2026-09-03T02:00:00+00:00 [running]> on host 3762623e3598
[2026-09-04T07:38:38.416+0000] {taskinstance.py:2648} INFO - Exporting env vars: AIRFLOW_CTX_DAG_OWNER='data_engineer' AIRFLOW_CTX_DAG_ID='steam_analytics_daily' AIRFLOW_CTX_TASK_ID='extract_rawg_to_bronze' AIRFLOW_CTX_EXECUTION_DATE='2026-09-03T02:00:00+00:00' AIRFLOW_CTX_TRY_NUMBER='2' AIRFLOW_CTX_DAG_RUN_ID='scheduled__2026-09-03T02:00:00+00:00'
[2026-09-04T07:38:38.416+0000] {taskinstance.py:430} INFO - ::endgroup::
[2026-09-04T07:38:38.417+0000] {steam_analytics.py:101} INFO - Memulai extract RAWG untuk 2026-09-03
[2026-09-04T07:38:38.571+0000] {minio_client.py:91} INFO - Berhasil membaca 1000 record dari s3://steam-analytics/bronze/steamspy/2026-09-03/data.json
[2026-09-04T07:38:38.610+0000] {base.py:84} INFO - Using connection ID 'postgres_***' for task execution.
[2026-09-04T07:38:40.487+0000] {taskinstance.py:441} INFO - ::group::Post task execution logs
[2026-09-04T07:38:40.488+0000] {taskinstance.py:2905} ERROR - Task failed with exception
Traceback (most recent call last):
  File "/home/airflow/.local/lib/python3.12/site-packages/airflow/models/taskinstance.py", line 465, in _execute_task
    result = _execute_callable(context=context, **execute_callable_kwargs)
             ^^^^^^^^^^^^^^^^^^^^^^^^^^^^^^^^^^^^^^^^^^^^^^^^^^^^^^^^^^^^^
  File "/home/airflow/.local/lib/python3.12/site-packages/airflow/models/taskinstance.py", line 432, in _execute_callable
    return execute_callable(context=context, **execute_callable_kwargs)
           ^^^^^^^^^^^^^^^^^^^^^^^^^^^^^^^^^^^^^^^^^^^^^^^^^^^^^^^^^^^^
  File "/home/airflow/.local/lib/python3.12/site-packages/airflow/models/baseoperator.py", line 401, in wrapper
    return func(self, *args, **kwargs)
           ^^^^^^^^^^^^^^^^^^^^^^^^^^^
  File "/home/airflow/.local/lib/python3.12/site-packages/airflow/decorators/base.py", line 265, in execute
    return_value = super().execute(context)
                   ^^^^^^^^^^^^^^^^^^^^^^^^
  File "/home/airflow/.local/lib/python3.12/site-packages/airflow/models/baseoperator.py", line 401, in wrapper
    return func(self, *args, **kwargs)
           ^^^^^^^^^^^^^^^^^^^^^^^^^^^
  File "/home/airflow/.local/lib/python3.12/site-packages/airflow/operators/python.py", line 235, in execute
    return_value = self.execute_callable()
                   ^^^^^^^^^^^^^^^^^^^^^^^
  File "/home/airflow/.local/lib/python3.12/site-packages/airflow/operators/python.py", line 252, in execute_callable
    return self.python_callable(*self.op_args, **self.op_kwargs)
           ^^^^^^^^^^^^^^^^^^^^^^^^^^^^^^^^^^^^^^^^^^^^^^^^^^^^^
  File "/opt/airflow/dags/steam_analytics.py", line 138, in extract_rawg_to_bronze
    conn = postgres.get_connection()
           ^^^^^^^^^^^^^^^^^^^^^^^^^
  File "/opt/airflow/src/load/postgres.py", line 49, in get_connection
    return hook.get_conn()
           ^^^^^^^^^^^^^^^
  File "/home/airflow/.local/lib/python3.12/site-packages/airflow/providers/postgres/hooks/postgres.py", line 175, in get_conn
    self.conn = psycopg2.connect(**conn_args)
                ^^^^^^^^^^^^^^^^^^^^^^^^^^^^^
  File "/home/airflow/.local/lib/python3.12/site-packages/psycopg2/__init__.py", line 122, in connect
    conn = _connect(dsn, connection_factory=connection_factory, **kwasync)
           ^^^^^^^^^^^^^^^^^^^^^^^^^^^^^^^^^^^^^^^^^^^^^^^^^^^^^^^^^^^^^^^
psycopg2.OperationalError: could not translate host name "postgres_***" to address: Name or service not known

[2026-09-04T07:38:40.504+0000] {taskinstance.py:1206} INFO - Marking task as UP_FOR_RETRY. dag_id=steam_analytics_daily, task_id=extract_rawg_to_bronze, run_id=scheduled__2026-09-03T02:00:00+00:00, execution_date=20260903T020000, start_date=20260904T073838, end_date=20260904T073840
[2026-09-04T07:38:40.516+0000] {standard_task_runner.py:110} ERROR - Failed to execute job 4 for task extract_rawg_to_bronze (could not translate host name "postgres_***" to address: Name or service not known
; 286)
[2026-09-04T07:38:40.546+0000] {local_task_job_runner.py:243} INFO - Task exited with return code 1
[2026-09-04T07:38:40.580+0000] {taskinstance.py:3503} INFO - 0 downstream tasks scheduled from follow-on schedule check
[2026-09-04T07:38:40.583+0000] {local_task_job_runner.py:222} INFO - ::endgroup::
[2026-09-04T07:50:10.198+0000] {local_task_job_runner.py:120} INFO - ::group::Pre task execution logs
[2026-09-04T07:50:10.233+0000] {taskinstance.py:2076} INFO - Dependencies all met for dep_context=non-requeueable deps ti=<TaskInstance: steam_analytics_daily.extract_rawg_to_bronze scheduled__2026-09-03T02:00:00+00:00 [queued]>
[2026-09-04T07:50:10.241+0000] {taskinstance.py:2076} INFO - Dependencies all met for dep_context=requeueable deps ti=<TaskInstance: steam_analytics_daily.extract_rawg_to_bronze scheduled__2026-09-03T02:00:00+00:00 [queued]>
[2026-09-04T07:50:10.242+0000] {taskinstance.py:2306} INFO - Starting attempt 2 of 3
[2026-09-04T07:50:10.253+0000] {taskinstance.py:2330} INFO - Executing <Task(_PythonDecoratedOperator): extract_rawg_to_bronze> on 2026-09-03 02:00:00+00:00
[2026-09-04T07:50:10.261+0000] {logging_mixin.py:188} WARNING - /home/***/.local/lib/python3.12/site-packages/***/task/task_runner/standard_task_runner.py:62 DeprecationWarning: This process (pid=230) is multi-threaded, use of fork() may lead to deadlocks in the child.
[2026-09-04T07:50:10.260+0000] {standard_task_runner.py:90} INFO - Running: ['***', 'tasks', 'run', 'steam_analytics_daily', 'extract_rawg_to_bronze', 'scheduled__2026-09-03T02:00:00+00:00', '--job-id', '4', '--raw', '--subdir', 'DAGS_FOLDER/steam_analytics.py', '--cfg-path', '/tmp/tmpxnrsor3q']
[2026-09-04T07:50:10.262+0000] {standard_task_runner.py:64} INFO - Started process 231 to run task
[2026-09-04T07:50:10.262+0000] {standard_task_runner.py:91} INFO - Job 4: Subtask extract_rawg_to_bronze
[2026-09-04T07:50:10.306+0000] {task_command.py:426} INFO - Running <TaskInstance: steam_analytics_daily.extract_rawg_to_bronze scheduled__2026-09-03T02:00:00+00:00 [running]> on host 735f0d5a1378
[2026-09-04T07:50:10.383+0000] {taskinstance.py:2648} INFO - Exporting env vars: AIRFLOW_CTX_DAG_OWNER='data_engineer' AIRFLOW_CTX_DAG_ID='steam_analytics_daily' AIRFLOW_CTX_TASK_ID='extract_rawg_to_bronze' AIRFLOW_CTX_EXECUTION_DATE='2026-09-03T02:00:00+00:00' AIRFLOW_CTX_TRY_NUMBER='2' AIRFLOW_CTX_DAG_RUN_ID='scheduled__2026-09-03T02:00:00+00:00'
[2026-09-04T07:50:10.384+0000] {taskinstance.py:430} INFO - ::endgroup::
[2026-09-04T07:50:10.385+0000] {steam_analytics.py:101} INFO - Memulai extract RAWG untuk 2026-09-03
[2026-09-04T07:50:10.496+0000] {minio_client.py:91} INFO - Berhasil membaca 1000 record dari s3://steam-analytics/bronze/steamspy/2026-09-03/data.json
[2026-09-04T07:50:10.516+0000] {base.py:84} INFO - Using connection ID '***_warehouse' for task execution.
[2026-09-04T07:50:14.236+0000] {taskinstance.py:441} INFO - ::group::Post task execution logs
[2026-09-04T07:50:14.237+0000] {taskinstance.py:2905} ERROR - Task failed with exception
Traceback (most recent call last):
  File "/home/airflow/.local/lib/python3.12/site-packages/airflow/models/taskinstance.py", line 465, in _execute_task
    result = _execute_callable(context=context, **execute_callable_kwargs)
             ^^^^^^^^^^^^^^^^^^^^^^^^^^^^^^^^^^^^^^^^^^^^^^^^^^^^^^^^^^^^^
  File "/home/airflow/.local/lib/python3.12/site-packages/airflow/models/taskinstance.py", line 432, in _execute_callable
    return execute_callable(context=context, **execute_callable_kwargs)
           ^^^^^^^^^^^^^^^^^^^^^^^^^^^^^^^^^^^^^^^^^^^^^^^^^^^^^^^^^^^^
  File "/home/airflow/.local/lib/python3.12/site-packages/airflow/models/baseoperator.py", line 401, in wrapper
    return func(self, *args, **kwargs)
           ^^^^^^^^^^^^^^^^^^^^^^^^^^^
  File "/home/airflow/.local/lib/python3.12/site-packages/airflow/decorators/base.py", line 265, in execute
    return_value = super().execute(context)
                   ^^^^^^^^^^^^^^^^^^^^^^^^
  File "/home/airflow/.local/lib/python3.12/site-packages/airflow/models/baseoperator.py", line 401, in wrapper
    return func(self, *args, **kwargs)
           ^^^^^^^^^^^^^^^^^^^^^^^^^^^
  File "/home/airflow/.local/lib/python3.12/site-packages/airflow/operators/python.py", line 235, in execute
    return_value = self.execute_callable()
                   ^^^^^^^^^^^^^^^^^^^^^^^
  File "/home/airflow/.local/lib/python3.12/site-packages/airflow/operators/python.py", line 252, in execute_callable
    return self.python_callable(*self.op_args, **self.op_kwargs)
           ^^^^^^^^^^^^^^^^^^^^^^^^^^^^^^^^^^^^^^^^^^^^^^^^^^^^^
  File "/opt/airflow/dags/steam_analytics.py", line 138, in extract_rawg_to_bronze
    conn = postgres.get_connection()
           ^^^^^^^^^^^^^^^^^^^^^^^^^
  File "/opt/airflow/src/load/postgres.py", line 49, in get_connection
    return hook.get_conn()
           ^^^^^^^^^^^^^^^
  File "/home/airflow/.local/lib/python3.12/site-packages/airflow/providers/postgres/hooks/postgres.py", line 175, in get_conn
    self.conn = psycopg2.connect(**conn_args)
                ^^^^^^^^^^^^^^^^^^^^^^^^^^^^^
  File "/home/airflow/.local/lib/python3.12/site-packages/psycopg2/__init__.py", line 122, in connect
    conn = _connect(dsn, connection_factory=connection_factory, **kwasync)
           ^^^^^^^^^^^^^^^^^^^^^^^^^^^^^^^^^^^^^^^^^^^^^^^^^^^^^^^^^^^^^^^
psycopg2.OperationalError: could not translate host name "***" to address: Name or service not known

[2026-09-04T07:50:14.253+0000] {taskinstance.py:1206} INFO - Marking task as UP_FOR_RETRY. dag_id=steam_analytics_daily, task_id=extract_rawg_to_bronze, run_id=scheduled__2026-09-03T02:00:00+00:00, execution_date=20260903T020000, start_date=20260904T075010, end_date=20260904T075014
[2026-09-04T07:50:14.264+0000] {standard_task_runner.py:110} ERROR - Failed to execute job 4 for task extract_rawg_to_bronze (could not translate host name "***" to address: Name or service not known
; 231)
[2026-09-04T07:50:14.287+0000] {local_task_job_runner.py:243} INFO - Task exited with return code 1
[2026-09-04T07:50:14.309+0000] {taskinstance.py:3503} INFO - 0 downstream tasks scheduled from follow-on schedule check
[2026-09-04T07:50:14.311+0000] {local_task_job_runner.py:222} INFO - ::endgroup::
[2026-09-04T07:59:59.396+0000] {local_task_job_runner.py:120} INFO - ::group::Pre task execution logs
[2026-09-04T07:59:59.432+0000] {taskinstance.py:2076} INFO - Dependencies all met for dep_context=non-requeueable deps ti=<TaskInstance: steam_analytics_daily.extract_rawg_to_bronze scheduled__2026-09-03T02:00:00+00:00 [queued]>
[2026-09-04T07:59:59.440+0000] {taskinstance.py:2076} INFO - Dependencies all met for dep_context=requeueable deps ti=<TaskInstance: steam_analytics_daily.extract_rawg_to_bronze scheduled__2026-09-03T02:00:00+00:00 [queued]>
[2026-09-04T07:59:59.440+0000] {taskinstance.py:2306} INFO - Starting attempt 2 of 3
[2026-09-04T07:59:59.453+0000] {taskinstance.py:2330} INFO - Executing <Task(_PythonDecoratedOperator): extract_rawg_to_bronze> on 2026-09-03 02:00:00+00:00
[2026-09-04T07:59:59.461+0000] {logging_mixin.py:188} WARNING - /home/***/.local/lib/python3.12/site-packages/***/task/task_runner/standard_task_runner.py:62 DeprecationWarning: This process (pid=230) is multi-threaded, use of fork() may lead to deadlocks in the child.
[2026-09-04T07:59:59.462+0000] {standard_task_runner.py:64} INFO - Started process 231 to run task
[2026-09-04T07:59:59.461+0000] {standard_task_runner.py:90} INFO - Running: ['***', 'tasks', 'run', 'steam_analytics_daily', 'extract_rawg_to_bronze', 'scheduled__2026-09-03T02:00:00+00:00', '--job-id', '4', '--raw', '--subdir', 'DAGS_FOLDER/steam_analytics.py', '--cfg-path', '/tmp/tmppbhaev4s']
[2026-09-04T07:59:59.463+0000] {standard_task_runner.py:91} INFO - Job 4: Subtask extract_rawg_to_bronze
[2026-09-04T07:59:59.514+0000] {task_command.py:426} INFO - Running <TaskInstance: steam_analytics_daily.extract_rawg_to_bronze scheduled__2026-09-03T02:00:00+00:00 [running]> on host 70e81768a14c
[2026-09-04T07:59:59.600+0000] {taskinstance.py:2648} INFO - Exporting env vars: AIRFLOW_CTX_DAG_OWNER='data_engineer' AIRFLOW_CTX_DAG_ID='steam_analytics_daily' AIRFLOW_CTX_TASK_ID='extract_rawg_to_bronze' AIRFLOW_CTX_EXECUTION_DATE='2026-09-03T02:00:00+00:00' AIRFLOW_CTX_TRY_NUMBER='2' AIRFLOW_CTX_DAG_RUN_ID='scheduled__2026-09-03T02:00:00+00:00'
[2026-09-04T07:59:59.601+0000] {taskinstance.py:430} INFO - ::endgroup::
[2026-09-04T07:59:59.602+0000] {steam_analytics.py:101} INFO - Memulai extract RAWG untuk 2026-09-03
[2026-09-04T07:59:59.721+0000] {minio_client.py:91} INFO - Berhasil membaca 1000 record dari s3://steam-analytics/bronze/steamspy/2026-09-03/data.json
[2026-09-04T07:59:59.742+0000] {base.py:84} INFO - Using connection ID '***_warehouse' for task execution.
[2026-09-04T08:00:01.615+0000] {taskinstance.py:441} INFO - ::group::Post task execution logs
[2026-09-04T08:00:01.616+0000] {taskinstance.py:2905} ERROR - Task failed with exception
Traceback (most recent call last):
  File "/home/airflow/.local/lib/python3.12/site-packages/airflow/models/taskinstance.py", line 465, in _execute_task
    result = _execute_callable(context=context, **execute_callable_kwargs)
             ^^^^^^^^^^^^^^^^^^^^^^^^^^^^^^^^^^^^^^^^^^^^^^^^^^^^^^^^^^^^^
  File "/home/airflow/.local/lib/python3.12/site-packages/airflow/models/taskinstance.py", line 432, in _execute_callable
    return execute_callable(context=context, **execute_callable_kwargs)
           ^^^^^^^^^^^^^^^^^^^^^^^^^^^^^^^^^^^^^^^^^^^^^^^^^^^^^^^^^^^^
  File "/home/airflow/.local/lib/python3.12/site-packages/airflow/models/baseoperator.py", line 401, in wrapper
    return func(self, *args, **kwargs)
           ^^^^^^^^^^^^^^^^^^^^^^^^^^^
  File "/home/airflow/.local/lib/python3.12/site-packages/airflow/decorators/base.py", line 265, in execute
    return_value = super().execute(context)
                   ^^^^^^^^^^^^^^^^^^^^^^^^
  File "/home/airflow/.local/lib/python3.12/site-packages/airflow/models/baseoperator.py", line 401, in wrapper
    return func(self, *args, **kwargs)
           ^^^^^^^^^^^^^^^^^^^^^^^^^^^
  File "/home/airflow/.local/lib/python3.12/site-packages/airflow/operators/python.py", line 235, in execute
    return_value = self.execute_callable()
                   ^^^^^^^^^^^^^^^^^^^^^^^
  File "/home/airflow/.local/lib/python3.12/site-packages/airflow/operators/python.py", line 252, in execute_callable
    return self.python_callable(*self.op_args, **self.op_kwargs)
           ^^^^^^^^^^^^^^^^^^^^^^^^^^^^^^^^^^^^^^^^^^^^^^^^^^^^^
  File "/opt/airflow/dags/steam_analytics.py", line 138, in extract_rawg_to_bronze
    conn = postgres.get_connection()
           ^^^^^^^^^^^^^^^^^^^^^^^^^
  File "/opt/airflow/src/load/postgres.py", line 49, in get_connection
    return hook.get_conn()
           ^^^^^^^^^^^^^^^
  File "/home/airflow/.local/lib/python3.12/site-packages/airflow/providers/postgres/hooks/postgres.py", line 175, in get_conn
    self.conn = psycopg2.connect(**conn_args)
                ^^^^^^^^^^^^^^^^^^^^^^^^^^^^^
  File "/home/airflow/.local/lib/python3.12/site-packages/psycopg2/__init__.py", line 122, in connect
    conn = _connect(dsn, connection_factory=connection_factory, **kwasync)
           ^^^^^^^^^^^^^^^^^^^^^^^^^^^^^^^^^^^^^^^^^^^^^^^^^^^^^^^^^^^^^^^
psycopg2.OperationalError: could not translate host name "***_warehouse" to address: Name or service not known

[2026-09-04T08:00:01.631+0000] {taskinstance.py:1206} INFO - Marking task as UP_FOR_RETRY. dag_id=steam_analytics_daily, task_id=extract_rawg_to_bronze, run_id=scheduled__2026-09-03T02:00:00+00:00, execution_date=20260903T020000, start_date=20260904T075959, end_date=20260904T080001
[2026-09-04T08:00:01.641+0000] {standard_task_runner.py:110} ERROR - Failed to execute job 4 for task extract_rawg_to_bronze (could not translate host name "***_warehouse" to address: Name or service not known
; 231)
[2026-09-04T08:00:01.681+0000] {local_task_job_runner.py:243} INFO - Task exited with return code 1
[2026-09-04T08:00:01.702+0000] {taskinstance.py:3503} INFO - 0 downstream tasks scheduled from follow-on schedule check
[2026-09-04T08:00:01.704+0000] {local_task_job_runner.py:222} INFO - ::endgroup::
[2026-09-04T08:08:57.238+0000] {local_task_job_runner.py:120} INFO - ::group::Pre task execution logs
[2026-09-04T08:08:57.270+0000] {taskinstance.py:2076} INFO - Dependencies all met for dep_context=non-requeueable deps ti=<TaskInstance: steam_analytics_daily.extract_rawg_to_bronze scheduled__2026-09-03T02:00:00+00:00 [queued]>
[2026-09-04T08:08:57.278+0000] {taskinstance.py:2076} INFO - Dependencies all met for dep_context=requeueable deps ti=<TaskInstance: steam_analytics_daily.extract_rawg_to_bronze scheduled__2026-09-03T02:00:00+00:00 [queued]>
[2026-09-04T08:08:57.278+0000] {taskinstance.py:2306} INFO - Starting attempt 2 of 3
[2026-09-04T08:08:57.292+0000] {taskinstance.py:2330} INFO - Executing <Task(_PythonDecoratedOperator): extract_rawg_to_bronze> on 2026-09-03 02:00:00+00:00
[2026-09-04T08:08:57.299+0000] {logging_mixin.py:188} WARNING - /home/***/.local/lib/python3.12/site-packages/***/task/task_runner/standard_task_runner.py:62 DeprecationWarning: This process (pid=215) is multi-threaded, use of fork() may lead to deadlocks in the child.
[2026-09-04T08:08:57.298+0000] {standard_task_runner.py:90} INFO - Running: ['***', 'tasks', 'run', 'steam_analytics_daily', 'extract_rawg_to_bronze', 'scheduled__2026-09-03T02:00:00+00:00', '--job-id', '4', '--raw', '--subdir', 'DAGS_FOLDER/steam_analytics.py', '--cfg-path', '/tmp/tmp6sovlxrj']
[2026-09-04T08:08:57.299+0000] {standard_task_runner.py:64} INFO - Started process 216 to run task
[2026-09-04T08:08:57.300+0000] {standard_task_runner.py:91} INFO - Job 4: Subtask extract_rawg_to_bronze
[2026-09-04T08:08:57.344+0000] {task_command.py:426} INFO - Running <TaskInstance: steam_analytics_daily.extract_rawg_to_bronze scheduled__2026-09-03T02:00:00+00:00 [running]> on host 77b425fa5bb6
[2026-09-04T08:08:57.421+0000] {taskinstance.py:2648} INFO - Exporting env vars: AIRFLOW_CTX_DAG_OWNER='data_engineer' AIRFLOW_CTX_DAG_ID='steam_analytics_daily' AIRFLOW_CTX_TASK_ID='extract_rawg_to_bronze' AIRFLOW_CTX_EXECUTION_DATE='2026-09-03T02:00:00+00:00' AIRFLOW_CTX_TRY_NUMBER='2' AIRFLOW_CTX_DAG_RUN_ID='scheduled__2026-09-03T02:00:00+00:00'
[2026-09-04T08:08:57.422+0000] {taskinstance.py:430} INFO - ::endgroup::
[2026-09-04T08:08:57.423+0000] {steam_analytics.py:101} INFO - Memulai extract RAWG untuk 2026-09-03
[2026-09-04T08:08:57.527+0000] {minio_client.py:91} INFO - Berhasil membaca 1000 record dari s3://steam-analytics/bronze/steamspy/2026-09-03/data.json
[2026-09-04T08:08:57.551+0000] {taskinstance.py:441} INFO - ::group::Post task execution logs
[2026-09-04T08:08:57.552+0000] {taskinstance.py:2905} ERROR - Task failed with exception
Traceback (most recent call last):
  File "/home/airflow/.local/lib/python3.12/site-packages/airflow/models/taskinstance.py", line 465, in _execute_task
    result = _execute_callable(context=context, **execute_callable_kwargs)
             ^^^^^^^^^^^^^^^^^^^^^^^^^^^^^^^^^^^^^^^^^^^^^^^^^^^^^^^^^^^^^
  File "/home/airflow/.local/lib/python3.12/site-packages/airflow/models/taskinstance.py", line 432, in _execute_callable
    return execute_callable(context=context, **execute_callable_kwargs)
           ^^^^^^^^^^^^^^^^^^^^^^^^^^^^^^^^^^^^^^^^^^^^^^^^^^^^^^^^^^^^
  File "/home/airflow/.local/lib/python3.12/site-packages/airflow/models/baseoperator.py", line 401, in wrapper
    return func(self, *args, **kwargs)
           ^^^^^^^^^^^^^^^^^^^^^^^^^^^
  File "/home/airflow/.local/lib/python3.12/site-packages/airflow/decorators/base.py", line 265, in execute
    return_value = super().execute(context)
                   ^^^^^^^^^^^^^^^^^^^^^^^^
  File "/home/airflow/.local/lib/python3.12/site-packages/airflow/models/baseoperator.py", line 401, in wrapper
    return func(self, *args, **kwargs)
           ^^^^^^^^^^^^^^^^^^^^^^^^^^^
  File "/home/airflow/.local/lib/python3.12/site-packages/airflow/operators/python.py", line 235, in execute
    return_value = self.execute_callable()
                   ^^^^^^^^^^^^^^^^^^^^^^^
  File "/home/airflow/.local/lib/python3.12/site-packages/airflow/operators/python.py", line 252, in execute_callable
    return self.python_callable(*self.op_args, **self.op_kwargs)
           ^^^^^^^^^^^^^^^^^^^^^^^^^^^^^^^^^^^^^^^^^^^^^^^^^^^^^
  File "/opt/airflow/dags/steam_analytics.py", line 138, in extract_rawg_to_bronze
    conn = postgres.get_connection()
           ^^^^^^^^^^^^^^^^^^^^^^^^^
  File "/opt/airflow/src/load/postgres.py", line 36, in get_connection
    return psycopg2.connect(
           ^^^^^^^^^^^^^^^^^
  File "/home/airflow/.local/lib/python3.12/site-packages/psycopg2/__init__.py", line 122, in connect
    conn = _connect(dsn, connection_factory=connection_factory, **kwasync)
           ^^^^^^^^^^^^^^^^^^^^^^^^^^^^^^^^^^^^^^^^^^^^^^^^^^^^^^^^^^^^^^^
psycopg2.OperationalError: connection to server at "postgres-warehouse" (172.18.0.3), port 5432 failed: FATAL:  password authentication failed for user "postgres"

[2026-09-04T08:08:57.568+0000] {taskinstance.py:1206} INFO - Marking task as UP_FOR_RETRY. dag_id=steam_analytics_daily, task_id=extract_rawg_to_bronze, run_id=scheduled__2026-09-03T02:00:00+00:00, execution_date=20260903T020000, start_date=20260904T080857, end_date=20260904T080857
[2026-09-04T08:08:57.578+0000] {standard_task_runner.py:110} ERROR - Failed to execute job 4 for task extract_rawg_to_bronze (connection to server at "postgres-warehouse" (172.18.0.3), port 5432 failed: FATAL:  password authentication failed for user "postgres"
; 216)
[2026-09-04T08:08:57.593+0000] {local_task_job_runner.py:243} INFO - Task exited with return code 1
[2026-09-04T08:08:57.615+0000] {taskinstance.py:3503} INFO - 0 downstream tasks scheduled from follow-on schedule check
[2026-09-04T08:08:57.617+0000] {local_task_job_runner.py:222} INFO - ::endgroup::
[2026-09-04T08:18:39.753+0000] {local_task_job_runner.py:120} INFO - ::group::Pre task execution logs
[2026-09-04T08:18:39.786+0000] {taskinstance.py:2076} INFO - Dependencies all met for dep_context=non-requeueable deps ti=<TaskInstance: steam_analytics_daily.extract_rawg_to_bronze scheduled__2026-09-03T02:00:00+00:00 [queued]>
[2026-09-04T08:18:39.793+0000] {taskinstance.py:2076} INFO - Dependencies all met for dep_context=requeueable deps ti=<TaskInstance: steam_analytics_daily.extract_rawg_to_bronze scheduled__2026-09-03T02:00:00+00:00 [queued]>
[2026-09-04T08:18:39.794+0000] {taskinstance.py:2306} INFO - Starting attempt 2 of 2
[2026-09-04T08:18:39.805+0000] {taskinstance.py:2330} INFO - Executing <Task(_PythonDecoratedOperator): extract_rawg_to_bronze> on 2026-09-03 02:00:00+00:00
[2026-09-04T08:18:39.812+0000] {logging_mixin.py:188} WARNING - /home/***/.local/lib/python3.12/site-packages/***/task/task_runner/standard_task_runner.py:62 DeprecationWarning: This process (pid=265) is multi-threaded, use of fork() may lead to deadlocks in the child.
[2026-09-04T08:18:39.812+0000] {standard_task_runner.py:90} INFO - Running: ['***', 'tasks', 'run', 'steam_analytics_daily', 'extract_rawg_to_bronze', 'scheduled__2026-09-03T02:00:00+00:00', '--job-id', '4', '--raw', '--subdir', 'DAGS_FOLDER/steam_analytics.py', '--cfg-path', '/tmp/tmp4b3y4ypf']
[2026-09-04T08:18:39.814+0000] {standard_task_runner.py:64} INFO - Started process 266 to run task
[2026-09-04T08:18:39.814+0000] {standard_task_runner.py:91} INFO - Job 4: Subtask extract_rawg_to_bronze
[2026-09-04T08:18:39.859+0000] {task_command.py:426} INFO - Running <TaskInstance: steam_analytics_daily.extract_rawg_to_bronze scheduled__2026-09-03T02:00:00+00:00 [running]> on host 56029f1728e2
[2026-09-04T08:18:39.943+0000] {taskinstance.py:2648} INFO - Exporting env vars: AIRFLOW_CTX_DAG_OWNER='data_engineer' AIRFLOW_CTX_DAG_ID='steam_analytics_daily' AIRFLOW_CTX_TASK_ID='extract_rawg_to_bronze' AIRFLOW_CTX_EXECUTION_DATE='2026-09-03T02:00:00+00:00' AIRFLOW_CTX_TRY_NUMBER='2' AIRFLOW_CTX_DAG_RUN_ID='scheduled__2026-09-03T02:00:00+00:00'
[2026-09-04T08:18:39.944+0000] {taskinstance.py:430} INFO - ::endgroup::
[2026-09-04T08:18:39.945+0000] {steam_analytics.py:101} INFO - Memulai extract RAWG untuk 2026-09-03
[2026-09-04T08:18:40.072+0000] {minio_client.py:91} INFO - Berhasil membaca 1000 record dari s3://steam-analytics/bronze/steamspy/2026-09-03/data.json
[2026-09-04T08:18:40.096+0000] {base.py:84} INFO - Using connection ID '***_warehouse' for task execution.
[2026-09-04T08:18:40.100+0000] {taskinstance.py:441} INFO - ::group::Post task execution logs
[2026-09-04T08:18:40.101+0000] {taskinstance.py:2905} ERROR - Task failed with exception
Traceback (most recent call last):
  File "/home/airflow/.local/lib/python3.12/site-packages/airflow/models/taskinstance.py", line 465, in _execute_task
    result = _execute_callable(context=context, **execute_callable_kwargs)
             ^^^^^^^^^^^^^^^^^^^^^^^^^^^^^^^^^^^^^^^^^^^^^^^^^^^^^^^^^^^^^
  File "/home/airflow/.local/lib/python3.12/site-packages/airflow/models/taskinstance.py", line 432, in _execute_callable
    return execute_callable(context=context, **execute_callable_kwargs)
           ^^^^^^^^^^^^^^^^^^^^^^^^^^^^^^^^^^^^^^^^^^^^^^^^^^^^^^^^^^^^
  File "/home/airflow/.local/lib/python3.12/site-packages/airflow/models/baseoperator.py", line 401, in wrapper
    return func(self, *args, **kwargs)
           ^^^^^^^^^^^^^^^^^^^^^^^^^^^
  File "/home/airflow/.local/lib/python3.12/site-packages/airflow/decorators/base.py", line 265, in execute
    return_value = super().execute(context)
                   ^^^^^^^^^^^^^^^^^^^^^^^^
  File "/home/airflow/.local/lib/python3.12/site-packages/airflow/models/baseoperator.py", line 401, in wrapper
    return func(self, *args, **kwargs)
           ^^^^^^^^^^^^^^^^^^^^^^^^^^^
  File "/home/airflow/.local/lib/python3.12/site-packages/airflow/operators/python.py", line 235, in execute
    return_value = self.execute_callable()
                   ^^^^^^^^^^^^^^^^^^^^^^^
  File "/home/airflow/.local/lib/python3.12/site-packages/airflow/operators/python.py", line 252, in execute_callable
    return self.python_callable(*self.op_args, **self.op_kwargs)
           ^^^^^^^^^^^^^^^^^^^^^^^^^^^^^^^^^^^^^^^^^^^^^^^^^^^^^
  File "/opt/airflow/dags/steam_analytics.py", line 138, in extract_rawg_to_bronze
    conn = postgres.get_connection()
           ^^^^^^^^^^^^^^^^^^^^^^^^^
  File "/opt/airflow/src/load/postgres.py", line 49, in get_connection
    return hook.get_conn()
           ^^^^^^^^^^^^^^^
  File "/home/airflow/.local/lib/python3.12/site-packages/airflow/providers/postgres/hooks/postgres.py", line 175, in get_conn
    self.conn = psycopg2.connect(**conn_args)
                ^^^^^^^^^^^^^^^^^^^^^^^^^^^^^
  File "/home/airflow/.local/lib/python3.12/site-packages/psycopg2/__init__.py", line 122, in connect
    conn = _connect(dsn, connection_factory=connection_factory, **kwasync)
           ^^^^^^^^^^^^^^^^^^^^^^^^^^^^^^^^^^^^^^^^^^^^^^^^^^^^^^^^^^^^^^^
psycopg2.OperationalError: connection to server at "***-warehouse" (172.18.0.3), port 5432 failed: FATAL:  password authentication failed for user "***"

[2026-09-04T08:18:40.117+0000] {taskinstance.py:1206} INFO - Marking task as FAILED. dag_id=steam_analytics_daily, task_id=extract_rawg_to_bronze, run_id=scheduled__2026-09-03T02:00:00+00:00, execution_date=20260903T020000, start_date=20260904T081839, end_date=20260904T081840
[2026-09-04T08:18:40.126+0000] {standard_task_runner.py:110} ERROR - Failed to execute job 4 for task extract_rawg_to_bronze (connection to server at "***-warehouse" (172.18.0.3), port 5432 failed: FATAL:  password authentication failed for user "***"
; 266)
[2026-09-04T08:18:40.147+0000] {local_task_job_runner.py:243} INFO - Task exited with return code 1
[2026-09-04T08:18:40.169+0000] {taskinstance.py:3503} INFO - 0 downstream tasks scheduled from follow-on schedule check
[2026-09-04T08:18:40.173+0000] {local_task_job_runner.py:222} INFO - ::endgroup::
