[2026-09-08T16:10:58.856+0000] {local_task_job_runner.py:120} INFO - ::group::Pre task execution logs
[2026-09-08T16:10:58.887+0000] {taskinstance.py:2076} INFO - Dependencies all met for dep_context=non-requeueable deps ti=<TaskInstance: steam_analytics_daily.extract_rawg_to_bronze manual__2026-09-08T16:03:51.286493+00:00 [queued]>
[2026-09-08T16:10:58.895+0000] {taskinstance.py:2076} INFO - Dependencies all met for dep_context=requeueable deps ti=<TaskInstance: steam_analytics_daily.extract_rawg_to_bronze manual__2026-09-08T16:03:51.286493+00:00 [queued]>
[2026-09-08T16:10:58.895+0000] {taskinstance.py:2306} INFO - Starting attempt 2 of 2
[2026-09-08T16:10:58.907+0000] {taskinstance.py:2330} INFO - Executing <Task(_PythonDecoratedOperator): extract_rawg_to_bronze> on 2026-09-08 16:03:51.286493+00:00
[2026-09-08T16:10:58.914+0000] {logging_mixin.py:188} WARNING - /home/***/.local/lib/python3.12/site-packages/***/task/task_runner/standard_task_runner.py:62 DeprecationWarning: This process (pid=2216) is multi-threaded, use of fork() may lead to deadlocks in the child.
[2026-09-08T16:10:58.915+0000] {standard_task_runner.py:64} INFO - Started process 2217 to run task
[2026-09-08T16:10:58.914+0000] {standard_task_runner.py:90} INFO - Running: ['***', 'tasks', 'run', 'steam_analytics_daily', 'extract_rawg_to_bronze', 'manual__2026-09-08T16:03:51.286493+00:00', '--job-id', '11', '--raw', '--subdir', 'DAGS_FOLDER/steam_analytics.py', '--cfg-path', '/tmp/tmpgj7kozu8']
[2026-09-08T16:10:58.915+0000] {standard_task_runner.py:91} INFO - Job 11: Subtask extract_rawg_to_bronze
[2026-09-08T16:10:58.955+0000] {task_command.py:426} INFO - Running <TaskInstance: steam_analytics_daily.extract_rawg_to_bronze manual__2026-09-08T16:03:51.286493+00:00 [running]> on host d6ba0ff7b234
[2026-09-08T16:10:59.035+0000] {taskinstance.py:2648} INFO - Exporting env vars: AIRFLOW_CTX_DAG_OWNER='data_engineer' AIRFLOW_CTX_DAG_ID='steam_analytics_daily' AIRFLOW_CTX_TASK_ID='extract_rawg_to_bronze' AIRFLOW_CTX_EXECUTION_DATE='2026-09-08T16:03:51.286493+00:00' AIRFLOW_CTX_TRY_NUMBER='2' AIRFLOW_CTX_DAG_RUN_ID='manual__2026-09-08T16:03:51.286493+00:00'
[2026-09-08T16:10:59.036+0000] {taskinstance.py:430} INFO - ::endgroup::
[2026-09-08T16:10:59.037+0000] {steam_analytics.py:115} INFO - Memulai extract RAWG untuk 2026-09-08
[2026-09-08T16:10:59.152+0000] {minio_client.py:87} INFO - Berhasil membaca 3000 record dari s3://steam-analytics/bronze/steamspy/2026-09-08/data.json
[2026-09-08T16:10:59.153+0000] {steam_analytics.py:118} INFO - SteamSpy Bronze berisi 3000 game.
[2026-09-08T16:10:59.171+0000] {taskinstance.py:441} INFO - ::group::Post task execution logs
[2026-09-08T16:10:59.172+0000] {taskinstance.py:2905} ERROR - Task failed with exception
Traceback (most recent call last):
  File "/home/airflow/.local/lib/python3.12/site-packages/airflow/models/taskinstance.py", line 465, in _execute_task
    result = _execute_callable(context=context, **execute_callable_kwargs)
             ^^^^^^^^^^^^^^^^^^^^^^^^^^^^^^^^^^^^^^^^^^^^^^^^^^^^^^^^^^^^^
  File "/home/airflow/.local/lib/python3.12/site-packages/airflow/models/taskinstance.py", line 432, in _execute_callable
    return execute_callable(context=context, **execute_callable_kwargs)
           ^^^^^^^^^^^^^^^^^^^^^^^^^^^^^^^^^^^^^^^^^^^^^^^^^^^^^^^^^^^^
  File "/home/airflow/.local/lib/python3.12/site-packages/airflow/models/baseoperator.py", line 401, in wrapper
    return func(self, *args, **kwargs)
           ^^^^^^^^^^^^^^^^^^^^^^^^^^^
  File "/home/airflow/.local/lib/python3.12/site-packages/airflow/decorators/base.py", line 265, in execute
    return_value = super().execute(context)
                   ^^^^^^^^^^^^^^^^^^^^^^^^
  File "/home/airflow/.local/lib/python3.12/site-packages/airflow/models/baseoperator.py", line 401, in wrapper
    return func(self, *args, **kwargs)
           ^^^^^^^^^^^^^^^^^^^^^^^^^^^
  File "/home/airflow/.local/lib/python3.12/site-packages/airflow/operators/python.py", line 235, in execute
    return_value = self.execute_callable()
                   ^^^^^^^^^^^^^^^^^^^^^^^
  File "/home/airflow/.local/lib/python3.12/site-packages/airflow/operators/python.py", line 252, in execute_callable
    return self.python_callable(*self.op_args, **self.op_kwargs)
           ^^^^^^^^^^^^^^^^^^^^^^^^^^^^^^^^^^^^^^^^^^^^^^^^^^^^^
  File "/opt/airflow/dags/steam_analytics.py", line 124, in extract_rawg_to_bronze
    conn = postgres.get_connection()
           ^^^^^^^^^^^^^^^^^^^^^^^
AttributeError: module 'src.load.postgres' has no attribute 'get_connection'
[2026-09-08T16:10:59.184+0000] {taskinstance.py:1206} INFO - Marking task as FAILED. dag_id=steam_analytics_daily, task_id=extract_rawg_to_bronze, run_id=manual__2026-09-08T16:03:51.286493+00:00, execution_date=20260908T160351, start_date=20260908T161058, end_date=20260908T161059
[2026-09-08T16:10:59.193+0000] {standard_task_runner.py:110} ERROR - Failed to execute job 11 for task extract_rawg_to_bronze (module 'src.load.postgres' has no attribute 'get_connection'; 2217)
[2026-09-08T16:10:59.208+0000] {local_task_job_runner.py:243} INFO - Task exited with return code 1
[2026-09-08T16:10:59.229+0000] {taskinstance.py:3503} INFO - 0 downstream tasks scheduled from follow-on schedule check
[2026-09-08T16:10:59.233+0000] {local_task_job_runner.py:222} INFO - ::endgroup::
