[2026-09-08T16:33:20.053+0000] {local_task_job_runner.py:120} INFO - ::group::Pre task execution logs
[2026-09-08T16:33:20.082+0000] {taskinstance.py:2076} INFO - Dependencies all met for dep_context=non-requeueable deps ti=<TaskInstance: steam_analytics_daily.extract_rawg_to_bronze manual__2026-09-08T16:33:18.355196+00:00 [queued]>
[2026-09-08T16:33:20.088+0000] {taskinstance.py:2076} INFO - Dependencies all met for dep_context=requeueable deps ti=<TaskInstance: steam_analytics_daily.extract_rawg_to_bronze manual__2026-09-08T16:33:18.355196+00:00 [queued]>
[2026-09-08T16:33:20.089+0000] {taskinstance.py:2306} INFO - Starting attempt 1 of 2
[2026-09-08T16:33:20.099+0000] {taskinstance.py:2330} INFO - Executing <Task(_PythonDecoratedOperator): extract_rawg_to_bronze> on 2026-09-08 16:33:18.355196+00:00
[2026-09-08T16:33:20.106+0000] {logging_mixin.py:188} WARNING - /home/***/.local/lib/python3.12/site-packages/***/task/task_runner/standard_task_runner.py:62 DeprecationWarning: This process (pid=2458) is multi-threaded, use of fork() may lead to deadlocks in the child.
[2026-09-08T16:33:20.107+0000] {standard_task_runner.py:64} INFO - Started process 2459 to run task
[2026-09-08T16:33:20.106+0000] {standard_task_runner.py:90} INFO - Running: ['***', 'tasks', 'run', 'steam_analytics_daily', 'extract_rawg_to_bronze', 'manual__2026-09-08T16:33:18.355196+00:00', '--job-id', '21', '--raw', '--subdir', 'DAGS_FOLDER/steam_analytics.py', '--cfg-path', '/tmp/tmpd_an6_qw']
[2026-09-08T16:33:20.108+0000] {standard_task_runner.py:91} INFO - Job 21: Subtask extract_rawg_to_bronze
[2026-09-08T16:33:20.144+0000] {task_command.py:426} INFO - Running <TaskInstance: steam_analytics_daily.extract_rawg_to_bronze manual__2026-09-08T16:33:18.355196+00:00 [running]> on host d6ba0ff7b234
[2026-09-08T16:33:20.226+0000] {taskinstance.py:2648} INFO - Exporting env vars: AIRFLOW_CTX_DAG_OWNER='data_engineer' AIRFLOW_CTX_DAG_ID='steam_analytics_daily' AIRFLOW_CTX_TASK_ID='extract_rawg_to_bronze' AIRFLOW_CTX_EXECUTION_DATE='2026-09-08T16:33:18.355196+00:00' AIRFLOW_CTX_TRY_NUMBER='1' AIRFLOW_CTX_DAG_RUN_ID='manual__2026-09-08T16:33:18.355196+00:00'
[2026-09-08T16:33:20.227+0000] {taskinstance.py:430} INFO - ::endgroup::
[2026-09-08T16:33:20.227+0000] {steam_analytics.py:115} INFO - Memulai extract RAWG untuk 2026-09-08
[2026-09-08T16:33:20.345+0000] {minio_client.py:87} INFO - Berhasil membaca 3000 record dari s3://steam-analytics/bronze/steamspy/2026-09-08/data.json
[2026-09-08T16:33:20.346+0000] {steam_analytics.py:118} INFO - SteamSpy Bronze berisi 3000 game.
[2026-09-08T16:33:20.356+0000] {steam_analytics.py:121} INFO - Bronze RAWG 2026-09-08 sudah ada. RAWG API call dilewati.
[2026-09-08T16:33:20.358+0000] {python.py:237} INFO - Done. Returned value was: None
[2026-09-08T16:33:20.358+0000] {taskinstance.py:441} INFO - ::group::Post task execution logs
[2026-09-08T16:33:20.367+0000] {taskinstance.py:1206} INFO - Marking task as SUCCESS. dag_id=steam_analytics_daily, task_id=extract_rawg_to_bronze, run_id=manual__2026-09-08T16:33:18.355196+00:00, execution_date=20260908T163318, start_date=20260908T163320, end_date=20260908T163320
[2026-09-08T16:33:20.401+0000] {local_task_job_runner.py:243} INFO - Task exited with return code 0
[2026-09-08T16:33:20.431+0000] {taskinstance.py:3503} INFO - 1 downstream tasks scheduled from follow-on schedule check
[2026-09-08T16:33:20.433+0000] {local_task_job_runner.py:222} INFO - ::endgroup::
