[2026-09-10T19:47:13.483+0000] {local_task_job_runner.py:120} INFO - ::group::Pre task execution logs
[2026-09-10T19:47:13.512+0000] {taskinstance.py:2076} INFO - Dependencies all met for dep_context=non-requeueable deps ti=<TaskInstance: steam_analytics_daily.process_new_games_and_dimensions manual__2026-09-10T19:47:10.190634+00:00 [queued]>
[2026-09-10T19:47:13.519+0000] {taskinstance.py:2076} INFO - Dependencies all met for dep_context=requeueable deps ti=<TaskInstance: steam_analytics_daily.process_new_games_and_dimensions manual__2026-09-10T19:47:10.190634+00:00 [queued]>
[2026-09-10T19:47:13.519+0000] {taskinstance.py:2306} INFO - Starting attempt 1 of 2
[2026-09-10T19:47:13.530+0000] {taskinstance.py:2330} INFO - Executing <Task(_PythonDecoratedOperator): process_new_games_and_dimensions> on 2026-09-10 19:47:10.190634+00:00
[2026-09-10T19:47:13.536+0000] {logging_mixin.py:188} WARNING - /home/***/.local/lib/python3.12/site-packages/***/task/task_runner/standard_task_runner.py:62 DeprecationWarning: This process (pid=259) is multi-threaded, use of fork() may lead to deadlocks in the child.
[2026-09-10T19:47:13.537+0000] {standard_task_runner.py:64} INFO - Started process 260 to run task
[2026-09-10T19:47:13.536+0000] {standard_task_runner.py:90} INFO - Running: ['***', 'tasks', 'run', 'steam_analytics_daily', 'process_new_games_and_dimensions', 'manual__2026-09-10T19:47:10.190634+00:00', '--job-id', '31', '--raw', '--subdir', 'DAGS_FOLDER/steam_analytics.py', '--cfg-path', '/tmp/tmphgu2dx6v']
[2026-09-10T19:47:13.537+0000] {standard_task_runner.py:91} INFO - Job 31: Subtask process_new_games_and_dimensions
[2026-09-10T19:47:13.577+0000] {task_command.py:426} INFO - Running <TaskInstance: steam_analytics_daily.process_new_games_and_dimensions manual__2026-09-10T19:47:10.190634+00:00 [running]> on host fcb1bc3b8094
[2026-09-10T19:47:13.651+0000] {taskinstance.py:2648} INFO - Exporting env vars: AIRFLOW_CTX_DAG_OWNER='data_engineer' AIRFLOW_CTX_DAG_ID='steam_analytics_daily' AIRFLOW_CTX_TASK_ID='process_new_games_and_dimensions' AIRFLOW_CTX_EXECUTION_DATE='2026-09-10T19:47:10.190634+00:00' AIRFLOW_CTX_TRY_NUMBER='1' AIRFLOW_CTX_DAG_RUN_ID='manual__2026-09-10T19:47:10.190634+00:00'
[2026-09-10T19:47:13.652+0000] {taskinstance.py:430} INFO - ::endgroup::
[2026-09-10T19:47:13.765+0000] {minio_client.py:87} INFO - Berhasil membaca 3000 record dari s3://steam-analytics/bronze/steamspy/2026-09-10/data.json
[2026-09-10T19:47:13.785+0000] {minio_client.py:87} INFO - Berhasil membaca 0 record dari s3://steam-analytics/bronze/rawg/2026-09-10/data.json
[2026-09-10T19:47:13.787+0000] {crypto.py:82} WARNING - empty cryptography key - values will not be stored encrypted.
[2026-09-10T19:47:13.787+0000] {base.py:84} INFO - Using connection ID 'postgres_***' for task execution.
[2026-09-10T19:47:13.801+0000] {postgres.py:62} INFO - Ditemukan 3000 appid yang sudah punya mapping
[2026-09-10T19:47:13.802+0000] {matching.py:69} INFO - Deteksi game baru: 0 dari 3000 game hari ini belum punya mapping
[2026-09-10T19:47:13.803+0000] {steam_analytics.py:172} INFO - Game baru yang akan di-matching: 0
[2026-09-10T19:47:13.804+0000] {steam_analytics.py:185} INFO - Silver dimensions selesai. Game baru diproses: 0
[2026-09-10T19:47:13.805+0000] {python.py:237} INFO - Done. Returned value was: None
[2026-09-10T19:47:13.805+0000] {taskinstance.py:441} INFO - ::group::Post task execution logs
[2026-09-10T19:47:13.814+0000] {taskinstance.py:1206} INFO - Marking task as SUCCESS. dag_id=steam_analytics_daily, task_id=process_new_games_and_dimensions, run_id=manual__2026-09-10T19:47:10.190634+00:00, execution_date=20260910T194710, start_date=20260910T194713, end_date=20260910T194713
[2026-09-10T19:47:13.871+0000] {local_task_job_runner.py:243} INFO - Task exited with return code 0
[2026-09-10T19:47:13.896+0000] {taskinstance.py:3503} INFO - 1 downstream tasks scheduled from follow-on schedule check
[2026-09-10T19:47:13.898+0000] {local_task_job_runner.py:222} INFO - ::endgroup::
