[2026-09-13T02:22:05.153+0000] {local_task_job_runner.py:120} INFO - ::group::Pre task execution logs
[2026-09-13T02:22:05.188+0000] {taskinstance.py:2076} INFO - Dependencies all met for dep_context=non-requeueable deps ti=<TaskInstance: steam_analytics_daily.extract_rawg_to_bronze manual__2026-09-13T02:19:52.588305+00:00 [queued]>
[2026-09-13T02:22:05.195+0000] {taskinstance.py:2076} INFO - Dependencies all met for dep_context=requeueable deps ti=<TaskInstance: steam_analytics_daily.extract_rawg_to_bronze manual__2026-09-13T02:19:52.588305+00:00 [queued]>
[2026-09-13T02:22:05.196+0000] {taskinstance.py:2306} INFO - Starting attempt 1 of 2
[2026-09-13T02:22:05.208+0000] {taskinstance.py:2330} INFO - Executing <Task(_PythonDecoratedOperator): extract_rawg_to_bronze> on 2026-09-13 02:19:52.588305+00:00
[2026-09-13T02:22:05.214+0000] {logging_mixin.py:188} WARNING - /home/***/.local/lib/python3.12/site-packages/***/task/task_runner/standard_task_runner.py:62 DeprecationWarning: This process (pid=272) is multi-threaded, use of fork() may lead to deadlocks in the child.
[2026-09-13T02:22:05.215+0000] {standard_task_runner.py:64} INFO - Started process 273 to run task
[2026-09-13T02:22:05.214+0000] {standard_task_runner.py:90} INFO - Running: ['***', 'tasks', 'run', 'steam_analytics_daily', 'extract_rawg_to_bronze', 'manual__2026-09-13T02:19:52.588305+00:00', '--job-id', '89', '--raw', '--subdir', 'DAGS_FOLDER/steam_analytics.py', '--cfg-path', '/tmp/tmp65tx5tiw']
[2026-09-13T02:22:05.216+0000] {standard_task_runner.py:91} INFO - Job 89: Subtask extract_rawg_to_bronze
[2026-09-13T02:22:05.258+0000] {task_command.py:426} INFO - Running <TaskInstance: steam_analytics_daily.extract_rawg_to_bronze manual__2026-09-13T02:19:52.588305+00:00 [running]> on host fcb1bc3b8094
[2026-09-13T02:22:05.335+0000] {taskinstance.py:2648} INFO - Exporting env vars: AIRFLOW_CTX_DAG_OWNER='data_engineer' AIRFLOW_CTX_DAG_ID='steam_analytics_daily' AIRFLOW_CTX_TASK_ID='extract_rawg_to_bronze' AIRFLOW_CTX_EXECUTION_DATE='2026-09-13T02:19:52.588305+00:00' AIRFLOW_CTX_TRY_NUMBER='1' AIRFLOW_CTX_DAG_RUN_ID='manual__2026-09-13T02:19:52.588305+00:00'
[2026-09-13T02:22:05.336+0000] {taskinstance.py:430} INFO - ::endgroup::
[2026-09-13T02:22:05.337+0000] {steam_analytics.py:96} INFO - Memulai extract RAWG untuk 2026-09-13
[2026-09-13T02:22:05.460+0000] {minio_client.py:83} INFO - Berhasil membaca 3000 record dari s3://steam-analytics/bronze/steamspy/2026-09-13/data.json
[2026-09-13T02:22:05.460+0000] {steam_analytics.py:99} INFO - SteamSpy Bronze berisi 3000 game.
[2026-09-13T02:22:05.477+0000] {crypto.py:82} WARNING - empty cryptography key - values will not be stored encrypted.
[2026-09-13T02:22:05.479+0000] {base.py:84} INFO - Using connection ID 'postgres_***' for task execution.
[2026-09-13T02:22:05.496+0000] {postgres.py:39} INFO - Ditemukan 3000 appid yang sudah punya mapping
[2026-09-13T02:22:05.497+0000] {steam_analytics.py:111} INFO - Existing mapping ditemukan: 3000 AppID.
[2026-09-13T02:22:05.498+0000] {matching.py:69} INFO - Deteksi game baru: 0 dari 3000 game hari ini belum punya mapping
[2026-09-13T02:22:05.499+0000] {steam_analytics.py:114} INFO - Game belum memiliki mapping: 0
[2026-09-13T02:22:05.499+0000] {steam_analytics.py:117} INFO - Tidak ada game baru. Membuat Bronze RAWG kosong.
[2026-09-13T02:22:05.516+0000] {minio_client.py:66} INFO - Berhasil menulis 0 record ke s3://steam-analytics/bronze/rawg/2026-09-13/data.json
[2026-09-13T02:22:05.518+0000] {python.py:237} INFO - Done. Returned value was: None
[2026-09-13T02:22:05.518+0000] {taskinstance.py:441} INFO - ::group::Post task execution logs
[2026-09-13T02:22:05.526+0000] {taskinstance.py:1206} INFO - Marking task as SUCCESS. dag_id=steam_analytics_daily, task_id=extract_rawg_to_bronze, run_id=manual__2026-09-13T02:19:52.588305+00:00, execution_date=20260913T021952, start_date=20260913T022205, end_date=20260913T022205
[2026-09-13T02:22:05.550+0000] {local_task_job_runner.py:243} INFO - Task exited with return code 0
[2026-09-13T02:22:05.573+0000] {taskinstance.py:3503} INFO - 1 downstream tasks scheduled from follow-on schedule check
[2026-09-13T02:22:05.575+0000] {local_task_job_runner.py:222} INFO - ::endgroup::
