[2026-09-08T16:33:00.977+0000] {local_task_job_runner.py:120} INFO - ::group::Pre task execution logs
[2026-09-08T16:33:01.009+0000] {taskinstance.py:2076} INFO - Dependencies all met for dep_context=non-requeueable deps ti=<TaskInstance: steam_analytics_daily.build_gold_data_mart manual__2026-09-08T16:03:51.286493+00:00 [queued]>
[2026-09-08T16:33:01.016+0000] {taskinstance.py:2076} INFO - Dependencies all met for dep_context=requeueable deps ti=<TaskInstance: steam_analytics_daily.build_gold_data_mart manual__2026-09-08T16:03:51.286493+00:00 [queued]>
[2026-09-08T16:33:01.016+0000] {taskinstance.py:2306} INFO - Starting attempt 2 of 3
[2026-09-08T16:33:01.028+0000] {taskinstance.py:2330} INFO - Executing <Task(_PythonDecoratedOperator): build_gold_data_mart> on 2026-09-08 16:03:51.286493+00:00
[2026-09-08T16:33:01.036+0000] {logging_mixin.py:188} WARNING - /home/***/.local/lib/python3.12/site-packages/***/task/task_runner/standard_task_runner.py:62 DeprecationWarning: This process (pid=2449) is multi-threaded, use of fork() may lead to deadlocks in the child.
[2026-09-08T16:33:01.037+0000] {standard_task_runner.py:64} INFO - Started process 2450 to run task
[2026-09-08T16:33:01.035+0000] {standard_task_runner.py:90} INFO - Running: ['***', 'tasks', 'run', 'steam_analytics_daily', 'build_gold_data_mart', 'manual__2026-09-08T16:03:51.286493+00:00', '--job-id', '19', '--raw', '--subdir', 'DAGS_FOLDER/steam_analytics.py', '--cfg-path', '/tmp/tmp2nwgca03']
[2026-09-08T16:33:01.038+0000] {standard_task_runner.py:91} INFO - Job 19: Subtask build_gold_data_mart
[2026-09-08T16:33:01.079+0000] {task_command.py:426} INFO - Running <TaskInstance: steam_analytics_daily.build_gold_data_mart manual__2026-09-08T16:03:51.286493+00:00 [running]> on host d6ba0ff7b234
[2026-09-08T16:33:01.184+0000] {taskinstance.py:2648} INFO - Exporting env vars: AIRFLOW_CTX_DAG_OWNER='data_engineer' AIRFLOW_CTX_DAG_ID='steam_analytics_daily' AIRFLOW_CTX_TASK_ID='build_gold_data_mart' AIRFLOW_CTX_EXECUTION_DATE='2026-09-08T16:03:51.286493+00:00' AIRFLOW_CTX_TRY_NUMBER='2' AIRFLOW_CTX_DAG_RUN_ID='manual__2026-09-08T16:03:51.286493+00:00'
[2026-09-08T16:33:01.185+0000] {taskinstance.py:430} INFO - ::endgroup::
[2026-09-08T16:33:01.186+0000] {steam_analytics.py:236} INFO - Memulai build SELURUH Gold Data Mart untuk 2026-09-08
[2026-09-08T16:33:01.187+0000] {crypto.py:82} WARNING - empty cryptography key - values will not be stored encrypted.
[2026-09-08T16:33:01.188+0000] {base.py:84} INFO - Using connection ID 'postgres_***' for task execution.
[2026-09-08T16:33:01.193+0000] {postgres.py:935} INFO - Memulai pembangunan seluruh Gold Data Mart untuk 2026-09-08
[2026-09-08T16:33:01.244+0000] {postgres.py:490} INFO - mart_game_ranking berhasil dibangun untuk 2026-09-08
[2026-09-08T16:33:01.262+0000] {postgres.py:598} INFO - mart_genre_analysis berhasil dibangun untuk 2026-09-08
[2026-09-08T16:33:01.280+0000] {postgres.py:699} INFO - mart_platform_analysis berhasil dibangun untuk 2026-09-08
[2026-09-08T16:33:01.288+0000] {postgres.py:788} INFO - mart_game_trend berhasil dibangun untuk 2026-09-08
[2026-09-08T16:33:01.298+0000] {postgres.py:920} INFO - mart_price_value_segment berhasil dibangun untuk 2026-09-08
[2026-09-08T16:33:01.298+0000] {postgres.py:950} INFO - Seluruh Gold Data Mart berhasil dibangun untuk 2026-09-08
[2026-09-08T16:33:01.299+0000] {python.py:237} INFO - Done. Returned value was: None
[2026-09-08T16:33:01.299+0000] {taskinstance.py:441} INFO - ::group::Post task execution logs
[2026-09-08T16:33:01.308+0000] {taskinstance.py:1206} INFO - Marking task as SUCCESS. dag_id=steam_analytics_daily, task_id=build_gold_data_mart, run_id=manual__2026-09-08T16:03:51.286493+00:00, execution_date=20260908T160351, start_date=20260908T163301, end_date=20260908T163301
[2026-09-08T16:33:01.331+0000] {local_task_job_runner.py:243} INFO - Task exited with return code 0
[2026-09-08T16:33:01.355+0000] {taskinstance.py:3503} INFO - 0 downstream tasks scheduled from follow-on schedule check
[2026-09-08T16:33:01.357+0000] {local_task_job_runner.py:222} INFO - ::endgroup::
