[2026-09-03T16:01:59.773+0000] {local_task_job_runner.py:120} INFO - ::group::Pre task execution logs
[2026-09-03T16:01:59.800+0000] {taskinstance.py:2076} INFO - Dependencies all met for dep_context=non-requeueable deps ti=<TaskInstance: steam_analytics_daily.process_new_games_and_dimensions manual__2026-09-03T16:01:56.752436+00:00 [queued]>
[2026-09-03T16:01:59.807+0000] {taskinstance.py:2076} INFO - Dependencies all met for dep_context=requeueable deps ti=<TaskInstance: steam_analytics_daily.process_new_games_and_dimensions manual__2026-09-03T16:01:56.752436+00:00 [queued]>
[2026-09-03T16:01:59.807+0000] {taskinstance.py:2306} INFO - Starting attempt 1 of 2
[2026-09-03T16:01:59.818+0000] {taskinstance.py:2330} INFO - Executing <Task(_PythonDecoratedOperator): process_new_games_and_dimensions> on 2026-09-03 16:01:56.752436+00:00
[2026-09-03T16:01:59.823+0000] {logging_mixin.py:188} WARNING - /home/***/.local/lib/python3.12/site-packages/***/task/task_runner/standard_task_runner.py:62 DeprecationWarning: This process (pid=228) is multi-threaded, use of fork() may lead to deadlocks in the child.
[2026-09-03T16:01:59.824+0000] {standard_task_runner.py:64} INFO - Started process 229 to run task
[2026-09-03T16:01:59.823+0000] {standard_task_runner.py:90} INFO - Running: ['***', 'tasks', 'run', 'steam_analytics_daily', 'process_new_games_and_dimensions', 'manual__2026-09-03T16:01:56.752436+00:00', '--job-id', '29', '--raw', '--subdir', 'DAGS_FOLDER/steam_analytics.py', '--cfg-path', '/tmp/tmp62sxca2_']
[2026-09-03T16:01:59.824+0000] {standard_task_runner.py:91} INFO - Job 29: Subtask process_new_games_and_dimensions
[2026-09-03T16:01:59.860+0000] {task_command.py:426} INFO - Running <TaskInstance: steam_analytics_daily.process_new_games_and_dimensions manual__2026-09-03T16:01:56.752436+00:00 [running]> on host d1c76e755124
[2026-09-03T16:01:59.929+0000] {taskinstance.py:2648} INFO - Exporting env vars: AIRFLOW_CTX_DAG_OWNER='data_engineer' AIRFLOW_CTX_DAG_ID='steam_analytics_daily' AIRFLOW_CTX_TASK_ID='process_new_games_and_dimensions' AIRFLOW_CTX_EXECUTION_DATE='2026-09-03T16:01:56.752436+00:00' AIRFLOW_CTX_TRY_NUMBER='1' AIRFLOW_CTX_DAG_RUN_ID='manual__2026-09-03T16:01:56.752436+00:00'
[2026-09-03T16:01:59.930+0000] {taskinstance.py:430} INFO - ::endgroup::
[2026-09-03T16:02:00.036+0000] {minio_client.py:91} INFO - Berhasil membaca 1000 record dari s3://steam-analytics/bronze/steamspy/2026-09-03/data.json
[2026-09-03T16:02:00.058+0000] {minio_client.py:91} INFO - Berhasil membaca 0 record dari s3://steam-analytics/bronze/rawg/2026-09-03/data.json
[2026-09-03T16:02:00.068+0000] {base.py:84} INFO - Using connection ID 'postgres_***' for task execution.
[2026-09-03T16:02:00.075+0000] {postgres.py:51} INFO - Ditemukan 1000 appid yang sudah punya mapping
[2026-09-03T16:02:00.076+0000] {matching.py:69} INFO - Deteksi game baru: 0 dari 1000 game hari ini belum punya mapping
[2026-09-03T16:02:00.077+0000] {steam_analytics.py:357} INFO - Task dimension selesai. Game baru diproses: 0
[2026-09-03T16:02:00.078+0000] {python.py:237} INFO - Done. Returned value was: None
[2026-09-03T16:02:00.079+0000] {taskinstance.py:441} INFO - ::group::Post task execution logs
[2026-09-03T16:02:00.090+0000] {taskinstance.py:1206} INFO - Marking task as SUCCESS. dag_id=steam_analytics_daily, task_id=process_new_games_and_dimensions, run_id=manual__2026-09-03T16:01:56.752436+00:00, execution_date=20260903T160156, start_date=20260903T160159, end_date=20260903T160200
[2026-09-03T16:02:00.117+0000] {local_task_job_runner.py:243} INFO - Task exited with return code 0
[2026-09-03T16:02:00.140+0000] {taskinstance.py:3503} INFO - 1 downstream tasks scheduled from follow-on schedule check
[2026-09-03T16:02:00.142+0000] {local_task_job_runner.py:222} INFO - ::endgroup::
