[2026-09-05T03:23:40.913+0000] {local_task_job_runner.py:120} INFO - ::group::Pre task execution logs
[2026-09-05T03:23:40.952+0000] {taskinstance.py:2076} INFO - Dependencies all met for dep_context=non-requeueable deps ti=<TaskInstance: steam_analytics_daily.extract_rawg_to_bronze scheduled__2026-09-04T02:00:00+00:00 [queued]>
[2026-09-05T03:23:40.963+0000] {taskinstance.py:2076} INFO - Dependencies all met for dep_context=requeueable deps ti=<TaskInstance: steam_analytics_daily.extract_rawg_to_bronze scheduled__2026-09-04T02:00:00+00:00 [queued]>
[2026-09-05T03:23:40.963+0000] {taskinstance.py:2306} INFO - Starting attempt 1 of 2
[2026-09-05T03:23:40.981+0000] {taskinstance.py:2330} INFO - Executing <Task(_PythonDecoratedOperator): extract_rawg_to_bronze> on 2026-09-04 02:00:00+00:00
[2026-09-05T03:23:40.992+0000] {logging_mixin.py:188} WARNING - /home/***/.local/lib/python3.12/site-packages/***/task/task_runner/standard_task_runner.py:62 DeprecationWarning: This process (pid=192) is multi-threaded, use of fork() may lead to deadlocks in the child.
[2026-09-05T03:23:40.990+0000] {standard_task_runner.py:90} INFO - Running: ['***', 'tasks', 'run', 'steam_analytics_daily', 'extract_rawg_to_bronze', 'scheduled__2026-09-04T02:00:00+00:00', '--job-id', '9', '--raw', '--subdir', 'DAGS_FOLDER/steam_analytics.py', '--cfg-path', '/tmp/tmpq4gbld8j']
[2026-09-05T03:23:40.993+0000] {standard_task_runner.py:91} INFO - Job 9: Subtask extract_rawg_to_bronze
[2026-09-05T03:23:40.993+0000] {standard_task_runner.py:64} INFO - Started process 193 to run task
[2026-09-05T03:23:41.080+0000] {task_command.py:426} INFO - Running <TaskInstance: steam_analytics_daily.extract_rawg_to_bronze scheduled__2026-09-04T02:00:00+00:00 [running]> on host 69bb381b179f
[2026-09-05T03:23:41.193+0000] {taskinstance.py:2648} INFO - Exporting env vars: AIRFLOW_CTX_DAG_OWNER='data_engineer' AIRFLOW_CTX_DAG_ID='steam_analytics_daily' AIRFLOW_CTX_TASK_ID='extract_rawg_to_bronze' AIRFLOW_CTX_EXECUTION_DATE='2026-09-04T02:00:00+00:00' AIRFLOW_CTX_TRY_NUMBER='1' AIRFLOW_CTX_DAG_RUN_ID='scheduled__2026-09-04T02:00:00+00:00'
[2026-09-05T03:23:41.194+0000] {taskinstance.py:430} INFO - ::endgroup::
[2026-09-05T03:23:41.195+0000] {steam_analytics.py:101} INFO - Memulai extract RAWG untuk 2026-09-04
[2026-09-05T03:23:41.341+0000] {minio_client.py:91} INFO - Berhasil membaca 1000 record dari s3://steam-analytics/bronze/steamspy/2026-09-04/data.json
[2026-09-05T03:23:41.356+0000] {crypto.py:82} WARNING - empty cryptography key - values will not be stored encrypted.
[2026-09-05T03:23:41.357+0000] {base.py:84} INFO - Using connection ID 'postgres_***' for task execution.
[2026-09-05T03:23:41.377+0000] {matching.py:69} INFO - Deteksi game baru: 0 dari 1000 game hari ini belum punya mapping
[2026-09-05T03:23:41.378+0000] {steam_analytics.py:159} INFO - Game belum memiliki mapping: 0
[2026-09-05T03:23:41.378+0000] {steam_analytics.py:171} INFO - Tidak ada game baru. Membuat Bronze RAWG kosong.
[2026-09-05T03:23:41.397+0000] {minio_client.py:74} INFO - Berhasil menulis 0 record ke s3://steam-analytics/bronze/rawg/2026-09-04/data.json
[2026-09-05T03:23:41.399+0000] {python.py:237} INFO - Done. Returned value was: None
[2026-09-05T03:23:41.400+0000] {taskinstance.py:441} INFO - ::group::Post task execution logs
[2026-09-05T03:23:41.413+0000] {taskinstance.py:1206} INFO - Marking task as SUCCESS. dag_id=steam_analytics_daily, task_id=extract_rawg_to_bronze, run_id=scheduled__2026-09-04T02:00:00+00:00, execution_date=20260904T020000, start_date=20260905T032340, end_date=20260905T032341
[2026-09-05T03:23:41.452+0000] {local_task_job_runner.py:243} INFO - Task exited with return code 0
[2026-09-05T03:23:41.486+0000] {taskinstance.py:3503} INFO - 1 downstream tasks scheduled from follow-on schedule check
[2026-09-05T03:23:41.489+0000] {local_task_job_runner.py:222} INFO - ::endgroup::
