[2026-09-02T08:01:01.153+0000] {local_task_job_runner.py:120} INFO - ::group::Pre task execution logs
[2026-09-02T08:01:01.192+0000] {taskinstance.py:2076} INFO - Dependencies all met for dep_context=non-requeueable deps ti=<TaskInstance: steam_analytics_daily.process_new_games_and_dimensions manual__2026-09-02T08:00:57.823710+00:00 [queued]>
[2026-09-02T08:01:01.201+0000] {taskinstance.py:2076} INFO - Dependencies all met for dep_context=requeueable deps ti=<TaskInstance: steam_analytics_daily.process_new_games_and_dimensions manual__2026-09-02T08:00:57.823710+00:00 [queued]>
[2026-09-02T08:01:01.201+0000] {taskinstance.py:2306} INFO - Starting attempt 1 of 2
[2026-09-02T08:01:01.217+0000] {taskinstance.py:2330} INFO - Executing <Task(_PythonDecoratedOperator): process_new_games_and_dimensions> on 2026-09-02 08:00:57.823710+00:00
[2026-09-02T08:01:01.224+0000] {logging_mixin.py:188} WARNING - /home/***/.local/lib/python3.12/site-packages/***/task/task_runner/standard_task_runner.py:62 DeprecationWarning: This process (pid=257) is multi-threaded, use of fork() may lead to deadlocks in the child.
[2026-09-02T08:01:01.224+0000] {standard_task_runner.py:90} INFO - Running: ['***', 'tasks', 'run', 'steam_analytics_daily', 'process_new_games_and_dimensions', 'manual__2026-09-02T08:00:57.823710+00:00', '--job-id', '15', '--raw', '--subdir', 'DAGS_FOLDER/steam_analytics.py', '--cfg-path', '/tmp/tmpvl3ykdo3']
[2026-09-02T08:01:01.225+0000] {standard_task_runner.py:64} INFO - Started process 258 to run task
[2026-09-02T08:01:01.225+0000] {standard_task_runner.py:91} INFO - Job 15: Subtask process_new_games_and_dimensions
[2026-09-02T08:01:01.271+0000] {task_command.py:426} INFO - Running <TaskInstance: steam_analytics_daily.process_new_games_and_dimensions manual__2026-09-02T08:00:57.823710+00:00 [running]> on host d1c76e755124
[2026-09-02T08:01:01.363+0000] {taskinstance.py:2648} INFO - Exporting env vars: AIRFLOW_CTX_DAG_OWNER='data_engineer' AIRFLOW_CTX_DAG_ID='steam_analytics_daily' AIRFLOW_CTX_TASK_ID='process_new_games_and_dimensions' AIRFLOW_CTX_EXECUTION_DATE='2026-09-02T08:00:57.823710+00:00' AIRFLOW_CTX_TRY_NUMBER='1' AIRFLOW_CTX_DAG_RUN_ID='manual__2026-09-02T08:00:57.823710+00:00'
[2026-09-02T08:01:01.364+0000] {taskinstance.py:430} INFO - ::endgroup::
[2026-09-02T08:01:01.477+0000] {minio_client.py:91} INFO - Berhasil membaca 1000 record dari s3://steam-analytics/bronze/steamspy/2026-09-02/data.json
[2026-09-02T08:01:01.499+0000] {minio_client.py:91} INFO - Berhasil membaca 0 record dari s3://steam-analytics/bronze/rawg/2026-09-02/data.json
[2026-09-02T08:01:01.509+0000] {base.py:84} INFO - Using connection ID 'postgres_***' for task execution.
[2026-09-02T08:01:01.516+0000] {postgres.py:51} INFO - Ditemukan 1000 appid yang sudah punya mapping
[2026-09-02T08:01:01.517+0000] {matching.py:69} INFO - Deteksi game baru: 0 dari 1000 game hari ini belum punya mapping
[2026-09-02T08:01:01.517+0000] {steam_analytics.py:357} INFO - Task dimension selesai. Game baru diproses: 0
[2026-09-02T08:01:01.518+0000] {python.py:237} INFO - Done. Returned value was: None
[2026-09-02T08:01:01.518+0000] {taskinstance.py:441} INFO - ::group::Post task execution logs
[2026-09-02T08:01:01.527+0000] {taskinstance.py:1206} INFO - Marking task as SUCCESS. dag_id=steam_analytics_daily, task_id=process_new_games_and_dimensions, run_id=manual__2026-09-02T08:00:57.823710+00:00, execution_date=20260902T080057, start_date=20260902T080101, end_date=20260902T080101
[2026-09-02T08:01:01.559+0000] {local_task_job_runner.py:243} INFO - Task exited with return code 0
[2026-09-02T08:01:01.579+0000] {taskinstance.py:3503} INFO - 1 downstream tasks scheduled from follow-on schedule check
[2026-09-02T08:01:01.581+0000] {local_task_job_runner.py:222} INFO - ::endgroup::
