[2026-09-05T03:58:24.123+0000] {local_task_job_runner.py:120} INFO - ::group::Pre task execution logs
[2026-09-05T03:58:24.158+0000] {taskinstance.py:2076} INFO - Dependencies all met for dep_context=non-requeueable deps ti=<TaskInstance: steam_analytics_daily.process_facts_and_silver_layer manual__2026-09-05T03:58:20.598901+00:00 [queued]>
[2026-09-05T03:58:24.166+0000] {taskinstance.py:2076} INFO - Dependencies all met for dep_context=requeueable deps ti=<TaskInstance: steam_analytics_daily.process_facts_and_silver_layer manual__2026-09-05T03:58:20.598901+00:00 [queued]>
[2026-09-05T03:58:24.167+0000] {taskinstance.py:2306} INFO - Starting attempt 1 of 2
[2026-09-05T03:58:24.179+0000] {taskinstance.py:2330} INFO - Executing <Task(_PythonDecoratedOperator): process_facts_and_silver_layer> on 2026-09-05 03:58:20.598901+00:00
[2026-09-05T03:58:24.186+0000] {logging_mixin.py:188} WARNING - /home/***/.local/lib/python3.12/site-packages/***/task/task_runner/standard_task_runner.py:62 DeprecationWarning: This process (pid=544) is multi-threaded, use of fork() may lead to deadlocks in the child.
[2026-09-05T03:58:24.185+0000] {standard_task_runner.py:90} INFO - Running: ['***', 'tasks', 'run', 'steam_analytics_daily', 'process_facts_and_silver_layer', 'manual__2026-09-05T03:58:20.598901+00:00', '--job-id', '15', '--raw', '--subdir', 'DAGS_FOLDER/steam_analytics.py', '--cfg-path', '/tmp/tmp30lyijjs']
[2026-09-05T03:58:24.187+0000] {standard_task_runner.py:64} INFO - Started process 545 to run task
[2026-09-05T03:58:24.187+0000] {standard_task_runner.py:91} INFO - Job 15: Subtask process_facts_and_silver_layer
[2026-09-05T03:58:24.228+0000] {task_command.py:426} INFO - Running <TaskInstance: steam_analytics_daily.process_facts_and_silver_layer manual__2026-09-05T03:58:20.598901+00:00 [running]> on host 69bb381b179f
[2026-09-05T03:58:24.307+0000] {taskinstance.py:2648} INFO - Exporting env vars: AIRFLOW_CTX_DAG_OWNER='data_engineer' AIRFLOW_CTX_DAG_ID='steam_analytics_daily' AIRFLOW_CTX_TASK_ID='process_facts_and_silver_layer' AIRFLOW_CTX_EXECUTION_DATE='2026-09-05T03:58:20.598901+00:00' AIRFLOW_CTX_TRY_NUMBER='1' AIRFLOW_CTX_DAG_RUN_ID='manual__2026-09-05T03:58:20.598901+00:00'
[2026-09-05T03:58:24.307+0000] {taskinstance.py:430} INFO - ::endgroup::
[2026-09-05T03:58:24.413+0000] {minio_client.py:91} INFO - Berhasil membaca 1000 record dari s3://steam-analytics/bronze/steamspy/2026-09-05/data.json
[2026-09-05T03:58:24.414+0000] {crypto.py:82} WARNING - empty cryptography key - values will not be stored encrypted.
[2026-09-05T03:58:24.415+0000] {base.py:84} INFO - Using connection ID 'postgres_***' for task execution.
[2026-09-05T03:58:24.426+0000] {cleaning.py:219} WARNING - appid 1063730 tidak ditemukan di game_lookup, dilewati
[2026-09-05T03:58:24.426+0000] {cleaning.py:219} WARNING - appid 291480 tidak ditemukan di game_lookup, dilewati
[2026-09-05T03:58:24.428+0000] {cleaning.py:219} WARNING - appid 203160 tidak ditemukan di game_lookup, dilewati
[2026-09-05T03:58:24.428+0000] {cleaning.py:219} WARNING - appid 1172620 tidak ditemukan di game_lookup, dilewati
[2026-09-05T03:58:24.429+0000] {cleaning.py:219} WARNING - appid 221380 tidak ditemukan di game_lookup, dilewati
[2026-09-05T03:58:24.429+0000] {cleaning.py:219} WARNING - appid 439700 tidak ditemukan di game_lookup, dilewati
[2026-09-05T03:58:24.430+0000] {cleaning.py:219} WARNING - appid 677620 tidak ditemukan di game_lookup, dilewati
[2026-09-05T03:58:24.430+0000] {cleaning.py:219} WARNING - appid 397900 tidak ditemukan di game_lookup, dilewati
[2026-09-05T03:58:24.430+0000] {cleaning.py:219} WARNING - appid 273110 tidak ditemukan di game_lookup, dilewati
[2026-09-05T03:58:24.431+0000] {cleaning.py:219} WARNING - appid 223750 tidak ditemukan di game_lookup, dilewati
[2026-09-05T03:58:24.432+0000] {cleaning.py:219} WARNING - appid 1366800 tidak ditemukan di game_lookup, dilewati
[2026-09-05T03:58:24.433+0000] {cleaning.py:219} WARNING - appid 447040 tidak ditemukan di game_lookup, dilewati
[2026-09-05T03:58:24.433+0000] {cleaning.py:219} WARNING - appid 33900 tidak ditemukan di game_lookup, dilewati
[2026-09-05T03:58:24.434+0000] {cleaning.py:219} WARNING - appid 4560 tidak ditemukan di game_lookup, dilewati
[2026-09-05T03:58:24.434+0000] {cleaning.py:219} WARNING - appid 838350 tidak ditemukan di game_lookup, dilewati
[2026-09-05T03:58:24.435+0000] {cleaning.py:219} WARNING - appid 38400 tidak ditemukan di game_lookup, dilewati
[2026-09-05T03:58:24.436+0000] {cleaning.py:219} WARNING - appid 629520 tidak ditemukan di game_lookup, dilewati
[2026-09-05T03:58:24.436+0000] {cleaning.py:219} WARNING - appid 1468810 tidak ditemukan di game_lookup, dilewati
[2026-09-05T03:58:24.436+0000] {cleaning.py:219} WARNING - appid 105450 tidak ditemukan di game_lookup, dilewati
[2026-09-05T03:58:24.437+0000] {cleaning.py:219} WARNING - appid 466560 tidak ditemukan di game_lookup, dilewati
[2026-09-05T03:58:24.438+0000] {cleaning.py:219} WARNING - appid 1466860 tidak ditemukan di game_lookup, dilewati
[2026-09-05T03:58:24.438+0000] {cleaning.py:219} WARNING - appid 394510 tidak ditemukan di game_lookup, dilewati
[2026-09-05T03:58:24.439+0000] {cleaning.py:219} WARNING - appid 640820 tidak ditemukan di game_lookup, dilewati
[2026-09-05T03:58:24.439+0000] {cleaning.py:219} WARNING - appid 15620 tidak ditemukan di game_lookup, dilewati
[2026-09-05T03:58:24.440+0000] {cleaning.py:219} WARNING - appid 55150 tidak ditemukan di game_lookup, dilewati
[2026-09-05T03:58:24.440+0000] {cleaning.py:219} WARNING - appid 314160 tidak ditemukan di game_lookup, dilewati
[2026-09-05T03:58:24.441+0000] {cleaning.py:219} WARNING - appid 1659040 tidak ditemukan di game_lookup, dilewati
[2026-09-05T03:58:24.441+0000] {cleaning.py:219} WARNING - appid 208140 tidak ditemukan di game_lookup, dilewati
[2026-09-05T03:58:24.442+0000] {cleaning.py:219} WARNING - appid 206500 tidak ditemukan di game_lookup, dilewati
[2026-09-05T03:58:24.442+0000] {cleaning.py:219} WARNING - appid 10500 tidak ditemukan di game_lookup, dilewati
[2026-09-05T03:58:24.443+0000] {cleaning.py:219} WARNING - appid 24980 tidak ditemukan di game_lookup, dilewati
[2026-09-05T03:58:24.444+0000] {cleaning.py:219} WARNING - appid 34030 tidak ditemukan di game_lookup, dilewati
[2026-09-05T03:58:24.444+0000] {cleaning.py:219} WARNING - appid 736220 tidak ditemukan di game_lookup, dilewati
[2026-09-05T03:58:24.445+0000] {cleaning.py:219} WARNING - appid 4570 tidak ditemukan di game_lookup, dilewati
[2026-09-05T03:58:24.446+0000] {cleaning.py:219} WARNING - appid 17460 tidak ditemukan di game_lookup, dilewati
[2026-09-05T03:58:24.446+0000] {cleaning.py:219} WARNING - appid 4700 tidak ditemukan di game_lookup, dilewati
[2026-09-05T03:58:24.448+0000] {cleaning.py:219} WARNING - appid 972660 tidak ditemukan di game_lookup, dilewati
[2026-09-05T03:58:24.448+0000] {cleaning.py:226} INFO - build_silver_dataset selesai: 963 record berhasil diproses, 37 dilewati
[2026-09-05T03:58:24.474+0000] {minio_client.py:74} INFO - Berhasil menulis 963 record ke s3://steam-analytics/silver/game_snapshot/2026-09-05/data.json
[2026-09-05T03:58:24.538+0000] {steam_analytics.py:430} INFO - Silver + Fact berhasil diproses. Record: 963
[2026-09-05T03:58:24.539+0000] {python.py:237} INFO - Done. Returned value was: None
[2026-09-05T03:58:24.540+0000] {taskinstance.py:441} INFO - ::group::Post task execution logs
[2026-09-05T03:58:24.548+0000] {taskinstance.py:1206} INFO - Marking task as SUCCESS. dag_id=steam_analytics_daily, task_id=process_facts_and_silver_layer, run_id=manual__2026-09-05T03:58:20.598901+00:00, execution_date=20260905T035820, start_date=20260905T035824, end_date=20260905T035824
[2026-09-05T03:58:24.601+0000] {local_task_job_runner.py:243} INFO - Task exited with return code 0
[2026-09-05T03:58:24.617+0000] {taskinstance.py:3503} INFO - 0 downstream tasks scheduled from follow-on schedule check
[2026-09-05T03:58:24.619+0000] {local_task_job_runner.py:222} INFO - ::endgroup::
