[2026-09-09T17:31:21.497+0000] {local_task_job_runner.py:120} INFO - ::group::Pre task execution logs
[2026-09-09T17:31:21.526+0000] {taskinstance.py:2076} INFO - Dependencies all met for dep_context=non-requeueable deps ti=<TaskInstance: steam_analytics_daily.process_new_games_and_dimensions scheduled__2026-09-08T02:00:00+00:00 [queued]>
[2026-09-09T17:31:21.534+0000] {taskinstance.py:2076} INFO - Dependencies all met for dep_context=requeueable deps ti=<TaskInstance: steam_analytics_daily.process_new_games_and_dimensions scheduled__2026-09-08T02:00:00+00:00 [queued]>
[2026-09-09T17:31:21.534+0000] {taskinstance.py:2306} INFO - Starting attempt 2 of 3
[2026-09-09T17:31:21.545+0000] {taskinstance.py:2330} INFO - Executing <Task(_PythonDecoratedOperator): process_new_games_and_dimensions> on 2026-09-08 02:00:00+00:00
[2026-09-09T17:31:21.552+0000] {logging_mixin.py:188} WARNING - /home/***/.local/lib/python3.12/site-packages/***/task/task_runner/standard_task_runner.py:62 DeprecationWarning: This process (pid=5659) is multi-threaded, use of fork() may lead to deadlocks in the child.
[2026-09-09T17:31:21.552+0000] {standard_task_runner.py:90} INFO - Running: ['***', 'tasks', 'run', 'steam_analytics_daily', 'process_new_games_and_dimensions', 'scheduled__2026-09-08T02:00:00+00:00', '--job-id', '31', '--raw', '--subdir', 'DAGS_FOLDER/steam_analytics.py', '--cfg-path', '/tmp/tmpz_y2az7f']
[2026-09-09T17:31:21.553+0000] {standard_task_runner.py:64} INFO - Started process 5660 to run task
[2026-09-09T17:31:21.553+0000] {standard_task_runner.py:91} INFO - Job 31: Subtask process_new_games_and_dimensions
[2026-09-09T17:31:21.595+0000] {task_command.py:426} INFO - Running <TaskInstance: steam_analytics_daily.process_new_games_and_dimensions scheduled__2026-09-08T02:00:00+00:00 [running]> on host af106f5ed5d0
[2026-09-09T17:31:21.677+0000] {taskinstance.py:2648} INFO - Exporting env vars: AIRFLOW_CTX_DAG_OWNER='data_engineer' AIRFLOW_CTX_DAG_ID='steam_analytics_daily' AIRFLOW_CTX_TASK_ID='process_new_games_and_dimensions' AIRFLOW_CTX_EXECUTION_DATE='2026-09-08T02:00:00+00:00' AIRFLOW_CTX_TRY_NUMBER='2' AIRFLOW_CTX_DAG_RUN_ID='scheduled__2026-09-08T02:00:00+00:00'
[2026-09-09T17:31:21.678+0000] {taskinstance.py:430} INFO - ::endgroup::
[2026-09-09T17:31:21.800+0000] {minio_client.py:87} INFO - Berhasil membaca 3000 record dari s3://steam-analytics/bronze/steamspy/2026-09-08/data.json
[2026-09-09T17:31:21.822+0000] {minio_client.py:87} INFO - Berhasil membaca 0 record dari s3://steam-analytics/bronze/rawg/2026-09-08/data.json
[2026-09-09T17:31:21.823+0000] {crypto.py:82} WARNING - empty cryptography key - values will not be stored encrypted.
[2026-09-09T17:31:21.824+0000] {base.py:84} INFO - Using connection ID 'postgres_***' for task execution.
[2026-09-09T17:31:21.831+0000] {postgres.py:62} INFO - Ditemukan 3000 appid yang sudah punya mapping
[2026-09-09T17:31:21.833+0000] {matching.py:69} INFO - Deteksi game baru: 0 dari 3000 game hari ini belum punya mapping
[2026-09-09T17:31:21.833+0000] {steam_analytics.py:172} INFO - Game baru yang akan di-matching: 0
[2026-09-09T17:31:21.835+0000] {steam_analytics.py:185} INFO - Silver dimensions selesai. Game baru diproses: 0
[2026-09-09T17:31:21.836+0000] {python.py:237} INFO - Done. Returned value was: None
[2026-09-09T17:31:21.836+0000] {taskinstance.py:441} INFO - ::group::Post task execution logs
[2026-09-09T17:31:21.846+0000] {taskinstance.py:1206} INFO - Marking task as SUCCESS. dag_id=steam_analytics_daily, task_id=process_new_games_and_dimensions, run_id=scheduled__2026-09-08T02:00:00+00:00, execution_date=20260908T020000, start_date=20260909T173121, end_date=20260909T173121
[2026-09-09T17:31:21.887+0000] {local_task_job_runner.py:243} INFO - Task exited with return code 0
[2026-09-09T17:31:21.910+0000] {taskinstance.py:3503} INFO - 1 downstream tasks scheduled from follow-on schedule check
[2026-09-09T17:31:21.912+0000] {local_task_job_runner.py:222} INFO - ::endgroup::
