[2026-09-11T09:35:07.910+0000] {local_task_job_runner.py:120} INFO - ::group::Pre task execution logs
[2026-09-11T09:35:07.939+0000] {taskinstance.py:2076} INFO - Dependencies all met for dep_context=non-requeueable deps ti=<TaskInstance: steam_analytics_daily.extract_rawg_to_bronze manual__2026-09-11T09:33:03.827656+00:00 [queued]>
[2026-09-11T09:35:07.946+0000] {taskinstance.py:2076} INFO - Dependencies all met for dep_context=requeueable deps ti=<TaskInstance: steam_analytics_daily.extract_rawg_to_bronze manual__2026-09-11T09:33:03.827656+00:00 [queued]>
[2026-09-11T09:35:07.947+0000] {taskinstance.py:2306} INFO - Starting attempt 1 of 2
[2026-09-11T09:35:07.957+0000] {taskinstance.py:2330} INFO - Executing <Task(_PythonDecoratedOperator): extract_rawg_to_bronze> on 2026-09-11 09:33:03.827656+00:00
[2026-09-11T09:35:07.964+0000] {logging_mixin.py:188} WARNING - /home/***/.local/lib/python3.12/site-packages/***/task/task_runner/standard_task_runner.py:62 DeprecationWarning: This process (pid=1267) is multi-threaded, use of fork() may lead to deadlocks in the child.
[2026-09-11T09:35:07.963+0000] {standard_task_runner.py:90} INFO - Running: ['***', 'tasks', 'run', 'steam_analytics_daily', 'extract_rawg_to_bronze', 'manual__2026-09-11T09:33:03.827656+00:00', '--job-id', '56', '--raw', '--subdir', 'DAGS_FOLDER/steam_analytics.py', '--cfg-path', '/tmp/tmpdac98xu_']
[2026-09-11T09:35:07.965+0000] {standard_task_runner.py:64} INFO - Started process 1268 to run task
[2026-09-11T09:35:07.965+0000] {standard_task_runner.py:91} INFO - Job 56: Subtask extract_rawg_to_bronze
[2026-09-11T09:35:08.007+0000] {task_command.py:426} INFO - Running <TaskInstance: steam_analytics_daily.extract_rawg_to_bronze manual__2026-09-11T09:33:03.827656+00:00 [running]> on host fcb1bc3b8094
[2026-09-11T09:35:08.082+0000] {taskinstance.py:2648} INFO - Exporting env vars: AIRFLOW_CTX_DAG_OWNER='data_engineer' AIRFLOW_CTX_DAG_ID='steam_analytics_daily' AIRFLOW_CTX_TASK_ID='extract_rawg_to_bronze' AIRFLOW_CTX_EXECUTION_DATE='2026-09-11T09:33:03.827656+00:00' AIRFLOW_CTX_TRY_NUMBER='1' AIRFLOW_CTX_DAG_RUN_ID='manual__2026-09-11T09:33:03.827656+00:00'
[2026-09-11T09:35:08.082+0000] {taskinstance.py:430} INFO - ::endgroup::
[2026-09-11T09:35:08.083+0000] {steam_analytics.py:115} INFO - Memulai extract RAWG untuk 2026-09-11
[2026-09-11T09:35:08.204+0000] {minio_client.py:87} INFO - Berhasil membaca 3000 record dari s3://steam-analytics/bronze/steamspy/2026-09-11/data.json
[2026-09-11T09:35:08.205+0000] {steam_analytics.py:118} INFO - SteamSpy Bronze berisi 3000 game.
[2026-09-11T09:35:08.217+0000] {crypto.py:82} WARNING - empty cryptography key - values will not be stored encrypted.
[2026-09-11T09:35:08.219+0000] {base.py:84} INFO - Using connection ID 'postgres_***' for task execution.
[2026-09-11T09:35:08.228+0000] {postgres.py:62} INFO - Ditemukan 3000 appid yang sudah punya mapping
[2026-09-11T09:35:08.229+0000] {steam_analytics.py:130} INFO - Existing mapping ditemukan: 3000 AppID.
[2026-09-11T09:35:08.230+0000] {matching.py:69} INFO - Deteksi game baru: 0 dari 3000 game hari ini belum punya mapping
[2026-09-11T09:35:08.231+0000] {steam_analytics.py:133} INFO - Game belum memiliki mapping: 0
[2026-09-11T09:35:08.231+0000] {steam_analytics.py:136} INFO - Tidak ada game baru. Membuat Bronze RAWG kosong.
[2026-09-11T09:35:08.244+0000] {minio_client.py:70} INFO - Berhasil menulis 0 record ke s3://steam-analytics/bronze/rawg/2026-09-11/data.json
[2026-09-11T09:35:08.246+0000] {python.py:237} INFO - Done. Returned value was: None
[2026-09-11T09:35:08.247+0000] {taskinstance.py:441} INFO - ::group::Post task execution logs
[2026-09-11T09:35:08.255+0000] {taskinstance.py:1206} INFO - Marking task as SUCCESS. dag_id=steam_analytics_daily, task_id=extract_rawg_to_bronze, run_id=manual__2026-09-11T09:33:03.827656+00:00, execution_date=20260911T093303, start_date=20260911T093507, end_date=20260911T093508
[2026-09-11T09:35:08.299+0000] {local_task_job_runner.py:243} INFO - Task exited with return code 0
[2026-09-11T09:35:08.324+0000] {taskinstance.py:3503} INFO - 1 downstream tasks scheduled from follow-on schedule check
[2026-09-11T09:35:08.326+0000] {local_task_job_runner.py:222} INFO - ::endgroup::
