[2026-09-16T07:47:54.698+0000] {local_task_job_runner.py:120} INFO - ::group::Pre task execution logs
[2026-09-16T07:47:54.726+0000] {taskinstance.py:2076} INFO - Dependencies all met for dep_context=non-requeueable deps ti=<TaskInstance: steam_analytics_daily.extract_rawg_to_bronze scheduled__2026-09-15T02:00:00+00:00 [queued]>
[2026-09-16T07:47:54.732+0000] {taskinstance.py:2076} INFO - Dependencies all met for dep_context=requeueable deps ti=<TaskInstance: steam_analytics_daily.extract_rawg_to_bronze scheduled__2026-09-15T02:00:00+00:00 [queued]>
[2026-09-16T07:47:54.733+0000] {taskinstance.py:2306} INFO - Starting attempt 1 of 2
[2026-09-16T07:47:54.743+0000] {taskinstance.py:2330} INFO - Executing <Task(_PythonDecoratedOperator): extract_rawg_to_bronze> on 2026-09-15 02:00:00+00:00
[2026-09-16T07:47:54.750+0000] {logging_mixin.py:188} WARNING - /home/***/.local/lib/python3.12/site-packages/***/task/task_runner/standard_task_runner.py:62 DeprecationWarning: This process (pid=212) is multi-threaded, use of fork() may lead to deadlocks in the child.
[2026-09-16T07:47:54.749+0000] {standard_task_runner.py:90} INFO - Running: ['***', 'tasks', 'run', 'steam_analytics_daily', 'extract_rawg_to_bronze', 'scheduled__2026-09-15T02:00:00+00:00', '--job-id', '95', '--raw', '--subdir', 'DAGS_FOLDER/steam_analytics.py', '--cfg-path', '/tmp/tmpjq48daae']
[2026-09-16T07:47:54.751+0000] {standard_task_runner.py:64} INFO - Started process 213 to run task
[2026-09-16T07:47:54.751+0000] {standard_task_runner.py:91} INFO - Job 95: Subtask extract_rawg_to_bronze
[2026-09-16T07:47:54.791+0000] {task_command.py:426} INFO - Running <TaskInstance: steam_analytics_daily.extract_rawg_to_bronze scheduled__2026-09-15T02:00:00+00:00 [running]> on host fcb1bc3b8094
[2026-09-16T07:47:54.864+0000] {taskinstance.py:2648} INFO - Exporting env vars: AIRFLOW_CTX_DAG_OWNER='data_engineer' AIRFLOW_CTX_DAG_ID='steam_analytics_daily' AIRFLOW_CTX_TASK_ID='extract_rawg_to_bronze' AIRFLOW_CTX_EXECUTION_DATE='2026-09-15T02:00:00+00:00' AIRFLOW_CTX_TRY_NUMBER='1' AIRFLOW_CTX_DAG_RUN_ID='scheduled__2026-09-15T02:00:00+00:00'
[2026-09-16T07:47:54.865+0000] {taskinstance.py:430} INFO - ::endgroup::
[2026-09-16T07:47:54.865+0000] {steam_analytics.py:96} INFO - Memulai extract RAWG untuk 2026-09-15
[2026-09-16T07:47:54.979+0000] {minio_client.py:83} INFO - Berhasil membaca 3000 record dari s3://steam-analytics/bronze/steamspy/2026-09-15/data.json
[2026-09-16T07:47:54.980+0000] {steam_analytics.py:99} INFO - SteamSpy Bronze berisi 3000 game.
[2026-09-16T07:47:54.991+0000] {crypto.py:82} WARNING - empty cryptography key - values will not be stored encrypted.
[2026-09-16T07:47:54.992+0000] {base.py:84} INFO - Using connection ID 'postgres_***' for task execution.
[2026-09-16T07:47:55.007+0000] {postgres.py:39} INFO - Ditemukan 3000 appid yang sudah punya mapping
[2026-09-16T07:47:55.008+0000] {steam_analytics.py:111} INFO - Existing mapping ditemukan: 3000 AppID.
[2026-09-16T07:47:55.009+0000] {matching.py:69} INFO - Deteksi game baru: 0 dari 3000 game hari ini belum punya mapping
[2026-09-16T07:47:55.009+0000] {steam_analytics.py:114} INFO - Game belum memiliki mapping: 0
[2026-09-16T07:47:55.009+0000] {steam_analytics.py:117} INFO - Tidak ada game baru. Membuat Bronze RAWG kosong.
[2026-09-16T07:47:55.030+0000] {minio_client.py:66} INFO - Berhasil menulis 0 record ke s3://steam-analytics/bronze/rawg/2026-09-15/data.json
[2026-09-16T07:47:55.032+0000] {python.py:237} INFO - Done. Returned value was: None
[2026-09-16T07:47:55.033+0000] {taskinstance.py:441} INFO - ::group::Post task execution logs
[2026-09-16T07:47:55.041+0000] {taskinstance.py:1206} INFO - Marking task as SUCCESS. dag_id=steam_analytics_daily, task_id=extract_rawg_to_bronze, run_id=scheduled__2026-09-15T02:00:00+00:00, execution_date=20260915T020000, start_date=20260916T074754, end_date=20260916T074755
[2026-09-16T07:47:55.084+0000] {local_task_job_runner.py:243} INFO - Task exited with return code 0
[2026-09-16T07:47:55.107+0000] {taskinstance.py:3503} INFO - 1 downstream tasks scheduled from follow-on schedule check
[2026-09-16T07:47:55.109+0000] {local_task_job_runner.py:222} INFO - ::endgroup::
