[2026-09-01T07:42:04.697+0000] {local_task_job_runner.py:120} INFO - ::group::Pre task execution logs
[2026-09-01T07:42:04.726+0000] {taskinstance.py:2076} INFO - Dependencies all met for dep_context=non-requeueable deps ti=<TaskInstance: steam_analytics_daily.process_new_games_and_dimensions manual__2026-09-01T07:37:01.219180+00:00 [queued]>
[2026-09-01T07:42:04.738+0000] {taskinstance.py:2076} INFO - Dependencies all met for dep_context=requeueable deps ti=<TaskInstance: steam_analytics_daily.process_new_games_and_dimensions manual__2026-09-01T07:37:01.219180+00:00 [queued]>
[2026-09-01T07:42:04.738+0000] {taskinstance.py:2306} INFO - Starting attempt 2 of 2
[2026-09-01T07:42:04.752+0000] {taskinstance.py:2330} INFO - Executing <Task(_PythonDecoratedOperator): process_new_games_and_dimensions> on 2026-09-01 07:37:01.219180+00:00
[2026-09-01T07:42:04.758+0000] {logging_mixin.py:188} WARNING - /home/***/.local/lib/python3.12/site-packages/***/task/task_runner/standard_task_runner.py:62 DeprecationWarning: This process (pid=254) is multi-threaded, use of fork() may lead to deadlocks in the child.
[2026-09-01T07:42:04.759+0000] {standard_task_runner.py:64} INFO - Started process 257 to run task
[2026-09-01T07:42:04.758+0000] {standard_task_runner.py:90} INFO - Running: ['***', 'tasks', 'run', 'steam_analytics_daily', 'process_new_games_and_dimensions', 'manual__2026-09-01T07:37:01.219180+00:00', '--job-id', '12', '--raw', '--subdir', 'DAGS_FOLDER/steam_analytics.py', '--cfg-path', '/tmp/tmpryptu9wn']
[2026-09-01T07:42:04.760+0000] {standard_task_runner.py:91} INFO - Job 12: Subtask process_new_games_and_dimensions
[2026-09-01T07:42:04.799+0000] {task_command.py:426} INFO - Running <TaskInstance: steam_analytics_daily.process_new_games_and_dimensions manual__2026-09-01T07:37:01.219180+00:00 [running]> on host 5179407b2d67
[2026-09-01T07:42:04.869+0000] {taskinstance.py:2648} INFO - Exporting env vars: AIRFLOW_CTX_DAG_OWNER='data_engineer' AIRFLOW_CTX_DAG_ID='steam_analytics_daily' AIRFLOW_CTX_TASK_ID='process_new_games_and_dimensions' AIRFLOW_CTX_EXECUTION_DATE='2026-09-01T07:37:01.219180+00:00' AIRFLOW_CTX_TRY_NUMBER='2' AIRFLOW_CTX_DAG_RUN_ID='manual__2026-09-01T07:37:01.219180+00:00'
[2026-09-01T07:42:04.869+0000] {taskinstance.py:430} INFO - ::endgroup::
[2026-09-01T07:42:04.983+0000] {minio_client.py:91} INFO - Berhasil membaca 1000 record dari s3://steam-analytics/bronze/steamspy/2026-09-01/data.json
[2026-09-01T07:42:04.992+0000] {taskinstance.py:441} INFO - ::group::Post task execution logs
[2026-09-01T07:42:05.001+0000] {taskinstance.py:2905} ERROR - Task failed with exception
Traceback (most recent call last):
  File "/home/airflow/.local/lib/python3.12/site-packages/airflow/models/taskinstance.py", line 465, in _execute_task
    result = _execute_callable(context=context, **execute_callable_kwargs)
             ^^^^^^^^^^^^^^^^^^^^^^^^^^^^^^^^^^^^^^^^^^^^^^^^^^^^^^^^^^^^^
  File "/home/airflow/.local/lib/python3.12/site-packages/airflow/models/taskinstance.py", line 432, in _execute_callable
    return execute_callable(context=context, **execute_callable_kwargs)
           ^^^^^^^^^^^^^^^^^^^^^^^^^^^^^^^^^^^^^^^^^^^^^^^^^^^^^^^^^^^^
  File "/home/airflow/.local/lib/python3.12/site-packages/airflow/models/baseoperator.py", line 401, in wrapper
    return func(self, *args, **kwargs)
           ^^^^^^^^^^^^^^^^^^^^^^^^^^^
  File "/home/airflow/.local/lib/python3.12/site-packages/airflow/decorators/base.py", line 265, in execute
    return_value = super().execute(context)
                   ^^^^^^^^^^^^^^^^^^^^^^^^
  File "/home/airflow/.local/lib/python3.12/site-packages/airflow/models/baseoperator.py", line 401, in wrapper
    return func(self, *args, **kwargs)
           ^^^^^^^^^^^^^^^^^^^^^^^^^^^
  File "/home/airflow/.local/lib/python3.12/site-packages/airflow/operators/python.py", line 235, in execute
    return_value = self.execute_callable()
                   ^^^^^^^^^^^^^^^^^^^^^^^
  File "/home/airflow/.local/lib/python3.12/site-packages/airflow/operators/python.py", line 252, in execute_callable
    return self.python_callable(*self.op_args, **self.op_kwargs)
           ^^^^^^^^^^^^^^^^^^^^^^^^^^^^^^^^^^^^^^^^^^^^^^^^^^^^^
  File "/opt/airflow/dags/steam_analytics.py", line 56, in process_new_games_and_dimensions
    conn = postgres.get_connection()
           ^^^^^^^^^^^^^^^^^^^^^^^^^
  File "/opt/airflow/src/load/postgres.py", line 38, in get_connection
    return hook.get_conn()
           ^^^^^^^^^^^^^^^
  File "/home/airflow/.local/lib/python3.12/site-packages/airflow/providers/postgres/hooks/postgres.py", line 145, in get_conn
    conn = deepcopy(self.connection or self.get_connection(conn_id))
                                       ^^^^^^^^^^^^^^^^^^^^^^^^^^^^
  File "/home/airflow/.local/lib/python3.12/site-packages/airflow/hooks/base.py", line 83, in get_connection
    conn = Connection.get_connection_from_secrets(conn_id)
           ^^^^^^^^^^^^^^^^^^^^^^^^^^^^^^^^^^^^^^^^^^^^^^^
  File "/home/airflow/.local/lib/python3.12/site-packages/airflow/models/connection.py", line 519, in get_connection_from_secrets
    raise AirflowNotFoundException(f"The conn_id `{conn_id}` isn't defined")
airflow.exceptions.AirflowNotFoundException: The conn_id `postgres_warehouse` isn't defined
[2026-09-01T07:42:05.010+0000] {taskinstance.py:1206} INFO - Marking task as FAILED. dag_id=steam_analytics_daily, task_id=process_new_games_and_dimensions, run_id=manual__2026-09-01T07:37:01.219180+00:00, execution_date=20260901T073701, start_date=20260901T074204, end_date=20260901T074205
[2026-09-01T07:42:05.018+0000] {standard_task_runner.py:110} ERROR - Failed to execute job 12 for task process_new_games_and_dimensions (The conn_id `postgres_warehouse` isn't defined; 257)
[2026-09-01T07:42:05.053+0000] {local_task_job_runner.py:243} INFO - Task exited with return code 1
[2026-09-01T07:42:05.072+0000] {taskinstance.py:3503} INFO - 0 downstream tasks scheduled from follow-on schedule check
[2026-09-01T07:42:05.075+0000] {local_task_job_runner.py:222} INFO - ::endgroup::
