[2026-09-10T07:03:22.631+0000] {local_task_job_runner.py:120} INFO - ::group::Pre task execution logs
[2026-09-10T07:03:22.660+0000] {taskinstance.py:2076} INFO - Dependencies all met for dep_context=non-requeueable deps ti=<TaskInstance: steam_analytics_daily.extract_steamspy_to_bronze manual__2026-09-10T07:03:21.522082+00:00 [queued]>
[2026-09-10T07:03:22.667+0000] {taskinstance.py:2076} INFO - Dependencies all met for dep_context=requeueable deps ti=<TaskInstance: steam_analytics_daily.extract_steamspy_to_bronze manual__2026-09-10T07:03:21.522082+00:00 [queued]>
[2026-09-10T07:03:22.667+0000] {taskinstance.py:2306} INFO - Starting attempt 1 of 2
[2026-09-10T07:03:22.678+0000] {taskinstance.py:2330} INFO - Executing <Task(_PythonDecoratedOperator): extract_steamspy_to_bronze> on 2026-09-10 07:03:21.522082+00:00
[2026-09-10T07:03:22.685+0000] {logging_mixin.py:188} WARNING - /home/***/.local/lib/python3.12/site-packages/***/task/task_runner/standard_task_runner.py:62 DeprecationWarning: This process (pid=215) is multi-threaded, use of fork() may lead to deadlocks in the child.
[2026-09-10T07:03:22.684+0000] {standard_task_runner.py:90} INFO - Running: ['***', 'tasks', 'run', 'steam_analytics_daily', 'extract_steamspy_to_bronze', 'manual__2026-09-10T07:03:21.522082+00:00', '--job-id', '23', '--raw', '--subdir', 'DAGS_FOLDER/steam_analytics.py', '--cfg-path', '/tmp/tmpq3cljcw5']
[2026-09-10T07:03:22.686+0000] {standard_task_runner.py:64} INFO - Started process 216 to run task
[2026-09-10T07:03:22.687+0000] {standard_task_runner.py:91} INFO - Job 23: Subtask extract_steamspy_to_bronze
[2026-09-10T07:03:22.730+0000] {task_command.py:426} INFO - Running <TaskInstance: steam_analytics_daily.extract_steamspy_to_bronze manual__2026-09-10T07:03:21.522082+00:00 [running]> on host fcb1bc3b8094
[2026-09-10T07:03:22.820+0000] {taskinstance.py:2648} INFO - Exporting env vars: AIRFLOW_CTX_DAG_OWNER='data_engineer' AIRFLOW_CTX_DAG_ID='steam_analytics_daily' AIRFLOW_CTX_TASK_ID='extract_steamspy_to_bronze' AIRFLOW_CTX_EXECUTION_DATE='2026-09-10T07:03:21.522082+00:00' AIRFLOW_CTX_TRY_NUMBER='1' AIRFLOW_CTX_DAG_RUN_ID='manual__2026-09-10T07:03:21.522082+00:00'
[2026-09-10T07:03:22.822+0000] {taskinstance.py:430} INFO - ::endgroup::
[2026-09-10T07:03:22.822+0000] {steam_analytics.py:84} INFO - Memulai extract SteamSpy untuk 2026-09-10
[2026-09-10T07:03:22.936+0000] {steam_analytics.py:90} INFO - Mengambil SteamSpy dengan 3 page (~3000 game).
[2026-09-10T07:03:24.152+0000] {steamspy.py:39} INFO - Page 0: 1000 game ditarik (top 0-999 by owners)
[2026-09-10T07:03:24.152+0000] {steamspy.py:43} INFO - Menunggu 61 detik sebelum request page berikutnya (rate limit 'all')...
[2026-09-10T07:04:25.737+0000] {steamspy.py:39} INFO - Page 1: 1000 game ditarik (top 1000-1999 by owners)
[2026-09-10T07:04:25.737+0000] {steamspy.py:43} INFO - Menunggu 61 detik sebelum request page berikutnya (rate limit 'all')...
[2026-09-10T07:05:26.837+0000] {steamspy.py:39} INFO - Page 2: 1000 game ditarik (top 2000-2999 by owners)
[2026-09-10T07:05:26.838+0000] {steamspy.py:46} INFO - Total game ditarik via pagination: 3000
[2026-09-10T07:05:26.885+0000] {minio_client.py:70} INFO - Berhasil menulis 3000 record ke s3://steam-analytics/bronze/steamspy/2026-09-10/data.json
[2026-09-10T07:05:26.886+0000] {steam_analytics.py:102} INFO - Bronze SteamSpy 2026-09-10 berhasil disimpan. Total game: 3000
[2026-09-10T07:05:26.887+0000] {python.py:237} INFO - Done. Returned value was: None
[2026-09-10T07:05:26.888+0000] {taskinstance.py:441} INFO - ::group::Post task execution logs
[2026-09-10T07:05:26.897+0000] {taskinstance.py:1206} INFO - Marking task as SUCCESS. dag_id=steam_analytics_daily, task_id=extract_steamspy_to_bronze, run_id=manual__2026-09-10T07:03:21.522082+00:00, execution_date=20260910T070321, start_date=20260910T070322, end_date=20260910T070526
[2026-09-10T07:05:26.921+0000] {local_task_job_runner.py:243} INFO - Task exited with return code 0
[2026-09-10T07:05:26.945+0000] {taskinstance.py:3503} INFO - 1 downstream tasks scheduled from follow-on schedule check
[2026-09-10T07:05:26.946+0000] {local_task_job_runner.py:222} INFO - ::endgroup::
