[2026-09-09T19:31:52.281+0000] {local_task_job_runner.py:120} INFO - ::group::Pre task execution logs
[2026-09-09T19:31:52.318+0000] {taskinstance.py:2076} INFO - Dependencies all met for dep_context=non-requeueable deps ti=<TaskInstance: steam_analytics_daily.process_new_games_and_dimensions manual__2026-09-09T19:31:49.226892+00:00 [queued]>
[2026-09-09T19:31:52.326+0000] {taskinstance.py:2076} INFO - Dependencies all met for dep_context=requeueable deps ti=<TaskInstance: steam_analytics_daily.process_new_games_and_dimensions manual__2026-09-09T19:31:49.226892+00:00 [queued]>
[2026-09-09T19:31:52.327+0000] {taskinstance.py:2306} INFO - Starting attempt 1 of 2
[2026-09-09T19:31:52.340+0000] {taskinstance.py:2330} INFO - Executing <Task(_PythonDecoratedOperator): process_new_games_and_dimensions> on 2026-09-09 19:31:49.226892+00:00
[2026-09-09T19:31:52.347+0000] {logging_mixin.py:188} WARNING - /home/***/.local/lib/python3.12/site-packages/***/task/task_runner/standard_task_runner.py:62 DeprecationWarning: This process (pid=1380) is multi-threaded, use of fork() may lead to deadlocks in the child.
[2026-09-09T19:31:52.348+0000] {standard_task_runner.py:64} INFO - Started process 1381 to run task
[2026-09-09T19:31:52.346+0000] {standard_task_runner.py:90} INFO - Running: ['***', 'tasks', 'run', 'steam_analytics_daily', 'process_new_games_and_dimensions', 'manual__2026-09-09T19:31:49.226892+00:00', '--job-id', '14', '--raw', '--subdir', 'DAGS_FOLDER/steam_analytics.py', '--cfg-path', '/tmp/tmpqv6xblnr']
[2026-09-09T19:31:52.348+0000] {standard_task_runner.py:91} INFO - Job 14: Subtask process_new_games_and_dimensions
[2026-09-09T19:31:52.388+0000] {task_command.py:426} INFO - Running <TaskInstance: steam_analytics_daily.process_new_games_and_dimensions manual__2026-09-09T19:31:49.226892+00:00 [running]> on host fcb1bc3b8094
[2026-09-09T19:31:52.466+0000] {taskinstance.py:2648} INFO - Exporting env vars: AIRFLOW_CTX_DAG_OWNER='data_engineer' AIRFLOW_CTX_DAG_ID='steam_analytics_daily' AIRFLOW_CTX_TASK_ID='process_new_games_and_dimensions' AIRFLOW_CTX_EXECUTION_DATE='2026-09-09T19:31:49.226892+00:00' AIRFLOW_CTX_TRY_NUMBER='1' AIRFLOW_CTX_DAG_RUN_ID='manual__2026-09-09T19:31:49.226892+00:00'
[2026-09-09T19:31:52.467+0000] {taskinstance.py:430} INFO - ::endgroup::
[2026-09-09T19:31:52.589+0000] {minio_client.py:87} INFO - Berhasil membaca 3000 record dari s3://steam-analytics/bronze/steamspy/2026-09-09/data.json
[2026-09-09T19:31:52.608+0000] {minio_client.py:87} INFO - Berhasil membaca 0 record dari s3://steam-analytics/bronze/rawg/2026-09-09/data.json
[2026-09-09T19:31:52.609+0000] {crypto.py:82} WARNING - empty cryptography key - values will not be stored encrypted.
[2026-09-09T19:31:52.610+0000] {base.py:84} INFO - Using connection ID 'postgres_***' for task execution.
[2026-09-09T19:31:52.617+0000] {postgres.py:62} INFO - Ditemukan 3000 appid yang sudah punya mapping
[2026-09-09T19:31:52.619+0000] {matching.py:69} INFO - Deteksi game baru: 0 dari 3000 game hari ini belum punya mapping
[2026-09-09T19:31:52.619+0000] {steam_analytics.py:172} INFO - Game baru yang akan di-matching: 0
[2026-09-09T19:31:52.620+0000] {steam_analytics.py:185} INFO - Silver dimensions selesai. Game baru diproses: 0
[2026-09-09T19:31:52.621+0000] {python.py:237} INFO - Done. Returned value was: None
[2026-09-09T19:31:52.622+0000] {taskinstance.py:441} INFO - ::group::Post task execution logs
[2026-09-09T19:31:52.630+0000] {taskinstance.py:1206} INFO - Marking task as SUCCESS. dag_id=steam_analytics_daily, task_id=process_new_games_and_dimensions, run_id=manual__2026-09-09T19:31:49.226892+00:00, execution_date=20260909T193149, start_date=20260909T193152, end_date=20260909T193152
[2026-09-09T19:31:52.682+0000] {local_task_job_runner.py:243} INFO - Task exited with return code 0
[2026-09-09T19:31:52.703+0000] {taskinstance.py:3503} INFO - 1 downstream tasks scheduled from follow-on schedule check
[2026-09-09T19:31:52.706+0000] {local_task_job_runner.py:222} INFO - ::endgroup::
