[2026-09-01T15:14:54.912+0000] {local_task_job_runner.py:120} INFO - ::group::Pre task execution logs
[2026-09-01T15:14:54.945+0000] {taskinstance.py:2076} INFO - Dependencies all met for dep_context=non-requeueable deps ti=<TaskInstance: steam_analytics_daily.process_facts_and_silver_layer manual__2026-09-01T14:54:08.202232+00:00 [queued]>
[2026-09-01T15:14:54.957+0000] {taskinstance.py:2076} INFO - Dependencies all met for dep_context=requeueable deps ti=<TaskInstance: steam_analytics_daily.process_facts_and_silver_layer manual__2026-09-01T14:54:08.202232+00:00 [queued]>
[2026-09-01T15:14:54.958+0000] {taskinstance.py:2306} INFO - Starting attempt 1 of 2
[2026-09-01T15:14:54.974+0000] {taskinstance.py:2330} INFO - Executing <Task(_PythonDecoratedOperator): process_facts_and_silver_layer> on 2026-09-01 14:54:08.202232+00:00
[2026-09-01T15:14:54.981+0000] {logging_mixin.py:188} WARNING - /home/***/.local/lib/python3.12/site-packages/***/task/task_runner/standard_task_runner.py:62 DeprecationWarning: This process (pid=403) is multi-threaded, use of fork() may lead to deadlocks in the child.
[2026-09-01T15:14:54.981+0000] {standard_task_runner.py:90} INFO - Running: ['***', 'tasks', 'run', 'steam_analytics_daily', 'process_facts_and_silver_layer', 'manual__2026-09-01T14:54:08.202232+00:00', '--job-id', '28', '--raw', '--subdir', 'DAGS_FOLDER/steam_analytics.py', '--cfg-path', '/tmp/tmpfl32rki7']
[2026-09-01T15:14:54.982+0000] {standard_task_runner.py:64} INFO - Started process 404 to run task
[2026-09-01T15:14:54.983+0000] {standard_task_runner.py:91} INFO - Job 28: Subtask process_facts_and_silver_layer
[2026-09-01T15:14:55.043+0000] {task_command.py:426} INFO - Running <TaskInstance: steam_analytics_daily.process_facts_and_silver_layer manual__2026-09-01T14:54:08.202232+00:00 [running]> on host 8a6af1fc77fb
[2026-09-01T15:14:55.122+0000] {taskinstance.py:2648} INFO - Exporting env vars: AIRFLOW_CTX_DAG_OWNER='data_engineer' AIRFLOW_CTX_DAG_ID='steam_analytics_daily' AIRFLOW_CTX_TASK_ID='process_facts_and_silver_layer' AIRFLOW_CTX_EXECUTION_DATE='2026-09-01T14:54:08.202232+00:00' AIRFLOW_CTX_TRY_NUMBER='1' AIRFLOW_CTX_DAG_RUN_ID='manual__2026-09-01T14:54:08.202232+00:00'
[2026-09-01T15:14:55.123+0000] {taskinstance.py:430} INFO - ::endgroup::
[2026-09-01T15:14:55.293+0000] {minio_client.py:91} INFO - Berhasil membaca 1000 record dari s3://steam-analytics/bronze/steamspy/2026-09-01/data.json
[2026-09-01T15:14:55.306+0000] {base.py:84} INFO - Using connection ID 'postgres_***' for task execution.
[2026-09-01T15:14:55.359+0000] {postgres.py:288} INFO - Partisi fact_game_snapshot_2026_09 dipastikan tersedia
[2026-09-01T15:14:55.360+0000] {taskinstance.py:441} INFO - ::group::Post task execution logs
[2026-09-01T15:14:55.361+0000] {taskinstance.py:2905} ERROR - Task failed with exception
Traceback (most recent call last):
  File "/home/airflow/.local/lib/python3.12/site-packages/airflow/models/taskinstance.py", line 465, in _execute_task
    result = _execute_callable(context=context, **execute_callable_kwargs)
             ^^^^^^^^^^^^^^^^^^^^^^^^^^^^^^^^^^^^^^^^^^^^^^^^^^^^^^^^^^^^^
  File "/home/airflow/.local/lib/python3.12/site-packages/airflow/models/taskinstance.py", line 432, in _execute_callable
    return execute_callable(context=context, **execute_callable_kwargs)
           ^^^^^^^^^^^^^^^^^^^^^^^^^^^^^^^^^^^^^^^^^^^^^^^^^^^^^^^^^^^^
  File "/home/airflow/.local/lib/python3.12/site-packages/airflow/models/baseoperator.py", line 401, in wrapper
    return func(self, *args, **kwargs)
           ^^^^^^^^^^^^^^^^^^^^^^^^^^^
  File "/home/airflow/.local/lib/python3.12/site-packages/airflow/decorators/base.py", line 265, in execute
    return_value = super().execute(context)
                   ^^^^^^^^^^^^^^^^^^^^^^^^
  File "/home/airflow/.local/lib/python3.12/site-packages/airflow/models/baseoperator.py", line 401, in wrapper
    return func(self, *args, **kwargs)
           ^^^^^^^^^^^^^^^^^^^^^^^^^^^
  File "/home/airflow/.local/lib/python3.12/site-packages/airflow/operators/python.py", line 235, in execute
    return_value = self.execute_callable()
                   ^^^^^^^^^^^^^^^^^^^^^^^
  File "/home/airflow/.local/lib/python3.12/site-packages/airflow/operators/python.py", line 252, in execute_callable
    return self.python_callable(*self.op_args, **self.op_kwargs)
           ^^^^^^^^^^^^^^^^^^^^^^^^^^^^^^^^^^^^^^^^^^^^^^^^^^^^^
  File "/opt/airflow/dags/steam_analytics.py", line 90, in process_facts_and_silver_layer
    game_lookup = postgres.get_game_lookup(conn)
                  ^^^^^^^^^^^^^^^^^^^^^^^^^^^^^^
  File "/opt/airflow/src/load/postgres.py", line 156, in get_game_lookup
    cur.execute("""
psycopg2.errors.UndefinedColumn: column "rawg_rating_cache" does not exist
LINE 2:             SELECT steam_appid, game_key, rawg_rating_cache,...
                                                  ^

[2026-09-01T15:14:55.376+0000] {taskinstance.py:1206} INFO - Marking task as UP_FOR_RETRY. dag_id=steam_analytics_daily, task_id=process_facts_and_silver_layer, run_id=manual__2026-09-01T14:54:08.202232+00:00, execution_date=20260901T145408, start_date=20260901T151454, end_date=20260901T151455
[2026-09-01T15:14:55.389+0000] {standard_task_runner.py:110} ERROR - Failed to execute job 28 for task process_facts_and_silver_layer (column "rawg_rating_cache" does not exist
LINE 2:             SELECT steam_appid, game_key, rawg_rating_cache,...
                                                  ^
; 404)
[2026-09-01T15:14:55.437+0000] {local_task_job_runner.py:243} INFO - Task exited with return code 1
[2026-09-01T15:14:55.456+0000] {taskinstance.py:3503} INFO - 0 downstream tasks scheduled from follow-on schedule check
[2026-09-01T15:14:55.458+0000] {local_task_job_runner.py:222} INFO - ::endgroup::
