[2026-09-01T17:14:53.269+0000] {local_task_job_runner.py:120} INFO - ::group::Pre task execution logs
[2026-09-01T17:14:53.301+0000] {taskinstance.py:2076} INFO - Dependencies all met for dep_context=non-requeueable deps ti=<TaskInstance: steam_analytics_daily.extract_rawg_to_bronze manual__2026-09-01T17:14:50.208689+00:00 [queued]>
[2026-09-01T17:14:53.307+0000] {taskinstance.py:2076} INFO - Dependencies all met for dep_context=requeueable deps ti=<TaskInstance: steam_analytics_daily.extract_rawg_to_bronze manual__2026-09-01T17:14:50.208689+00:00 [queued]>
[2026-09-01T17:14:53.307+0000] {taskinstance.py:2306} INFO - Starting attempt 1 of 2
[2026-09-01T17:14:53.318+0000] {taskinstance.py:2330} INFO - Executing <Task(_PythonDecoratedOperator): extract_rawg_to_bronze> on 2026-09-01 17:14:50.208689+00:00
[2026-09-01T17:14:53.325+0000] {logging_mixin.py:188} WARNING - /home/***/.local/lib/python3.12/site-packages/***/task/task_runner/standard_task_runner.py:62 DeprecationWarning: This process (pid=220) is multi-threaded, use of fork() may lead to deadlocks in the child.
[2026-09-01T17:14:53.324+0000] {standard_task_runner.py:90} INFO - Running: ['***', 'tasks', 'run', 'steam_analytics_daily', 'extract_rawg_to_bronze', 'manual__2026-09-01T17:14:50.208689+00:00', '--job-id', '4', '--raw', '--subdir', 'DAGS_FOLDER/steam_analytics.py', '--cfg-path', '/tmp/tmp5dlk0k88']
[2026-09-01T17:14:53.326+0000] {standard_task_runner.py:64} INFO - Started process 222 to run task
[2026-09-01T17:14:53.326+0000] {standard_task_runner.py:91} INFO - Job 4: Subtask extract_rawg_to_bronze
[2026-09-01T17:14:53.366+0000] {task_command.py:426} INFO - Running <TaskInstance: steam_analytics_daily.extract_rawg_to_bronze manual__2026-09-01T17:14:50.208689+00:00 [running]> on host 82cdda78b0c7
[2026-09-01T17:14:53.438+0000] {taskinstance.py:2648} INFO - Exporting env vars: AIRFLOW_CTX_DAG_OWNER='data_engineer' AIRFLOW_CTX_DAG_ID='steam_analytics_daily' AIRFLOW_CTX_TASK_ID='extract_rawg_to_bronze' AIRFLOW_CTX_EXECUTION_DATE='2026-09-01T17:14:50.208689+00:00' AIRFLOW_CTX_TRY_NUMBER='1' AIRFLOW_CTX_DAG_RUN_ID='manual__2026-09-01T17:14:50.208689+00:00'
[2026-09-01T17:14:53.440+0000] {taskinstance.py:430} INFO - ::endgroup::
[2026-09-01T17:14:53.569+0000] {minio_client.py:91} INFO - Berhasil membaca 1000 record dari s3://steam-analytics/bronze/steamspy/2026-09-01/data.json
[2026-09-01T17:14:53.578+0000] {base.py:84} INFO - Using connection ID 'postgres_***' for task execution.
[2026-09-01T17:14:53.584+0000] {postgres.py:51} INFO - Ditemukan 0 appid yang sudah punya mapping
[2026-09-01T17:14:53.584+0000] {matching.py:47} INFO - Deteksi game baru: 1000 dari 1000 game hari ini belum punya mapping
[2026-09-01T17:14:53.585+0000] {taskinstance.py:441} INFO - ::group::Post task execution logs
[2026-09-01T17:14:53.585+0000] {taskinstance.py:2905} ERROR - Task failed with exception
Traceback (most recent call last):
  File "/home/airflow/.local/lib/python3.12/site-packages/airflow/models/taskinstance.py", line 465, in _execute_task
    result = _execute_callable(context=context, **execute_callable_kwargs)
             ^^^^^^^^^^^^^^^^^^^^^^^^^^^^^^^^^^^^^^^^^^^^^^^^^^^^^^^^^^^^^
  File "/home/airflow/.local/lib/python3.12/site-packages/airflow/models/taskinstance.py", line 432, in _execute_callable
    return execute_callable(context=context, **execute_callable_kwargs)
           ^^^^^^^^^^^^^^^^^^^^^^^^^^^^^^^^^^^^^^^^^^^^^^^^^^^^^^^^^^^^
  File "/home/airflow/.local/lib/python3.12/site-packages/airflow/models/baseoperator.py", line 401, in wrapper
    return func(self, *args, **kwargs)
           ^^^^^^^^^^^^^^^^^^^^^^^^^^^
  File "/home/airflow/.local/lib/python3.12/site-packages/airflow/decorators/base.py", line 265, in execute
    return_value = super().execute(context)
                   ^^^^^^^^^^^^^^^^^^^^^^^^
  File "/home/airflow/.local/lib/python3.12/site-packages/airflow/models/baseoperator.py", line 401, in wrapper
    return func(self, *args, **kwargs)
           ^^^^^^^^^^^^^^^^^^^^^^^^^^^
  File "/home/airflow/.local/lib/python3.12/site-packages/airflow/operators/python.py", line 235, in execute
    return_value = self.execute_callable()
                   ^^^^^^^^^^^^^^^^^^^^^^^
  File "/home/airflow/.local/lib/python3.12/site-packages/airflow/operators/python.py", line 252, in execute_callable
    return self.python_callable(*self.op_args, **self.op_kwargs)
           ^^^^^^^^^^^^^^^^^^^^^^^^^^^^^^^^^^^^^^^^^^^^^^^^^^^^^
  File "/opt/airflow/dags/steam_analytics.py", line 72, in extract_rawg_to_bronze
    rawg_raw_responses = matching.fetch_rawg_for_unmapped(unmapped_games)
                         ^^^^^^^^^^^^^^^^^^^^^^^^^^^^^^^^
AttributeError: module 'src.transform.matching' has no attribute 'fetch_rawg_for_unmapped'
[2026-09-01T17:14:53.597+0000] {taskinstance.py:1206} INFO - Marking task as UP_FOR_RETRY. dag_id=steam_analytics_daily, task_id=extract_rawg_to_bronze, run_id=manual__2026-09-01T17:14:50.208689+00:00, execution_date=20260901T171450, start_date=20260901T171453, end_date=20260901T171453
[2026-09-01T17:14:53.606+0000] {standard_task_runner.py:110} ERROR - Failed to execute job 4 for task extract_rawg_to_bronze (module 'src.transform.matching' has no attribute 'fetch_rawg_for_unmapped'; 222)
[2026-09-01T17:14:53.620+0000] {local_task_job_runner.py:243} INFO - Task exited with return code 1
[2026-09-01T17:14:53.643+0000] {taskinstance.py:3503} INFO - 0 downstream tasks scheduled from follow-on schedule check
[2026-09-01T17:14:53.646+0000] {local_task_job_runner.py:222} INFO - ::endgroup::
