[2026-09-01T15:14:54.028+0000] {local_task_job_runner.py:120} INFO - ::group::Pre task execution logs
[2026-09-01T15:14:54.070+0000] {taskinstance.py:2076} INFO - Dependencies all met for dep_context=non-requeueable deps ti=<TaskInstance: steam_analytics_daily.process_new_games_and_dimensions manual__2026-09-01T14:54:08.202232+00:00 [queued]>
[2026-09-01T15:14:54.079+0000] {taskinstance.py:2076} INFO - Dependencies all met for dep_context=requeueable deps ti=<TaskInstance: steam_analytics_daily.process_new_games_and_dimensions manual__2026-09-01T14:54:08.202232+00:00 [queued]>
[2026-09-01T15:14:54.080+0000] {taskinstance.py:2306} INFO - Starting attempt 2 of 3
[2026-09-01T15:14:54.094+0000] {taskinstance.py:2330} INFO - Executing <Task(_PythonDecoratedOperator): process_new_games_and_dimensions> on 2026-09-01 14:54:08.202232+00:00
[2026-09-01T15:14:54.101+0000] {logging_mixin.py:188} WARNING - /home/***/.local/lib/python3.12/site-packages/***/task/task_runner/standard_task_runner.py:62 DeprecationWarning: This process (pid=401) is multi-threaded, use of fork() may lead to deadlocks in the child.
[2026-09-01T15:14:54.102+0000] {standard_task_runner.py:64} INFO - Started process 402 to run task
[2026-09-01T15:14:54.100+0000] {standard_task_runner.py:90} INFO - Running: ['***', 'tasks', 'run', 'steam_analytics_daily', 'process_new_games_and_dimensions', 'manual__2026-09-01T14:54:08.202232+00:00', '--job-id', '27', '--raw', '--subdir', 'DAGS_FOLDER/steam_analytics.py', '--cfg-path', '/tmp/tmp35ow8pm7']
[2026-09-01T15:14:54.102+0000] {standard_task_runner.py:91} INFO - Job 27: Subtask process_new_games_and_dimensions
[2026-09-01T15:14:54.152+0000] {task_command.py:426} INFO - Running <TaskInstance: steam_analytics_daily.process_new_games_and_dimensions manual__2026-09-01T14:54:08.202232+00:00 [running]> on host 8a6af1fc77fb
[2026-09-01T15:14:54.239+0000] {taskinstance.py:2648} INFO - Exporting env vars: AIRFLOW_CTX_DAG_OWNER='data_engineer' AIRFLOW_CTX_DAG_ID='steam_analytics_daily' AIRFLOW_CTX_TASK_ID='process_new_games_and_dimensions' AIRFLOW_CTX_EXECUTION_DATE='2026-09-01T14:54:08.202232+00:00' AIRFLOW_CTX_TRY_NUMBER='2' AIRFLOW_CTX_DAG_RUN_ID='manual__2026-09-01T14:54:08.202232+00:00'
[2026-09-01T15:14:54.240+0000] {taskinstance.py:430} INFO - ::endgroup::
[2026-09-01T15:14:54.388+0000] {minio_client.py:91} INFO - Berhasil membaca 1000 record dari s3://steam-analytics/bronze/steamspy/2026-09-01/data.json
[2026-09-01T15:14:54.398+0000] {base.py:84} INFO - Using connection ID 'postgres_***' for task execution.
[2026-09-01T15:14:54.405+0000] {postgres.py:51} INFO - Ditemukan 1000 appid yang sudah punya mapping
[2026-09-01T15:14:54.406+0000] {matching.py:62} INFO - Deteksi game baru: 0 dari 1000 game hari ini belum punya mapping
[2026-09-01T15:14:54.407+0000] {postgres.py:62} INFO - Tidak ada mapping baru untuk disimpan.
[2026-09-01T15:14:54.407+0000] {postgres.py:108} INFO - Tidak ada game baru dengan status reliable untuk dimasukkan ke dim_game.
[2026-09-01T15:14:54.408+0000] {python.py:237} INFO - Done. Returned value was: None
[2026-09-01T15:14:54.408+0000] {taskinstance.py:441} INFO - ::group::Post task execution logs
[2026-09-01T15:14:54.417+0000] {taskinstance.py:1206} INFO - Marking task as SUCCESS. dag_id=steam_analytics_daily, task_id=process_new_games_and_dimensions, run_id=manual__2026-09-01T14:54:08.202232+00:00, execution_date=20260901T145408, start_date=20260901T151454, end_date=20260901T151454
[2026-09-01T15:14:54.436+0000] {local_task_job_runner.py:243} INFO - Task exited with return code 0
[2026-09-01T15:14:54.457+0000] {taskinstance.py:3503} INFO - 1 downstream tasks scheduled from follow-on schedule check
[2026-09-01T15:14:54.459+0000] {local_task_job_runner.py:222} INFO - ::endgroup::
