[2026-09-08T11:52:31.043+0000] {local_task_job_runner.py:120} INFO - ::group::Pre task execution logs
[2026-09-08T11:52:31.074+0000] {taskinstance.py:2076} INFO - Dependencies all met for dep_context=non-requeueable deps ti=<TaskInstance: steam_analytics_daily.extract_steamspy_to_bronze scheduled__2026-09-07T02:00:00+00:00 [queued]>
[2026-09-08T11:52:31.081+0000] {taskinstance.py:2076} INFO - Dependencies all met for dep_context=requeueable deps ti=<TaskInstance: steam_analytics_daily.extract_steamspy_to_bronze scheduled__2026-09-07T02:00:00+00:00 [queued]>
[2026-09-08T11:52:31.081+0000] {taskinstance.py:2306} INFO - Starting attempt 1 of 2
[2026-09-08T11:52:31.092+0000] {taskinstance.py:2330} INFO - Executing <Task(_PythonDecoratedOperator): extract_steamspy_to_bronze> on 2026-09-07 02:00:00+00:00
[2026-09-08T11:52:31.098+0000] {logging_mixin.py:188} WARNING - /home/***/.local/lib/python3.12/site-packages/***/task/task_runner/standard_task_runner.py:62 DeprecationWarning: This process (pid=261) is multi-threaded, use of fork() may lead to deadlocks in the child.
[2026-09-08T11:52:31.099+0000] {standard_task_runner.py:64} INFO - Started process 262 to run task
[2026-09-08T11:52:31.098+0000] {standard_task_runner.py:90} INFO - Running: ['***', 'tasks', 'run', 'steam_analytics_daily', 'extract_steamspy_to_bronze', 'scheduled__2026-09-07T02:00:00+00:00', '--job-id', '2', '--raw', '--subdir', 'DAGS_FOLDER/steam_analytics.py', '--cfg-path', '/tmp/tmp5fbog4je']
[2026-09-08T11:52:31.099+0000] {standard_task_runner.py:91} INFO - Job 2: Subtask extract_steamspy_to_bronze
[2026-09-08T11:52:31.141+0000] {task_command.py:426} INFO - Running <TaskInstance: steam_analytics_daily.extract_steamspy_to_bronze scheduled__2026-09-07T02:00:00+00:00 [running]> on host d6ba0ff7b234
[2026-09-08T11:52:31.221+0000] {taskinstance.py:2648} INFO - Exporting env vars: AIRFLOW_CTX_DAG_OWNER='data_engineer' AIRFLOW_CTX_DAG_ID='steam_analytics_daily' AIRFLOW_CTX_TASK_ID='extract_steamspy_to_bronze' AIRFLOW_CTX_EXECUTION_DATE='2026-09-07T02:00:00+00:00' AIRFLOW_CTX_TRY_NUMBER='1' AIRFLOW_CTX_DAG_RUN_ID='scheduled__2026-09-07T02:00:00+00:00'
[2026-09-08T11:52:31.222+0000] {taskinstance.py:430} INFO - ::endgroup::
[2026-09-08T11:52:31.223+0000] {steam_analytics.py:84} INFO - Memulai extract SteamSpy untuk 2026-09-07
[2026-09-08T11:52:31.558+0000] {steam_analytics.py:90} INFO - Mengambil SteamSpy dengan 3 page (~3000 game).
[2026-09-08T11:52:32.296+0000] {steamspy.py:39} INFO - Page 0: 1000 game ditarik (top 0-999 by owners)
[2026-09-08T11:52:32.296+0000] {steamspy.py:43} INFO - Menunggu 61 detik sebelum request page berikutnya (rate limit 'all')...
[2026-09-08T11:53:33.402+0000] {steamspy.py:39} INFO - Page 1: 1000 game ditarik (top 1000-1999 by owners)
[2026-09-08T11:53:33.402+0000] {steamspy.py:43} INFO - Menunggu 61 detik sebelum request page berikutnya (rate limit 'all')...
[2026-09-08T11:54:34.665+0000] {steamspy.py:39} INFO - Page 2: 1000 game ditarik (top 2000-2999 by owners)
[2026-09-08T11:54:34.665+0000] {steamspy.py:46} INFO - Total game ditarik via pagination: 3000
[2026-09-08T11:54:34.710+0000] {minio_client.py:74} INFO - Berhasil menulis 3000 record ke s3://steam-analytics/bronze/steamspy/2026-09-07/data.json
[2026-09-08T11:54:34.710+0000] {steam_analytics.py:102} INFO - Bronze SteamSpy 2026-09-07 berhasil disimpan. Total game: 3000
[2026-09-08T11:54:34.712+0000] {python.py:237} INFO - Done. Returned value was: None
[2026-09-08T11:54:34.712+0000] {taskinstance.py:441} INFO - ::group::Post task execution logs
[2026-09-08T11:54:34.721+0000] {taskinstance.py:1206} INFO - Marking task as SUCCESS. dag_id=steam_analytics_daily, task_id=extract_steamspy_to_bronze, run_id=scheduled__2026-09-07T02:00:00+00:00, execution_date=20260907T020000, start_date=20260908T115231, end_date=20260908T115434
[2026-09-08T11:54:34.751+0000] {local_task_job_runner.py:243} INFO - Task exited with return code 0
[2026-09-08T11:54:34.774+0000] {taskinstance.py:3503} INFO - 1 downstream tasks scheduled from follow-on schedule check
[2026-09-08T11:54:34.776+0000] {local_task_job_runner.py:222} INFO - ::endgroup::
[2026-09-08T17:34:10.454+0000] {local_task_job_runner.py:120} INFO - ::group::Pre task execution logs
[2026-09-08T17:34:10.521+0000] {taskinstance.py:2076} INFO - Dependencies all met for dep_context=non-requeueable deps ti=<TaskInstance: steam_analytics_daily.extract_steamspy_to_bronze scheduled__2026-09-07T02:00:00+00:00 [queued]>
[2026-09-08T17:34:10.528+0000] {taskinstance.py:2076} INFO - Dependencies all met for dep_context=requeueable deps ti=<TaskInstance: steam_analytics_daily.extract_steamspy_to_bronze scheduled__2026-09-07T02:00:00+00:00 [queued]>
[2026-09-08T17:34:10.529+0000] {taskinstance.py:2306} INFO - Starting attempt 1 of 2
[2026-09-08T17:34:10.539+0000] {taskinstance.py:2330} INFO - Executing <Task(_PythonDecoratedOperator): extract_steamspy_to_bronze> on 2026-09-07 02:00:00+00:00
[2026-09-08T17:34:10.561+0000] {standard_task_runner.py:90} INFO - Running: ['***', 'tasks', 'run', 'steam_analytics_daily', 'extract_steamspy_to_bronze', 'scheduled__2026-09-07T02:00:00+00:00', '--job-id', '3', '--raw', '--subdir', 'DAGS_FOLDER/steam_analytics.py', '--cfg-path', '/tmp/tmpa4wnn6f6']
[2026-09-08T17:34:10.651+0000] {standard_task_runner.py:91} INFO - Job 3: Subtask extract_steamspy_to_bronze
[2026-09-08T17:34:10.578+0000] {logging_mixin.py:188} WARNING - /home/***/.local/lib/python3.12/site-packages/***/task/task_runner/standard_task_runner.py:62 DeprecationWarning: This process (pid=196) is multi-threaded, use of fork() may lead to deadlocks in the child.
[2026-09-08T17:34:10.655+0000] {standard_task_runner.py:64} INFO - Started process 199 to run task
[2026-09-08T17:34:10.735+0000] {task_command.py:426} INFO - Running <TaskInstance: steam_analytics_daily.extract_steamspy_to_bronze scheduled__2026-09-07T02:00:00+00:00 [running]> on host af106f5ed5d0
[2026-09-08T17:34:10.820+0000] {taskinstance.py:2648} INFO - Exporting env vars: AIRFLOW_CTX_DAG_OWNER='data_engineer' AIRFLOW_CTX_DAG_ID='steam_analytics_daily' AIRFLOW_CTX_TASK_ID='extract_steamspy_to_bronze' AIRFLOW_CTX_EXECUTION_DATE='2026-09-07T02:00:00+00:00' AIRFLOW_CTX_TRY_NUMBER='1' AIRFLOW_CTX_DAG_RUN_ID='scheduled__2026-09-07T02:00:00+00:00'
[2026-09-08T17:34:10.822+0000] {taskinstance.py:430} INFO - ::endgroup::
[2026-09-08T17:34:10.822+0000] {steam_analytics.py:84} INFO - Memulai extract SteamSpy untuk 2026-09-07
[2026-09-08T17:34:11.034+0000] {steam_analytics.py:90} INFO - Mengambil SteamSpy dengan 3 page (~3000 game).
[2026-09-08T17:34:11.177+0000] {steamspy.py:39} INFO - Page 0: 1000 game ditarik (top 0-999 by owners)
[2026-09-08T17:34:11.177+0000] {steamspy.py:43} INFO - Menunggu 61 detik sebelum request page berikutnya (rate limit 'all')...
[2026-09-08T17:35:12.998+0000] {steamspy.py:39} INFO - Page 1: 1000 game ditarik (top 1000-1999 by owners)
[2026-09-08T17:35:12.999+0000] {steamspy.py:43} INFO - Menunggu 61 detik sebelum request page berikutnya (rate limit 'all')...
[2026-09-08T17:36:14.094+0000] {steamspy.py:39} INFO - Page 2: 1000 game ditarik (top 2000-2999 by owners)
[2026-09-08T17:36:14.095+0000] {steamspy.py:46} INFO - Total game ditarik via pagination: 3000
[2026-09-08T17:36:14.137+0000] {minio_client.py:70} INFO - Berhasil menulis 3000 record ke s3://steam-analytics/bronze/steamspy/2026-09-07/data.json
[2026-09-08T17:36:14.138+0000] {steam_analytics.py:102} INFO - Bronze SteamSpy 2026-09-07 berhasil disimpan. Total game: 3000
[2026-09-08T17:36:14.139+0000] {python.py:237} INFO - Done. Returned value was: None
[2026-09-08T17:36:14.140+0000] {taskinstance.py:441} INFO - ::group::Post task execution logs
[2026-09-08T17:36:14.150+0000] {taskinstance.py:1206} INFO - Marking task as SUCCESS. dag_id=steam_analytics_daily, task_id=extract_steamspy_to_bronze, run_id=scheduled__2026-09-07T02:00:00+00:00, execution_date=20260907T020000, start_date=20260908T173410, end_date=20260908T173614
[2026-09-08T17:36:14.178+0000] {local_task_job_runner.py:243} INFO - Task exited with return code 0
[2026-09-08T17:36:14.199+0000] {taskinstance.py:3503} INFO - 1 downstream tasks scheduled from follow-on schedule check
[2026-09-08T17:36:14.201+0000] {local_task_job_runner.py:222} INFO - ::endgroup::
