[2026-09-02T07:55:13.724+0000] {local_task_job_runner.py:120} INFO - ::group::Pre task execution logs
[2026-09-02T07:55:13.807+0000] {taskinstance.py:2076} INFO - Dependencies all met for dep_context=non-requeueable deps ti=<TaskInstance: steam_analytics_daily.process_new_games_and_dimensions scheduled__2026-09-01T02:00:00+00:00 [queued]>
[2026-09-02T07:55:13.833+0000] {taskinstance.py:2076} INFO - Dependencies all met for dep_context=requeueable deps ti=<TaskInstance: steam_analytics_daily.process_new_games_and_dimensions scheduled__2026-09-01T02:00:00+00:00 [queued]>
[2026-09-02T07:55:13.834+0000] {taskinstance.py:2306} INFO - Starting attempt 1 of 2
[2026-09-02T07:55:13.860+0000] {taskinstance.py:2330} INFO - Executing <Task(_PythonDecoratedOperator): process_new_games_and_dimensions> on 2026-09-01 02:00:00+00:00
[2026-09-02T07:55:13.874+0000] {logging_mixin.py:188} WARNING - /home/***/.local/lib/python3.12/site-packages/***/task/task_runner/standard_task_runner.py:62 DeprecationWarning: This process (pid=194) is multi-threaded, use of fork() may lead to deadlocks in the child.
[2026-09-02T07:55:13.880+0000] {standard_task_runner.py:64} INFO - Started process 195 to run task
[2026-09-02T07:55:13.875+0000] {standard_task_runner.py:90} INFO - Running: ['***', 'tasks', 'run', 'steam_analytics_daily', 'process_new_games_and_dimensions', 'scheduled__2026-09-01T02:00:00+00:00', '--job-id', '11', '--raw', '--subdir', 'DAGS_FOLDER/steam_analytics.py', '--cfg-path', '/tmp/tmpulr790ob']
[2026-09-02T07:55:13.885+0000] {standard_task_runner.py:91} INFO - Job 11: Subtask process_new_games_and_dimensions
[2026-09-02T07:55:13.959+0000] {task_command.py:426} INFO - Running <TaskInstance: steam_analytics_daily.process_new_games_and_dimensions scheduled__2026-09-01T02:00:00+00:00 [running]> on host d1c76e755124
[2026-09-02T07:55:14.102+0000] {taskinstance.py:2648} INFO - Exporting env vars: AIRFLOW_CTX_DAG_OWNER='data_engineer' AIRFLOW_CTX_DAG_ID='steam_analytics_daily' AIRFLOW_CTX_TASK_ID='process_new_games_and_dimensions' AIRFLOW_CTX_EXECUTION_DATE='2026-09-01T02:00:00+00:00' AIRFLOW_CTX_TRY_NUMBER='1' AIRFLOW_CTX_DAG_RUN_ID='scheduled__2026-09-01T02:00:00+00:00'
[2026-09-02T07:55:14.103+0000] {taskinstance.py:430} INFO - ::endgroup::
[2026-09-02T07:55:14.267+0000] {minio_client.py:91} INFO - Berhasil membaca 1000 record dari s3://steam-analytics/bronze/steamspy/2026-09-01/data.json
[2026-09-02T07:55:14.933+0000] {minio_client.py:91} INFO - Berhasil membaca 1000 record dari s3://steam-analytics/bronze/rawg/2026-09-01/data.json
[2026-09-02T07:55:14.945+0000] {base.py:84} INFO - Using connection ID 'postgres_***' for task execution.
[2026-09-02T07:55:14.960+0000] {postgres.py:51} INFO - Ditemukan 1000 appid yang sudah punya mapping
[2026-09-02T07:55:14.961+0000] {matching.py:69} INFO - Deteksi game baru: 0 dari 1000 game hari ini belum punya mapping
[2026-09-02T07:55:14.962+0000] {steam_analytics.py:357} INFO - Task dimension selesai. Game baru diproses: 0
[2026-09-02T07:55:15.025+0000] {python.py:237} INFO - Done. Returned value was: None
[2026-09-02T07:55:15.026+0000] {taskinstance.py:441} INFO - ::group::Post task execution logs
[2026-09-02T07:55:15.037+0000] {taskinstance.py:1206} INFO - Marking task as SUCCESS. dag_id=steam_analytics_daily, task_id=process_new_games_and_dimensions, run_id=scheduled__2026-09-01T02:00:00+00:00, execution_date=20260901T020000, start_date=20260902T075513, end_date=20260902T075515
[2026-09-02T07:55:15.061+0000] {local_task_job_runner.py:243} INFO - Task exited with return code 0
[2026-09-02T07:55:15.083+0000] {taskinstance.py:3503} INFO - 1 downstream tasks scheduled from follow-on schedule check
[2026-09-02T07:55:15.085+0000] {local_task_job_runner.py:222} INFO - ::endgroup::
