[2026-09-01T07:37:01.855+0000] {local_task_job_runner.py:120} INFO - ::group::Pre task execution logs
[2026-09-01T07:37:01.896+0000] {taskinstance.py:2076} INFO - Dependencies all met for dep_context=non-requeueable deps ti=<TaskInstance: steam_analytics_daily.extract_steamspy_to_bronze scheduled__2026-08-31T02:00:00+00:00 [queued]>
[2026-09-01T07:37:01.906+0000] {taskinstance.py:2076} INFO - Dependencies all met for dep_context=requeueable deps ti=<TaskInstance: steam_analytics_daily.extract_steamspy_to_bronze scheduled__2026-08-31T02:00:00+00:00 [queued]>
[2026-09-01T07:37:01.907+0000] {taskinstance.py:2306} INFO - Starting attempt 1 of 2
[2026-09-01T07:37:01.931+0000] {taskinstance.py:2330} INFO - Executing <Task(_PythonDecoratedOperator): extract_steamspy_to_bronze> on 2026-08-31 02:00:00+00:00
[2026-09-01T07:37:01.940+0000] {logging_mixin.py:188} WARNING - /home/***/.local/lib/python3.12/site-packages/***/task/task_runner/standard_task_runner.py:62 DeprecationWarning: This process (pid=196) is multi-threaded, use of fork() may lead to deadlocks in the child.
[2026-09-01T07:37:01.940+0000] {standard_task_runner.py:90} INFO - Running: ['***', 'tasks', 'run', 'steam_analytics_daily', 'extract_steamspy_to_bronze', 'scheduled__2026-08-31T02:00:00+00:00', '--job-id', '9', '--raw', '--subdir', 'DAGS_FOLDER/steam_analytics.py', '--cfg-path', '/tmp/tmpz2hgm_ue']
[2026-09-01T07:37:01.942+0000] {standard_task_runner.py:64} INFO - Started process 199 to run task
[2026-09-01T07:37:01.942+0000] {standard_task_runner.py:91} INFO - Job 9: Subtask extract_steamspy_to_bronze
[2026-09-01T07:37:01.996+0000] {task_command.py:426} INFO - Running <TaskInstance: steam_analytics_daily.extract_steamspy_to_bronze scheduled__2026-08-31T02:00:00+00:00 [running]> on host 5179407b2d67
[2026-09-01T07:37:02.086+0000] {taskinstance.py:2648} INFO - Exporting env vars: AIRFLOW_CTX_DAG_OWNER='data_engineer' AIRFLOW_CTX_DAG_ID='steam_analytics_daily' AIRFLOW_CTX_TASK_ID='extract_steamspy_to_bronze' AIRFLOW_CTX_EXECUTION_DATE='2026-08-31T02:00:00+00:00' AIRFLOW_CTX_TRY_NUMBER='1' AIRFLOW_CTX_DAG_RUN_ID='scheduled__2026-08-31T02:00:00+00:00'
[2026-09-01T07:37:02.087+0000] {taskinstance.py:430} INFO - ::endgroup::
[2026-09-01T07:37:03.331+0000] {steamspy.py:64} INFO - Page 0: 1000 game ditarik (top 0-999 by owners)
[2026-09-01T07:37:03.332+0000] {steamspy.py:71} INFO - Total game ditarik via pagination: 1000
[2026-09-01T07:37:03.359+0000] {minio_client.py:74} INFO - Berhasil menulis 1000 record ke s3://steam-analytics/bronze/steamspy/2026-08-31/data.json
[2026-09-01T07:37:03.360+0000] {python.py:237} INFO - Done. Returned value was: None
[2026-09-01T07:37:03.361+0000] {taskinstance.py:441} INFO - ::group::Post task execution logs
[2026-09-01T07:37:03.370+0000] {taskinstance.py:1206} INFO - Marking task as SUCCESS. dag_id=steam_analytics_daily, task_id=extract_steamspy_to_bronze, run_id=scheduled__2026-08-31T02:00:00+00:00, execution_date=20260831T020000, start_date=20260901T073701, end_date=20260901T073703
[2026-09-01T07:37:03.399+0000] {local_task_job_runner.py:243} INFO - Task exited with return code 0
[2026-09-01T07:37:03.425+0000] {taskinstance.py:3503} INFO - 1 downstream tasks scheduled from follow-on schedule check
[2026-09-01T07:37:03.427+0000] {local_task_job_runner.py:222} INFO - ::endgroup::
[2026-09-01T15:19:33.905+0000] {local_task_job_runner.py:120} INFO - ::group::Pre task execution logs
[2026-09-01T15:19:33.940+0000] {taskinstance.py:2076} INFO - Dependencies all met for dep_context=non-requeueable deps ti=<TaskInstance: steam_analytics_daily.extract_steamspy_to_bronze scheduled__2026-08-31T02:00:00+00:00 [queued]>
[2026-09-01T15:19:33.948+0000] {taskinstance.py:2076} INFO - Dependencies all met for dep_context=requeueable deps ti=<TaskInstance: steam_analytics_daily.extract_steamspy_to_bronze scheduled__2026-08-31T02:00:00+00:00 [queued]>
[2026-09-01T15:19:33.948+0000] {taskinstance.py:2306} INFO - Starting attempt 1 of 2
[2026-09-01T15:19:33.960+0000] {taskinstance.py:2330} INFO - Executing <Task(_PythonDecoratedOperator): extract_steamspy_to_bronze> on 2026-08-31 02:00:00+00:00
[2026-09-01T15:19:33.969+0000] {logging_mixin.py:188} WARNING - /home/***/.local/lib/python3.12/site-packages/***/task/task_runner/standard_task_runner.py:62 DeprecationWarning: This process (pid=221) is multi-threaded, use of fork() may lead to deadlocks in the child.
[2026-09-01T15:19:33.970+0000] {standard_task_runner.py:64} INFO - Started process 224 to run task
[2026-09-01T15:19:33.969+0000] {standard_task_runner.py:90} INFO - Running: ['***', 'tasks', 'run', 'steam_analytics_daily', 'extract_steamspy_to_bronze', 'scheduled__2026-08-31T02:00:00+00:00', '--job-id', '2', '--raw', '--subdir', 'DAGS_FOLDER/steam_analytics.py', '--cfg-path', '/tmp/tmphg05z_cb']
[2026-09-01T15:19:33.971+0000] {standard_task_runner.py:91} INFO - Job 2: Subtask extract_steamspy_to_bronze
[2026-09-01T15:19:34.019+0000] {task_command.py:426} INFO - Running <TaskInstance: steam_analytics_daily.extract_steamspy_to_bronze scheduled__2026-08-31T02:00:00+00:00 [running]> on host 6c89f55949cb
[2026-09-01T15:19:34.102+0000] {taskinstance.py:2648} INFO - Exporting env vars: AIRFLOW_CTX_DAG_OWNER='data_engineer' AIRFLOW_CTX_DAG_ID='steam_analytics_daily' AIRFLOW_CTX_TASK_ID='extract_steamspy_to_bronze' AIRFLOW_CTX_EXECUTION_DATE='2026-08-31T02:00:00+00:00' AIRFLOW_CTX_TRY_NUMBER='1' AIRFLOW_CTX_DAG_RUN_ID='scheduled__2026-08-31T02:00:00+00:00'
[2026-09-01T15:19:34.103+0000] {taskinstance.py:430} INFO - ::endgroup::
[2026-09-01T15:19:35.148+0000] {steamspy.py:64} INFO - Page 0: 1000 game ditarik (top 0-999 by owners)
[2026-09-01T15:19:35.149+0000] {steamspy.py:71} INFO - Total game ditarik via pagination: 1000
[2026-09-01T15:19:35.175+0000] {minio_client.py:74} INFO - Berhasil menulis 1000 record ke s3://steam-analytics/bronze/steamspy/2026-08-31/data.json
[2026-09-01T15:19:35.176+0000] {python.py:237} INFO - Done. Returned value was: None
[2026-09-01T15:19:35.177+0000] {taskinstance.py:441} INFO - ::group::Post task execution logs
[2026-09-01T15:19:35.185+0000] {taskinstance.py:1206} INFO - Marking task as SUCCESS. dag_id=steam_analytics_daily, task_id=extract_steamspy_to_bronze, run_id=scheduled__2026-08-31T02:00:00+00:00, execution_date=20260831T020000, start_date=20260901T151933, end_date=20260901T151935
[2026-09-01T15:19:35.226+0000] {local_task_job_runner.py:243} INFO - Task exited with return code 0
[2026-09-01T15:19:35.247+0000] {taskinstance.py:3503} INFO - 1 downstream tasks scheduled from follow-on schedule check
[2026-09-01T15:19:35.249+0000] {local_task_job_runner.py:222} INFO - ::endgroup::
[2026-09-01T17:14:51.185+0000] {local_task_job_runner.py:120} INFO - ::group::Pre task execution logs
[2026-09-01T17:14:51.222+0000] {taskinstance.py:2076} INFO - Dependencies all met for dep_context=non-requeueable deps ti=<TaskInstance: steam_analytics_daily.extract_steamspy_to_bronze scheduled__2026-08-31T02:00:00+00:00 [queued]>
[2026-09-01T17:14:51.230+0000] {taskinstance.py:2076} INFO - Dependencies all met for dep_context=requeueable deps ti=<TaskInstance: steam_analytics_daily.extract_steamspy_to_bronze scheduled__2026-08-31T02:00:00+00:00 [queued]>
[2026-09-01T17:14:51.230+0000] {taskinstance.py:2306} INFO - Starting attempt 1 of 2
[2026-09-01T17:14:51.244+0000] {taskinstance.py:2330} INFO - Executing <Task(_PythonDecoratedOperator): extract_steamspy_to_bronze> on 2026-08-31 02:00:00+00:00
[2026-09-01T17:14:51.253+0000] {logging_mixin.py:188} WARNING - /home/***/.local/lib/python3.12/site-packages/***/task/task_runner/standard_task_runner.py:62 DeprecationWarning: This process (pid=216) is multi-threaded, use of fork() may lead to deadlocks in the child.
[2026-09-01T17:14:51.255+0000] {standard_task_runner.py:64} INFO - Started process 218 to run task
[2026-09-01T17:14:51.253+0000] {standard_task_runner.py:90} INFO - Running: ['***', 'tasks', 'run', 'steam_analytics_daily', 'extract_steamspy_to_bronze', 'scheduled__2026-08-31T02:00:00+00:00', '--job-id', '3', '--raw', '--subdir', 'DAGS_FOLDER/steam_analytics.py', '--cfg-path', '/tmp/tmpfr41skt1']
[2026-09-01T17:14:51.256+0000] {standard_task_runner.py:91} INFO - Job 3: Subtask extract_steamspy_to_bronze
[2026-09-01T17:14:51.305+0000] {task_command.py:426} INFO - Running <TaskInstance: steam_analytics_daily.extract_steamspy_to_bronze scheduled__2026-08-31T02:00:00+00:00 [running]> on host 82cdda78b0c7
[2026-09-01T17:14:51.393+0000] {taskinstance.py:2648} INFO - Exporting env vars: AIRFLOW_CTX_DAG_OWNER='data_engineer' AIRFLOW_CTX_DAG_ID='steam_analytics_daily' AIRFLOW_CTX_TASK_ID='extract_steamspy_to_bronze' AIRFLOW_CTX_EXECUTION_DATE='2026-08-31T02:00:00+00:00' AIRFLOW_CTX_TRY_NUMBER='1' AIRFLOW_CTX_DAG_RUN_ID='scheduled__2026-08-31T02:00:00+00:00'
[2026-09-01T17:14:51.395+0000] {taskinstance.py:430} INFO - ::endgroup::
[2026-09-01T17:14:51.969+0000] {steamspy.py:64} INFO - Page 0: 1000 game ditarik (top 0-999 by owners)
[2026-09-01T17:14:51.969+0000] {steamspy.py:71} INFO - Total game ditarik via pagination: 1000
[2026-09-01T17:14:51.992+0000] {minio_client.py:74} INFO - Berhasil menulis 1000 record ke s3://steam-analytics/bronze/steamspy/2026-08-31/data.json
[2026-09-01T17:14:51.994+0000] {python.py:237} INFO - Done. Returned value was: None
[2026-09-01T17:14:51.994+0000] {taskinstance.py:441} INFO - ::group::Post task execution logs
[2026-09-01T17:14:52.003+0000] {taskinstance.py:1206} INFO - Marking task as SUCCESS. dag_id=steam_analytics_daily, task_id=extract_steamspy_to_bronze, run_id=scheduled__2026-08-31T02:00:00+00:00, execution_date=20260831T020000, start_date=20260901T171451, end_date=20260901T171452
[2026-09-01T17:14:52.030+0000] {local_task_job_runner.py:243} INFO - Task exited with return code 0
[2026-09-01T17:14:52.052+0000] {taskinstance.py:3503} INFO - 1 downstream tasks scheduled from follow-on schedule check
[2026-09-01T17:14:52.054+0000] {local_task_job_runner.py:222} INFO - ::endgroup::
[2026-09-01T17:48:54.378+0000] {local_task_job_runner.py:120} INFO - ::group::Pre task execution logs
[2026-09-01T17:48:54.412+0000] {taskinstance.py:2076} INFO - Dependencies all met for dep_context=non-requeueable deps ti=<TaskInstance: steam_analytics_daily.extract_steamspy_to_bronze scheduled__2026-08-31T02:00:00+00:00 [queued]>
[2026-09-01T17:48:54.420+0000] {taskinstance.py:2076} INFO - Dependencies all met for dep_context=requeueable deps ti=<TaskInstance: steam_analytics_daily.extract_steamspy_to_bronze scheduled__2026-08-31T02:00:00+00:00 [queued]>
[2026-09-01T17:48:54.421+0000] {taskinstance.py:2306} INFO - Starting attempt 1 of 2
[2026-09-01T17:48:54.432+0000] {taskinstance.py:2330} INFO - Executing <Task(_PythonDecoratedOperator): extract_steamspy_to_bronze> on 2026-08-31 02:00:00+00:00
[2026-09-01T17:48:54.440+0000] {logging_mixin.py:188} WARNING - /home/***/.local/lib/python3.12/site-packages/***/task/task_runner/standard_task_runner.py:62 DeprecationWarning: This process (pid=206) is multi-threaded, use of fork() may lead to deadlocks in the child.
[2026-09-01T17:48:54.439+0000] {standard_task_runner.py:90} INFO - Running: ['***', 'tasks', 'run', 'steam_analytics_daily', 'extract_steamspy_to_bronze', 'scheduled__2026-08-31T02:00:00+00:00', '--job-id', '2', '--raw', '--subdir', 'DAGS_FOLDER/steam_analytics.py', '--cfg-path', '/tmp/tmp9d93j55r']
[2026-09-01T17:48:54.441+0000] {standard_task_runner.py:64} INFO - Started process 208 to run task
[2026-09-01T17:48:54.441+0000] {standard_task_runner.py:91} INFO - Job 2: Subtask extract_steamspy_to_bronze
[2026-09-01T17:48:54.486+0000] {task_command.py:426} INFO - Running <TaskInstance: steam_analytics_daily.extract_steamspy_to_bronze scheduled__2026-08-31T02:00:00+00:00 [running]> on host d1c76e755124
[2026-09-01T17:48:54.573+0000] {taskinstance.py:2648} INFO - Exporting env vars: AIRFLOW_CTX_DAG_OWNER='data_engineer' AIRFLOW_CTX_DAG_ID='steam_analytics_daily' AIRFLOW_CTX_TASK_ID='extract_steamspy_to_bronze' AIRFLOW_CTX_EXECUTION_DATE='2026-08-31T02:00:00+00:00' AIRFLOW_CTX_TRY_NUMBER='1' AIRFLOW_CTX_DAG_RUN_ID='scheduled__2026-08-31T02:00:00+00:00'
[2026-09-01T17:48:54.574+0000] {taskinstance.py:430} INFO - ::endgroup::
[2026-09-01T17:48:54.575+0000] {steam_analytics.py:70} INFO - Memulai extract SteamSpy untuk 2026-08-31
[2026-09-01T17:48:55.122+0000] {steamspy.py:64} INFO - Page 0: 1000 game ditarik (top 0-999 by owners)
[2026-09-01T17:48:55.122+0000] {steamspy.py:71} INFO - Total game ditarik via pagination: 1000
[2026-09-01T17:48:55.151+0000] {minio_client.py:74} INFO - Berhasil menulis 1000 record ke s3://steam-analytics/bronze/steamspy/2026-08-31/data.json
[2026-09-01T17:48:55.152+0000] {steam_analytics.py:109} INFO - Bronze SteamSpy 2026-08-31 berhasil disimpan. Total game: 1000
[2026-09-01T17:48:55.153+0000] {python.py:237} INFO - Done. Returned value was: None
[2026-09-01T17:48:55.153+0000] {taskinstance.py:441} INFO - ::group::Post task execution logs
[2026-09-01T17:48:55.162+0000] {taskinstance.py:1206} INFO - Marking task as SUCCESS. dag_id=steam_analytics_daily, task_id=extract_steamspy_to_bronze, run_id=scheduled__2026-08-31T02:00:00+00:00, execution_date=20260831T020000, start_date=20260901T174854, end_date=20260901T174855
[2026-09-01T17:48:55.216+0000] {local_task_job_runner.py:243} INFO - Task exited with return code 0
[2026-09-01T17:48:55.239+0000] {taskinstance.py:3503} INFO - 1 downstream tasks scheduled from follow-on schedule check
[2026-09-01T17:48:55.242+0000] {local_task_job_runner.py:222} INFO - ::endgroup::
