[2026-09-12T10:07:00.190+0000] {local_task_job_runner.py:120} INFO - ::group::Pre task execution logs
[2026-09-12T10:07:00.219+0000] {taskinstance.py:2076} INFO - Dependencies all met for dep_context=non-requeueable deps ti=<TaskInstance: steam_analytics_daily.build_gold_data_mart manual__2026-09-12T10:04:51.527722+00:00 [queued]>
[2026-09-12T10:07:00.227+0000] {taskinstance.py:2076} INFO - Dependencies all met for dep_context=requeueable deps ti=<TaskInstance: steam_analytics_daily.build_gold_data_mart manual__2026-09-12T10:04:51.527722+00:00 [queued]>
[2026-09-12T10:07:00.227+0000] {taskinstance.py:2306} INFO - Starting attempt 1 of 2
[2026-09-12T10:07:00.238+0000] {taskinstance.py:2330} INFO - Executing <Task(_PythonDecoratedOperator): build_gold_data_mart> on 2026-09-12 10:04:51.527722+00:00
[2026-09-12T10:07:00.244+0000] {logging_mixin.py:188} WARNING - /home/***/.local/lib/python3.12/site-packages/***/task/task_runner/standard_task_runner.py:62 DeprecationWarning: This process (pid=233) is multi-threaded, use of fork() may lead to deadlocks in the child.
[2026-09-12T10:07:00.245+0000] {standard_task_runner.py:64} INFO - Started process 234 to run task
[2026-09-12T10:07:00.244+0000] {standard_task_runner.py:90} INFO - Running: ['***', 'tasks', 'run', 'steam_analytics_daily', 'build_gold_data_mart', 'manual__2026-09-12T10:04:51.527722+00:00', '--job-id', '70', '--raw', '--subdir', 'DAGS_FOLDER/steam_analytics.py', '--cfg-path', '/tmp/tmp9n4s_b0q']
[2026-09-12T10:07:00.246+0000] {standard_task_runner.py:91} INFO - Job 70: Subtask build_gold_data_mart
[2026-09-12T10:07:00.283+0000] {task_command.py:426} INFO - Running <TaskInstance: steam_analytics_daily.build_gold_data_mart manual__2026-09-12T10:04:51.527722+00:00 [running]> on host fcb1bc3b8094
[2026-09-12T10:07:00.359+0000] {taskinstance.py:2648} INFO - Exporting env vars: AIRFLOW_CTX_DAG_OWNER='data_engineer' AIRFLOW_CTX_DAG_ID='steam_analytics_daily' AIRFLOW_CTX_TASK_ID='build_gold_data_mart' AIRFLOW_CTX_EXECUTION_DATE='2026-09-12T10:04:51.527722+00:00' AIRFLOW_CTX_TRY_NUMBER='1' AIRFLOW_CTX_DAG_RUN_ID='manual__2026-09-12T10:04:51.527722+00:00'
[2026-09-12T10:07:00.360+0000] {taskinstance.py:430} INFO - ::endgroup::
[2026-09-12T10:07:00.360+0000] {steam_analytics.py:236} INFO - Memulai build SELURUH Gold Data Mart untuk 2026-09-12
[2026-09-12T10:07:00.361+0000] {crypto.py:82} WARNING - empty cryptography key - values will not be stored encrypted.
[2026-09-12T10:07:00.362+0000] {base.py:84} INFO - Using connection ID 'postgres_***' for task execution.
[2026-09-12T10:07:00.366+0000] {postgres.py:717} INFO - Memulai pembangunan seluruh Gold Data Mart untuk 2026-09-12
[2026-09-12T10:07:00.391+0000] {postgres.py:479} INFO - mart_game_ranking berhasil dibangun untuk 2026-09-12
[2026-09-12T10:07:00.412+0000] {postgres.py:535} INFO - mart_genre_analysis berhasil dibangun untuk 2026-09-12
[2026-09-12T10:07:00.434+0000] {postgres.py:574} INFO - mart_platform_analysis berhasil dibangun untuk 2026-09-12
[2026-09-12T10:07:00.438+0000] {postgres.py:627} INFO - mart_daily_summary berhasil dibangun untuk 2026-09-12
[2026-09-12T10:07:00.445+0000] {postgres.py:706} INFO - mart_price_value_segment berhasil dibangun untuk 2026-09-12
[2026-09-12T10:07:00.446+0000] {postgres.py:725} INFO - Seluruh Gold Data Mart berhasil dibangun untuk 2026-09-12
[2026-09-12T10:07:00.446+0000] {python.py:237} INFO - Done. Returned value was: None
[2026-09-12T10:07:00.447+0000] {taskinstance.py:441} INFO - ::group::Post task execution logs
[2026-09-12T10:07:00.457+0000] {taskinstance.py:1206} INFO - Marking task as SUCCESS. dag_id=steam_analytics_daily, task_id=build_gold_data_mart, run_id=manual__2026-09-12T10:04:51.527722+00:00, execution_date=20260912T100451, start_date=20260912T100700, end_date=20260912T100700
[2026-09-12T10:07:00.497+0000] {local_task_job_runner.py:243} INFO - Task exited with return code 0
[2026-09-12T10:07:00.515+0000] {taskinstance.py:3503} INFO - 0 downstream tasks scheduled from follow-on schedule check
[2026-09-12T10:07:00.517+0000] {local_task_job_runner.py:222} INFO - ::endgroup::
