[2026-09-02T10:48:46.065+0000] {local_task_job_runner.py:120} INFO - ::group::Pre task execution logs
[2026-09-02T10:48:46.096+0000] {taskinstance.py:2076} INFO - Dependencies all met for dep_context=non-requeueable deps ti=<TaskInstance: steam_analytics_daily.extract_rawg_to_bronze manual__2026-09-02T10:48:44.093694+00:00 [queued]>
[2026-09-02T10:48:46.103+0000] {taskinstance.py:2076} INFO - Dependencies all met for dep_context=requeueable deps ti=<TaskInstance: steam_analytics_daily.extract_rawg_to_bronze manual__2026-09-02T10:48:44.093694+00:00 [queued]>
[2026-09-02T10:48:46.104+0000] {taskinstance.py:2306} INFO - Starting attempt 1 of 2
[2026-09-02T10:48:46.116+0000] {taskinstance.py:2330} INFO - Executing <Task(_PythonDecoratedOperator): extract_rawg_to_bronze> on 2026-09-02 10:48:44.093694+00:00
[2026-09-02T10:48:46.123+0000] {logging_mixin.py:188} WARNING - /home/***/.local/lib/python3.12/site-packages/***/task/task_runner/standard_task_runner.py:62 DeprecationWarning: This process (pid=197) is multi-threaded, use of fork() may lead to deadlocks in the child.
[2026-09-02T10:48:46.124+0000] {standard_task_runner.py:64} INFO - Started process 198 to run task
[2026-09-02T10:48:46.123+0000] {standard_task_runner.py:90} INFO - Running: ['***', 'tasks', 'run', 'steam_analytics_daily', 'extract_rawg_to_bronze', 'manual__2026-09-02T10:48:44.093694+00:00', '--job-id', '19', '--raw', '--subdir', 'DAGS_FOLDER/steam_analytics.py', '--cfg-path', '/tmp/tmpi8zagdtm']
[2026-09-02T10:48:46.124+0000] {standard_task_runner.py:91} INFO - Job 19: Subtask extract_rawg_to_bronze
[2026-09-02T10:48:46.166+0000] {task_command.py:426} INFO - Running <TaskInstance: steam_analytics_daily.extract_rawg_to_bronze manual__2026-09-02T10:48:44.093694+00:00 [running]> on host d1c76e755124
[2026-09-02T10:48:46.248+0000] {taskinstance.py:2648} INFO - Exporting env vars: AIRFLOW_CTX_DAG_OWNER='data_engineer' AIRFLOW_CTX_DAG_ID='steam_analytics_daily' AIRFLOW_CTX_TASK_ID='extract_rawg_to_bronze' AIRFLOW_CTX_EXECUTION_DATE='2026-09-02T10:48:44.093694+00:00' AIRFLOW_CTX_TRY_NUMBER='1' AIRFLOW_CTX_DAG_RUN_ID='manual__2026-09-02T10:48:44.093694+00:00'
[2026-09-02T10:48:46.249+0000] {taskinstance.py:430} INFO - ::endgroup::
[2026-09-02T10:48:46.250+0000] {steam_analytics.py:127} INFO - Memulai extract RAWG untuk 2026-09-02
[2026-09-02T10:48:46.358+0000] {minio_client.py:91} INFO - Berhasil membaca 1000 record dari s3://steam-analytics/bronze/steamspy/2026-09-02/data.json
[2026-09-02T10:48:46.370+0000] {steam_analytics.py:152} INFO - Bronze RAWG 2026-09-02 sudah ada. RAWG API call dilewati.
[2026-09-02T10:48:46.370+0000] {python.py:237} INFO - Done. Returned value was: None
[2026-09-02T10:48:46.371+0000] {taskinstance.py:441} INFO - ::group::Post task execution logs
[2026-09-02T10:48:46.382+0000] {taskinstance.py:1206} INFO - Marking task as SUCCESS. dag_id=steam_analytics_daily, task_id=extract_rawg_to_bronze, run_id=manual__2026-09-02T10:48:44.093694+00:00, execution_date=20260902T104844, start_date=20260902T104846, end_date=20260902T104846
[2026-09-02T10:48:46.417+0000] {local_task_job_runner.py:243} INFO - Task exited with return code 0
[2026-09-02T10:48:46.443+0000] {taskinstance.py:3503} INFO - 1 downstream tasks scheduled from follow-on schedule check
[2026-09-02T10:48:46.448+0000] {local_task_job_runner.py:222} INFO - ::endgroup::
