[2026-09-01T17:38:26.499+0000] {local_task_job_runner.py:120} INFO - ::group::Pre task execution logs
[2026-09-01T17:38:26.533+0000] {taskinstance.py:2076} INFO - Dependencies all met for dep_context=non-requeueable deps ti=<TaskInstance: steam_analytics_daily.extract_rawg_to_bronze scheduled__2026-08-31T02:00:00+00:00 [queued]>
[2026-09-01T17:38:26.540+0000] {taskinstance.py:2076} INFO - Dependencies all met for dep_context=requeueable deps ti=<TaskInstance: steam_analytics_daily.extract_rawg_to_bronze scheduled__2026-08-31T02:00:00+00:00 [queued]>
[2026-09-01T17:38:26.541+0000] {taskinstance.py:2306} INFO - Starting attempt 4 of 4
[2026-09-01T17:38:26.552+0000] {taskinstance.py:2330} INFO - Executing <Task(_PythonDecoratedOperator): extract_rawg_to_bronze> on 2026-08-31 02:00:00+00:00
[2026-09-01T17:38:26.561+0000] {logging_mixin.py:188} WARNING - /home/***/.local/lib/python3.12/site-packages/***/task/task_runner/standard_task_runner.py:62 DeprecationWarning: This process (pid=468) is multi-threaded, use of fork() may lead to deadlocks in the child.
[2026-09-01T17:38:26.560+0000] {standard_task_runner.py:90} INFO - Running: ['***', 'tasks', 'run', 'steam_analytics_daily', 'extract_rawg_to_bronze', 'scheduled__2026-08-31T02:00:00+00:00', '--job-id', '8', '--raw', '--subdir', 'DAGS_FOLDER/steam_analytics.py', '--cfg-path', '/tmp/tmp8mu7rb18']
[2026-09-01T17:38:26.562+0000] {standard_task_runner.py:64} INFO - Started process 469 to run task
[2026-09-01T17:38:26.562+0000] {standard_task_runner.py:91} INFO - Job 8: Subtask extract_rawg_to_bronze
[2026-09-01T17:38:26.602+0000] {task_command.py:426} INFO - Running <TaskInstance: steam_analytics_daily.extract_rawg_to_bronze scheduled__2026-08-31T02:00:00+00:00 [running]> on host 82cdda78b0c7
[2026-09-01T17:38:26.679+0000] {taskinstance.py:2648} INFO - Exporting env vars: AIRFLOW_CTX_DAG_OWNER='data_engineer' AIRFLOW_CTX_DAG_ID='steam_analytics_daily' AIRFLOW_CTX_TASK_ID='extract_rawg_to_bronze' AIRFLOW_CTX_EXECUTION_DATE='2026-08-31T02:00:00+00:00' AIRFLOW_CTX_TRY_NUMBER='4' AIRFLOW_CTX_DAG_RUN_ID='scheduled__2026-08-31T02:00:00+00:00'
[2026-09-01T17:38:26.680+0000] {taskinstance.py:430} INFO - ::endgroup::
[2026-09-01T17:38:26.807+0000] {minio_client.py:91} INFO - Berhasil membaca 1000 record dari s3://steam-analytics/bronze/steamspy/2026-08-31/data.json
[2026-09-01T17:38:26.816+0000] {base.py:84} INFO - Using connection ID 'postgres_***' for task execution.
[2026-09-01T17:38:26.821+0000] {postgres.py:51} INFO - Ditemukan 0 appid yang sudah punya mapping
[2026-09-01T17:38:26.822+0000] {matching.py:47} INFO - Deteksi game baru: 1000 dari 1000 game hari ini belum punya mapping
[2026-09-01T17:38:27.923+0000] {rawg.py:108} INFO - [1/1000] RAWG fetch unmapped: Counter-Strike: Global Offensive (AppID: 730) -> Mendapatkan 5 kandidat
[2026-09-01T17:38:29.202+0000] {rawg.py:108} INFO - [2/1000] RAWG fetch unmapped: Apex Legends (AppID: 1172470) -> Mendapatkan 5 kandidat
[2026-09-01T17:38:30.206+0000] {rawg.py:108} INFO - [3/1000] RAWG fetch unmapped: PUBG: BATTLEGROUNDS (AppID: 578080) -> Mendapatkan 5 kandidat
[2026-09-01T17:38:31.000+0000] {rawg.py:108} INFO - [4/1000] RAWG fetch unmapped: Palworld (AppID: 1623730) -> Mendapatkan 5 kandidat
[2026-09-01T17:38:31.797+0000] {rawg.py:108} INFO - [5/1000] RAWG fetch unmapped: Team Fortress 2 (AppID: 440) -> Mendapatkan 5 kandidat
[2026-09-01T17:38:32.653+0000] {rawg.py:108} INFO - [6/1000] RAWG fetch unmapped: Call of Duty: Modern Warfare II (AppID: 1938090) -> Mendapatkan 5 kandidat
[2026-09-01T17:38:33.424+0000] {rawg.py:108} INFO - [7/1000] RAWG fetch unmapped: New World: Aeternum (AppID: 1063730) -> Mendapatkan 5 kandidat
[2026-09-01T17:38:34.189+0000] {rawg.py:108} INFO - [8/1000] RAWG fetch unmapped: Black Myth: Wukong (AppID: 2358720) -> Mendapatkan 5 kandidat
[2026-09-01T17:38:34.921+0000] {rawg.py:108} INFO - [9/1000] RAWG fetch unmapped: Grand Theft Auto V Legacy (AppID: 271590) -> Mendapatkan 5 kandidat
[2026-09-01T17:38:35.682+0000] {rawg.py:108} INFO - [10/1000] RAWG fetch unmapped: Left 4 Dead 2 (AppID: 550) -> Mendapatkan 5 kandidat
[2026-09-01T17:38:36.360+0000] {rawg.py:108} INFO - [11/1000] RAWG fetch unmapped: Unturned (AppID: 304930) -> Mendapatkan 5 kandidat
[2026-09-01T17:38:37.024+0000] {rawg.py:108} INFO - [12/1000] RAWG fetch unmapped: Lost Ark (AppID: 1599340) -> Mendapatkan 5 kandidat
[2026-09-01T17:38:37.689+0000] {rawg.py:108} INFO - [13/1000] RAWG fetch unmapped: War Thunder (AppID: 236390) -> Mendapatkan 5 kandidat
[2026-09-01T17:38:38.529+0000] {rawg.py:108} INFO - [14/1000] RAWG fetch unmapped: Monster Hunter Wilds (AppID: 2246340) -> Mendapatkan 5 kandidat
[2026-09-01T17:38:39.729+0000] {rawg.py:108} INFO - [15/1000] RAWG fetch unmapped: HELLDIVERS 2 (AppID: 553850) -> Mendapatkan 5 kandidat
[2026-09-01T17:38:40.539+0000] {rawg.py:108} INFO - [16/1000] RAWG fetch unmapped: Warframe (AppID: 230410) -> Mendapatkan 5 kandidat
[2026-09-01T17:38:41.806+0000] {rawg.py:108} INFO - [17/1000] RAWG fetch unmapped: ELDEN RING (AppID: 1245620) -> Mendapatkan 5 kandidat
[2026-09-01T17:38:42.472+0000] {rawg.py:108} INFO - [18/1000] RAWG fetch unmapped: Terraria (AppID: 105600) -> Mendapatkan 5 kandidat
[2026-09-01T17:38:43.312+0000] {rawg.py:108} INFO - [19/1000] RAWG fetch unmapped: Path of Exile 2 (AppID: 2694490) -> Mendapatkan 5 kandidat
[2026-09-01T17:38:44.160+0000] {rawg.py:108} INFO - [20/1000] RAWG fetch unmapped: Wallpaper Engine (AppID: 431960) -> Mendapatkan 5 kandidat
[2026-09-01T17:38:44.964+0000] {rawg.py:108} INFO - [21/1000] RAWG fetch unmapped: Baldur's Gate 3 (AppID: 1086940) -> Mendapatkan 5 kandidat
[2026-09-01T17:38:45.737+0000] {rawg.py:108} INFO - [22/1000] RAWG fetch unmapped: Brawlhalla (AppID: 291550) -> Mendapatkan 5 kandidat
[2026-09-01T17:38:46.519+0000] {rawg.py:108} INFO - [23/1000] RAWG fetch unmapped: Garry's Mod (AppID: 4000) -> Mendapatkan 5 kandidat
[2026-09-01T17:38:47.498+0000] {rawg.py:108} INFO - [24/1000] RAWG fetch unmapped: Destiny 2 (AppID: 1085660) -> Mendapatkan 5 kandidat
[2026-09-01T17:38:48.516+0000] {rawg.py:108} INFO - [25/1000] RAWG fetch unmapped: Tom Clancy's Rainbow Six Siege (AppID: 359550) -> Mendapatkan 5 kandidat
[2026-09-01T17:38:49.165+0000] {rawg.py:108} INFO - [26/1000] RAWG fetch unmapped: Rust (AppID: 252490) -> Mendapatkan 5 kandidat
[2026-09-01T17:38:50.000+0000] {rawg.py:108} INFO - [27/1000] RAWG fetch unmapped: World of Warships (AppID: 552990) -> Mendapatkan 5 kandidat
[2026-09-01T17:38:50.729+0000] {rawg.py:108} INFO - [28/1000] RAWG fetch unmapped: ARK: Survival Evolved (AppID: 346110) -> Mendapatkan 5 kandidat
[2026-09-01T17:38:51.514+0000] {rawg.py:108} INFO - [29/1000] RAWG fetch unmapped: Stardew Valley (AppID: 413150) -> Mendapatkan 5 kandidat
[2026-09-01T17:38:52.384+0000] {rawg.py:108} INFO - [30/1000] RAWG fetch unmapped: The Forest (AppID: 242760) -> Mendapatkan 5 kandidat
[2026-09-01T17:38:53.147+0000] {rawg.py:108} INFO - [31/1000] RAWG fetch unmapped: War Robots: Frontiers (AppID: 1491000) -> Mendapatkan 5 kandidat
[2026-09-01T17:38:53.842+0000] {rawg.py:108} INFO - [32/1000] RAWG fetch unmapped: Path of Exile (AppID: 238960) -> Mendapatkan 5 kandidat
[2026-09-01T17:38:54.511+0000] {rawg.py:108} INFO - [33/1000] RAWG fetch unmapped: PAYDAY 2 (AppID: 218620) -> Mendapatkan 5 kandidat
[2026-09-01T17:38:55.568+0000] {rawg.py:108} INFO - [34/1000] RAWG fetch unmapped: Warface: Clutch (AppID: 291480) -> Mendapatkan 5 kandidat
[2026-09-01T17:38:56.337+0000] {rawg.py:108} INFO - [35/1000] RAWG fetch unmapped: Grand Theft Auto IV: Complete Edition (AppID: 901583) -> Mendapatkan 5 kandidat
[2026-09-01T17:38:57.307+0000] {rawg.py:108} INFO - [36/1000] RAWG fetch unmapped: Last Epoch (AppID: 899770) -> Mendapatkan 5 kandidat
[2026-09-01T17:38:58.140+0000] {rawg.py:108} INFO - [37/1000] RAWG fetch unmapped: Half-Life 2: Lost Coast (AppID: 340) -> Mendapatkan 5 kandidat
[2026-09-01T17:38:58.944+0000] {rawg.py:108} INFO - [38/1000] RAWG fetch unmapped: Cyberpunk 2077 (AppID: 1091500) -> Mendapatkan 5 kandidat
[2026-09-01T17:38:59.984+0000] {rawg.py:108} INFO - [39/1000] RAWG fetch unmapped: Dead by Daylight (AppID: 381210) -> Mendapatkan 5 kandidat
[2026-09-01T17:39:00.707+0000] {rawg.py:108} INFO - [40/1000] RAWG fetch unmapped: Hogwarts Legacy (AppID: 990080) -> Mendapatkan 5 kandidat
[2026-09-01T17:39:01.760+0000] {rawg.py:108} INFO - [41/1000] RAWG fetch unmapped: VRChat (AppID: 438100) -> Mendapatkan 5 kandidat
[2026-09-01T17:39:03.195+0000] {rawg.py:108} INFO - [42/1000] RAWG fetch unmapped: The Witcher 3: Wild Hunt - Complete Edition (AppID: 292030) -> Mendapatkan 5 kandidat
[2026-09-01T17:39:03.993+0000] {rawg.py:108} INFO - [43/1000] RAWG fetch unmapped: Among Us (AppID: 945360) -> Mendapatkan 5 kandidat
[2026-09-01T17:39:04.768+0000] {rawg.py:108} INFO - [44/1000] RAWG fetch unmapped: Fall Guys: Ultimate Knockout (AppID: 1097150) -> Mendapatkan 5 kandidat
[2026-09-01T17:39:05.538+0000] {rawg.py:108} INFO - [45/1000] RAWG fetch unmapped: Borderlands 2 (AppID: 49520) -> Mendapatkan 5 kandidat
[2026-09-01T17:39:15.851+0000] {rawg.py:108} INFO - [46/1000] RAWG fetch unmapped: Euro Truck Simulator 2 (AppID: 227300) -> Mendapatkan 5 kandidat
[2026-09-01T17:39:17.867+0000] {rawg.py:108} INFO - [47/1000] RAWG fetch unmapped: Valheim (AppID: 892970) -> Mendapatkan 5 kandidat
[2026-09-01T17:39:18.645+0000] {rawg.py:108} INFO - [48/1000] RAWG fetch unmapped: Phasmophobia (AppID: 739630) -> Mendapatkan 5 kandidat
[2026-09-01T17:39:19.490+0000] {rawg.py:108} INFO - [49/1000] RAWG fetch unmapped: Paladins (AppID: 444090) -> Mendapatkan 5 kandidat
[2026-09-01T17:39:20.224+0000] {rawg.py:108} INFO - [50/1000] RAWG fetch unmapped: NARAKA: BLADEPOINT (AppID: 1203220) -> Mendapatkan 5 kandidat
[2026-09-01T17:39:21.020+0000] {rawg.py:108} INFO - [51/1000] RAWG fetch unmapped: Half-Life 2: Deathmatch (AppID: 320) -> Mendapatkan 5 kandidat
[2026-09-01T17:39:21.759+0000] {rawg.py:108} INFO - [52/1000] RAWG fetch unmapped: Half-Life (AppID: 70) -> Mendapatkan 5 kandidat
[2026-09-01T17:39:22.710+0000] {rawg.py:108} INFO - [53/1000] RAWG fetch unmapped: Monster Hunter: World (AppID: 582010) -> Mendapatkan 5 kandidat
[2026-09-01T17:39:23.558+0000] {rawg.py:108} INFO - [54/1000] RAWG fetch unmapped: Heroes & Generals (AppID: 227940) -> Mendapatkan 5 kandidat
[2026-09-01T17:39:24.313+0000] {rawg.py:108} INFO - [55/1000] RAWG fetch unmapped: Rocket League (AppID: 252950) -> Mendapatkan 5 kandidat
[2026-09-01T17:39:25.079+0000] {rawg.py:108} INFO - [56/1000] RAWG fetch unmapped: Project Zomboid (AppID: 108600) -> Mendapatkan 5 kandidat
[2026-09-01T17:39:26.072+0000] {rawg.py:108} INFO - [57/1000] RAWG fetch unmapped: Lethal Company (AppID: 1966720) -> Mendapatkan 5 kandidat
[2026-09-01T17:39:26.828+0000] {rawg.py:108} INFO - [58/1000] RAWG fetch unmapped: Red Dead Redemption 2 (AppID: 1174180) -> Mendapatkan 5 kandidat
[2026-09-01T17:39:27.666+0000] {rawg.py:108} INFO - [59/1000] RAWG fetch unmapped: Battlefield 2042 (AppID: 1517290) -> Mendapatkan 5 kandidat
[2026-09-01T17:39:28.377+0000] {rawg.py:108} INFO - [60/1000] RAWG fetch unmapped: Halo Infinite (AppID: 1240440) -> Mendapatkan 5 kandidat
[2026-09-01T17:39:29.011+0000] {rawg.py:108} INFO - [61/1000] RAWG fetch unmapped: Raft (AppID: 648800) -> Mendapatkan 5 kandidat
[2026-09-01T17:39:29.718+0000] {rawg.py:108} INFO - [62/1000] RAWG fetch unmapped: SMITE (AppID: 386360) -> Mendapatkan 5 kandidat
[2026-09-01T17:39:30.501+0000] {rawg.py:108} INFO - [63/1000] RAWG fetch unmapped: World of Tanks Blitz (AppID: 444200) -> Mendapatkan 5 kandidat
[2026-09-01T17:39:31.769+0000] {rawg.py:108} INFO - [64/1000] RAWG fetch unmapped: Counter-Strike (AppID: 10) -> Mendapatkan 5 kandidat
[2026-09-01T17:39:32.666+0000] {rawg.py:108} INFO - [65/1000] RAWG fetch unmapped: Counter-Strike: Source (AppID: 240) -> Mendapatkan 5 kandidat
[2026-09-01T17:39:33.355+0000] {rawg.py:108} INFO - [66/1000] RAWG fetch unmapped: Schedule I (AppID: 3164500) -> Mendapatkan 5 kandidat
[2026-09-01T17:39:34.234+0000] {rawg.py:108} INFO - [67/1000] RAWG fetch unmapped: Ring of Elysium (AppID: 755790) -> Mendapatkan 5 kandidat
[2026-09-01T17:39:34.923+0000] {rawg.py:108} INFO - [68/1000] RAWG fetch unmapped: Portal (AppID: 400) -> Mendapatkan 5 kandidat
[2026-09-01T17:39:35.814+0000] {rawg.py:108} INFO - [69/1000] RAWG fetch unmapped: The Sims 4 (AppID: 1222670) -> Mendapatkan 5 kandidat
[2026-09-01T17:39:36.574+0000] {rawg.py:108} INFO - [70/1000] RAWG fetch unmapped: Black Squad (AppID: 550650) -> Mendapatkan 5 kandidat
[2026-09-01T17:39:37.483+0000] {rawg.py:108} INFO - [71/1000] RAWG fetch unmapped: Don't Starve Together (AppID: 322330) -> Mendapatkan 5 kandidat
[2026-09-01T17:39:38.205+0000] {rawg.py:108} INFO - [72/1000] RAWG fetch unmapped: Dying Light (AppID: 239140) -> Mendapatkan 5 kandidat
[2026-09-01T17:39:39.306+0000] {rawg.py:108} INFO - [73/1000] RAWG fetch unmapped: Human Fall Flat (AppID: 477160) -> Mendapatkan 5 kandidat
[2026-09-01T17:39:39.968+0000] {rawg.py:108} INFO - [74/1000] RAWG fetch unmapped: 7 Days to Die (AppID: 251570) -> Mendapatkan 5 kandidat
[2026-09-01T17:39:40.847+0000] {rawg.py:108} INFO - [75/1000] RAWG fetch unmapped: Counter-Strike: Condition Zero (AppID: 100) -> Mendapatkan 5 kandidat
[2026-09-01T17:39:41.616+0000] {rawg.py:108} INFO - [76/1000] RAWG fetch unmapped: eFootball (AppID: 1665460) -> Mendapatkan 5 kandidat
[2026-09-01T17:39:42.520+0000] {rawg.py:108} INFO - [77/1000] RAWG fetch unmapped: Street Warriors Online (AppID: 417910) -> Mendapatkan 5 kandidat
[2026-09-01T17:39:43.304+0000] {rawg.py:108} INFO - [78/1000] RAWG fetch unmapped: Z1 Battle Royale (AppID: 433850) -> Mendapatkan 5 kandidat
[2026-09-01T17:39:44.077+0000] {rawg.py:108} INFO - [79/1000] RAWG fetch unmapped: Hunt: Showdown 1896 (AppID: 594650) -> Mendapatkan 5 kandidat
[2026-09-01T17:39:45.105+0000] {rawg.py:108} INFO - [80/1000] RAWG fetch unmapped: Sekiro: Shadows Die Twice - GOTY Edition (AppID: 814380) -> Mendapatkan 5 kandidat
[2026-09-01T17:39:45.860+0000] {rawg.py:108} INFO - [81/1000] RAWG fetch unmapped: CyberCorp (AppID: 1116170) -> Mendapatkan 5 kandidat
[2026-09-01T17:39:46.762+0000] {rawg.py:108} INFO - [82/1000] RAWG fetch unmapped: Half-Life 2 (AppID: 220) -> Mendapatkan 5 kandidat
[2026-09-01T17:39:47.518+0000] {rawg.py:108} INFO - [83/1000] RAWG fetch unmapped: Arma 3 (AppID: 107410) -> Mendapatkan 5 kandidat
[2026-09-01T17:39:48.368+0000] {rawg.py:108} INFO - [84/1000] RAWG fetch unmapped: Sons Of The Forest (AppID: 1326470) -> Mendapatkan 5 kandidat
[2026-09-01T17:39:49.420+0000] {rawg.py:108} INFO - [85/1000] RAWG fetch unmapped: Grim Dawn (AppID: 219990) -> Mendapatkan 5 kandidat
[2026-09-01T17:39:50.233+0000] {rawg.py:108} INFO - [86/1000] RAWG fetch unmapped: Cities: Skylines (AppID: 255710) -> Mendapatkan 5 kandidat
[2026-09-01T17:39:51.101+0000] {rawg.py:108} INFO - [87/1000] RAWG fetch unmapped: Mount & Blade II: Bannerlord (AppID: 261550) -> Mendapatkan 5 kandidat
[2026-09-01T17:39:52.060+0000] {rawg.py:108} INFO - [88/1000] RAWG fetch unmapped: Sid Meier's Civilization V (AppID: 8930) -> Mendapatkan 5 kandidat
[2026-09-01T17:39:53.222+0000] {rawg.py:108} INFO - [89/1000] RAWG fetch unmapped: Trove (AppID: 304050) -> Mendapatkan 5 kandidat
[2026-09-01T17:39:53.924+0000] {rawg.py:108} INFO - [90/1000] RAWG fetch unmapped: Sid Meier’s Civilization VI (AppID: 289070) -> Mendapatkan 5 kandidat
[2026-09-01T17:39:54.640+0000] {rawg.py:108} INFO - [91/1000] RAWG fetch unmapped: Fallout 4 (AppID: 377160) -> Mendapatkan 5 kandidat
[2026-09-01T17:39:55.350+0000] {rawg.py:108} INFO - [92/1000] RAWG fetch unmapped: Life is Strange 2 (AppID: 532210) -> Mendapatkan 5 kandidat
[2026-09-01T17:39:56.181+0000] {rawg.py:108} INFO - [93/1000] RAWG fetch unmapped: Warhammer 40,000: Rogue Trader (AppID: 2186680) -> Mendapatkan 5 kandidat
[2026-09-01T17:39:56.841+0000] {rawg.py:108} INFO - [94/1000] RAWG fetch unmapped: Battlefield V (AppID: 1238810) -> Mendapatkan 5 kandidat
[2026-09-01T17:39:57.600+0000] {rawg.py:108} INFO - [95/1000] RAWG fetch unmapped: R.E.P.O. (AppID: 3241660) -> Mendapatkan 5 kandidat
[2026-09-01T17:39:58.231+0000] {rawg.py:108} INFO - [96/1000] RAWG fetch unmapped: DayZ (AppID: 221100) -> Mendapatkan 5 kandidat
[2026-09-01T17:39:58.938+0000] {rawg.py:108} INFO - [97/1000] RAWG fetch unmapped: Satisfactory (AppID: 526870) -> Mendapatkan 2 kandidat
[2026-09-01T17:39:59.560+0000] {rawg.py:108} INFO - [98/1000] RAWG fetch unmapped: NBA 2K20 (AppID: 1089350) -> Mendapatkan 5 kandidat
[2026-09-01T17:40:00.287+0000] {rawg.py:108} INFO - [99/1000] RAWG fetch unmapped: Risk of Rain 2 (AppID: 632360) -> Mendapatkan 5 kandidat
[2026-09-01T17:40:00.997+0000] {rawg.py:108} INFO - [100/1000] RAWG fetch unmapped: EA SPORTS FIFA 23 (AppID: 1811260) -> Mendapatkan 5 kandidat
[2026-09-01T17:40:01.756+0000] {rawg.py:108} INFO - [101/1000] RAWG fetch unmapped: Castle Crashers (AppID: 204360) -> Mendapatkan 5 kandidat
[2026-09-01T17:40:02.466+0000] {rawg.py:108} INFO - [102/1000] RAWG fetch unmapped: PlanetSide 2 (AppID: 218230) -> Mendapatkan 5 kandidat
[2026-09-01T17:40:03.362+0000] {rawg.py:108} INFO - [103/1000] RAWG fetch unmapped: The Elder Scrolls V: Skyrim (AppID: 72850) -> Mendapatkan 5 kandidat
[2026-09-01T17:40:04.141+0000] {rawg.py:108} INFO - [104/1000] RAWG fetch unmapped: Hearts of Iron IV (AppID: 394360) -> Mendapatkan 5 kandidat
[2026-09-01T17:40:05.338+0000] {rawg.py:108} INFO - [105/1000] RAWG fetch unmapped: The Elder Scrolls V: Skyrim Special Edition (AppID: 489830) -> Mendapatkan 5 kandidat
[2026-09-01T17:40:06.066+0000] {rawg.py:108} INFO - [106/1000] RAWG fetch unmapped: Geometry Dash (AppID: 322170) -> Mendapatkan 5 kandidat
[2026-09-01T17:40:07.175+0000] {rawg.py:108} INFO - [107/1000] RAWG fetch unmapped: MONSTER HUNTER RISE (AppID: 1446780) -> Mendapatkan 5 kandidat
[2026-09-01T17:40:08.153+0000] {rawg.py:108} INFO - [108/1000] RAWG fetch unmapped: No More Room in Hell (AppID: 224260) -> Mendapatkan 5 kandidat
[2026-09-01T17:40:08.947+0000] {rawg.py:108} INFO - [109/1000] RAWG fetch unmapped: Tomb Raider Game of the Year (AppID: 203160) -> Mendapatkan 5 kandidat
[2026-09-01T17:40:09.667+0000] {rawg.py:108} INFO - [110/1000] RAWG fetch unmapped: No Man's Sky (AppID: 275850) -> Mendapatkan 5 kandidat
[2026-09-01T17:40:10.587+0000] {rawg.py:108} INFO - [111/1000] RAWG fetch unmapped: Hollow Knight (AppID: 367520) -> Mendapatkan 5 kandidat
[2026-09-01T17:40:11.349+0000] {rawg.py:108} INFO - [112/1000] RAWG fetch unmapped: Robocraft (AppID: 301520) -> Mendapatkan 5 kandidat
[2026-09-01T17:40:12.212+0000] {rawg.py:108} INFO - [113/1000] RAWG fetch unmapped: War Robots (AppID: 767560) -> Mendapatkan 5 kandidat
[2026-09-01T17:40:13.489+0000] {rawg.py:108} INFO - [114/1000] RAWG fetch unmapped: Resident Evil 4 (AppID: 2050650) -> Mendapatkan 5 kandidat
[2026-09-01T17:40:14.626+0000] {rawg.py:108} INFO - [115/1000] RAWG fetch unmapped: Deceit (AppID: 466240) -> Mendapatkan 5 kandidat
[2026-09-01T17:40:15.364+0000] {rawg.py:108} INFO - [116/1000] RAWG fetch unmapped: BeamNG.drive (AppID: 284160) -> Mendapatkan 1 kandidat
[2026-09-01T17:40:16.167+0000] {rawg.py:108} INFO - [117/1000] RAWG fetch unmapped: A Story About My Uncle (AppID: 278360) -> Mendapatkan 5 kandidat
[2026-09-01T17:40:17.017+0000] {rawg.py:108} INFO - [118/1000] RAWG fetch unmapped: Subnautica (AppID: 264710) -> Mendapatkan 5 kandidat
[2026-09-01T17:40:17.879+0000] {rawg.py:108} INFO - [119/1000] RAWG fetch unmapped: Counter-Strike: Condition Zero (AppID: 80) -> Mendapatkan 5 kandidat
[2026-09-01T17:40:18.743+0000] {rawg.py:108} INFO - [120/1000] RAWG fetch unmapped: Kathy Rain (AppID: 370910) -> Mendapatkan 5 kandidat
[2026-09-01T17:40:19.576+0000] {rawg.py:108} INFO - [121/1000] RAWG fetch unmapped: Deathmatch Classic (AppID: 40) -> Mendapatkan 5 kandidat
[2026-09-01T17:40:20.482+0000] {rawg.py:108} INFO - [122/1000] RAWG fetch unmapped: Guacamelee! Super Turbo Championship Edition (AppID: 275390) -> Mendapatkan 5 kandidat
[2026-09-01T17:40:21.232+0000] {rawg.py:108} INFO - [123/1000] RAWG fetch unmapped: Content Warning (AppID: 2881650) -> Mendapatkan 5 kandidat
[2026-09-01T17:40:22.363+0000] {rawg.py:108} INFO - [124/1000] RAWG fetch unmapped: Call of Duty: Black Ops III (AppID: 311210) -> Mendapatkan 5 kandidat
[2026-09-01T17:40:22.985+0000] {rawg.py:108} INFO - [125/1000] RAWG fetch unmapped: Dirty Bomb (AppID: 333930) -> Mendapatkan 5 kandidat
[2026-09-01T17:40:23.886+0000] {rawg.py:108} INFO - [126/1000] RAWG fetch unmapped: Sea of Thieves: 2026 Edition (AppID: 1172620) -> Mendapatkan 5 kandidat
[2026-09-01T17:40:24.785+0000] {rawg.py:108} INFO - [127/1000] RAWG fetch unmapped: Fallout: New Vegas (AppID: 22380) -> Mendapatkan 5 kandidat
[2026-09-01T17:40:25.668+0000] {rawg.py:108} INFO - [128/1000] RAWG fetch unmapped: The Binding of Isaac: Rebirth (AppID: 250900) -> Mendapatkan 5 kandidat
[2026-09-01T17:40:26.444+0000] {rawg.py:108} INFO - [129/1000] RAWG fetch unmapped: SCP: Secret Laboratory (AppID: 700330) -> Mendapatkan 5 kandidat
[2026-09-01T17:40:29.573+0000] {rawg.py:108} INFO - [130/1000] RAWG fetch unmapped: Call of Duty: Modern Warfare 2 (2009) (AppID: 10180) -> Mendapatkan 5 kandidat
[2026-09-01T17:40:30.505+0000] {rawg.py:108} INFO - [131/1000] RAWG fetch unmapped: Black Desert (AppID: 582660) -> Mendapatkan 5 kandidat
[2026-09-01T17:40:37.174+0000] {rawg.py:108} INFO - [132/1000] RAWG fetch unmapped: ULTRAKILL (AppID: 1229490) -> Mendapatkan 5 kandidat
[2026-09-01T17:40:37.997+0000] {rawg.py:108} INFO - [133/1000] RAWG fetch unmapped: Dota Underlords (AppID: 1046930) -> Mendapatkan 5 kandidat
[2026-09-01T17:40:38.705+0000] {rawg.py:108} INFO - [134/1000] RAWG fetch unmapped: It Takes Two (AppID: 1426210) -> Mendapatkan 5 kandidat
[2026-09-01T17:40:39.754+0000] {rawg.py:108} INFO - [135/1000] RAWG fetch unmapped: EA SPORTS FC 24 (AppID: 2195250) -> Mendapatkan 5 kandidat
[2026-09-01T17:40:41.306+0000] {rawg.py:108} INFO - [136/1000] RAWG fetch unmapped: Warhammer 40,000: Space Marine 2 (AppID: 2183900) -> Mendapatkan 5 kandidat
[2026-09-01T17:40:42.061+0000] {rawg.py:108} INFO - [137/1000] RAWG fetch unmapped: Resident Evil 2 (AppID: 883710) -> Mendapatkan 5 kandidat
[2026-09-01T17:40:42.885+0000] {rawg.py:108} INFO - [138/1000] RAWG fetch unmapped: Chivalry: Medieval Warfare (AppID: 219640) -> Mendapatkan 5 kandidat
[2026-09-01T17:40:43.687+0000] {rawg.py:108} INFO - [139/1000] RAWG fetch unmapped: The Elder Scrolls Online (AppID: 306130) -> Mendapatkan 5 kandidat
[2026-09-01T17:40:44.385+0000] {rawg.py:108} INFO - [140/1000] RAWG fetch unmapped: Assetto Corsa (AppID: 244210) -> Mendapatkan 5 kandidat
[2026-09-01T17:40:45.139+0000] {rawg.py:108} INFO - [141/1000] RAWG fetch unmapped: XCOM 2 (AppID: 268500) -> Mendapatkan 5 kandidat
[2026-09-01T17:40:45.966+0000] {rawg.py:108} INFO - [142/1000] RAWG fetch unmapped: Vampire Survivors (AppID: 1794680) -> Mendapatkan 5 kandidat
[2026-09-01T17:40:46.659+0000] {rawg.py:108} INFO - [143/1000] RAWG fetch unmapped: MultiVersus (AppID: 1818750) -> Mendapatkan 5 kandidat
[2026-09-01T17:40:47.621+0000] {rawg.py:108} INFO - [144/1000] RAWG fetch unmapped: Assassin’s Creed IV Black Flag (AppID: 242050) -> Mendapatkan 5 kandidat
[2026-09-01T17:40:51.859+0000] {rawg.py:108} INFO - [145/1000] RAWG fetch unmapped: Day of Defeat (AppID: 30) -> Mendapatkan 5 kandidat
[2026-09-01T17:40:52.798+0000] {rawg.py:108} INFO - [146/1000] RAWG fetch unmapped: Europa Universalis IV (AppID: 236850) -> Mendapatkan 5 kandidat
[2026-09-01T17:40:53.560+0000] {rawg.py:108} INFO - [147/1000] RAWG fetch unmapped: Clicker Heroes (AppID: 363970) -> Mendapatkan 5 kandidat
[2026-09-01T17:40:54.284+0000] {rawg.py:108} INFO - [148/1000] RAWG fetch unmapped: theHunter Classic (AppID: 253710) -> Mendapatkan 5 kandidat
[2026-09-01T17:40:54.919+0000] {rawg.py:108} INFO - [149/1000] RAWG fetch unmapped: DOOM (AppID: 379720) -> Mendapatkan 5 kandidat
[2026-09-01T17:40:55.595+0000] {rawg.py:108} INFO - [150/1000] RAWG fetch unmapped: Evolve Stage 2 (AppID: 273350) -> Mendapatkan 5 kandidat
[2026-09-01T17:40:56.455+0000] {rawg.py:108} INFO - [151/1000] RAWG fetch unmapped: Crab Game (AppID: 1782210) -> Mendapatkan 5 kandidat
[2026-09-01T17:40:57.145+0000] {rawg.py:108} INFO - [152/1000] RAWG fetch unmapped: KurtzPel (AppID: 844870) -> Mendapatkan 2 kandidat
[2026-09-01T17:40:57.754+0000] {rawg.py:108} INFO - [153/1000] RAWG fetch unmapped: Devil May Cry 5 (AppID: 601150) -> Mendapatkan 5 kandidat
[2026-09-01T17:40:58.410+0000] {rawg.py:108} INFO - [154/1000] RAWG fetch unmapped: STAR WARS: The Old Republic (AppID: 1286830) -> Mendapatkan 5 kandidat
[2026-09-01T17:40:59.193+0000] {rawg.py:108} INFO - [155/1000] RAWG fetch unmapped: Blender (AppID: 365670) -> Mendapatkan 5 kandidat
[2026-09-01T17:41:00.165+0000] {rawg.py:108} INFO - [156/1000] RAWG fetch unmapped: Life is Strange - Episode 1 (AppID: 319630) -> Mendapatkan 5 kandidat
[2026-09-01T17:41:01.035+0000] {rawg.py:108} INFO - [157/1000] RAWG fetch unmapped: Forza Horizon 4 (AppID: 1293830) -> Mendapatkan 5 kandidat
[2026-09-01T17:41:01.690+0000] {rawg.py:108} INFO - [158/1000] RAWG fetch unmapped: Hades (AppID: 1145360) -> Mendapatkan 5 kandidat
[2026-09-01T17:41:02.550+0000] {rawg.py:108} INFO - [159/1000] RAWG fetch unmapped: BattleBit Remastered (AppID: 671860) -> Mendapatkan 5 kandidat
[2026-09-01T17:41:03.262+0000] {rawg.py:108} INFO - [160/1000] RAWG fetch unmapped: Factorio (AppID: 427520) -> Mendapatkan 5 kandidat
[2026-09-01T17:41:03.986+0000] {rawg.py:108} INFO - [161/1000] RAWG fetch unmapped: Age of Empires II (Retired) (AppID: 221380) -> Mendapatkan 5 kandidat
[2026-09-01T17:41:04.743+0000] {rawg.py:108} INFO - [162/1000] RAWG fetch unmapped: Company of Heroes 2 (AppID: 231430) -> Mendapatkan 5 kandidat
[2026-09-01T17:41:05.589+0000] {rawg.py:108} INFO - [163/1000] RAWG fetch unmapped: Realm Royale (AppID: 813820) -> Mendapatkan 5 kandidat
[2026-09-01T17:41:06.460+0000] {rawg.py:108} INFO - [164/1000] RAWG fetch unmapped: Total War: WARHAMMER II (AppID: 594570) -> Mendapatkan 5 kandidat
[2026-09-01T17:41:07.182+0000] {rawg.py:108} INFO - [165/1000] RAWG fetch unmapped: Undertale (AppID: 391540) -> Mendapatkan 5 kandidat
[2026-09-01T17:41:08.110+0000] {rawg.py:108} INFO - [166/1000] RAWG fetch unmapped: Halo: The Master Chief Collection (AppID: 976730) -> Mendapatkan 5 kandidat
[2026-09-01T17:41:08.781+0000] {rawg.py:108} INFO - [167/1000] RAWG fetch unmapped: Slay the Spire (AppID: 646570) -> Mendapatkan 5 kandidat
[2026-09-01T17:41:09.488+0000] {rawg.py:108} INFO - [168/1000] RAWG fetch unmapped: Dead Cells (AppID: 588650) -> Mendapatkan 5 kandidat
[2026-09-01T17:41:10.139+0000] {rawg.py:108} INFO - [169/1000] RAWG fetch unmapped: Cuphead (AppID: 268910) -> Mendapatkan 5 kandidat
[2026-09-01T17:41:10.958+0000] {rawg.py:108} INFO - [170/1000] RAWG fetch unmapped: Z1 Battle Royale: Test Server (AppID: 439700) -> Mendapatkan 5 kandidat
[2026-09-01T17:41:11.632+0000] {rawg.py:108} INFO - [171/1000] RAWG fetch unmapped: Left 4 Dead (AppID: 500) -> Mendapatkan 5 kandidat
[2026-09-01T17:41:12.523+0000] {rawg.py:108} INFO - [172/1000] RAWG fetch unmapped: People Playground (AppID: 1118200) -> Mendapatkan 5 kandidat
[2026-09-01T17:41:13.220+0000] {rawg.py:108} INFO - [173/1000] RAWG fetch unmapped: Portal 2 (AppID: 620) -> Mendapatkan 5 kandidat
[2026-09-01T17:41:14.052+0000] {rawg.py:108} INFO - [174/1000] RAWG fetch unmapped: Forza Horizon 5 (AppID: 1551360) -> Mendapatkan 5 kandidat
[2026-09-01T17:41:14.763+0000] {rawg.py:108} INFO - [175/1000] RAWG fetch unmapped: Eternal Return (AppID: 1049590) -> Mendapatkan 5 kandidat
[2026-09-01T17:41:16.136+0000] {rawg.py:108} INFO - [176/1000] RAWG fetch unmapped: Half-Life 2: Episode One (AppID: 380) -> Mendapatkan 5 kandidat
[2026-09-01T17:41:17.070+0000] {rawg.py:108} INFO - [177/1000] RAWG fetch unmapped: Half-Life Deathmatch: Source (AppID: 360) -> Mendapatkan 5 kandidat
[2026-09-01T17:41:17.710+0000] {rawg.py:108} INFO - [178/1000] RAWG fetch unmapped: Total War: THREE KINGDOMS (AppID: 779340) -> Mendapatkan 5 kandidat
[2026-09-01T17:41:18.662+0000] {rawg.py:108} INFO - [179/1000] RAWG fetch unmapped: Prison Architect (AppID: 233450) -> Mendapatkan 5 kandidat
[2026-09-01T17:41:19.541+0000] {rawg.py:108} INFO - [180/1000] RAWG fetch unmapped: DOOM Eternal (AppID: 782330) -> Mendapatkan 5 kandidat
[2026-09-01T17:41:20.265+0000] {rawg.py:108} INFO - [181/1000] RAWG fetch unmapped: Cry of Fear (AppID: 223710) -> Mendapatkan 5 kandidat
[2026-09-01T17:41:21.010+0000] {rawg.py:108} INFO - [182/1000] RAWG fetch unmapped: SCUM (AppID: 513710) -> Mendapatkan 5 kandidat
[2026-09-01T17:41:21.779+0000] {rawg.py:108} INFO - [183/1000] RAWG fetch unmapped: Splitgate: Arena Warfare (AppID: 677620) -> Mendapatkan 5 kandidat
[2026-09-01T17:41:22.458+0000] {rawg.py:108} INFO - [184/1000] RAWG fetch unmapped: Stumble Guys (AppID: 1677740) -> Mendapatkan 5 kandidat
[2026-09-01T17:41:23.131+0000] {rawg.py:108} INFO - [185/1000] RAWG fetch unmapped: Neverwinter (AppID: 109600) -> Mendapatkan 5 kandidat
[2026-09-01T17:41:24.187+0000] {rawg.py:108} INFO - [186/1000] RAWG fetch unmapped: Half-Life 2: Episode Two (AppID: 420) -> Mendapatkan 5 kandidat
[2026-09-01T17:41:25.066+0000] {rawg.py:108} INFO - [187/1000] RAWG fetch unmapped: Business Tour - Board Game with Online Multiplayer (AppID: 397900) -> Mendapatkan 5 kandidat
[2026-09-01T17:41:26.074+0000] {rawg.py:108} INFO - [188/1000] RAWG fetch unmapped: Doki Doki Literature Club! (AppID: 698780) -> Mendapatkan 5 kandidat
[2026-09-01T17:41:27.542+0000] {rawg.py:108} INFO - [189/1000] RAWG fetch unmapped: Divinity: Original Sin 2 - Definitive Edition (AppID: 435150) -> Mendapatkan 5 kandidat
[2026-09-01T17:41:33.597+0000] {rawg.py:108} INFO - [190/1000] RAWG fetch unmapped: Football Manager 2020 (AppID: 1100600) -> Mendapatkan 5 kandidat
[2026-09-01T17:41:34.863+0000] {rawg.py:108} INFO - [191/1000] RAWG fetch unmapped: V Rising (AppID: 1604030) -> Mendapatkan 5 kandidat
[2026-09-01T17:41:37.375+0000] {rawg.py:108} INFO - [192/1000] RAWG fetch unmapped: Dying Light 2 Stay Human: Reloaded Edition (AppID: 534380) -> Mendapatkan 5 kandidat
[2026-09-01T17:41:38.147+0000] {rawg.py:108} INFO - [193/1000] RAWG fetch unmapped: Russian Fishing 4 (AppID: 766570) -> Mendapatkan 5 kandidat
[2026-09-01T17:41:38.894+0000] {rawg.py:108} INFO - [194/1000] RAWG fetch unmapped: Deep Rock Galactic (AppID: 548430) -> Mendapatkan 5 kandidat
[2026-09-01T17:41:39.559+0000] {rawg.py:108} INFO - [195/1000] RAWG fetch unmapped: RimWorld (AppID: 294100) -> Mendapatkan 5 kandidat
[2026-09-01T17:41:40.496+0000] {rawg.py:108} INFO - [196/1000] RAWG fetch unmapped: Counter-Strike Nexon: Studio (AppID: 273110) -> Mendapatkan 5 kandidat
[2026-09-01T17:41:41.183+0000] {rawg.py:108} INFO - [197/1000] RAWG fetch unmapped: The Cycle: Frontier (AppID: 868270) -> Mendapatkan 5 kandidat
[2026-09-01T17:41:41.785+0000] {rawg.py:108} INFO - [198/1000] RAWG fetch unmapped: HITMAN 2 (AppID: 863550) -> Mendapatkan 5 kandidat
[2026-09-01T17:41:42.775+0000] {rawg.py:108} INFO - [199/1000] RAWG fetch unmapped: Titanfall 2 (AppID: 1237970) -> Mendapatkan 5 kandidat
[2026-09-01T17:41:43.541+0000] {rawg.py:108} INFO - [200/1000] RAWG fetch unmapped: Infestation: The New Z (AppID: 555570) -> Mendapatkan 5 kandidat
[2026-09-01T17:41:44.356+0000] {rawg.py:108} INFO - [201/1000] RAWG fetch unmapped: Call of Duty: Modern Warfare 2 (2009) (AppID: 10190) -> Mendapatkan 5 kandidat
[2026-09-01T17:41:45.104+0000] {rawg.py:108} INFO - [202/1000] RAWG fetch unmapped: Little Nightmares (AppID: 424840) -> Mendapatkan 5 kandidat
[2026-09-01T17:41:45.790+0000] {rawg.py:108} INFO - [203/1000] RAWG fetch unmapped: EA SPORTS FC 25 (AppID: 2669320) -> Mendapatkan 5 kandidat
[2026-09-01T17:41:46.651+0000] {rawg.py:108} INFO - [204/1000] RAWG fetch unmapped: theHunter: Call of the Wild (AppID: 518790) -> Mendapatkan 5 kandidat
[2026-09-01T17:41:47.387+0000] {rawg.py:108} INFO - [205/1000] RAWG fetch unmapped: Tom Clancy’s The Division (AppID: 365590) -> Mendapatkan 5 kandidat
[2026-09-01T17:41:48.382+0000] {rawg.py:108} INFO - [206/1000] RAWG fetch unmapped: POSTAL 2 (AppID: 223470) -> Mendapatkan 5 kandidat
[2026-09-01T17:41:49.743+0000] {rawg.py:108} INFO - [207/1000] RAWG fetch unmapped: Middle-earth: Shadow of Mordor (AppID: 241930) -> Mendapatkan 5 kandidat
[2026-09-01T17:41:50.905+0000] {rawg.py:108} INFO - [208/1000] RAWG fetch unmapped: AdVenture Capitalist (AppID: 346900) -> Mendapatkan 5 kandidat
[2026-09-01T17:41:51.820+0000] {rawg.py:108} INFO - [209/1000] RAWG fetch unmapped: Grand Theft Auto V Enhanced (AppID: 3240220) -> Mendapatkan 5 kandidat
[2026-09-01T17:41:52.805+0000] {rawg.py:108} INFO - [210/1000] RAWG fetch unmapped: Conan Exiles Enhanced (AppID: 440900) -> Mendapatkan 5 kandidat
[2026-09-01T17:41:53.865+0000] {rawg.py:108} INFO - [211/1000] RAWG fetch unmapped: DARK SOULS III (AppID: 374320) -> Mendapatkan 5 kandidat
[2026-09-01T17:41:54.565+0000] {rawg.py:108} INFO - [212/1000] RAWG fetch unmapped: DAVE THE DIVER (AppID: 1868140) -> Mendapatkan 5 kandidat
[2026-09-01T17:41:55.196+0000] {rawg.py:108} INFO - [213/1000] RAWG fetch unmapped: FOR HONOR (AppID: 304390) -> Mendapatkan 5 kandidat
[2026-09-01T17:41:55.840+0000] {rawg.py:108} INFO - [214/1000] RAWG fetch unmapped: Loadout (AppID: 208090) -> Mendapatkan 5 kandidat
[2026-09-01T17:41:57.215+0000] {rawg.py:108} INFO - [215/1000] RAWG fetch unmapped: Mount & Blade: Warband (AppID: 48700) -> Mendapatkan 5 kandidat
[2026-09-01T17:41:58.123+0000] {rawg.py:108} INFO - [216/1000] RAWG fetch unmapped: Call of Duty 2 (AppID: 2630) -> Mendapatkan 5 kandidat
[2026-09-01T17:41:58.975+0000] {rawg.py:108} INFO - [217/1000] RAWG fetch unmapped: Grand Theft Auto IV: The Complete Edition (AppID: 12210) -> Mendapatkan 5 kandidat
[2026-09-01T17:41:59.622+0000] {rawg.py:108} INFO - [218/1000] RAWG fetch unmapped: Ready or Not (AppID: 1144200) -> Mendapatkan 5 kandidat
[2026-09-01T17:42:00.281+0000] {rawg.py:108} INFO - [219/1000] RAWG fetch unmapped: APB Reloaded (AppID: 113400) -> Mendapatkan 5 kandidat
[2026-09-01T17:42:00.978+0000] {rawg.py:108} INFO - [220/1000] RAWG fetch unmapped: Stray (AppID: 1332010) -> Mendapatkan 5 kandidat
[2026-09-01T17:42:05.746+0000] {rawg.py:108} INFO - [221/1000] RAWG fetch unmapped: Saints Row IV: Re-Elected (AppID: 206420) -> Mendapatkan 5 kandidat
[2026-09-01T17:42:06.826+0000] {rawg.py:108} INFO - [222/1000] RAWG fetch unmapped: Fishing Planet (AppID: 380600) -> Mendapatkan 5 kandidat
[2026-09-01T17:42:07.759+0000] {rawg.py:108} INFO - [223/1000] RAWG fetch unmapped: Just Cause 3 (AppID: 225540) -> Mendapatkan 5 kandidat
[2026-09-01T17:42:08.420+0000] {rawg.py:108} INFO - [224/1000] RAWG fetch unmapped: Braveland (AppID: 285800) -> Mendapatkan 5 kandidat
[2026-09-01T17:42:09.035+0000] {rawg.py:108} INFO - [225/1000] RAWG fetch unmapped: Metro 2033 Redux (AppID: 286690) -> Mendapatkan 5 kandidat
[2026-09-01T17:42:09.774+0000] {rawg.py:108} INFO - [226/1000] RAWG fetch unmapped: DCS World Steam Edition (AppID: 223750) -> Mendapatkan 5 kandidat
[2026-09-01T17:42:10.494+0000] {rawg.py:108} INFO - [227/1000] RAWG fetch unmapped: God of War (AppID: 1593500) -> Mendapatkan 5 kandidat
[2026-09-01T17:42:11.635+0000] {rawg.py:108} INFO - [228/1000] RAWG fetch unmapped: Crossout (AppID: 386180) -> Mendapatkan 5 kandidat
[2026-09-01T17:42:12.725+0000] {rawg.py:108} INFO - [229/1000] RAWG fetch unmapped: Battlefield 1 (AppID: 1238840) -> Mendapatkan 5 kandidat
[2026-09-01T17:42:13.496+0000] {rawg.py:108} INFO - [230/1000] RAWG fetch unmapped: Assassin's Creed Odyssey (AppID: 812140) -> Mendapatkan 5 kandidat
[2026-09-01T17:42:14.152+0000] {rawg.py:108} INFO - [231/1000] RAWG fetch unmapped: Poppy Playtime (AppID: 1721470) -> Mendapatkan 5 kandidat
[2026-09-01T17:42:15.257+0000] {rawg.py:108} INFO - [232/1000] RAWG fetch unmapped: Bloons TD 6 (AppID: 960090) -> Mendapatkan 5 kandidat
[2026-09-01T17:42:15.919+0000] {rawg.py:108} INFO - [233/1000] RAWG fetch unmapped: Saints Row: The Third (AppID: 55230) -> Mendapatkan 5 kandidat
[2026-09-01T17:42:16.805+0000] {rawg.py:108} INFO - [234/1000] RAWG fetch unmapped: Darkest Dungeon (AppID: 262060) -> Mendapatkan 5 kandidat
[2026-09-01T17:42:17.449+0000] {rawg.py:108} INFO - [235/1000] RAWG fetch unmapped: Albion Online (AppID: 761890) -> Mendapatkan 5 kandidat
[2026-09-01T17:42:18.067+0000] {rawg.py:108} INFO - [236/1000] RAWG fetch unmapped: Split Fiction (AppID: 2001120) -> Mendapatkan 5 kandidat
[2026-09-01T17:42:18.767+0000] {rawg.py:108} INFO - [237/1000] RAWG fetch unmapped: Stellaris (AppID: 281990) -> Mendapatkan 5 kandidat
[2026-09-01T17:42:19.561+0000] {rawg.py:108} INFO - [238/1000] RAWG fetch unmapped: Divide By Sheep (AppID: 252130) -> Mendapatkan 5 kandidat
[2026-09-01T17:42:20.188+0000] {rawg.py:108} INFO - [239/1000] RAWG fetch unmapped: Starbound (AppID: 211820) -> Mendapatkan 5 kandidat
[2026-09-01T17:42:20.899+0000] {rawg.py:108} INFO - [240/1000] RAWG fetch unmapped: Just Cause 2 (AppID: 8190) -> Mendapatkan 5 kandidat
[2026-09-01T17:42:21.650+0000] {rawg.py:108} INFO - [241/1000] RAWG fetch unmapped: STAR WARS Battlefront II (Classic, 2005) (AppID: 6060) -> Mendapatkan 5 kandidat
[2026-09-01T17:42:22.437+0000] {rawg.py:108} INFO - [242/1000] RAWG fetch unmapped: Totally Accurate Battle Simulator (AppID: 508440) -> Mendapatkan 5 kandidat
[2026-09-01T17:42:23.237+0000] {rawg.py:108} INFO - [243/1000] RAWG fetch unmapped: Call of Duty: Modern Warfare 3 (2011) (AppID: 115300) -> Mendapatkan 5 kandidat
[2026-09-01T17:42:23.965+0000] {rawg.py:108} INFO - [244/1000] RAWG fetch unmapped: Magicka (AppID: 42910) -> Mendapatkan 5 kandidat
[2026-09-01T17:42:24.712+0000] {rawg.py:108} INFO - [245/1000] RAWG fetch unmapped: FINAL FANTASY XIV Online (AppID: 39210) -> Mendapatkan 5 kandidat
[2026-09-01T17:42:25.473+0000] {rawg.py:108} INFO - [246/1000] RAWG fetch unmapped: Need for Speed Heat (AppID: 1222680) -> Mendapatkan 5 kandidat
[2026-09-01T17:42:26.311+0000] {rawg.py:108} INFO - [247/1000] RAWG fetch unmapped: The Descendant (AppID: 351940) -> Mendapatkan 5 kandidat
[2026-09-01T17:42:27.618+0000] {rawg.py:108} INFO - [248/1000] RAWG fetch unmapped: Killing Floor (AppID: 1250) -> Mendapatkan 5 kandidat
[2026-09-01T17:42:28.560+0000] {rawg.py:108} INFO - [249/1000] RAWG fetch unmapped: The Elder Scrolls IV: Oblivion Remastered (AppID: 2623190) -> Mendapatkan 5 kandidat
[2026-09-01T17:42:29.268+0000] {rawg.py:108} INFO - [250/1000] RAWG fetch unmapped: Frostpunk (AppID: 323190) -> Mendapatkan 5 kandidat
[2026-09-01T17:42:29.929+0000] {rawg.py:108} INFO - [251/1000] RAWG fetch unmapped: Starfield (AppID: 1716740) -> Mendapatkan 5 kandidat
[2026-09-01T17:42:30.621+0000] {rawg.py:108} INFO - [252/1000] RAWG fetch unmapped: Age of Empires II: Definitive Edition (AppID: 813780) -> Mendapatkan 5 kandidat
[2026-09-01T17:42:31.398+0000] {rawg.py:108} INFO - [253/1000] RAWG fetch unmapped: Alien Swarm (AppID: 630) -> Mendapatkan 5 kandidat
[2026-09-01T17:42:32.360+0000] {rawg.py:108} INFO - [254/1000] RAWG fetch unmapped: Amnesia: The Dark Descent (AppID: 57300) -> Mendapatkan 5 kandidat
[2026-09-01T17:42:33.390+0000] {rawg.py:108} INFO - [255/1000] RAWG fetch unmapped: DISTRAINT: Deluxe Edition (AppID: 395170) -> Mendapatkan 5 kandidat
[2026-09-01T17:42:34.347+0000] {rawg.py:108} INFO - [256/1000] RAWG fetch unmapped: The Witcher 2: Assassins of Kings Enhanced Edition (AppID: 20920) -> Mendapatkan 5 kandidat
[2026-09-01T17:42:34.990+0000] {rawg.py:108} INFO - [257/1000] RAWG fetch unmapped: FTL: Faster Than Light (AppID: 212680) -> Mendapatkan 5 kandidat
[2026-09-01T17:42:35.646+0000] {rawg.py:108} INFO - [258/1000] RAWG fetch unmapped: Battlerite (AppID: 504370) -> Mendapatkan 5 kandidat
[2026-09-01T17:42:36.449+0000] {rawg.py:108} INFO - [259/1000] RAWG fetch unmapped: Tabletop Simulator (AppID: 286160) -> Mendapatkan 5 kandidat
[2026-09-01T17:42:37.130+0000] {rawg.py:108} INFO - [260/1000] RAWG fetch unmapped: Enter the Gungeon (AppID: 311690) -> Mendapatkan 5 kandidat
[2026-09-01T17:42:37.835+0000] {rawg.py:108} INFO - [261/1000] RAWG fetch unmapped: Survarium (AppID: 355840) -> Mendapatkan 1 kandidat
[2026-09-01T17:42:38.466+0000] {rawg.py:108} INFO - [262/1000] RAWG fetch unmapped: Hades II (AppID: 1145350) -> Mendapatkan 5 kandidat
[2026-09-01T17:42:39.243+0000] {rawg.py:108} INFO - [263/1000] RAWG fetch unmapped: Crosshair X (AppID: 1366800) -> Mendapatkan 5 kandidat
[2026-09-01T17:42:39.912+0000] {rawg.py:108} INFO - [264/1000] RAWG fetch unmapped: Resident Evil Village (AppID: 1196590) -> Mendapatkan 5 kandidat
[2026-09-01T17:42:40.746+0000] {rawg.py:108} INFO - [265/1000] RAWG fetch unmapped: House Flipper (AppID: 613100) -> Mendapatkan 5 kandidat
[2026-09-01T17:42:41.570+0000] {rawg.py:108} INFO - [266/1000] RAWG fetch unmapped: STAR WARS Jedi: Fallen Order (AppID: 1172380) -> Mendapatkan 5 kandidat
[2026-09-01T17:42:42.642+0000] {rawg.py:108} INFO - [267/1000] RAWG fetch unmapped: Call of Duty: Black Ops II (AppID: 202970) -> Mendapatkan 5 kandidat
[2026-09-01T17:42:43.314+0000] {rawg.py:108} INFO - [268/1000] RAWG fetch unmapped: INSIDE (AppID: 304430) -> Mendapatkan 5 kandidat
[2026-09-01T17:42:44.013+0000] {rawg.py:108} INFO - [269/1000] RAWG fetch unmapped: Plants vs. Zombies GOTY Edition (AppID: 3590) -> Mendapatkan 5 kandidat
[2026-09-01T17:42:45.015+0000] {rawg.py:108} INFO - [270/1000] RAWG fetch unmapped: Party Animals (AppID: 1260320) -> Mendapatkan 5 kandidat
[2026-09-01T17:42:45.825+0000] {rawg.py:108} INFO - [271/1000] RAWG fetch unmapped: Arma 2: Operation Arrowhead (AppID: 33930) -> Mendapatkan 5 kandidat
[2026-09-01T17:42:46.613+0000] {rawg.py:108} INFO - [272/1000] RAWG fetch unmapped: The Lord of the Rings Online (AppID: 212500) -> Mendapatkan 5 kandidat
[2026-09-01T17:42:47.371+0000] {rawg.py:108} INFO - [273/1000] RAWG fetch unmapped: Oxygen Not Included (AppID: 457140) -> Mendapatkan 5 kandidat
[2026-09-01T17:42:48.099+0000] {rawg.py:108} INFO - [274/1000] RAWG fetch unmapped: Beat Saber (AppID: 620980) -> Mendapatkan 5 kandidat
[2026-09-01T17:42:48.872+0000] {rawg.py:108} INFO - [275/1000] RAWG fetch unmapped: Detroit: Become Human (AppID: 1222140) -> Mendapatkan 5 kandidat
[2026-09-01T17:42:49.669+0000] {rawg.py:108} INFO - [276/1000] RAWG fetch unmapped: Marvel’s Spider-Man Remastered (AppID: 1817070) -> Mendapatkan 5 kandidat
[2026-09-01T17:42:50.301+0000] {rawg.py:108} INFO - [277/1000] RAWG fetch unmapped: Dishonored (AppID: 205100) -> Mendapatkan 5 kandidat
[2026-09-01T17:42:50.969+0000] {rawg.py:108} INFO - [278/1000] RAWG fetch unmapped: PAYDAY The Heist (AppID: 24240) -> Mendapatkan 5 kandidat
[2026-09-01T17:42:51.634+0000] {rawg.py:108} INFO - [279/1000] RAWG fetch unmapped: FIFA 22 (AppID: 1506830) -> Mendapatkan 5 kandidat
[2026-09-01T17:42:52.450+0000] {rawg.py:108} INFO - [280/1000] RAWG fetch unmapped: Ultimate Custom Night (AppID: 871720) -> Mendapatkan 5 kandidat
[2026-09-01T17:42:53.221+0000] {rawg.py:108} INFO - [281/1000] RAWG fetch unmapped: Grounded (AppID: 962130) -> Mendapatkan 5 kandidat
[2026-09-01T17:42:53.980+0000] {rawg.py:108} INFO - [282/1000] RAWG fetch unmapped: Middle-earth: Shadow of War (AppID: 356190) -> Mendapatkan 5 kandidat
[2026-09-01T17:42:55.102+0000] {rawg.py:108} INFO - [283/1000] RAWG fetch unmapped: Broforce (AppID: 274190) -> Mendapatkan 5 kandidat
[2026-09-01T17:42:55.657+0000] {rawg.py:108} INFO - [284/1000] RAWG fetch unmapped: Mad Max (AppID: 234140) -> Mendapatkan 5 kandidat
[2026-09-01T17:42:56.424+0000] {rawg.py:108} INFO - [285/1000] RAWG fetch unmapped: EVE Online (AppID: 8500) -> Mendapatkan 5 kandidat
[2026-09-01T17:42:57.016+0000] {rawg.py:108} INFO - [286/1000] RAWG fetch unmapped: Far Cry 5 (AppID: 552520) -> Mendapatkan 5 kandidat
[2026-09-01T17:42:57.744+0000] {rawg.py:108} INFO - [287/1000] RAWG fetch unmapped: BioShock (AppID: 7670) -> Mendapatkan 5 kandidat
[2026-09-01T17:42:58.609+0000] {rawg.py:108} INFO - [288/1000] RAWG fetch unmapped: Vampire: The Masquerade - Bloodhunt (AppID: 760160) -> Mendapatkan 5 kandidat
[2026-09-01T17:43:03.431+0000] {rawg.py:108} INFO - [289/1000] RAWG fetch unmapped: American Truck Simulator (AppID: 270880) -> Mendapatkan 5 kandidat
[2026-09-01T17:43:04.197+0000] {rawg.py:108} INFO - [290/1000] RAWG fetch unmapped: Enshrouded (AppID: 1203620) -> Mendapatkan 5 kandidat
[2026-09-01T17:43:04.849+0000] {rawg.py:108} INFO - [291/1000] RAWG fetch unmapped: Yu-Gi-Oh! Duel Links (AppID: 601510) -> Mendapatkan 5 kandidat
[2026-09-01T17:43:05.554+0000] {rawg.py:108} INFO - [292/1000] RAWG fetch unmapped: Borderlands 3 (AppID: 397540) -> Mendapatkan 5 kandidat
[2026-09-01T17:43:06.371+0000] {rawg.py:108} INFO - [293/1000] RAWG fetch unmapped: Grand Theft Auto: San Andreas (AppID: 12120) -> Mendapatkan 5 kandidat
[2026-09-01T17:43:06.982+0000] {rawg.py:108} INFO - [294/1000] RAWG fetch unmapped: HITMAN (AppID: 236870) -> Mendapatkan 5 kandidat
[2026-09-01T17:43:07.659+0000] {rawg.py:108} INFO - [295/1000] RAWG fetch unmapped: Stick Fight: The Game (AppID: 674940) -> Mendapatkan 5 kandidat
[2026-09-01T17:43:08.346+0000] {rawg.py:108} INFO - [296/1000] RAWG fetch unmapped: CRSED: F.O.A.D. (AppID: 884660) -> Mendapatkan 5 kandidat
[2026-09-01T17:43:09.030+0000] {rawg.py:108} INFO - [297/1000] RAWG fetch unmapped: Kingdom Two Crowns (AppID: 701160) -> Mendapatkan 5 kandidat
[2026-09-01T17:43:10.148+0000] {rawg.py:108} INFO - [298/1000] RAWG fetch unmapped: Mirror 2: Project X (AppID: 1832640) -> Mendapatkan 5 kandidat
[2026-09-01T17:43:10.946+0000] {rawg.py:108} INFO - [299/1000] RAWG fetch unmapped: Batman: Arkham Knight (AppID: 208650) -> Mendapatkan 5 kandidat
[2026-09-01T17:43:11.754+0000] {rawg.py:108} INFO - [300/1000] RAWG fetch unmapped: LIMBO (AppID: 48000) -> Mendapatkan 5 kandidat
[2026-09-01T17:43:12.417+0000] {rawg.py:108} INFO - [301/1000] RAWG fetch unmapped: Balatro (AppID: 2379780) -> Mendapatkan 5 kandidat
[2026-09-01T17:43:13.008+0000] {rawg.py:108} INFO - [302/1000] RAWG fetch unmapped: Far Cry 4 (AppID: 298110) -> Mendapatkan 5 kandidat
[2026-09-01T17:43:14.136+0000] {rawg.py:108} INFO - [303/1000] RAWG fetch unmapped: Call of Duty: Black Ops (AppID: 42710) -> Mendapatkan 5 kandidat
[2026-09-01T17:43:15.115+0000] {rawg.py:108} INFO - [304/1000] RAWG fetch unmapped: Torchlight II (AppID: 200710) -> Mendapatkan 5 kandidat
[2026-09-01T17:43:15.806+0000] {rawg.py:108} INFO - [305/1000] RAWG fetch unmapped: Crusader Kings II (AppID: 203770) -> Mendapatkan 5 kandidat
[2026-09-01T17:43:16.611+0000] {rawg.py:108} INFO - [306/1000] RAWG fetch unmapped: Clair Obscur: Expedition 33 (AppID: 1903340) -> Mendapatkan 5 kandidat
[2026-09-01T17:43:17.459+0000] {rawg.py:108} INFO - [307/1000] RAWG fetch unmapped: Space Engineers (AppID: 244850) -> Mendapatkan 5 kandidat
[2026-09-01T17:43:18.156+0000] {rawg.py:108} INFO - [308/1000] RAWG fetch unmapped: Dyson Sphere Program (AppID: 1366540) -> Mendapatkan 5 kandidat
[2026-09-01T17:43:19.097+0000] {rawg.py:108} INFO - [309/1000] RAWG fetch unmapped: Supermarket Together (AppID: 2709570) -> Mendapatkan 5 kandidat
[2026-09-01T17:43:19.772+0000] {rawg.py:108} INFO - [310/1000] RAWG fetch unmapped: Total War: SHOGUN 2 (AppID: 201270) -> Mendapatkan 5 kandidat
[2026-09-01T17:43:20.426+0000] {rawg.py:108} INFO - [311/1000] RAWG fetch unmapped: TEKKEN 7 (AppID: 389730) -> Mendapatkan 5 kandidat
[2026-09-01T17:43:21.732+0000] {rawg.py:108} INFO - [312/1000] RAWG fetch unmapped: Call of Duty: World at War (AppID: 10090) -> Mendapatkan 5 kandidat
[2026-09-01T17:43:22.363+0000] {rawg.py:108} INFO - [313/1000] RAWG fetch unmapped: Days Gone (AppID: 1259420) -> Mendapatkan 5 kandidat
[2026-09-01T17:43:23.274+0000] {rawg.py:108} INFO - [314/1000] RAWG fetch unmapped: Borderlands: The Pre-Sequel (AppID: 261640) -> Mendapatkan 5 kandidat
[2026-09-01T17:43:24.101+0000] {rawg.py:108} INFO - [315/1000] RAWG fetch unmapped: Kerbal Space Program (AppID: 220200) -> Mendapatkan 5 kandidat
[2026-09-01T17:43:24.852+0000] {rawg.py:108} INFO - [316/1000] RAWG fetch unmapped: Total War: WARHAMMER III (AppID: 1142710) -> Mendapatkan 5 kandidat
[2026-09-01T17:43:25.553+0000] {rawg.py:108} INFO - [317/1000] RAWG fetch unmapped: Fistful of Frags (AppID: 265630) -> Mendapatkan 5 kandidat
[2026-09-01T17:43:26.515+0000] {rawg.py:108} INFO - [318/1000] RAWG fetch unmapped: Hotline Miami (AppID: 219150) -> Mendapatkan 5 kandidat
[2026-09-01T17:43:27.748+0000] {rawg.py:108} INFO - [319/1000] RAWG fetch unmapped: The Expendabros (AppID: 312990) -> Mendapatkan 5 kandidat
[2026-09-01T17:43:28.427+0000] {rawg.py:108} INFO - [320/1000] RAWG fetch unmapped: Rising Storm 2: Vietnam (AppID: 418460) -> Mendapatkan 5 kandidat
[2026-09-01T17:43:29.305+0000] {rawg.py:108} INFO - [321/1000] RAWG fetch unmapped: RaceRoom Racing Experience (AppID: 211500) -> Mendapatkan 5 kandidat
[2026-09-01T17:43:30.272+0000] {rawg.py:108} INFO - [322/1000] RAWG fetch unmapped: Last Man Standing (AppID: 506540) -> Mendapatkan 5 kandidat
[2026-09-01T17:43:31.299+0000] {rawg.py:108} INFO - [323/1000] RAWG fetch unmapped: The Witcher: Enhanced Edition Director's Cut (AppID: 20900) -> Mendapatkan 5 kandidat
[2026-09-01T17:43:32.463+0000] {rawg.py:108} INFO - [324/1000] RAWG fetch unmapped: Warhammer: Vermintide 2 (AppID: 552500) -> Mendapatkan 5 kandidat
[2026-09-01T17:43:33.413+0000] {rawg.py:108} INFO - [325/1000] RAWG fetch unmapped: Ori and the Will of the Wisps (AppID: 1057090) -> Mendapatkan 5 kandidat
[2026-09-01T17:43:34.385+0000] {rawg.py:108} INFO - [326/1000] RAWG fetch unmapped: Elite Dangerous (AppID: 359320) -> Mendapatkan 5 kandidat
[2026-09-01T17:43:35.487+0000] {rawg.py:108} INFO - [327/1000] RAWG fetch unmapped: Total War: ROME II - Emperor Edition (AppID: 214950) -> Mendapatkan 5 kandidat
[2026-09-01T17:43:39.504+0000] {rawg.py:108} INFO - [328/1000] RAWG fetch unmapped: Saints Row 2 (AppID: 9480) -> Mendapatkan 5 kandidat
[2026-09-01T17:43:41.600+0000] {rawg.py:108} INFO - [329/1000] RAWG fetch unmapped: Skullgirls 2nd Encore (AppID: 245170) -> Mendapatkan 5 kandidat
[2026-09-01T17:43:42.719+0000] {rawg.py:108} INFO - [330/1000] RAWG fetch unmapped: The Walking Dead (AppID: 207610) -> Mendapatkan 5 kandidat
[2026-09-01T17:43:43.729+0000] {rawg.py:108} INFO - [331/1000] RAWG fetch unmapped: Red Orchestra 2: Heroes of Stalingrad with Rising Storm (AppID: 35450) -> Mendapatkan 5 kandidat
[2026-09-01T17:43:44.510+0000] {rawg.py:108} INFO - [332/1000] RAWG fetch unmapped: Gang Beasts (AppID: 285900) -> Mendapatkan 5 kandidat
[2026-09-01T17:43:45.237+0000] {rawg.py:108} INFO - [333/1000] RAWG fetch unmapped: Killing Floor 2 (AppID: 232090) -> Mendapatkan 5 kandidat
[2026-09-01T17:43:46.053+0000] {rawg.py:108} INFO - [334/1000] RAWG fetch unmapped: Call of Duty: Modern Warfare 3 (2011) (AppID: 42680) -> Mendapatkan 5 kandidat
[2026-09-01T17:43:46.913+0000] {rawg.py:108} INFO - [335/1000] RAWG fetch unmapped: Century: Age of Ashes (AppID: 918570) -> Mendapatkan 5 kandidat
[2026-09-01T17:43:47.690+0000] {rawg.py:108} INFO - [336/1000] RAWG fetch unmapped: Kingdom Come: Deliverance II (AppID: 1771300) -> Mendapatkan 5 kandidat
[2026-09-01T17:43:48.514+0000] {rawg.py:108} INFO - [337/1000] RAWG fetch unmapped: Watch_Dogs 2 (AppID: 447040) -> Mendapatkan 5 kandidat
[2026-09-01T17:43:49.260+0000] {rawg.py:108} INFO - [338/1000] RAWG fetch unmapped: XCOM: Enemy Unknown (AppID: 200510) -> Mendapatkan 5 kandidat
[2026-09-01T17:43:49.945+0000] {rawg.py:108} INFO - [339/1000] RAWG fetch unmapped: ASTRONEER (AppID: 361420) -> Mendapatkan 5 kandidat
[2026-09-01T17:43:50.612+0000] {rawg.py:108} INFO - [340/1000] RAWG fetch unmapped: Arma 2 (AppID: 33900) -> Mendapatkan 5 kandidat
[2026-09-01T17:43:51.311+0000] {rawg.py:108} INFO - [341/1000] RAWG fetch unmapped: Guns of Icarus Online (AppID: 209080) -> Mendapatkan 5 kandidat
[2026-09-01T17:43:51.975+0000] {rawg.py:108} INFO - [342/1000] RAWG fetch unmapped: Mortal Kombat X (AppID: 307780) -> Mendapatkan 5 kandidat
[2026-09-01T17:43:52.686+0000] {rawg.py:108} INFO - [343/1000] RAWG fetch unmapped: Transformice (AppID: 335240) -> Mendapatkan 5 kandidat
[2026-09-01T17:43:53.489+0000] {rawg.py:108} INFO - [344/1000] RAWG fetch unmapped: Dishonored 2 (AppID: 403640) -> Mendapatkan 5 kandidat
[2026-09-01T17:43:54.283+0000] {rawg.py:108} INFO - [345/1000] RAWG fetch unmapped: Spiral Knights (AppID: 99900) -> Mendapatkan 5 kandidat
[2026-09-01T17:43:54.943+0000] {rawg.py:108} INFO - [346/1000] RAWG fetch unmapped: Helltaker (AppID: 1289310) -> Mendapatkan 5 kandidat
[2026-09-01T17:43:56.239+0000] {rawg.py:108} INFO - [347/1000] RAWG fetch unmapped: METAL GEAR SOLID V: THE PHANTOM PAIN (AppID: 287700) -> Mendapatkan 5 kandidat
[2026-09-01T17:43:57.099+0000] {rawg.py:108} INFO - [348/1000] RAWG fetch unmapped: Tom Clancy's Ghost Recon Wildlands (AppID: 460930) -> Mendapatkan 5 kandidat
[2026-09-01T17:43:57.864+0000] {rawg.py:108} INFO - [349/1000] RAWG fetch unmapped: Don't Starve (AppID: 219740) -> Mendapatkan 5 kandidat
[2026-09-01T17:43:59.190+0000] {rawg.py:108} INFO - [350/1000] RAWG fetch unmapped: The Tiny Bang Story (AppID: 96000) -> Mendapatkan 5 kandidat
[2026-09-01T17:43:59.877+0000] {rawg.py:108} INFO - [351/1000] RAWG fetch unmapped: Trine 2: Complete Story (AppID: 35720) -> Mendapatkan 5 kandidat
[2026-09-01T17:44:00.588+0000] {rawg.py:108} INFO - [352/1000] RAWG fetch unmapped: Pummel Party (AppID: 880940) -> Mendapatkan 5 kandidat
[2026-09-01T17:44:01.298+0000] {rawg.py:108} INFO - [353/1000] RAWG fetch unmapped: Scrap Mechanic (AppID: 387990) -> Mendapatkan 5 kandidat
[2026-09-01T17:44:03.310+0000] {rawg.py:108} INFO - [354/1000] RAWG fetch unmapped: Hell Let Loose (AppID: 686810) -> Mendapatkan 5 kandidat
[2026-09-01T17:44:04.284+0000] {rawg.py:108} INFO - [355/1000] RAWG fetch unmapped: BioShock Remastered (AppID: 409710) -> Mendapatkan 5 kandidat
[2026-09-01T17:44:05.114+0000] {rawg.py:108} INFO - [356/1000] RAWG fetch unmapped: Resident Evil 7 Biohazard (AppID: 418370) -> Mendapatkan 5 kandidat
[2026-09-01T17:44:05.878+0000] {rawg.py:108} INFO - [357/1000] RAWG fetch unmapped: Mafia II (Classic) (AppID: 50130) -> Mendapatkan 5 kandidat
[2026-09-01T17:44:06.534+0000] {rawg.py:108} INFO - [358/1000] RAWG fetch unmapped: Cookie Clicker (AppID: 1454400) -> Mendapatkan 5 kandidat
[2026-09-01T17:44:07.250+0000] {rawg.py:108} INFO - [359/1000] RAWG fetch unmapped: Kingdom Come: Deliverance (AppID: 379430) -> Mendapatkan 5 kandidat
[2026-09-01T17:44:12.677+0000] {rawg.py:108} INFO - [360/1000] RAWG fetch unmapped: Hotline Miami 2: Wrong Number (AppID: 274170) -> Mendapatkan 5 kandidat
[2026-09-01T17:44:13.482+0000] {rawg.py:108} INFO - [361/1000] RAWG fetch unmapped: POSTAL (AppID: 232770) -> Mendapatkan 5 kandidat
[2026-09-01T17:44:14.205+0000] {rawg.py:108} INFO - [362/1000] RAWG fetch unmapped: Manor Lords (AppID: 1363080) -> Mendapatkan 5 kandidat
[2026-09-01T17:44:14.839+0000] {rawg.py:108} INFO - [363/1000] RAWG fetch unmapped: Minimalism (AppID: 585690) -> Mendapatkan 5 kandidat
[2026-09-01T17:44:15.877+0000] {rawg.py:108} INFO - [364/1000] RAWG fetch unmapped: Assassin's Creed Unity (AppID: 289650) -> Mendapatkan 5 kandidat
[2026-09-01T17:44:16.531+0000] {rawg.py:108} INFO - [365/1000] RAWG fetch unmapped: Mirror's Edge (AppID: 17410) -> Mendapatkan 5 kandidat
[2026-09-01T17:44:17.699+0000] {rawg.py:108} INFO - [366/1000] RAWG fetch unmapped: Company of Heroes - Legacy Edition (AppID: 4560) -> Mendapatkan 5 kandidat
[2026-09-01T17:44:18.427+0000] {rawg.py:108} INFO - [367/1000] RAWG fetch unmapped: Gray Zone Warfare (AppID: 2479810) -> Mendapatkan 5 kandidat
[2026-09-01T17:44:19.102+0000] {rawg.py:108} INFO - [368/1000] RAWG fetch unmapped: Shadow Warrior (AppID: 233130) -> Mendapatkan 5 kandidat
[2026-09-01T17:44:20.254+0000] {rawg.py:108} INFO - [369/1000] RAWG fetch unmapped: Wolfenstein: Youngblood (AppID: 1056960) -> Mendapatkan 5 kandidat
[2026-09-01T17:44:21.175+0000] {rawg.py:108} INFO - [370/1000] RAWG fetch unmapped: Mortal Kombat 11 (AppID: 976310) -> Mendapatkan 5 kandidat
[2026-09-01T17:44:22.063+0000] {rawg.py:108} INFO - [371/1000] RAWG fetch unmapped: Call of Duty: Black Ops II (AppID: 202990) -> Mendapatkan 5 kandidat
[2026-09-01T17:44:22.784+0000] {rawg.py:108} INFO - [372/1000] RAWG fetch unmapped: Codename CURE (AppID: 355180) -> Mendapatkan 5 kandidat
[2026-09-01T17:44:24.176+0000] {rawg.py:108} INFO - [373/1000] RAWG fetch unmapped: DRAGON BALL FighterZ (AppID: 678950) -> Mendapatkan 5 kandidat
[2026-09-01T17:44:25.176+0000] {rawg.py:108} INFO - [374/1000] RAWG fetch unmapped: Fallout 76 (AppID: 1151340) -> Mendapatkan 5 kandidat
[2026-09-01T17:44:27.935+0000] {rawg.py:108} INFO - [375/1000] RAWG fetch unmapped: Block N Load (AppID: 299360) -> Mendapatkan 5 kandidat
[2026-09-01T17:44:29.381+0000] {rawg.py:108} INFO - [376/1000] RAWG fetch unmapped: South Park: The Stick of Truth (AppID: 213670) -> Mendapatkan 5 kandidat
[2026-09-01T17:44:30.067+0000] {rawg.py:108} INFO - [377/1000] RAWG fetch unmapped: World of Guns: Gun Disassembly (AppID: 262410) -> Mendapatkan 5 kandidat
[2026-09-01T17:44:30.788+0000] {rawg.py:108} INFO - [378/1000] RAWG fetch unmapped: Defiance (AppID: 224600) -> Mendapatkan 5 kandidat
[2026-09-01T17:44:31.498+0000] {rawg.py:108} INFO - [379/1000] RAWG fetch unmapped: Kingdom: Classic (AppID: 368230) -> Mendapatkan 5 kandidat
[2026-09-01T17:44:32.296+0000] {rawg.py:108} INFO - [380/1000] RAWG fetch unmapped: Liar's Bar (AppID: 3097560) -> Mendapatkan 5 kandidat
[2026-09-01T17:44:33.663+0000] {rawg.py:108} INFO - [381/1000] RAWG fetch unmapped: DARK SOULS II: Scholar of the First Sin (AppID: 335300) -> Mendapatkan 5 kandidat
[2026-09-01T17:44:34.312+0000] {rawg.py:108} INFO - [382/1000] RAWG fetch unmapped: Kenshi (AppID: 233860) -> Mendapatkan 5 kandidat
[2026-09-01T17:44:35.233+0000] {rawg.py:108} INFO - [383/1000] RAWG fetch unmapped: Getting Over It with Bennett Foddy (AppID: 240720) -> Mendapatkan 5 kandidat
[2026-09-01T17:44:36.060+0000] {rawg.py:108} INFO - [384/1000] RAWG fetch unmapped: Layers of Fear (2016) (AppID: 391720) -> Mendapatkan 5 kandidat
[2026-09-01T17:44:37.272+0000] {rawg.py:108} INFO - [385/1000] RAWG fetch unmapped: The Scroll of Taiwu : Beyond The Dome (AppID: 838350) -> Mendapatkan 5 kandidat
[2026-09-01T17:44:37.906+0000] {rawg.py:108} INFO - [386/1000] RAWG fetch unmapped: Outlast (AppID: 238320) -> Mendapatkan 5 kandidat
[2026-09-01T17:44:38.791+0000] {rawg.py:108} INFO - [387/1000] RAWG fetch unmapped: This War of Mine (AppID: 282070) -> Mendapatkan 5 kandidat
[2026-09-01T17:44:39.596+0000] {rawg.py:108} INFO - [388/1000] RAWG fetch unmapped: Metro Exodus (AppID: 412020) -> Mendapatkan 5 kandidat
[2026-09-01T17:44:40.351+0000] {rawg.py:108} INFO - [389/1000] RAWG fetch unmapped: Crusader Kings III (AppID: 1158310) -> Mendapatkan 5 kandidat
[2026-09-01T17:44:41.497+0000] {rawg.py:108} INFO - [390/1000] RAWG fetch unmapped: Chained Together (AppID: 2567870) -> Mendapatkan 5 kandidat
[2026-09-01T17:44:42.230+0000] {rawg.py:108} INFO - [391/1000] RAWG fetch unmapped: Goat Simulator (AppID: 265930) -> Mendapatkan 5 kandidat
[2026-09-01T17:44:43.190+0000] {rawg.py:108} INFO - [392/1000] RAWG fetch unmapped: Alien: Isolation (AppID: 214490) -> Mendapatkan 5 kandidat
[2026-09-01T17:44:43.928+0000] {rawg.py:108} INFO - [393/1000] RAWG fetch unmapped: Black Mesa (AppID: 362890) -> Mendapatkan 5 kandidat
[2026-09-01T17:44:44.900+0000] {rawg.py:108} INFO - [394/1000] RAWG fetch unmapped: Friday the 13th: The Game (AppID: 438740) -> Mendapatkan 5 kandidat
[2026-09-01T17:44:45.921+0000] {rawg.py:108} INFO - [395/1000] RAWG fetch unmapped: Remnant: From the Ashes (AppID: 617290) -> Mendapatkan 5 kandidat
[2026-09-01T17:44:46.832+0000] {rawg.py:108} INFO - [396/1000] RAWG fetch unmapped: Fallout Shelter (AppID: 588430) -> Mendapatkan 5 kandidat
[2026-09-01T17:44:47.606+0000] {rawg.py:108} INFO - [397/1000] RAWG fetch unmapped: Escape the Backrooms (AppID: 1943950) -> Mendapatkan 5 kandidat
[2026-09-01T17:44:48.787+0000] {rawg.py:108} INFO - [398/1000] RAWG fetch unmapped: Hitman: Absolution (AppID: 203140) -> Mendapatkan 5 kandidat
[2026-09-01T17:44:49.608+0000] {rawg.py:108} INFO - [399/1000] RAWG fetch unmapped: Grand Theft Auto III (AppID: 12100) -> Mendapatkan 5 kandidat
[2026-09-01T17:44:50.649+0000] {rawg.py:108} INFO - [400/1000] RAWG fetch unmapped: Conqueror's Blade (AppID: 905370) -> Mendapatkan 5 kandidat
[2026-09-01T17:44:51.784+0000] {rawg.py:108} INFO - [401/1000] RAWG fetch unmapped: Phantasy Star Online 2 (AppID: 1056640) -> Mendapatkan 5 kandidat
[2026-09-01T17:44:52.395+0000] {rawg.py:108} INFO - [402/1000] RAWG fetch unmapped: Brotato (AppID: 1942280) -> Mendapatkan 5 kandidat
[2026-09-01T17:44:53.412+0000] {rawg.py:108} INFO - [403/1000] RAWG fetch unmapped: BattleBlock Theater (AppID: 238460) -> Mendapatkan 5 kandidat
[2026-09-01T17:44:54.918+0000] {rawg.py:108} INFO - [404/1000] RAWG fetch unmapped: Fallout: A Post Nuclear Role Playing Game (AppID: 38400) -> Mendapatkan 5 kandidat
[2026-09-01T17:44:56.314+0000] {rawg.py:108} INFO - [405/1000] RAWG fetch unmapped: Granblue Fantasy: Relink (AppID: 881020) -> Mendapatkan 5 kandidat
[2026-09-01T17:44:57.066+0000] {rawg.py:108} INFO - [406/1000] RAWG fetch unmapped: Dungeon Defenders (AppID: 65800) -> Mendapatkan 5 kandidat
[2026-09-01T17:44:58.063+0000] {rawg.py:108} INFO - [407/1000] RAWG fetch unmapped: Sins of a Solar Empire: Rebellion (AppID: 204880) -> Mendapatkan 5 kandidat
[2026-09-01T17:44:58.912+0000] {rawg.py:108} INFO - [408/1000] RAWG fetch unmapped: METAL GEAR RISING: REVENGEANCE (AppID: 235460) -> Mendapatkan 5 kandidat
[2026-09-01T17:45:00.007+0000] {rawg.py:108} INFO - [409/1000] RAWG fetch unmapped: Insurgency: Sandstorm (AppID: 581320) -> Mendapatkan 5 kandidat
[2026-09-01T17:45:00.671+0000] {rawg.py:108} INFO - [410/1000] RAWG fetch unmapped: Total War: SHOGUN 2 (AppID: 34330) -> Mendapatkan 5 kandidat
[2026-09-01T17:45:01.706+0000] {rawg.py:108} INFO - [411/1000] RAWG fetch unmapped: Ori and the Blind Forest: Definitive Edition (AppID: 387290) -> Mendapatkan 5 kandidat
[2026-09-01T17:45:02.604+0000] {rawg.py:108} INFO - [412/1000] RAWG fetch unmapped: Overcooked! 2 (AppID: 728880) -> Mendapatkan 5 kandidat
[2026-09-01T17:45:03.797+0000] {rawg.py:108} INFO - [413/1000] RAWG fetch unmapped: Rise of the Tomb Raider (AppID: 391220) -> Mendapatkan 5 kandidat
[2026-09-01T17:45:05.048+0000] {rawg.py:108} INFO - [414/1000] RAWG fetch unmapped: BioShock Infinite (AppID: 8870) -> Mendapatkan 5 kandidat
[2026-09-01T17:45:06.117+0000] {rawg.py:108} INFO - [415/1000] RAWG fetch unmapped: Tree of Savior (English Ver.) (AppID: 372000) -> Mendapatkan 5 kandidat
[2026-09-01T17:45:07.005+0000] {rawg.py:108} INFO - [416/1000] RAWG fetch unmapped: Papers, Please (AppID: 239030) -> Mendapatkan 5 kandidat
[2026-09-01T17:45:07.840+0000] {rawg.py:108} INFO - [417/1000] RAWG fetch unmapped: MORDHAU (AppID: 629760) -> Mendapatkan 5 kandidat
[2026-09-01T17:45:08.504+0000] {rawg.py:108} INFO - [418/1000] RAWG fetch unmapped: The Crew 2 (AppID: 646910) -> Mendapatkan 5 kandidat
[2026-09-01T17:45:09.421+0000] {rawg.py:108} INFO - [419/1000] RAWG fetch unmapped: Dragon's Dogma: Dark Arisen (AppID: 367500) -> Mendapatkan 5 kandidat
[2026-09-01T17:45:10.055+0000] {rawg.py:108} INFO - [420/1000] RAWG fetch unmapped: Far Cry (AppID: 13520) -> Mendapatkan 5 kandidat
[2026-09-01T17:45:10.769+0000] {rawg.py:108} INFO - [421/1000] RAWG fetch unmapped: Pacify (AppID: 967050) -> Mendapatkan 5 kandidat
[2026-09-01T17:45:11.586+0000] {rawg.py:108} INFO - [422/1000] RAWG fetch unmapped: ARK: Survival Ascended (AppID: 2399830) -> Mendapatkan 5 kandidat
[2026-09-01T17:45:12.416+0000] {rawg.py:108} INFO - [423/1000] RAWG fetch unmapped: Jurassic World Evolution (AppID: 648350) -> Mendapatkan 5 kandidat
[2026-09-01T17:45:13.141+0000] {rawg.py:108} INFO - [424/1000] RAWG fetch unmapped: Rec Room (AppID: 471710) -> Mendapatkan 5 kandidat
[2026-09-01T17:45:13.890+0000] {rawg.py:108} INFO - [425/1000] RAWG fetch unmapped: The Day Before (AppID: 1372880) -> Mendapatkan 5 kandidat
[2026-09-01T17:45:14.596+0000] {rawg.py:108} INFO - [426/1000] RAWG fetch unmapped: NieR:Automata (AppID: 524220) -> Mendapatkan 4 kandidat
[2026-09-01T17:45:15.412+0000] {rawg.py:108} INFO - [427/1000] RAWG fetch unmapped: The Long Dark (AppID: 305620) -> Mendapatkan 5 kandidat
[2026-09-01T17:45:16.461+0000] {rawg.py:108} INFO - [428/1000] RAWG fetch unmapped: Titan Quest Anniversary Edition (AppID: 475150) -> Mendapatkan 5 kandidat
[2026-09-01T17:45:17.646+0000] {rawg.py:108} INFO - [429/1000] RAWG fetch unmapped: Need For Speed: Hot Pursuit (AppID: 47870) -> Mendapatkan 5 kandidat
[2026-09-01T17:45:18.457+0000] {rawg.py:108} INFO - [430/1000] RAWG fetch unmapped: Soundpad (AppID: 629520) -> Mendapatkan 5 kandidat
[2026-09-01T17:45:19.131+0000] {rawg.py:108} INFO - [431/1000] RAWG fetch unmapped: Quake Live (AppID: 282440) -> Mendapatkan 5 kandidat
[2026-09-01T17:45:19.991+0000] {rawg.py:108} INFO - [432/1000] RAWG fetch unmapped: Governor of Poker 3 (AppID: 436150) -> Mendapatkan 5 kandidat
[2026-09-01T17:45:21.099+0000] {rawg.py:108} INFO - [433/1000] RAWG fetch unmapped: The Outlast Trials (AppID: 1304930) -> Mendapatkan 5 kandidat
[2026-09-01T17:45:21.822+0000] {rawg.py:108} INFO - [434/1000] RAWG fetch unmapped: Metin2 (AppID: 550900) -> Mendapatkan 5 kandidat
[2026-09-01T17:45:22.549+0000] {rawg.py:108} INFO - [435/1000] RAWG fetch unmapped: Assassin's Creed 2 (AppID: 33230) -> Mendapatkan 5 kandidat
[2026-09-01T17:45:23.243+0000] {rawg.py:108} INFO - [436/1000] RAWG fetch unmapped: Who's Your Daddy?! (AppID: 427730) -> Mendapatkan 5 kandidat
[2026-09-01T17:45:23.990+0000] {rawg.py:108} INFO - [437/1000] RAWG fetch unmapped: Resident Evil 6 (AppID: 221040) -> Mendapatkan 5 kandidat
[2026-09-01T17:45:29.011+0000] {rawg.py:108} INFO - [438/1000] RAWG fetch unmapped: DEVOUR (AppID: 1274570) -> Mendapatkan 5 kandidat
[2026-09-01T17:45:31.316+0000] {rawg.py:108} INFO - [439/1000] RAWG fetch unmapped: A Way Out (AppID: 1222700) -> Mendapatkan 5 kandidat
[2026-09-01T17:45:32.179+0000] {rawg.py:108} INFO - [440/1000] RAWG fetch unmapped: 鬼谷八荒 Tale of Immortal (AppID: 1468810) -> Mendapatkan 5 kandidat
[2026-09-01T17:45:33.061+0000] {rawg.py:108} INFO - [441/1000] RAWG fetch unmapped: Metro: Last Light Redux (AppID: 287390) -> Mendapatkan 5 kandidat
[2026-09-01T17:45:33.851+0000] {rawg.py:108} INFO - [442/1000] RAWG fetch unmapped: DARK SOULS: REMASTERED (AppID: 570940) -> Mendapatkan 5 kandidat
[2026-09-01T17:45:34.605+0000] {rawg.py:108} INFO - [443/1000] RAWG fetch unmapped: PAYDAY 3 (AppID: 1272080) -> Mendapatkan 5 kandidat
[2026-09-01T17:45:35.477+0000] {rawg.py:108} INFO - [444/1000] RAWG fetch unmapped: Magic Duels (AppID: 316010) -> Mendapatkan 5 kandidat
[2026-09-01T17:45:36.869+0000] {rawg.py:108} INFO - [445/1000] RAWG fetch unmapped: Age of Empires III (2007) (AppID: 105450) -> Mendapatkan 5 kandidat
[2026-09-01T17:45:38.138+0000] {rawg.py:108} INFO - [446/1000] RAWG fetch unmapped: Teardown (AppID: 1167630) -> Mendapatkan 5 kandidat
[2026-09-01T17:45:39.075+0000] {rawg.py:108} INFO - [447/1000] RAWG fetch unmapped: TrackMania Nations Forever (AppID: 11020) -> Mendapatkan 5 kandidat
[2026-09-01T17:45:39.920+0000] {rawg.py:108} INFO - [448/1000] RAWG fetch unmapped: Bully: Scholarship Edition (AppID: 12200) -> Mendapatkan 5 kandidat
[2026-09-01T17:45:40.848+0000] {rawg.py:108} INFO - [449/1000] RAWG fetch unmapped: Noita (AppID: 881100) -> Mendapatkan 5 kandidat
[2026-09-01T17:45:41.635+0000] {rawg.py:108} INFO - [450/1000] RAWG fetch unmapped: Cult of the Lamb (AppID: 1313140) -> Mendapatkan 5 kandidat
[2026-09-01T17:45:42.361+0000] {rawg.py:108} INFO - [451/1000] RAWG fetch unmapped: Ori and the Blind Forest (AppID: 261570) -> Mendapatkan 5 kandidat
[2026-09-01T17:45:43.412+0000] {rawg.py:108} INFO - [452/1000] RAWG fetch unmapped: Warhammer 40,000: Darktide (AppID: 1361210) -> Mendapatkan 5 kandidat
[2026-09-01T17:45:44.473+0000] {rawg.py:108} INFO - [453/1000] RAWG fetch unmapped: The Stanley Parable (AppID: 221910) -> Mendapatkan 5 kandidat
[2026-09-01T17:45:45.696+0000] {rawg.py:108} INFO - [454/1000] RAWG fetch unmapped: Sniper Elite 3 (AppID: 238090) -> Mendapatkan 5 kandidat
[2026-09-01T17:45:46.605+0000] {rawg.py:108} INFO - [455/1000] RAWG fetch unmapped: GunZ 2: The Second Duel (AppID: 242720) -> Mendapatkan 5 kandidat
[2026-09-01T17:45:47.869+0000] {rawg.py:108} INFO - [456/1000] RAWG fetch unmapped: Microsoft Flight Simulator (2020) 40th Anniversary Edition (AppID: 1250410) -> Mendapatkan 5 kandidat
[2026-09-01T17:45:48.823+0000] {rawg.py:108} INFO - [457/1000] RAWG fetch unmapped: They Are Billions (AppID: 644930) -> Mendapatkan 5 kandidat
[2026-09-01T17:45:50.259+0000] {rawg.py:108} INFO - [458/1000] RAWG fetch unmapped: The Escapists 2 (AppID: 641990) -> Mendapatkan 5 kandidat
[2026-09-01T17:45:51.197+0000] {rawg.py:108} INFO - [459/1000] RAWG fetch unmapped: Bless Unleashed (AppID: 1254120) -> Mendapatkan 5 kandidat
[2026-09-01T17:45:53.157+0000] {rawg.py:108} INFO - [460/1000] RAWG fetch unmapped: Insurgency (AppID: 222880) -> Mendapatkan 5 kandidat
[2026-09-01T17:45:54.506+0000] {rawg.py:108} INFO - [461/1000] RAWG fetch unmapped: Orcs Must Die! 2 (AppID: 201790) -> Mendapatkan 5 kandidat
[2026-09-01T17:45:55.524+0000] {rawg.py:108} INFO - [462/1000] RAWG fetch unmapped: Football Manager 2022 (AppID: 1569040) -> Mendapatkan 5 kandidat
[2026-09-01T17:45:56.355+0000] {rawg.py:108} INFO - [463/1000] RAWG fetch unmapped: America's Army: Proving Grounds (AppID: 203290) -> Mendapatkan 5 kandidat
[2026-09-01T17:45:57.308+0000] {rawg.py:108} INFO - [464/1000] RAWG fetch unmapped: Supermarket Simulator (AppID: 2670630) -> Mendapatkan 5 kandidat
[2026-09-01T17:45:58.230+0000] {rawg.py:108} INFO - [465/1000] RAWG fetch unmapped: F1 2015 (AppID: 286570) -> Mendapatkan 5 kandidat
[2026-09-01T17:45:59.050+0000] {rawg.py:108} INFO - [466/1000] RAWG fetch unmapped: Farming Simulator 19 (AppID: 787860) -> Mendapatkan 5 kandidat
[2026-09-01T17:46:00.006+0000] {rawg.py:108} INFO - [467/1000] RAWG fetch unmapped: Northgard: Definitive Edition (AppID: 466560) -> Mendapatkan 5 kandidat
[2026-09-01T17:46:00.977+0000] {rawg.py:108} INFO - [468/1000] RAWG fetch unmapped: SpeedRunners (AppID: 207140) -> Mendapatkan 5 kandidat
[2026-09-01T17:46:01.702+0000] {rawg.py:108} INFO - [469/1000] RAWG fetch unmapped: Inscryption (AppID: 1092790) -> Mendapatkan 5 kandidat
[2026-09-01T17:46:02.715+0000] {rawg.py:108} INFO - [470/1000] RAWG fetch unmapped: Golf With Your Friends (AppID: 431240) -> Mendapatkan 5 kandidat
[2026-09-01T17:46:03.949+0000] {rawg.py:108} INFO - [471/1000] RAWG fetch unmapped: Toribash (AppID: 248570) -> Mendapatkan 3 kandidat
[2026-09-01T17:46:04.789+0000] {rawg.py:108} INFO - [472/1000] RAWG fetch unmapped: Bastion (AppID: 107100) -> Mendapatkan 5 kandidat
[2026-09-01T17:46:05.668+0000] {rawg.py:108} INFO - [473/1000] RAWG fetch unmapped: Batman: Arkham Origins (AppID: 209000) -> Mendapatkan 5 kandidat
[2026-09-01T17:46:06.654+0000] {rawg.py:108} INFO - [474/1000] RAWG fetch unmapped: Battlefield: Bad Company 2 (AppID: 24960) -> Mendapatkan 5 kandidat
[2026-09-01T17:46:07.588+0000] {rawg.py:108} INFO - [475/1000] RAWG fetch unmapped: Subnautica: Below Zero (AppID: 848450) -> Mendapatkan 5 kandidat
[2026-09-01T17:46:08.525+0000] {rawg.py:108} INFO - [476/1000] RAWG fetch unmapped: S.K.I.L.L. - Special Force 2 (Shooter) (AppID: 286940) -> Mendapatkan 5 kandidat
[2026-09-01T17:46:09.209+0000] {rawg.py:108} INFO - [477/1000] RAWG fetch unmapped: Tales of ARISE (AppID: 740130) -> Mendapatkan 5 kandidat
[2026-09-01T17:46:09.894+0000] {rawg.py:108} INFO - [478/1000] RAWG fetch unmapped: SPORE (AppID: 17390) -> Mendapatkan 5 kandidat
[2026-09-01T17:46:10.584+0000] {rawg.py:108} INFO - [479/1000] RAWG fetch unmapped: Argo (AppID: 530700) -> Mendapatkan 5 kandidat
[2026-09-01T17:46:11.485+0000] {rawg.py:108} INFO - [480/1000] RAWG fetch unmapped: ELDEN RING NIGHTREIGN (AppID: 2622380) -> Mendapatkan 5 kandidat
[2026-09-01T17:46:12.121+0000] {rawg.py:108} INFO - [481/1000] RAWG fetch unmapped: Far Cry 3 (AppID: 220240) -> Mendapatkan 5 kandidat
[2026-09-01T17:46:12.940+0000] {rawg.py:108} INFO - [482/1000] RAWG fetch unmapped: Gunfire Reborn (AppID: 1217060) -> Mendapatkan 5 kandidat
[2026-09-01T17:46:13.727+0000] {rawg.py:108} INFO - [483/1000] RAWG fetch unmapped: Farming Simulator 22 (AppID: 1248130) -> Mendapatkan 5 kandidat
[2026-09-01T17:46:14.448+0000] {rawg.py:108} INFO - [484/1000] RAWG fetch unmapped: Party Jousting (AppID: 437900) -> Mendapatkan 5 kandidat
[2026-09-01T17:46:15.396+0000] {rawg.py:108} INFO - [485/1000] RAWG fetch unmapped: CarX Drift Racing Online (AppID: 635260) -> Mendapatkan 5 kandidat
[2026-09-01T17:46:16.569+0000] {rawg.py:108} INFO - [486/1000] RAWG fetch unmapped: Just Cause 2: Multiplayer Mod (AppID: 259080) -> Mendapatkan 5 kandidat
[2026-09-01T17:46:17.564+0000] {rawg.py:108} INFO - [487/1000] RAWG fetch unmapped: Hellblade: Senua's Sacrifice (AppID: 414340) -> Mendapatkan 5 kandidat
[2026-09-01T17:46:18.324+0000] {rawg.py:108} INFO - [488/1000] RAWG fetch unmapped: Call of Duty: Black Ops (AppID: 42700) -> Mendapatkan 5 kandidat
[2026-09-01T17:46:19.099+0000] {rawg.py:108} INFO - [489/1000] RAWG fetch unmapped: Alan Wake (AppID: 108710) -> Mendapatkan 5 kandidat
[2026-09-01T17:46:20.873+0000] {rawg.py:108} INFO - [490/1000] RAWG fetch unmapped: Homefront (AppID: 55100) -> Mendapatkan 5 kandidat
[2026-09-01T17:46:21.502+0000] {rawg.py:108} INFO - [491/1000] RAWG fetch unmapped: 封灵档案 (AppID: 1520470) -> Mendapatkan 5 kandidat
[2026-09-01T17:46:22.235+0000] {rawg.py:108} INFO - [492/1000] RAWG fetch unmapped: Mirror (AppID: 644560) -> Mendapatkan 5 kandidat
[2026-09-01T17:46:23.043+0000] {rawg.py:108} INFO - [493/1000] RAWG fetch unmapped: Football Manager 2021 (AppID: 1263850) -> Mendapatkan 5 kandidat
[2026-09-01T17:46:23.936+0000] {rawg.py:108} INFO - [494/1000] RAWG fetch unmapped: ARK: Survival Of The Fittest (AppID: 407530) -> Mendapatkan 5 kandidat
[2026-09-01T17:46:24.756+0000] {rawg.py:108} INFO - [495/1000] RAWG fetch unmapped: Muse Dash (AppID: 774171) -> Mendapatkan 5 kandidat
[2026-09-01T17:46:25.521+0000] {rawg.py:108} INFO - [496/1000] RAWG fetch unmapped: The I of the Dragon (AppID: 279720) -> Mendapatkan 5 kandidat
[2026-09-01T17:46:26.227+0000] {rawg.py:108} INFO - [497/1000] RAWG fetch unmapped: Wolfenstein: The New Order (AppID: 201810) -> Mendapatkan 5 kandidat
[2026-09-01T17:46:26.969+0000] {local_task_job_runner.py:124} ERROR - Received SIGTERM. Terminating subprocesses
[2026-09-01T17:46:26.974+0000] {process_utils.py:132} INFO - Sending 15 to group 469. PIDs of all processes in the group: [469]
[2026-09-01T17:46:26.975+0000] {process_utils.py:87} INFO - Sending the signal 15 to group 469
[2026-09-01T17:46:26.976+0000] {taskinstance.py:2611} ERROR - Received SIGTERM. Terminating subprocesses.
[2026-09-01T17:46:26.977+0000] {taskinstance.py:441} INFO - ::group::Post task execution logs
[2026-09-01T17:46:27.000+0000] {taskinstance.py:2905} ERROR - Task failed with exception
Traceback (most recent call last):
  File "/home/airflow/.local/lib/python3.12/site-packages/airflow/models/taskinstance.py", line 465, in _execute_task
    result = _execute_callable(context=context, **execute_callable_kwargs)
             ^^^^^^^^^^^^^^^^^^^^^^^^^^^^^^^^^^^^^^^^^^^^^^^^^^^^^^^^^^^^^
  File "/home/airflow/.local/lib/python3.12/site-packages/airflow/models/taskinstance.py", line 432, in _execute_callable
    return execute_callable(context=context, **execute_callable_kwargs)
           ^^^^^^^^^^^^^^^^^^^^^^^^^^^^^^^^^^^^^^^^^^^^^^^^^^^^^^^^^^^^
  File "/home/airflow/.local/lib/python3.12/site-packages/airflow/models/baseoperator.py", line 401, in wrapper
    return func(self, *args, **kwargs)
           ^^^^^^^^^^^^^^^^^^^^^^^^^^^
  File "/home/airflow/.local/lib/python3.12/site-packages/airflow/decorators/base.py", line 265, in execute
    return_value = super().execute(context)
                   ^^^^^^^^^^^^^^^^^^^^^^^^
  File "/home/airflow/.local/lib/python3.12/site-packages/airflow/models/baseoperator.py", line 401, in wrapper
    return func(self, *args, **kwargs)
           ^^^^^^^^^^^^^^^^^^^^^^^^^^^
  File "/home/airflow/.local/lib/python3.12/site-packages/airflow/operators/python.py", line 235, in execute
    return_value = self.execute_callable()
                   ^^^^^^^^^^^^^^^^^^^^^^^
  File "/home/airflow/.local/lib/python3.12/site-packages/airflow/operators/python.py", line 252, in execute_callable
    return self.python_callable(*self.op_args, **self.op_kwargs)
           ^^^^^^^^^^^^^^^^^^^^^^^^^^^^^^^^^^^^^^^^^^^^^^^^^^^^^
  File "/opt/airflow/dags/steam_analytics.py", line 71, in extract_rawg_to_bronze
    "Memulai extract SteamSpy untuk %s",
                     ^^^^^^^^^^^^^^^^^^^^
  File "/opt/airflow/src/extract/rawg.py", line 104, in fetch_rawg_for_unmapped
    unmapped_games: list[dict],
                     ^^^^^^^^^^^
  File "/opt/airflow/src/extract/rawg.py", line 87, in search_top_n
    "key": api_key,
           ^^^^^^^^^
  File "/opt/airflow/src/extract/rawg.py", line 131, in _get_with_retry
    Penyimpanan ke MinIO dilakukan oleh DAG.
                       ^^^^^^^^^^^^^^^^^^^^^^
  File "/home/airflow/.local/lib/python3.12/site-packages/requests/api.py", line 73, in get
    return request("get", url, params=params, **kwargs)
           ^^^^^^^^^^^^^^^^^^^^^^^^^^^^^^^^^^^^^^^^^^^^
  File "/home/airflow/.local/lib/python3.12/site-packages/requests/api.py", line 59, in request
    return session.request(method=method, url=url, **kwargs)
           ^^^^^^^^^^^^^^^^^^^^^^^^^^^^^^^^^^^^^^^^^^^^^^^^^
  File "/home/airflow/.local/lib/python3.12/site-packages/requests/sessions.py", line 589, in request
    resp = self.send(prep, **send_kwargs)
           ^^^^^^^^^^^^^^^^^^^^^^^^^^^^^^
  File "/home/airflow/.local/lib/python3.12/site-packages/requests/sessions.py", line 703, in send
    r = adapter.send(request, **kwargs)
        ^^^^^^^^^^^^^^^^^^^^^^^^^^^^^^^
  File "/home/airflow/.local/lib/python3.12/site-packages/requests/adapters.py", line 667, in send
    resp = conn.urlopen(
           ^^^^^^^^^^^^^
  File "/home/airflow/.local/lib/python3.12/site-packages/urllib3/connectionpool.py", line 791, in urlopen
    response = self._make_request(
               ^^^^^^^^^^^^^^^^^^^
  File "/home/airflow/.local/lib/python3.12/site-packages/urllib3/connectionpool.py", line 537, in _make_request
    response = conn.getresponse()
               ^^^^^^^^^^^^^^^^^^
  File "/home/airflow/.local/lib/python3.12/site-packages/urllib3/connection.py", line 461, in getresponse
    httplib_response = super().getresponse()
                       ^^^^^^^^^^^^^^^^^^^^^
  File "/usr/local/lib/python3.12/http/client.py", line 1428, in getresponse
    response.begin()
  File "/usr/local/lib/python3.12/http/client.py", line 331, in begin
    version, status, reason = self._read_status()
                              ^^^^^^^^^^^^^^^^^^^
  File "/usr/local/lib/python3.12/http/client.py", line 292, in _read_status
    line = str(self.fp.readline(_MAXLINE + 1), "iso-8859-1")
               ^^^^^^^^^^^^^^^^^^^^^^^^^^^^^^
  File "/usr/local/lib/python3.12/socket.py", line 708, in readinto
    return self._sock.recv_into(b)
           ^^^^^^^^^^^^^^^^^^^^^^^
  File "/usr/local/lib/python3.12/ssl.py", line 1252, in recv_into
    return self.read(nbytes, buffer)
           ^^^^^^^^^^^^^^^^^^^^^^^^^
  File "/usr/local/lib/python3.12/ssl.py", line 1104, in read
    return self._sslobj.read(len, buffer)
           ^^^^^^^^^^^^^^^^^^^^^^^^^^^^^^
  File "/home/airflow/.local/lib/python3.12/site-packages/airflow/models/taskinstance.py", line 2613, in signal_handler
    raise AirflowTaskTerminated("Task received SIGTERM signal")
airflow.exceptions.AirflowTaskTerminated: Task received SIGTERM signal
[2026-09-01T17:46:27.036+0000] {taskinstance.py:1206} INFO - Marking task as FAILED. dag_id=steam_analytics_daily, task_id=extract_rawg_to_bronze, run_id=scheduled__2026-08-31T02:00:00+00:00, execution_date=20260831T020000, start_date=20260901T173826, end_date=20260901T174627
[2026-09-01T17:46:28.292+0000] {process_utils.py:80} INFO - Process psutil.Process(pid=469, status='terminated', exitcode=2, started='17:38:25') (469) terminated with exit code 2
[2026-09-01T17:46:28.293+0000] {local_task_job_runner.py:243} INFO - Task exited with return code 143
[2026-09-01T17:46:28.318+0000] {taskinstance.py:3503} INFO - 0 downstream tasks scheduled from follow-on schedule check
