[2026-09-01T17:14:53.270+0000] {local_task_job_runner.py:120} INFO - ::group::Pre task execution logs
[2026-09-01T17:14:53.300+0000] {taskinstance.py:2076} INFO - Dependencies all met for dep_context=non-requeueable deps ti=<TaskInstance: steam_analytics_daily.extract_rawg_to_bronze scheduled__2026-08-31T02:00:00+00:00 [queued]>
[2026-09-01T17:14:53.307+0000] {taskinstance.py:2076} INFO - Dependencies all met for dep_context=requeueable deps ti=<TaskInstance: steam_analytics_daily.extract_rawg_to_bronze scheduled__2026-08-31T02:00:00+00:00 [queued]>
[2026-09-01T17:14:53.307+0000] {taskinstance.py:2306} INFO - Starting attempt 1 of 2
[2026-09-01T17:14:53.319+0000] {taskinstance.py:2330} INFO - Executing <Task(_PythonDecoratedOperator): extract_rawg_to_bronze> on 2026-08-31 02:00:00+00:00
[2026-09-01T17:14:53.325+0000] {logging_mixin.py:188} WARNING - /home/***/.local/lib/python3.12/site-packages/***/task/task_runner/standard_task_runner.py:62 DeprecationWarning: This process (pid=221) is multi-threaded, use of fork() may lead to deadlocks in the child.
[2026-09-01T17:14:53.326+0000] {standard_task_runner.py:64} INFO - Started process 223 to run task
[2026-09-01T17:14:53.325+0000] {standard_task_runner.py:90} INFO - Running: ['***', 'tasks', 'run', 'steam_analytics_daily', 'extract_rawg_to_bronze', 'scheduled__2026-08-31T02:00:00+00:00', '--job-id', '5', '--raw', '--subdir', 'DAGS_FOLDER/steam_analytics.py', '--cfg-path', '/tmp/tmp82ohkvg9']
[2026-09-01T17:14:53.327+0000] {standard_task_runner.py:91} INFO - Job 5: Subtask extract_rawg_to_bronze
[2026-09-01T17:14:53.366+0000] {task_command.py:426} INFO - Running <TaskInstance: steam_analytics_daily.extract_rawg_to_bronze scheduled__2026-08-31T02:00:00+00:00 [running]> on host 82cdda78b0c7
[2026-09-01T17:14:53.438+0000] {taskinstance.py:2648} INFO - Exporting env vars: AIRFLOW_CTX_DAG_OWNER='data_engineer' AIRFLOW_CTX_DAG_ID='steam_analytics_daily' AIRFLOW_CTX_TASK_ID='extract_rawg_to_bronze' AIRFLOW_CTX_EXECUTION_DATE='2026-08-31T02:00:00+00:00' AIRFLOW_CTX_TRY_NUMBER='1' AIRFLOW_CTX_DAG_RUN_ID='scheduled__2026-08-31T02:00:00+00:00'
[2026-09-01T17:14:53.439+0000] {taskinstance.py:430} INFO - ::endgroup::
[2026-09-01T17:14:53.562+0000] {minio_client.py:91} INFO - Berhasil membaca 1000 record dari s3://steam-analytics/bronze/steamspy/2026-08-31/data.json
[2026-09-01T17:14:53.570+0000] {base.py:84} INFO - Using connection ID 'postgres_***' for task execution.
[2026-09-01T17:14:53.576+0000] {postgres.py:51} INFO - Ditemukan 0 appid yang sudah punya mapping
[2026-09-01T17:14:53.577+0000] {matching.py:47} INFO - Deteksi game baru: 1000 dari 1000 game hari ini belum punya mapping
[2026-09-01T17:14:53.577+0000] {taskinstance.py:441} INFO - ::group::Post task execution logs
[2026-09-01T17:14:53.578+0000] {taskinstance.py:2905} ERROR - Task failed with exception
Traceback (most recent call last):
  File "/home/airflow/.local/lib/python3.12/site-packages/airflow/models/taskinstance.py", line 465, in _execute_task
    result = _execute_callable(context=context, **execute_callable_kwargs)
             ^^^^^^^^^^^^^^^^^^^^^^^^^^^^^^^^^^^^^^^^^^^^^^^^^^^^^^^^^^^^^
  File "/home/airflow/.local/lib/python3.12/site-packages/airflow/models/taskinstance.py", line 432, in _execute_callable
    return execute_callable(context=context, **execute_callable_kwargs)
           ^^^^^^^^^^^^^^^^^^^^^^^^^^^^^^^^^^^^^^^^^^^^^^^^^^^^^^^^^^^^
  File "/home/airflow/.local/lib/python3.12/site-packages/airflow/models/baseoperator.py", line 401, in wrapper
    return func(self, *args, **kwargs)
           ^^^^^^^^^^^^^^^^^^^^^^^^^^^
  File "/home/airflow/.local/lib/python3.12/site-packages/airflow/decorators/base.py", line 265, in execute
    return_value = super().execute(context)
                   ^^^^^^^^^^^^^^^^^^^^^^^^
  File "/home/airflow/.local/lib/python3.12/site-packages/airflow/models/baseoperator.py", line 401, in wrapper
    return func(self, *args, **kwargs)
           ^^^^^^^^^^^^^^^^^^^^^^^^^^^
  File "/home/airflow/.local/lib/python3.12/site-packages/airflow/operators/python.py", line 235, in execute
    return_value = self.execute_callable()
                   ^^^^^^^^^^^^^^^^^^^^^^^
  File "/home/airflow/.local/lib/python3.12/site-packages/airflow/operators/python.py", line 252, in execute_callable
    return self.python_callable(*self.op_args, **self.op_kwargs)
           ^^^^^^^^^^^^^^^^^^^^^^^^^^^^^^^^^^^^^^^^^^^^^^^^^^^^^
  File "/opt/airflow/dags/steam_analytics.py", line 72, in extract_rawg_to_bronze
    rawg_raw_responses = matching.fetch_rawg_for_unmapped(unmapped_games)
                         ^^^^^^^^^^^^^^^^^^^^^^^^^^^^^^^^
AttributeError: module 'src.transform.matching' has no attribute 'fetch_rawg_for_unmapped'
[2026-09-01T17:14:53.590+0000] {taskinstance.py:1206} INFO - Marking task as UP_FOR_RETRY. dag_id=steam_analytics_daily, task_id=extract_rawg_to_bronze, run_id=scheduled__2026-08-31T02:00:00+00:00, execution_date=20260831T020000, start_date=20260901T171453, end_date=20260901T171453
[2026-09-01T17:14:53.599+0000] {standard_task_runner.py:110} ERROR - Failed to execute job 5 for task extract_rawg_to_bronze (module 'src.transform.matching' has no attribute 'fetch_rawg_for_unmapped'; 223)
[2026-09-01T17:14:53.620+0000] {local_task_job_runner.py:243} INFO - Task exited with return code 1
[2026-09-01T17:14:53.643+0000] {taskinstance.py:3503} INFO - 0 downstream tasks scheduled from follow-on schedule check
[2026-09-01T17:14:53.645+0000] {local_task_job_runner.py:222} INFO - ::endgroup::
[2026-09-01T17:48:56.465+0000] {local_task_job_runner.py:120} INFO - ::group::Pre task execution logs
[2026-09-01T17:48:56.496+0000] {taskinstance.py:2076} INFO - Dependencies all met for dep_context=non-requeueable deps ti=<TaskInstance: steam_analytics_daily.extract_rawg_to_bronze scheduled__2026-08-31T02:00:00+00:00 [queued]>
[2026-09-01T17:48:56.503+0000] {taskinstance.py:2076} INFO - Dependencies all met for dep_context=requeueable deps ti=<TaskInstance: steam_analytics_daily.extract_rawg_to_bronze scheduled__2026-08-31T02:00:00+00:00 [queued]>
[2026-09-01T17:48:56.504+0000] {taskinstance.py:2306} INFO - Starting attempt 1 of 2
[2026-09-01T17:48:56.514+0000] {taskinstance.py:2330} INFO - Executing <Task(_PythonDecoratedOperator): extract_rawg_to_bronze> on 2026-08-31 02:00:00+00:00
[2026-09-01T17:48:56.521+0000] {logging_mixin.py:188} WARNING - /home/***/.local/lib/python3.12/site-packages/***/task/task_runner/standard_task_runner.py:62 DeprecationWarning: This process (pid=211) is multi-threaded, use of fork() may lead to deadlocks in the child.
[2026-09-01T17:48:56.520+0000] {standard_task_runner.py:90} INFO - Running: ['***', 'tasks', 'run', 'steam_analytics_daily', 'extract_rawg_to_bronze', 'scheduled__2026-08-31T02:00:00+00:00', '--job-id', '5', '--raw', '--subdir', 'DAGS_FOLDER/steam_analytics.py', '--cfg-path', '/tmp/tmpr54r_189']
[2026-09-01T17:48:56.521+0000] {standard_task_runner.py:64} INFO - Started process 212 to run task
[2026-09-01T17:48:56.522+0000] {standard_task_runner.py:91} INFO - Job 5: Subtask extract_rawg_to_bronze
[2026-09-01T17:48:56.561+0000] {task_command.py:426} INFO - Running <TaskInstance: steam_analytics_daily.extract_rawg_to_bronze scheduled__2026-08-31T02:00:00+00:00 [running]> on host d1c76e755124
[2026-09-01T17:48:56.631+0000] {taskinstance.py:2648} INFO - Exporting env vars: AIRFLOW_CTX_DAG_OWNER='data_engineer' AIRFLOW_CTX_DAG_ID='steam_analytics_daily' AIRFLOW_CTX_TASK_ID='extract_rawg_to_bronze' AIRFLOW_CTX_EXECUTION_DATE='2026-08-31T02:00:00+00:00' AIRFLOW_CTX_TRY_NUMBER='1' AIRFLOW_CTX_DAG_RUN_ID='scheduled__2026-08-31T02:00:00+00:00'
[2026-09-01T17:48:56.632+0000] {taskinstance.py:430} INFO - ::endgroup::
[2026-09-01T17:48:56.633+0000] {steam_analytics.py:127} INFO - Memulai extract RAWG untuk 2026-08-31
[2026-09-01T17:48:56.741+0000] {minio_client.py:91} INFO - Berhasil membaca 1000 record dari s3://steam-analytics/bronze/steamspy/2026-08-31/data.json
[2026-09-01T17:48:56.761+0000] {base.py:84} INFO - Using connection ID 'postgres_***' for task execution.
[2026-09-01T17:48:56.766+0000] {postgres.py:51} INFO - Ditemukan 0 appid yang sudah punya mapping
[2026-09-01T17:48:56.766+0000] {matching.py:69} INFO - Deteksi game baru: 1000 dari 1000 game hari ini belum punya mapping
[2026-09-01T17:48:56.767+0000] {steam_analytics.py:185} INFO - Game belum memiliki mapping: 1000
[2026-09-01T17:48:59.033+0000] {rawg.py:151} INFO - [1/1000] RAWG: Counter-Strike: Global Offensive (AppID 730) -> 5 kandidat
[2026-09-01T17:49:00.614+0000] {rawg.py:151} INFO - [2/1000] RAWG: Apex Legends (AppID 1172470) -> 5 kandidat
[2026-09-01T17:49:01.734+0000] {rawg.py:151} INFO - [3/1000] RAWG: PUBG: BATTLEGROUNDS (AppID 578080) -> 5 kandidat
[2026-09-01T17:49:02.749+0000] {rawg.py:151} INFO - [4/1000] RAWG: Palworld (AppID 1623730) -> 5 kandidat
[2026-09-01T17:49:03.677+0000] {rawg.py:151} INFO - [5/1000] RAWG: Team Fortress 2 (AppID 440) -> 5 kandidat
[2026-09-01T17:49:05.122+0000] {rawg.py:151} INFO - [6/1000] RAWG: Call of Duty: Modern Warfare II (AppID 1938090) -> 5 kandidat
[2026-09-01T17:49:06.117+0000] {rawg.py:151} INFO - [7/1000] RAWG: New World: Aeternum (AppID 1063730) -> 5 kandidat
[2026-09-01T17:49:07.707+0000] {rawg.py:151} INFO - [8/1000] RAWG: Black Myth: Wukong (AppID 2358720) -> 5 kandidat
[2026-09-01T17:49:09.046+0000] {rawg.py:151} INFO - [9/1000] RAWG: Grand Theft Auto V Legacy (AppID 271590) -> 5 kandidat
[2026-09-01T17:49:09.994+0000] {rawg.py:151} INFO - [10/1000] RAWG: Left 4 Dead 2 (AppID 550) -> 5 kandidat
[2026-09-01T17:49:10.729+0000] {rawg.py:151} INFO - [11/1000] RAWG: Unturned (AppID 304930) -> 5 kandidat
[2026-09-01T17:49:11.445+0000] {rawg.py:151} INFO - [12/1000] RAWG: Lost Ark (AppID 1599340) -> 5 kandidat
[2026-09-01T17:49:12.158+0000] {rawg.py:151} INFO - [13/1000] RAWG: War Thunder (AppID 236390) -> 5 kandidat
[2026-09-01T17:49:13.176+0000] {rawg.py:151} INFO - [14/1000] RAWG: Monster Hunter Wilds (AppID 2246340) -> 5 kandidat
[2026-09-01T17:49:13.959+0000] {rawg.py:151} INFO - [15/1000] RAWG: HELLDIVERS 2 (AppID 553850) -> 5 kandidat
[2026-09-01T17:49:14.696+0000] {rawg.py:151} INFO - [16/1000] RAWG: Warframe (AppID 230410) -> 5 kandidat
[2026-09-01T17:49:15.413+0000] {rawg.py:151} INFO - [17/1000] RAWG: ELDEN RING (AppID 1245620) -> 5 kandidat
[2026-09-01T17:49:16.214+0000] {rawg.py:151} INFO - [18/1000] RAWG: Terraria (AppID 105600) -> 5 kandidat
[2026-09-01T17:49:17.074+0000] {rawg.py:151} INFO - [19/1000] RAWG: Path of Exile 2 (AppID 2694490) -> 5 kandidat
[2026-09-01T17:49:17.821+0000] {rawg.py:151} INFO - [20/1000] RAWG: Wallpaper Engine (AppID 431960) -> 5 kandidat
[2026-09-01T17:49:19.401+0000] {rawg.py:151} INFO - [21/1000] RAWG: Baldur's Gate 3 (AppID 1086940) -> 5 kandidat
[2026-09-01T17:49:20.554+0000] {rawg.py:151} INFO - [22/1000] RAWG: Brawlhalla (AppID 291550) -> 5 kandidat
[2026-09-01T17:49:21.536+0000] {rawg.py:151} INFO - [23/1000] RAWG: Garry's Mod (AppID 4000) -> 5 kandidat
[2026-09-01T17:49:22.543+0000] {rawg.py:151} INFO - [24/1000] RAWG: Destiny 2 (AppID 1085660) -> 5 kandidat
[2026-09-01T17:49:24.536+0000] {rawg.py:151} INFO - [25/1000] RAWG: Tom Clancy's Rainbow Six Siege (AppID 359550) -> 5 kandidat
[2026-09-01T17:49:25.293+0000] {rawg.py:151} INFO - [26/1000] RAWG: Rust (AppID 252490) -> 5 kandidat
[2026-09-01T17:49:26.163+0000] {rawg.py:151} INFO - [27/1000] RAWG: World of Warships (AppID 552990) -> 5 kandidat
[2026-09-01T17:49:26.782+0000] {local_task_job_runner.py:313} WARNING - State of this instance has been externally set to failed. Terminating instance.
[2026-09-01T17:49:26.783+0000] {local_task_job_runner.py:222} INFO - ::endgroup::
[2026-09-01T17:49:26.784+0000] {process_utils.py:132} INFO - Sending 15 to group 212. PIDs of all processes in the group: [212]
[2026-09-01T17:49:26.785+0000] {process_utils.py:87} INFO - Sending the signal 15 to group 212
[2026-09-01T17:49:26.785+0000] {taskinstance.py:2611} ERROR - Received SIGTERM. Terminating subprocesses.
[2026-09-01T17:49:26.786+0000] {taskinstance.py:441} INFO - ::group::Post task execution logs
[2026-09-01T17:49:26.811+0000] {process_utils.py:80} INFO - Process psutil.Process(pid=212, status='terminated', exitcode=0, started='17:48:55') (212) terminated with exit code 0
