[2026-09-01T17:18:06.693+0000] {local_task_job_runner.py:120} INFO - ::group::Pre task execution logs
[2026-09-01T17:18:06.725+0000] {taskinstance.py:2076} INFO - Dependencies all met for dep_context=non-requeueable deps ti=<TaskInstance: steam_analytics_daily.extract_rawg_to_bronze scheduled__2026-08-31T02:00:00+00:00 [queued]>
[2026-09-01T17:18:06.733+0000] {taskinstance.py:2076} INFO - Dependencies all met for dep_context=requeueable deps ti=<TaskInstance: steam_analytics_daily.extract_rawg_to_bronze scheduled__2026-08-31T02:00:00+00:00 [queued]>
[2026-09-01T17:18:06.733+0000] {taskinstance.py:2306} INFO - Starting attempt 2 of 3
[2026-09-01T17:18:06.744+0000] {taskinstance.py:2330} INFO - Executing <Task(_PythonDecoratedOperator): extract_rawg_to_bronze> on 2026-08-31 02:00:00+00:00
[2026-09-01T17:18:06.750+0000] {logging_mixin.py:188} WARNING - /home/***/.local/lib/python3.12/site-packages/***/task/task_runner/standard_task_runner.py:62 DeprecationWarning: This process (pid=259) is multi-threaded, use of fork() may lead to deadlocks in the child.
[2026-09-01T17:18:06.750+0000] {standard_task_runner.py:90} INFO - Running: ['***', 'tasks', 'run', 'steam_analytics_daily', 'extract_rawg_to_bronze', 'scheduled__2026-08-31T02:00:00+00:00', '--job-id', '6', '--raw', '--subdir', 'DAGS_FOLDER/steam_analytics.py', '--cfg-path', '/tmp/tmpipmk40kq']
[2026-09-01T17:18:06.751+0000] {standard_task_runner.py:64} INFO - Started process 260 to run task
[2026-09-01T17:18:06.752+0000] {standard_task_runner.py:91} INFO - Job 6: Subtask extract_rawg_to_bronze
[2026-09-01T17:18:06.794+0000] {task_command.py:426} INFO - Running <TaskInstance: steam_analytics_daily.extract_rawg_to_bronze scheduled__2026-08-31T02:00:00+00:00 [running]> on host 82cdda78b0c7
[2026-09-01T17:18:06.872+0000] {taskinstance.py:2648} INFO - Exporting env vars: AIRFLOW_CTX_DAG_OWNER='data_engineer' AIRFLOW_CTX_DAG_ID='steam_analytics_daily' AIRFLOW_CTX_TASK_ID='extract_rawg_to_bronze' AIRFLOW_CTX_EXECUTION_DATE='2026-08-31T02:00:00+00:00' AIRFLOW_CTX_TRY_NUMBER='2' AIRFLOW_CTX_DAG_RUN_ID='scheduled__2026-08-31T02:00:00+00:00'
[2026-09-01T17:18:06.873+0000] {taskinstance.py:430} INFO - ::endgroup::
[2026-09-01T17:18:07.005+0000] {minio_client.py:91} INFO - Berhasil membaca 1000 record dari s3://steam-analytics/bronze/steamspy/2026-08-31/data.json
[2026-09-01T17:18:07.016+0000] {base.py:84} INFO - Using connection ID 'postgres_***' for task execution.
[2026-09-01T17:18:07.022+0000] {postgres.py:51} INFO - Ditemukan 0 appid yang sudah punya mapping
[2026-09-01T17:18:07.023+0000] {matching.py:47} INFO - Deteksi game baru: 1000 dari 1000 game hari ini belum punya mapping
[2026-09-01T17:18:07.023+0000] {taskinstance.py:441} INFO - ::group::Post task execution logs
[2026-09-01T17:18:07.024+0000] {taskinstance.py:2905} ERROR - Task failed with exception
Traceback (most recent call last):
  File "/home/airflow/.local/lib/python3.12/site-packages/airflow/models/taskinstance.py", line 465, in _execute_task
    result = _execute_callable(context=context, **execute_callable_kwargs)
             ^^^^^^^^^^^^^^^^^^^^^^^^^^^^^^^^^^^^^^^^^^^^^^^^^^^^^^^^^^^^^
  File "/home/airflow/.local/lib/python3.12/site-packages/airflow/models/taskinstance.py", line 432, in _execute_callable
    return execute_callable(context=context, **execute_callable_kwargs)
           ^^^^^^^^^^^^^^^^^^^^^^^^^^^^^^^^^^^^^^^^^^^^^^^^^^^^^^^^^^^^
  File "/home/airflow/.local/lib/python3.12/site-packages/airflow/models/baseoperator.py", line 401, in wrapper
    return func(self, *args, **kwargs)
           ^^^^^^^^^^^^^^^^^^^^^^^^^^^
  File "/home/airflow/.local/lib/python3.12/site-packages/airflow/decorators/base.py", line 265, in execute
    return_value = super().execute(context)
                   ^^^^^^^^^^^^^^^^^^^^^^^^
  File "/home/airflow/.local/lib/python3.12/site-packages/airflow/models/baseoperator.py", line 401, in wrapper
    return func(self, *args, **kwargs)
           ^^^^^^^^^^^^^^^^^^^^^^^^^^^
  File "/home/airflow/.local/lib/python3.12/site-packages/airflow/operators/python.py", line 235, in execute
    return_value = self.execute_callable()
                   ^^^^^^^^^^^^^^^^^^^^^^^
  File "/home/airflow/.local/lib/python3.12/site-packages/airflow/operators/python.py", line 252, in execute_callable
    return self.python_callable(*self.op_args, **self.op_kwargs)
           ^^^^^^^^^^^^^^^^^^^^^^^^^^^^^^^^^^^^^^^^^^^^^^^^^^^^^
  File "/opt/airflow/dags/steam_analytics.py", line 70, in extract_rawg_to_bronze
    rawg_raw_responses = rawg.fetch_rawg_for_unmapped(unmapped_games)
                         ^^^^
NameError: name 'rawg' is not defined
[2026-09-01T17:18:07.037+0000] {taskinstance.py:1206} INFO - Marking task as UP_FOR_RETRY. dag_id=steam_analytics_daily, task_id=extract_rawg_to_bronze, run_id=scheduled__2026-08-31T02:00:00+00:00, execution_date=20260831T020000, start_date=20260901T171806, end_date=20260901T171807
[2026-09-01T17:18:07.048+0000] {standard_task_runner.py:110} ERROR - Failed to execute job 6 for task extract_rawg_to_bronze (name 'rawg' is not defined; 260)
[2026-09-01T17:18:07.085+0000] {local_task_job_runner.py:243} INFO - Task exited with return code 1
[2026-09-01T17:18:07.107+0000] {taskinstance.py:3503} INFO - 0 downstream tasks scheduled from follow-on schedule check
[2026-09-01T17:18:07.109+0000] {local_task_job_runner.py:222} INFO - ::endgroup::
