[2026-09-08T16:03:52.455+0000] {local_task_job_runner.py:120} INFO - ::group::Pre task execution logs
[2026-09-08T16:03:52.518+0000] {taskinstance.py:2076} INFO - Dependencies all met for dep_context=non-requeueable deps ti=<TaskInstance: steam_analytics_daily.extract_steamspy_to_bronze manual__2026-09-08T16:03:51.286493+00:00 [queued]>
[2026-09-08T16:03:52.530+0000] {taskinstance.py:2076} INFO - Dependencies all met for dep_context=requeueable deps ti=<TaskInstance: steam_analytics_daily.extract_steamspy_to_bronze manual__2026-09-08T16:03:51.286493+00:00 [queued]>
[2026-09-08T16:03:52.530+0000] {taskinstance.py:2306} INFO - Starting attempt 1 of 2
[2026-09-08T16:03:52.547+0000] {taskinstance.py:2330} INFO - Executing <Task(_PythonDecoratedOperator): extract_steamspy_to_bronze> on 2026-09-08 16:03:51.286493+00:00
[2026-09-08T16:03:52.560+0000] {logging_mixin.py:188} WARNING - /home/***/.local/lib/python3.12/site-packages/***/task/task_runner/standard_task_runner.py:62 DeprecationWarning: This process (pid=2142) is multi-threaded, use of fork() may lead to deadlocks in the child.
[2026-09-08T16:03:52.560+0000] {standard_task_runner.py:90} INFO - Running: ['***', 'tasks', 'run', 'steam_analytics_daily', 'extract_steamspy_to_bronze', 'manual__2026-09-08T16:03:51.286493+00:00', '--job-id', '9', '--raw', '--subdir', 'DAGS_FOLDER/steam_analytics.py', '--cfg-path', '/tmp/tmpk9f46krh']
[2026-09-08T16:03:52.562+0000] {standard_task_runner.py:64} INFO - Started process 2143 to run task
[2026-09-08T16:03:52.562+0000] {standard_task_runner.py:91} INFO - Job 9: Subtask extract_steamspy_to_bronze
[2026-09-08T16:03:52.615+0000] {task_command.py:426} INFO - Running <TaskInstance: steam_analytics_daily.extract_steamspy_to_bronze manual__2026-09-08T16:03:51.286493+00:00 [running]> on host d6ba0ff7b234
[2026-09-08T16:03:52.720+0000] {taskinstance.py:2648} INFO - Exporting env vars: AIRFLOW_CTX_DAG_OWNER='data_engineer' AIRFLOW_CTX_DAG_ID='steam_analytics_daily' AIRFLOW_CTX_TASK_ID='extract_steamspy_to_bronze' AIRFLOW_CTX_EXECUTION_DATE='2026-09-08T16:03:51.286493+00:00' AIRFLOW_CTX_TRY_NUMBER='1' AIRFLOW_CTX_DAG_RUN_ID='manual__2026-09-08T16:03:51.286493+00:00'
[2026-09-08T16:03:52.721+0000] {taskinstance.py:430} INFO - ::endgroup::
[2026-09-08T16:03:52.722+0000] {steam_analytics.py:84} INFO - Memulai extract SteamSpy untuk 2026-09-08
[2026-09-08T16:03:53.032+0000] {steam_analytics.py:90} INFO - Mengambil SteamSpy dengan 3 page (~3000 game).
[2026-09-08T16:03:53.250+0000] {steamspy.py:39} INFO - Page 0: 1000 game ditarik (top 0-999 by owners)
[2026-09-08T16:03:53.250+0000] {steamspy.py:43} INFO - Menunggu 61 detik sebelum request page berikutnya (rate limit 'all')...
[2026-09-08T16:04:55.271+0000] {steamspy.py:39} INFO - Page 1: 1000 game ditarik (top 1000-1999 by owners)
[2026-09-08T16:04:55.271+0000] {steamspy.py:43} INFO - Menunggu 61 detik sebelum request page berikutnya (rate limit 'all')...
[2026-09-08T16:05:56.470+0000] {steamspy.py:39} INFO - Page 2: 1000 game ditarik (top 2000-2999 by owners)
[2026-09-08T16:05:56.471+0000] {steamspy.py:46} INFO - Total game ditarik via pagination: 3000
[2026-09-08T16:05:56.528+0000] {minio_client.py:70} INFO - Berhasil menulis 3000 record ke s3://steam-analytics/bronze/steamspy/2026-09-08/data.json
[2026-09-08T16:05:56.529+0000] {steam_analytics.py:102} INFO - Bronze SteamSpy 2026-09-08 berhasil disimpan. Total game: 3000
[2026-09-08T16:05:56.530+0000] {python.py:237} INFO - Done. Returned value was: None
[2026-09-08T16:05:56.531+0000] {taskinstance.py:441} INFO - ::group::Post task execution logs
[2026-09-08T16:05:56.542+0000] {taskinstance.py:1206} INFO - Marking task as SUCCESS. dag_id=steam_analytics_daily, task_id=extract_steamspy_to_bronze, run_id=manual__2026-09-08T16:03:51.286493+00:00, execution_date=20260908T160351, start_date=20260908T160352, end_date=20260908T160556
[2026-09-08T16:05:56.567+0000] {local_task_job_runner.py:243} INFO - Task exited with return code 0
[2026-09-08T16:05:56.596+0000] {taskinstance.py:3503} INFO - 1 downstream tasks scheduled from follow-on schedule check
[2026-09-08T16:05:56.598+0000] {local_task_job_runner.py:222} INFO - ::endgroup::
