[2026-09-08T16:17:27.866+0000] {local_task_job_runner.py:120} INFO - ::group::Pre task execution logs
[2026-09-08T16:17:27.901+0000] {taskinstance.py:2076} INFO - Dependencies all met for dep_context=non-requeueable deps ti=<TaskInstance: steam_analytics_daily.extract_steamspy_to_bronze manual__2026-09-08T16:03:51.286493+00:00 [queued]>
[2026-09-08T16:17:27.911+0000] {taskinstance.py:2076} INFO - Dependencies all met for dep_context=requeueable deps ti=<TaskInstance: steam_analytics_daily.extract_steamspy_to_bronze manual__2026-09-08T16:03:51.286493+00:00 [queued]>
[2026-09-08T16:17:27.911+0000] {taskinstance.py:2306} INFO - Starting attempt 3 of 3
[2026-09-08T16:17:27.924+0000] {taskinstance.py:2330} INFO - Executing <Task(_PythonDecoratedOperator): extract_steamspy_to_bronze> on 2026-09-08 16:03:51.286493+00:00
[2026-09-08T16:17:27.934+0000] {logging_mixin.py:188} WARNING - /home/***/.local/lib/python3.12/site-packages/***/task/task_runner/standard_task_runner.py:62 DeprecationWarning: This process (pid=2285) is multi-threaded, use of fork() may lead to deadlocks in the child.
[2026-09-08T16:17:27.932+0000] {standard_task_runner.py:90} INFO - Running: ['***', 'tasks', 'run', 'steam_analytics_daily', 'extract_steamspy_to_bronze', 'manual__2026-09-08T16:03:51.286493+00:00', '--job-id', '12', '--raw', '--subdir', 'DAGS_FOLDER/steam_analytics.py', '--cfg-path', '/tmp/tmp10jgl_yg']
[2026-09-08T16:17:27.935+0000] {standard_task_runner.py:64} INFO - Started process 2286 to run task
[2026-09-08T16:17:27.935+0000] {standard_task_runner.py:91} INFO - Job 12: Subtask extract_steamspy_to_bronze
[2026-09-08T16:17:27.987+0000] {task_command.py:426} INFO - Running <TaskInstance: steam_analytics_daily.extract_steamspy_to_bronze manual__2026-09-08T16:03:51.286493+00:00 [running]> on host d6ba0ff7b234
[2026-09-08T16:17:28.083+0000] {taskinstance.py:2648} INFO - Exporting env vars: AIRFLOW_CTX_DAG_OWNER='data_engineer' AIRFLOW_CTX_DAG_ID='steam_analytics_daily' AIRFLOW_CTX_TASK_ID='extract_steamspy_to_bronze' AIRFLOW_CTX_EXECUTION_DATE='2026-09-08T16:03:51.286493+00:00' AIRFLOW_CTX_TRY_NUMBER='3' AIRFLOW_CTX_DAG_RUN_ID='manual__2026-09-08T16:03:51.286493+00:00'
[2026-09-08T16:17:28.084+0000] {taskinstance.py:430} INFO - ::endgroup::
[2026-09-08T16:17:28.085+0000] {steam_analytics.py:84} INFO - Memulai extract SteamSpy untuk 2026-09-08
[2026-09-08T16:17:28.196+0000] {steam_analytics.py:87} INFO - Bronze SteamSpy 2026-09-08 sudah ada. API call dilewati.
[2026-09-08T16:17:28.197+0000] {python.py:237} INFO - Done. Returned value was: None
[2026-09-08T16:17:28.197+0000] {taskinstance.py:441} INFO - ::group::Post task execution logs
[2026-09-08T16:17:28.208+0000] {taskinstance.py:1206} INFO - Marking task as SUCCESS. dag_id=steam_analytics_daily, task_id=extract_steamspy_to_bronze, run_id=manual__2026-09-08T16:03:51.286493+00:00, execution_date=20260908T160351, start_date=20260908T161727, end_date=20260908T161728
[2026-09-08T16:17:28.229+0000] {local_task_job_runner.py:243} INFO - Task exited with return code 0
[2026-09-08T16:17:28.256+0000] {taskinstance.py:3503} INFO - 1 downstream tasks scheduled from follow-on schedule check
[2026-09-08T16:17:28.258+0000] {local_task_job_runner.py:222} INFO - ::endgroup::
