[2026-09-12T16:37:56.807+0000] {local_task_job_runner.py:120} INFO - ::group::Pre task execution logs
[2026-09-12T16:37:56.836+0000] {taskinstance.py:2076} INFO - Dependencies all met for dep_context=non-requeueable deps ti=<TaskInstance: steam_analytics_daily.extract_rawg_to_bronze manual__2026-09-12T16:37:53.972227+00:00 [queued]>
[2026-09-12T16:37:56.844+0000] {taskinstance.py:2076} INFO - Dependencies all met for dep_context=requeueable deps ti=<TaskInstance: steam_analytics_daily.extract_rawg_to_bronze manual__2026-09-12T16:37:53.972227+00:00 [queued]>
[2026-09-12T16:37:56.844+0000] {taskinstance.py:2306} INFO - Starting attempt 1 of 2
[2026-09-12T16:37:56.856+0000] {taskinstance.py:2330} INFO - Executing <Task(_PythonDecoratedOperator): extract_rawg_to_bronze> on 2026-09-12 16:37:53.972227+00:00
[2026-09-12T16:37:56.862+0000] {logging_mixin.py:188} WARNING - /home/***/.local/lib/python3.12/site-packages/***/task/task_runner/standard_task_runner.py:62 DeprecationWarning: This process (pid=337) is multi-threaded, use of fork() may lead to deadlocks in the child.
[2026-09-12T16:37:56.862+0000] {standard_task_runner.py:90} INFO - Running: ['***', 'tasks', 'run', 'steam_analytics_daily', 'extract_rawg_to_bronze', 'manual__2026-09-12T16:37:53.972227+00:00', '--job-id', '73', '--raw', '--subdir', 'DAGS_FOLDER/steam_analytics.py', '--cfg-path', '/tmp/tmp8834spuy']
[2026-09-12T16:37:56.863+0000] {standard_task_runner.py:64} INFO - Started process 338 to run task
[2026-09-12T16:37:56.864+0000] {standard_task_runner.py:91} INFO - Job 73: Subtask extract_rawg_to_bronze
[2026-09-12T16:37:56.904+0000] {task_command.py:426} INFO - Running <TaskInstance: steam_analytics_daily.extract_rawg_to_bronze manual__2026-09-12T16:37:53.972227+00:00 [running]> on host fcb1bc3b8094
[2026-09-12T16:37:56.984+0000] {taskinstance.py:2648} INFO - Exporting env vars: AIRFLOW_CTX_DAG_OWNER='data_engineer' AIRFLOW_CTX_DAG_ID='steam_analytics_daily' AIRFLOW_CTX_TASK_ID='extract_rawg_to_bronze' AIRFLOW_CTX_EXECUTION_DATE='2026-09-12T16:37:53.972227+00:00' AIRFLOW_CTX_TRY_NUMBER='1' AIRFLOW_CTX_DAG_RUN_ID='manual__2026-09-12T16:37:53.972227+00:00'
[2026-09-12T16:37:56.985+0000] {taskinstance.py:430} INFO - ::endgroup::
[2026-09-12T16:37:56.986+0000] {steam_analytics.py:115} INFO - Memulai extract RAWG untuk 2026-09-12
[2026-09-12T16:37:57.108+0000] {minio_client.py:87} INFO - Berhasil membaca 3000 record dari s3://steam-analytics/bronze/steamspy/2026-09-12/data.json
[2026-09-12T16:37:57.109+0000] {steam_analytics.py:118} INFO - SteamSpy Bronze berisi 3000 game.
[2026-09-12T16:37:57.120+0000] {steam_analytics.py:121} INFO - Bronze RAWG 2026-09-12 sudah ada. RAWG API call dilewati.
[2026-09-12T16:37:57.122+0000] {python.py:237} INFO - Done. Returned value was: None
[2026-09-12T16:37:57.123+0000] {taskinstance.py:441} INFO - ::group::Post task execution logs
[2026-09-12T16:37:57.134+0000] {taskinstance.py:1206} INFO - Marking task as SUCCESS. dag_id=steam_analytics_daily, task_id=extract_rawg_to_bronze, run_id=manual__2026-09-12T16:37:53.972227+00:00, execution_date=20260912T163753, start_date=20260912T163756, end_date=20260912T163757
[2026-09-12T16:37:57.157+0000] {local_task_job_runner.py:243} INFO - Task exited with return code 0
[2026-09-12T16:37:57.183+0000] {taskinstance.py:3503} INFO - 1 downstream tasks scheduled from follow-on schedule check
[2026-09-12T16:37:57.185+0000] {local_task_job_runner.py:222} INFO - ::endgroup::
