[2026-09-01T07:37:03.956+0000] {local_task_job_runner.py:120} INFO - ::group::Pre task execution logs
[2026-09-01T07:37:03.991+0000] {taskinstance.py:2076} INFO - Dependencies all met for dep_context=non-requeueable deps ti=<TaskInstance: steam_analytics_daily.process_new_games_and_dimensions scheduled__2026-08-31T02:00:00+00:00 [queued]>
[2026-09-01T07:37:04.000+0000] {taskinstance.py:2076} INFO - Dependencies all met for dep_context=requeueable deps ti=<TaskInstance: steam_analytics_daily.process_new_games_and_dimensions scheduled__2026-08-31T02:00:00+00:00 [queued]>
[2026-09-01T07:37:04.000+0000] {taskinstance.py:2306} INFO - Starting attempt 1 of 2
[2026-09-01T07:37:04.013+0000] {taskinstance.py:2330} INFO - Executing <Task(_PythonDecoratedOperator): process_new_games_and_dimensions> on 2026-08-31 02:00:00+00:00
[2026-09-01T07:37:04.021+0000] {logging_mixin.py:188} WARNING - /home/***/.local/lib/python3.12/site-packages/***/task/task_runner/standard_task_runner.py:62 DeprecationWarning: This process (pid=201) is multi-threaded, use of fork() may lead to deadlocks in the child.
[2026-09-01T07:37:04.022+0000] {standard_task_runner.py:64} INFO - Started process 202 to run task
[2026-09-01T07:37:04.021+0000] {standard_task_runner.py:90} INFO - Running: ['***', 'tasks', 'run', 'steam_analytics_daily', 'process_new_games_and_dimensions', 'scheduled__2026-08-31T02:00:00+00:00', '--job-id', '10', '--raw', '--subdir', 'DAGS_FOLDER/steam_analytics.py', '--cfg-path', '/tmp/tmphgg67cag']
[2026-09-01T07:37:04.023+0000] {standard_task_runner.py:91} INFO - Job 10: Subtask process_new_games_and_dimensions
[2026-09-01T07:37:04.073+0000] {task_command.py:426} INFO - Running <TaskInstance: steam_analytics_daily.process_new_games_and_dimensions scheduled__2026-08-31T02:00:00+00:00 [running]> on host 5179407b2d67
[2026-09-01T07:37:04.179+0000] {taskinstance.py:2648} INFO - Exporting env vars: AIRFLOW_CTX_DAG_OWNER='data_engineer' AIRFLOW_CTX_DAG_ID='steam_analytics_daily' AIRFLOW_CTX_TASK_ID='process_new_games_and_dimensions' AIRFLOW_CTX_EXECUTION_DATE='2026-08-31T02:00:00+00:00' AIRFLOW_CTX_TRY_NUMBER='1' AIRFLOW_CTX_DAG_RUN_ID='scheduled__2026-08-31T02:00:00+00:00'
[2026-09-01T07:37:04.180+0000] {taskinstance.py:430} INFO - ::endgroup::
[2026-09-01T07:37:04.359+0000] {minio_client.py:91} INFO - Berhasil membaca 1000 record dari s3://steam-analytics/bronze/steamspy/2026-08-31/data.json
[2026-09-01T07:37:04.376+0000] {taskinstance.py:441} INFO - ::group::Post task execution logs
[2026-09-01T07:37:04.390+0000] {taskinstance.py:2905} ERROR - Task failed with exception
Traceback (most recent call last):
  File "/home/airflow/.local/lib/python3.12/site-packages/airflow/models/taskinstance.py", line 465, in _execute_task
    result = _execute_callable(context=context, **execute_callable_kwargs)
             ^^^^^^^^^^^^^^^^^^^^^^^^^^^^^^^^^^^^^^^^^^^^^^^^^^^^^^^^^^^^^
  File "/home/airflow/.local/lib/python3.12/site-packages/airflow/models/taskinstance.py", line 432, in _execute_callable
    return execute_callable(context=context, **execute_callable_kwargs)
           ^^^^^^^^^^^^^^^^^^^^^^^^^^^^^^^^^^^^^^^^^^^^^^^^^^^^^^^^^^^^
  File "/home/airflow/.local/lib/python3.12/site-packages/airflow/models/baseoperator.py", line 401, in wrapper
    return func(self, *args, **kwargs)
           ^^^^^^^^^^^^^^^^^^^^^^^^^^^
  File "/home/airflow/.local/lib/python3.12/site-packages/airflow/decorators/base.py", line 265, in execute
    return_value = super().execute(context)
                   ^^^^^^^^^^^^^^^^^^^^^^^^
  File "/home/airflow/.local/lib/python3.12/site-packages/airflow/models/baseoperator.py", line 401, in wrapper
    return func(self, *args, **kwargs)
           ^^^^^^^^^^^^^^^^^^^^^^^^^^^
  File "/home/airflow/.local/lib/python3.12/site-packages/airflow/operators/python.py", line 235, in execute
    return_value = self.execute_callable()
                   ^^^^^^^^^^^^^^^^^^^^^^^
  File "/home/airflow/.local/lib/python3.12/site-packages/airflow/operators/python.py", line 252, in execute_callable
    return self.python_callable(*self.op_args, **self.op_kwargs)
           ^^^^^^^^^^^^^^^^^^^^^^^^^^^^^^^^^^^^^^^^^^^^^^^^^^^^^
  File "/opt/airflow/dags/steam_analytics.py", line 56, in process_new_games_and_dimensions
    conn = postgres.get_connection()
           ^^^^^^^^^^^^^^^^^^^^^^^^^
  File "/opt/airflow/src/load/postgres.py", line 38, in get_connection
    return hook.get_conn()
           ^^^^^^^^^^^^^^^
  File "/home/airflow/.local/lib/python3.12/site-packages/airflow/providers/postgres/hooks/postgres.py", line 145, in get_conn
    conn = deepcopy(self.connection or self.get_connection(conn_id))
                                       ^^^^^^^^^^^^^^^^^^^^^^^^^^^^
  File "/home/airflow/.local/lib/python3.12/site-packages/airflow/hooks/base.py", line 83, in get_connection
    conn = Connection.get_connection_from_secrets(conn_id)
           ^^^^^^^^^^^^^^^^^^^^^^^^^^^^^^^^^^^^^^^^^^^^^^^
  File "/home/airflow/.local/lib/python3.12/site-packages/airflow/models/connection.py", line 519, in get_connection_from_secrets
    raise AirflowNotFoundException(f"The conn_id `{conn_id}` isn't defined")
airflow.exceptions.AirflowNotFoundException: The conn_id `postgres_warehouse` isn't defined
[2026-09-01T07:37:04.405+0000] {taskinstance.py:1206} INFO - Marking task as UP_FOR_RETRY. dag_id=steam_analytics_daily, task_id=process_new_games_and_dimensions, run_id=scheduled__2026-08-31T02:00:00+00:00, execution_date=20260831T020000, start_date=20260901T073703, end_date=20260901T073704
[2026-09-01T07:37:04.422+0000] {standard_task_runner.py:110} ERROR - Failed to execute job 10 for task process_new_games_and_dimensions (The conn_id `postgres_warehouse` isn't defined; 202)
[2026-09-01T07:37:04.437+0000] {local_task_job_runner.py:243} INFO - Task exited with return code 1
[2026-09-01T07:37:04.471+0000] {taskinstance.py:3503} INFO - 0 downstream tasks scheduled from follow-on schedule check
[2026-09-01T07:37:04.473+0000] {local_task_job_runner.py:222} INFO - ::endgroup::
[2026-09-01T15:19:35.835+0000] {local_task_job_runner.py:120} INFO - ::group::Pre task execution logs
[2026-09-01T15:19:35.864+0000] {taskinstance.py:2076} INFO - Dependencies all met for dep_context=non-requeueable deps ti=<TaskInstance: steam_analytics_daily.process_new_games_and_dimensions scheduled__2026-08-31T02:00:00+00:00 [queued]>
[2026-09-01T15:19:35.870+0000] {taskinstance.py:2076} INFO - Dependencies all met for dep_context=requeueable deps ti=<TaskInstance: steam_analytics_daily.process_new_games_and_dimensions scheduled__2026-08-31T02:00:00+00:00 [queued]>
[2026-09-01T15:19:35.870+0000] {taskinstance.py:2306} INFO - Starting attempt 1 of 2
[2026-09-01T15:19:35.880+0000] {taskinstance.py:2330} INFO - Executing <Task(_PythonDecoratedOperator): process_new_games_and_dimensions> on 2026-08-31 02:00:00+00:00
[2026-09-01T15:19:35.886+0000] {logging_mixin.py:188} WARNING - /home/***/.local/lib/python3.12/site-packages/***/task/task_runner/standard_task_runner.py:62 DeprecationWarning: This process (pid=225) is multi-threaded, use of fork() may lead to deadlocks in the child.
[2026-09-01T15:19:35.886+0000] {standard_task_runner.py:64} INFO - Started process 226 to run task
[2026-09-01T15:19:35.885+0000] {standard_task_runner.py:90} INFO - Running: ['***', 'tasks', 'run', 'steam_analytics_daily', 'process_new_games_and_dimensions', 'scheduled__2026-08-31T02:00:00+00:00', '--job-id', '4', '--raw', '--subdir', 'DAGS_FOLDER/steam_analytics.py', '--cfg-path', '/tmp/tmp2sjkjpbp']
[2026-09-01T15:19:35.887+0000] {standard_task_runner.py:91} INFO - Job 4: Subtask process_new_games_and_dimensions
[2026-09-01T15:19:35.925+0000] {task_command.py:426} INFO - Running <TaskInstance: steam_analytics_daily.process_new_games_and_dimensions scheduled__2026-08-31T02:00:00+00:00 [running]> on host 6c89f55949cb
[2026-09-01T15:19:35.994+0000] {taskinstance.py:2648} INFO - Exporting env vars: AIRFLOW_CTX_DAG_OWNER='data_engineer' AIRFLOW_CTX_DAG_ID='steam_analytics_daily' AIRFLOW_CTX_TASK_ID='process_new_games_and_dimensions' AIRFLOW_CTX_EXECUTION_DATE='2026-08-31T02:00:00+00:00' AIRFLOW_CTX_TRY_NUMBER='1' AIRFLOW_CTX_DAG_RUN_ID='scheduled__2026-08-31T02:00:00+00:00'
[2026-09-01T15:19:35.994+0000] {taskinstance.py:430} INFO - ::endgroup::
[2026-09-01T15:19:36.099+0000] {minio_client.py:91} INFO - Berhasil membaca 1000 record dari s3://steam-analytics/bronze/steamspy/2026-08-31/data.json
[2026-09-01T15:19:36.108+0000] {base.py:84} INFO - Using connection ID 'postgres_***' for task execution.
[2026-09-01T15:19:36.113+0000] {postgres.py:51} INFO - Ditemukan 0 appid yang sudah punya mapping
[2026-09-01T15:19:36.114+0000] {matching.py:62} INFO - Deteksi game baru: 1000 dari 1000 game hari ini belum punya mapping
[2026-09-01T15:19:37.893+0000] {matching.py:175} INFO - [1/1000] Counter-Strike: Global Offensive -> Counter-Strike: Global Offensive (status=exact, score=100)
[2026-09-01T15:19:38.620+0000] {matching.py:175} INFO - [2/1000] Apex Legends -> Apex Legends (status=exact, score=100)
[2026-09-01T15:19:39.328+0000] {matching.py:175} INFO - [3/1000] PUBG: BATTLEGROUNDS -> PUGB - Battlegrounds (status=high_confidence, score=94)
[2026-09-01T15:19:40.148+0000] {matching.py:175} INFO - [4/1000] Palworld -> Palworld (status=exact, score=100)
[2026-09-01T15:19:41.098+0000] {matching.py:175} INFO - [5/1000] Team Fortress 2 -> Team Fortress 2 (status=exact, score=100)
[2026-09-01T15:19:42.071+0000] {matching.py:175} INFO - [6/1000] Call of Duty: Modern Warfare II -> Call of Duty: Modern Warfare II (status=exact, score=100)
[2026-09-01T15:19:42.845+0000] {matching.py:175} INFO - [7/1000] New World: Aeternum -> Avernum 3: Ruined World (status=review, score=75)
[2026-09-01T15:19:43.708+0000] {matching.py:175} INFO - [8/1000] Black Myth: Wukong -> Black Myth: Wukong (status=exact, score=100)
[2026-09-01T15:19:44.617+0000] {matching.py:175} INFO - [9/1000] Grand Theft Auto V Legacy -> Grand Theft Auto V (status=high_confidence, score=84)
[2026-09-01T15:19:45.283+0000] {matching.py:175} INFO - [10/1000] Left 4 Dead 2 -> Left 4 Dead 2 (status=exact, score=100)
[2026-09-01T15:19:45.919+0000] {matching.py:175} INFO - [11/1000] Unturned -> Unturned (status=exact, score=100)
[2026-09-01T15:19:46.570+0000] {matching.py:175} INFO - [12/1000] Lost Ark -> Lost Ark (status=exact, score=100)
[2026-09-01T15:19:47.458+0000] {matching.py:175} INFO - [13/1000] War Thunder -> War Thunder (status=exact, score=100)
[2026-09-01T15:19:48.359+0000] {matching.py:175} INFO - [14/1000] Monster Hunter Wilds -> Monster Hunter Wilds (status=exact, score=100)
[2026-09-01T15:19:49.154+0000] {matching.py:175} INFO - [15/1000] HELLDIVERS 2 -> HELLDIVERS 2 (status=exact, score=100)
[2026-09-01T15:19:49.961+0000] {matching.py:175} INFO - [16/1000] Warframe -> Warframe (status=exact, score=100)
[2026-09-01T15:19:50.618+0000] {matching.py:175} INFO - [17/1000] ELDEN RING -> Elden Ring (status=exact, score=100)
[2026-09-01T15:19:51.308+0000] {matching.py:175} INFO - [18/1000] Terraria -> Terraria (status=exact, score=100)
[2026-09-01T15:19:52.094+0000] {matching.py:175} INFO - [19/1000] Path of Exile 2 -> Path of Exile 2 (status=exact, score=100)
[2026-09-01T15:19:53.211+0000] {matching.py:175} INFO - [20/1000] Wallpaper Engine -> Wallpaper Engine (status=exact, score=100)
[2026-09-01T15:19:53.992+0000] {matching.py:175} INFO - [21/1000] Baldur's Gate 3 -> Baldur's Gate (status=high_confidence, score=92)
[2026-09-01T15:19:54.683+0000] {matching.py:175} INFO - [22/1000] Brawlhalla -> Brawlhalla (status=exact, score=100)
[2026-09-01T15:19:55.339+0000] {matching.py:175} INFO - [23/1000] Garry's Mod -> Garry's Mod (status=exact, score=100)
[2026-09-01T15:19:56.074+0000] {matching.py:175} INFO - [24/1000] Destiny 2 -> Destiny 2 (status=exact, score=100)
[2026-09-01T15:19:56.869+0000] {matching.py:175} INFO - [25/1000] Tom Clancy's Rainbow Six Siege -> Tom Clancy's Rainbow Six Siege (status=exact, score=100)
[2026-09-01T15:19:57.509+0000] {matching.py:175} INFO - [26/1000] Rust -> Rust (status=exact, score=100)
[2026-09-01T15:19:58.300+0000] {matching.py:175} INFO - [27/1000] World of Warships -> World of Warships (status=exact, score=100)
[2026-09-01T15:19:59.028+0000] {matching.py:175} INFO - [28/1000] ARK: Survival Evolved -> ARK: Survival Evolved (status=exact, score=100)
[2026-09-01T15:19:59.807+0000] {matching.py:175} INFO - [29/1000] Stardew Valley -> Stardew Valley (status=exact, score=100)
[2026-09-01T15:20:00.702+0000] {matching.py:175} INFO - [30/1000] The Forest -> The Forest (status=exact, score=100)
[2026-09-01T15:20:01.558+0000] {matching.py:175} INFO - [31/1000] War Robots: Frontiers -> War Robots: Frontiers (status=exact, score=100)
[2026-09-01T15:20:03.844+0000] {matching.py:175} INFO - [32/1000] Path of Exile -> Path of Exile (status=exact, score=100)
[2026-09-01T15:20:04.672+0000] {matching.py:175} INFO - [33/1000] PAYDAY 2 -> PAYDAY 2 (status=exact, score=100)
[2026-09-01T15:20:05.602+0000] {matching.py:175} INFO - [34/1000] Warface: Clutch -> Warface: Breakout (status=unmatched, score=67)
[2026-09-01T15:20:06.554+0000] {matching.py:175} INFO - [35/1000] Grand Theft Auto IV: Complete Edition -> Grand Theft Auto IV: Complete Edition (status=exact, score=100)
[2026-09-01T15:20:09.737+0000] {matching.py:175} INFO - [36/1000] Last Epoch -> Last Epoch (status=exact, score=100)
[2026-09-01T15:20:10.961+0000] {matching.py:175} INFO - [37/1000] Half-Life 2: Lost Coast -> Half-Life 2: Lost Coast (status=exact, score=100)
[2026-09-01T15:20:11.763+0000] {matching.py:175} INFO - [38/1000] Cyberpunk 2077 -> Cyberpunk 2077 (status=exact, score=100)
[2026-09-01T15:20:12.444+0000] {matching.py:175} INFO - [39/1000] Dead by Daylight -> Dead by Daylight (status=exact, score=100)
[2026-09-01T15:20:13.258+0000] {matching.py:175} INFO - [40/1000] Hogwarts Legacy -> Hogwarts Legacy (status=exact, score=100)
[2026-09-01T15:20:13.965+0000] {matching.py:175} INFO - [41/1000] VRChat -> VRChat (status=exact, score=100)
[2026-09-01T15:20:14.950+0000] {matching.py:175} INFO - [42/1000] The Witcher 3: Wild Hunt - Complete Edition -> The Witcher 3 Wild Hunt - Complete Edition (status=exact, score=100)
[2026-09-01T15:20:15.571+0000] {matching.py:175} INFO - [43/1000] Among Us -> Among Us (status=exact, score=100)
[2026-09-01T15:20:16.818+0000] {matching.py:175} INFO - [44/1000] Fall Guys: Ultimate Knockout -> Fall Guys: Ultimate Knockout (status=exact, score=100)
[2026-09-01T15:20:17.504+0000] {matching.py:175} INFO - [45/1000] Borderlands 2 -> Borderlands 2 (status=exact, score=100)
[2026-09-01T15:20:18.341+0000] {matching.py:175} INFO - [46/1000] Euro Truck Simulator 2 -> Euro Truck Simulator 2 (status=exact, score=100)
[2026-09-01T15:20:19.106+0000] {matching.py:175} INFO - [47/1000] Valheim -> Valheim (status=exact, score=100)
[2026-09-01T15:20:19.861+0000] {matching.py:175} INFO - [48/1000] Phasmophobia -> Phasmophobia (status=exact, score=100)
[2026-09-01T15:20:20.585+0000] {matching.py:175} INFO - [49/1000] Paladins -> Paladins (status=exact, score=100)
[2026-09-01T15:20:21.556+0000] {matching.py:175} INFO - [50/1000] NARAKA: BLADEPOINT -> Naraka Bladepoint (status=exact, score=100)
[2026-09-01T15:20:22.283+0000] {matching.py:175} INFO - [51/1000] Half-Life 2: Deathmatch -> Half-Life 2: Deathmatch (status=exact, score=100)
[2026-09-01T15:20:22.950+0000] {matching.py:175} INFO - [52/1000] Half-Life -> Half-Life (status=exact, score=100)
[2026-09-01T15:20:23.742+0000] {matching.py:175} INFO - [53/1000] Monster Hunter: World -> Monster Hunter: World (status=exact, score=100)
[2026-09-01T15:20:24.502+0000] {matching.py:175} INFO - [54/1000] Heroes & Generals -> Heroes & Generals (status=exact, score=100)
[2026-09-01T15:20:25.376+0000] {matching.py:175} INFO - [55/1000] Rocket League -> Rocket League (status=exact, score=100)
[2026-09-01T15:20:26.332+0000] {matching.py:175} INFO - [56/1000] Project Zomboid -> Project Zomboid (status=exact, score=100)
[2026-09-01T15:20:27.617+0000] {matching.py:175} INFO - [57/1000] Lethal Company -> Lethal Company (status=exact, score=100)
[2026-09-01T15:20:28.351+0000] {matching.py:175} INFO - [58/1000] Red Dead Redemption 2 -> Red Dead Redemption 2 (status=exact, score=100)
[2026-09-01T15:20:29.038+0000] {matching.py:175} INFO - [59/1000] Battlefield 2042 -> Battlefield 2042 (status=exact, score=100)
[2026-09-01T15:20:30.207+0000] {matching.py:175} INFO - [60/1000] Halo Infinite -> Halo Infinite (status=exact, score=100)
[2026-09-01T15:20:31.005+0000] {matching.py:175} INFO - [61/1000] Raft -> Raft (status=exact, score=100)
[2026-09-01T15:20:31.624+0000] {matching.py:175} INFO - [62/1000] SMITE -> SMITE (status=exact, score=100)
[2026-09-01T15:20:32.338+0000] {matching.py:175} INFO - [63/1000] World of Tanks Blitz -> World of Tanks Blitz (status=exact, score=100)
[2026-09-01T15:20:34.552+0000] {matching.py:175} INFO - [64/1000] Counter-Strike -> Counter-Strike (status=exact, score=100)
[2026-09-01T15:20:35.606+0000] {matching.py:175} INFO - [65/1000] Counter-Strike: Source -> Counter-Strike: Source (status=exact, score=100)
[2026-09-01T15:20:36.405+0000] {matching.py:175} INFO - [66/1000] Schedule I -> Schedule I (status=exact, score=100)
[2026-09-01T15:20:37.346+0000] {matching.py:175} INFO - [67/1000] Ring of Elysium -> Ring of Elysium (status=exact, score=100)
[2026-09-01T15:20:38.093+0000] {matching.py:175} INFO - [68/1000] Portal -> Portal (status=exact, score=100)
[2026-09-01T15:20:38.830+0000] {matching.py:175} INFO - [69/1000] The Sims 4 -> The Sims 4 (status=exact, score=100)
[2026-09-01T15:20:39.504+0000] {matching.py:175} INFO - [70/1000] Black Squad -> Black Squad (status=exact, score=100)
[2026-09-01T15:20:40.326+0000] {matching.py:175} INFO - [71/1000] Don't Starve Together -> Don't Starve Together (status=exact, score=100)
[2026-09-01T15:20:43.164+0000] {matching.py:175} INFO - [72/1000] Dying Light -> Dying Light (status=exact, score=100)
[2026-09-01T15:20:43.850+0000] {matching.py:175} INFO - [73/1000] Human Fall Flat -> Human: Fall Flat (status=exact, score=100)
[2026-09-01T15:20:44.737+0000] {matching.py:175} INFO - [74/1000] 7 Days to Die -> 7 Days to Die (status=exact, score=100)
[2026-09-01T15:20:45.622+0000] {matching.py:175} INFO - [75/1000] Counter-Strike: Condition Zero -> Counter-Strike: Condition Zero (status=exact, score=100)
[2026-09-01T15:20:46.532+0000] {matching.py:175} INFO - [76/1000] eFootball -> eFootball 2022 (status=high_confidence, score=78)
[2026-09-01T15:20:47.617+0000] {matching.py:175} INFO - [77/1000] Street Warriors Online -> Street Warriors Online (status=exact, score=100)
[2026-09-01T15:20:48.426+0000] {matching.py:175} INFO - [78/1000] Z1 Battle Royale -> H1Z1: Battle Royale (status=high_confidence, score=76)
[2026-09-01T15:20:49.264+0000] {matching.py:175} INFO - [79/1000] Hunt: Showdown 1896 -> Hunt: Showdown (status=high_confidence, score=84)
[2026-09-01T15:20:50.268+0000] {matching.py:175} INFO - [80/1000] Sekiro: Shadows Die Twice - GOTY Edition -> Sekiro: Shadows Die Twice (status=high_confidence, score=79)
[2026-09-01T15:20:50.979+0000] {matching.py:175} INFO - [81/1000] CyberCorp -> CyberCorp (status=exact, score=100)
[2026-09-01T15:20:51.646+0000] {matching.py:175} INFO - [82/1000] Half-Life 2 -> Half-Life 2 (status=exact, score=100)
[2026-09-01T15:20:52.353+0000] {matching.py:175} INFO - [83/1000] Arma 3 -> Arma 3 (status=exact, score=100)
[2026-09-01T15:20:53.209+0000] {matching.py:175} INFO - [84/1000] Sons Of The Forest -> Sons of the Forest (status=exact, score=100)
[2026-09-01T15:20:53.890+0000] {matching.py:175} INFO - [85/1000] Grim Dawn -> Grim Dawn (status=exact, score=100)
[2026-09-01T15:20:54.609+0000] {matching.py:175} INFO - [86/1000] Cities: Skylines -> Cities: Skylines (status=exact, score=100)
[2026-09-01T15:20:55.549+0000] {matching.py:175} INFO - [87/1000] Mount & Blade II: Bannerlord -> Mount & Blade II: Bannerlord (status=exact, score=100)
[2026-09-01T15:20:56.265+0000] {matching.py:175} INFO - [88/1000] Sid Meier's Civilization V -> Sid Meier's Civilization V (status=exact, score=100)
[2026-09-01T15:20:56.940+0000] {matching.py:175} INFO - [89/1000] Trove -> Trove (status=exact, score=100)
[2026-09-01T15:20:57.703+0000] {matching.py:175} INFO - [90/1000] Sid Meier’s Civilization VI -> Sid Meier’s Civilization VI (status=exact, score=100)
[2026-09-01T15:20:58.477+0000] {matching.py:175} INFO - [91/1000] Fallout 4 -> Fallout 4 (status=exact, score=100)
[2026-09-01T15:20:59.329+0000] {matching.py:175} INFO - [92/1000] Life is Strange 2 -> Life is Strange 2 (status=exact, score=100)
[2026-09-01T15:21:00.149+0000] {matching.py:175} INFO - [93/1000] Warhammer 40,000: Rogue Trader -> Warhammer 40,000: Rogue Trader (status=exact, score=100)
[2026-09-01T15:21:00.937+0000] {matching.py:175} INFO - [94/1000] Battlefield V -> Battlefield V (status=exact, score=100)
[2026-09-01T15:21:01.591+0000] {matching.py:175} INFO - [95/1000] R.E.P.O. -> R.E.P.O. (status=exact, score=100)
[2026-09-01T15:21:02.358+0000] {matching.py:175} INFO - [96/1000] DayZ -> DayZ (status=exact, score=100)
[2026-09-01T15:21:03.163+0000] {matching.py:175} INFO - [97/1000] Satisfactory -> Satisfactory (status=exact, score=100)
[2026-09-01T15:21:03.868+0000] {matching.py:175} INFO - [98/1000] NBA 2K20 -> NBA 2K20 (status=exact, score=100)
[2026-09-01T15:21:04.782+0000] {matching.py:175} INFO - [99/1000] Risk of Rain 2 -> Risk of Rain 2 (status=exact, score=100)
[2026-09-01T15:21:05.630+0000] {matching.py:175} INFO - [100/1000] EA SPORTS FIFA 23 -> EA SPORTS FIFA 23 (status=exact, score=100)
[2026-09-01T15:21:06.515+0000] {matching.py:175} INFO - [101/1000] Castle Crashers -> Castle Crashers (status=exact, score=100)
[2026-09-01T15:21:07.211+0000] {matching.py:175} INFO - [102/1000] PlanetSide 2 -> PlanetSide 2 (status=exact, score=100)
[2026-09-01T15:21:08.032+0000] {matching.py:175} INFO - [103/1000] The Elder Scrolls V: Skyrim -> The Elder Scrolls V: Skyrim (status=exact, score=100)
[2026-09-01T15:21:09.085+0000] {matching.py:175} INFO - [104/1000] Hearts of Iron IV -> Hearts of Iron IV (status=exact, score=100)
[2026-09-01T15:21:09.999+0000] {matching.py:175} INFO - [105/1000] The Elder Scrolls V: Skyrim Special Edition -> The Elder Scrolls V: Skyrim Special Edition (status=exact, score=100)
[2026-09-01T15:21:10.807+0000] {matching.py:175} INFO - [106/1000] Geometry Dash -> Geometry Dash (status=exact, score=100)
[2026-09-01T15:21:11.593+0000] {matching.py:175} INFO - [107/1000] MONSTER HUNTER RISE -> Monster Hunter Rise (status=exact, score=100)
[2026-09-01T15:21:13.400+0000] {matching.py:175} INFO - [108/1000] No More Room in Hell -> No More Room in Hell (status=exact, score=100)
[2026-09-01T15:21:14.371+0000] {matching.py:175} INFO - [109/1000] Tomb Raider Game of the Year -> Rise of the Tomb Raider (status=review, score=71)
[2026-09-01T15:21:15.010+0000] {matching.py:175} INFO - [110/1000] No Man's Sky -> No Man's Sky (status=exact, score=100)
[2026-09-01T15:21:20.698+0000] {matching.py:175} INFO - [111/1000] Hollow Knight -> Hollow Knight (status=exact, score=100)
[2026-09-01T15:21:21.373+0000] {matching.py:175} INFO - [112/1000] Robocraft -> Robocraft (status=exact, score=100)
[2026-09-01T15:21:22.065+0000] {matching.py:175} INFO - [113/1000] War Robots -> War Robots (status=exact, score=100)
[2026-09-01T15:21:22.754+0000] {matching.py:175} INFO - [114/1000] Resident Evil 4 -> Resident Evil 4 (status=exact, score=100)
[2026-09-01T15:21:23.539+0000] {matching.py:175} INFO - [115/1000] Deceit -> Deceit (status=exact, score=100)
[2026-09-01T15:21:24.242+0000] {matching.py:175} INFO - [116/1000] BeamNG.drive -> BeamNG.drive (status=exact, score=100)
[2026-09-01T15:21:25.048+0000] {matching.py:175} INFO - [117/1000] A Story About My Uncle -> A Story About My Uncle (status=exact, score=100)
[2026-09-01T15:21:25.864+0000] {matching.py:175} INFO - [118/1000] Subnautica -> Subnautica (status=exact, score=100)
[2026-09-01T15:21:26.768+0000] {matching.py:175} INFO - [119/1000] Counter-Strike: Condition Zero -> Counter-Strike: Condition Zero (status=exact, score=100)
[2026-09-01T15:21:27.589+0000] {matching.py:175} INFO - [120/1000] Kathy Rain -> Kathy Rain (status=exact, score=100)
[2026-09-01T15:21:28.508+0000] {matching.py:175} INFO - [121/1000] Deathmatch Classic -> Deathmatch Classic (status=exact, score=100)
[2026-09-01T15:21:29.599+0000] {matching.py:175} INFO - [122/1000] Guacamelee! Super Turbo Championship Edition -> Guacamelee! Super Turbo Championship Edition (status=exact, score=100)
[2026-09-01T15:21:30.517+0000] {matching.py:175} INFO - [123/1000] Content Warning -> Content Warning (status=exact, score=100)
[2026-09-01T15:21:31.334+0000] {matching.py:175} INFO - [124/1000] Call of Duty: Black Ops III -> Call of Duty: Black Ops III (status=exact, score=100)
[2026-09-01T15:21:32.029+0000] {matching.py:175} INFO - [125/1000] Dirty Bomb -> Dirty Bomb (status=exact, score=100)
[2026-09-01T15:21:32.941+0000] {matching.py:175} INFO - [126/1000] Sea of Thieves: 2026 Edition -> Sea of Thieves 64 - RetroJam 2021 (status=unmatched, score=69)
[2026-09-01T15:21:33.734+0000] {matching.py:175} INFO - [127/1000] Fallout: New Vegas -> Fallout: New Vegas (status=exact, score=100)
[2026-09-01T15:21:34.576+0000] {matching.py:175} INFO - [128/1000] The Binding of Isaac: Rebirth -> The Binding of Isaac: Rebirth (status=exact, score=100)
[2026-09-01T15:21:35.544+0000] {matching.py:175} INFO - [129/1000] SCP: Secret Laboratory -> SCP: Secret Laboratory (status=exact, score=100)
[2026-09-01T15:21:36.557+0000] {matching.py:175} INFO - [130/1000] Call of Duty: Modern Warfare 2 (2009) -> Call of Duty: Modern Warfare 2 (status=high_confidence, score=92)
[2026-09-01T15:21:37.447+0000] {matching.py:175} INFO - [131/1000] Black Desert -> Black Desert Online (status=high_confidence, score=77)
[2026-09-01T15:21:38.113+0000] {matching.py:175} INFO - [132/1000] ULTRAKILL -> Ultrakill (status=exact, score=100)
[2026-09-01T15:21:38.954+0000] {matching.py:175} INFO - [133/1000] Dota Underlords -> Dota Underlords (status=exact, score=100)
[2026-09-01T15:21:39.701+0000] {matching.py:175} INFO - [134/1000] It Takes Two -> It Takes Two (status=exact, score=100)
[2026-09-01T15:21:40.374+0000] {matching.py:175} INFO - [135/1000] EA SPORTS FC 24 -> EA SPORTS FC 24 (status=exact, score=100)
[2026-09-01T15:21:41.314+0000] {matching.py:175} INFO - [136/1000] Warhammer 40,000: Space Marine 2 -> Warhammer 40,000: Space Marine 2 (status=exact, score=100)
[2026-09-01T15:21:42.460+0000] {matching.py:175} INFO - [137/1000] Resident Evil 2 -> Resident Evil 2 (status=exact, score=100)
[2026-09-01T15:21:43.322+0000] {matching.py:175} INFO - [138/1000] Chivalry: Medieval Warfare -> Chivalry: Medieval Warfare (status=exact, score=100)
[2026-09-01T15:21:44.141+0000] {matching.py:175} INFO - [139/1000] The Elder Scrolls Online -> The Elder Scrolls Online (status=exact, score=100)
[2026-09-01T15:21:45.020+0000] {matching.py:175} INFO - [140/1000] Assetto Corsa -> Assetto Corsa (status=exact, score=100)
[2026-09-01T15:21:45.723+0000] {matching.py:175} INFO - [141/1000] XCOM 2 -> XCOM 2 (status=exact, score=100)
[2026-09-01T15:21:46.659+0000] {matching.py:175} INFO - [142/1000] Vampire Survivors -> Vampire Survivors (status=exact, score=100)
[2026-09-01T15:21:47.499+0000] {matching.py:175} INFO - [143/1000] MultiVersus -> MultiVersus (status=exact, score=100)
[2026-09-01T15:21:51.025+0000] {matching.py:175} INFO - [144/1000] Assassin’s Creed IV Black Flag -> Assassin’s Creed IV: Black Flag (status=exact, score=100)
[2026-09-01T15:21:52.011+0000] {matching.py:175} INFO - [145/1000] Day of Defeat -> Day of Defeat (status=exact, score=100)
[2026-09-01T15:21:52.901+0000] {matching.py:175} INFO - [146/1000] Europa Universalis IV -> Europa Universalis IV (status=exact, score=100)
[2026-09-01T15:21:53.691+0000] {matching.py:175} INFO - [147/1000] Clicker Heroes -> Clicker Heroes (status=exact, score=100)
[2026-09-01T15:21:54.714+0000] {matching.py:175} INFO - [148/1000] theHunter Classic -> theHunter (status=high_confidence, score=69)
[2026-09-01T15:21:55.422+0000] {matching.py:175} INFO - [149/1000] DOOM -> DOOM (status=exact, score=100)
[2026-09-01T15:21:56.134+0000] {matching.py:175} INFO - [150/1000] Evolve Stage 2 -> Evolve Stage 2 (status=exact, score=100)
[2026-09-01T15:21:56.875+0000] {matching.py:175} INFO - [151/1000] Crab Game -> Crab Game (status=exact, score=100)
[2026-09-01T15:21:57.656+0000] {matching.py:175} INFO - [152/1000] KurtzPel -> KurtzPel (status=exact, score=100)
[2026-09-01T15:21:58.908+0000] {matching.py:175} INFO - [153/1000] Devil May Cry 5 -> Devil May Cry 5 (status=exact, score=100)
[2026-09-01T15:21:59.787+0000] {matching.py:175} INFO - [154/1000] STAR WARS: The Old Republic -> Star Wars: The Old Republic (status=exact, score=100)
[2026-09-01T15:22:00.514+0000] {matching.py:175} INFO - [155/1000] Blender -> Blender Bros. (status=high_confidence, score=74)
[2026-09-01T15:22:01.676+0000] {matching.py:175} INFO - [156/1000] Life is Strange - Episode 1 -> Life is Strange 2 - Episode 1 (status=high_confidence, score=96)
[2026-09-01T15:22:02.400+0000] {matching.py:175} INFO - [157/1000] Forza Horizon 4 -> Forza Horizon 4 (status=exact, score=100)
[2026-09-01T15:22:03.011+0000] {matching.py:175} INFO - [158/1000] Hades -> Hades (status=exact, score=100)
[2026-09-01T15:22:03.847+0000] {matching.py:175} INFO - [159/1000] BattleBit Remastered -> BattleBit Remastered (status=exact, score=100)
[2026-09-01T15:22:04.968+0000] {matching.py:175} INFO - [160/1000] Factorio -> Factorio (status=exact, score=100)
[2026-09-01T15:22:05.760+0000] {matching.py:175} INFO - [161/1000] Age of Empires II (Retired) -> Age of Empires: The Rise of Rome (status=review, score=71)
[2026-09-01T15:22:06.788+0000] {matching.py:175} INFO - [162/1000] Company of Heroes 2 -> Company of Heroes 2 (status=exact, score=100)
[2026-09-01T15:22:07.590+0000] {matching.py:175} INFO - [163/1000] Realm Royale -> Realm Royale (status=exact, score=100)
[2026-09-01T15:22:08.315+0000] {matching.py:175} INFO - [164/1000] Total War: WARHAMMER II -> Total War: WARHAMMER II (status=exact, score=100)
[2026-09-01T15:22:08.984+0000] {matching.py:175} INFO - [165/1000] Undertale -> Undertale (status=exact, score=100)
[2026-09-01T15:22:09.885+0000] {matching.py:175} INFO - [166/1000] Halo: The Master Chief Collection -> Halo: The Master Chief Collection (status=exact, score=100)
[2026-09-01T15:22:10.787+0000] {matching.py:175} INFO - [167/1000] Slay the Spire -> Slay the Spire (status=exact, score=100)
[2026-09-01T15:22:11.471+0000] {matching.py:175} INFO - [168/1000] Dead Cells -> Dead Cells (status=exact, score=100)
[2026-09-01T15:22:12.230+0000] {matching.py:175} INFO - [169/1000] Cuphead -> Cuphead (status=exact, score=100)
[2026-09-01T15:22:13.233+0000] {matching.py:175} INFO - [170/1000] Z1 Battle Royale: Test Server -> Surviv.io - Battle Royale (status=unmatched, score=68)
[2026-09-01T15:22:13.949+0000] {matching.py:175} INFO - [171/1000] Left 4 Dead -> Left 4 Dead (status=exact, score=100)
[2026-09-01T15:22:16.491+0000] {matching.py:175} INFO - [172/1000] People Playground -> People Playground (status=exact, score=100)
[2026-09-01T15:22:17.385+0000] {matching.py:175} INFO - [173/1000] Portal 2 -> Portal 2 (status=exact, score=100)
[2026-09-01T15:22:18.035+0000] {matching.py:175} INFO - [174/1000] Forza Horizon 5 -> Forza Horizon 5 (status=exact, score=100)
[2026-09-01T15:22:18.712+0000] {matching.py:175} INFO - [175/1000] Eternal Return -> Eternal Return (status=exact, score=100)
[2026-09-01T15:22:19.376+0000] {matching.py:175} INFO - [176/1000] Half-Life 2: Episode One -> Half-Life 2: Episode One (status=exact, score=100)
[2026-09-01T15:22:20.425+0000] {matching.py:175} INFO - [177/1000] Half-Life Deathmatch: Source -> Half-Life Deathmatch: Source (status=exact, score=100)
[2026-09-01T15:22:21.201+0000] {matching.py:175} INFO - [178/1000] Total War: THREE KINGDOMS -> Total War: THREE KINGDOMS (status=exact, score=100)
[2026-09-01T15:22:22.096+0000] {matching.py:175} INFO - [179/1000] Prison Architect -> Prison Architect (status=exact, score=100)
[2026-09-01T15:22:22.828+0000] {matching.py:175} INFO - [180/1000] DOOM Eternal -> DOOM Eternal (status=exact, score=100)
[2026-09-01T15:22:23.481+0000] {matching.py:175} INFO - [181/1000] Cry of Fear -> Cry of Fear (status=exact, score=100)
[2026-09-01T15:22:24.116+0000] {matching.py:175} INFO - [182/1000] SCUM -> SCUM (status=exact, score=100)
[2026-09-01T15:22:25.138+0000] {matching.py:175} INFO - [183/1000] Splitgate: Arena Warfare -> Armored Warfare (status=unmatched, score=58)
[2026-09-01T15:22:26.146+0000] {matching.py:175} INFO - [184/1000] Stumble Guys -> Stumble Guys (status=exact, score=100)
[2026-09-01T15:22:26.779+0000] {matching.py:175} INFO - [185/1000] Neverwinter -> Neverwinter (status=exact, score=100)
[2026-09-01T15:22:27.479+0000] {matching.py:175} INFO - [186/1000] Half-Life 2: Episode Two -> Half-Life 2: Episode Two (status=exact, score=100)
[2026-09-01T15:22:28.460+0000] {matching.py:175} INFO - [187/1000] Business Tour - Board Game with Online Multiplayer -> Business Empire - Online Board Game (status=unmatched, score=67)
[2026-09-01T15:22:29.124+0000] {matching.py:175} INFO - [188/1000] Doki Doki Literature Club! -> Doki Doki Literature Club! (status=exact, score=100)
[2026-09-01T15:22:30.202+0000] {matching.py:175} INFO - [189/1000] Divinity: Original Sin 2 - Definitive Edition -> Divinity: Original Sin 2 - Definitive Edition (status=exact, score=100)
[2026-09-01T15:22:31.080+0000] {matching.py:175} INFO - [190/1000] Football Manager 2020 -> Football Manager 2020 (status=exact, score=100)
[2026-09-01T15:22:31.796+0000] {matching.py:175} INFO - [191/1000] V Rising -> V Rising (status=exact, score=100)
[2026-09-01T15:22:32.612+0000] {matching.py:175} INFO - [192/1000] Dying Light 2 Stay Human: Reloaded Edition -> Dying Light 2 Stay Human (status=high_confidence, score=74)
[2026-09-01T15:22:33.299+0000] {matching.py:175} INFO - [193/1000] Russian Fishing 4 -> Russian Fishing 4 (status=exact, score=100)
[2026-09-01T15:22:34.329+0000] {matching.py:175} INFO - [194/1000] Deep Rock Galactic -> Deep Rock Galactic (status=exact, score=100)
[2026-09-01T15:22:35.008+0000] {matching.py:175} INFO - [195/1000] RimWorld -> RimWorld (status=exact, score=100)
[2026-09-01T15:22:35.774+0000] {matching.py:175} INFO - [196/1000] Counter-Strike Nexon: Studio -> Counter-Strike Nexon: Zombies (status=review, score=79)
[2026-09-01T15:22:36.423+0000] {matching.py:175} INFO - [197/1000] The Cycle: Frontier -> The Cycle: Frontier (status=exact, score=100)
[2026-09-01T15:22:37.161+0000] {matching.py:175} INFO - [198/1000] HITMAN 2 -> Hitman 2 (status=exact, score=100)
[2026-09-01T15:22:37.808+0000] {matching.py:175} INFO - [199/1000] Titanfall 2 -> Titanfall 2 (status=exact, score=100)
[2026-09-01T15:22:38.644+0000] {matching.py:175} INFO - [200/1000] Infestation: The New Z -> Infestation: The New Z (status=exact, score=100)
[2026-09-01T15:22:39.705+0000] {matching.py:175} INFO - [201/1000] Call of Duty: Modern Warfare 2 (2009) -> Call of Duty: Modern Warfare 2 (status=high_confidence, score=92)
[2026-09-01T15:22:40.427+0000] {matching.py:175} INFO - [202/1000] Little Nightmares -> Little Nightmares (status=exact, score=100)
[2026-09-01T15:22:41.106+0000] {matching.py:175} INFO - [203/1000] EA SPORTS FC 25 -> EA SPORTS FC 25 (status=exact, score=100)
[2026-09-01T15:22:41.931+0000] {matching.py:175} INFO - [204/1000] theHunter: Call of the Wild -> theHunter: Call of the Wild (status=exact, score=100)
[2026-09-01T15:22:43.020+0000] {matching.py:175} INFO - [205/1000] Tom Clancy’s The Division -> Tom Clancy’s The Division (status=exact, score=100)
[2026-09-01T15:22:43.762+0000] {matching.py:175} INFO - [206/1000] POSTAL 2 -> POSTAL 2 (status=exact, score=100)
[2026-09-01T15:22:44.687+0000] {matching.py:175} INFO - [207/1000] Middle-earth: Shadow of Mordor -> Middle-earth: Shadow of Mordor (status=exact, score=100)
[2026-09-01T15:22:45.447+0000] {matching.py:175} INFO - [208/1000] AdVenture Capitalist -> AdVenture Capitalist (status=exact, score=100)
[2026-09-01T15:22:46.170+0000] {matching.py:175} INFO - [209/1000] Grand Theft Auto V Enhanced -> Grand Theft Auto V Enhanced (status=exact, score=100)
[2026-09-01T15:22:46.925+0000] {matching.py:175} INFO - [210/1000] Conan Exiles Enhanced -> Conan Exiles (status=high_confidence, score=73)
[2026-09-01T15:22:47.712+0000] {matching.py:175} INFO - [211/1000] DARK SOULS III -> Dark Souls III (status=exact, score=100)
[2026-09-01T15:22:48.626+0000] {matching.py:175} INFO - [212/1000] DAVE THE DIVER -> Dave the Diver (status=exact, score=100)
[2026-09-01T15:22:49.249+0000] {matching.py:175} INFO - [213/1000] FOR HONOR -> For Honor (status=exact, score=100)
[2026-09-01T15:22:49.957+0000] {matching.py:175} INFO - [214/1000] Loadout -> Loadout (status=exact, score=100)
[2026-09-01T15:22:50.688+0000] {matching.py:175} INFO - [215/1000] Mount & Blade: Warband -> Mount & Blade: Warband (status=exact, score=100)
[2026-09-01T15:22:51.427+0000] {matching.py:175} INFO - [216/1000] Call of Duty 2 -> Call of Duty 2 (status=exact, score=100)
[2026-09-01T15:22:52.162+0000] {matching.py:175} INFO - [217/1000] Grand Theft Auto IV: The Complete Edition -> Grand Theft Auto IV: Complete Edition (status=high_confidence, score=95)
[2026-09-01T15:22:52.800+0000] {matching.py:175} INFO - [218/1000] Ready or Not -> Ready or Not (status=exact, score=100)
[2026-09-01T15:22:53.842+0000] {matching.py:175} INFO - [219/1000] APB Reloaded -> APB Reloaded (status=exact, score=100)
[2026-09-01T15:22:54.472+0000] {matching.py:175} INFO - [220/1000] Stray -> Stray (status=exact, score=100)
[2026-09-01T15:22:55.185+0000] {matching.py:175} INFO - [221/1000] Saints Row IV: Re-Elected -> Saints Row IV: Re-Elected (status=exact, score=100)
[2026-09-01T15:22:55.991+0000] {matching.py:175} INFO - [222/1000] Fishing Planet -> Fishing Planet (status=exact, score=100)
[2026-09-01T15:22:56.730+0000] {matching.py:175} INFO - [223/1000] Just Cause 3 -> Just Cause 3 (status=exact, score=100)
[2026-09-01T15:22:57.508+0000] {matching.py:175} INFO - [224/1000] Braveland -> Braveland (status=exact, score=100)
[2026-09-01T15:22:58.288+0000] {matching.py:175} INFO - [225/1000] Metro 2033 Redux -> Metro 2033 Redux (status=exact, score=100)
[2026-09-01T15:22:59.113+0000] {matching.py:175} INFO - [226/1000] DCS World Steam Edition -> CROSS†CHANNEL: Steam Edition (status=unmatched, score=65)
[2026-09-01T15:22:59.842+0000] {matching.py:175} INFO - [227/1000] God of War -> God Of War (status=exact, score=100)
[2026-09-01T15:23:00.566+0000] {matching.py:175} INFO - [228/1000] Crossout -> Crossout (status=exact, score=100)
[2026-09-01T15:23:01.741+0000] {matching.py:175} INFO - [229/1000] Battlefield 1 -> Battlefield 1 (status=exact, score=100)
[2026-09-01T15:23:02.698+0000] {matching.py:175} INFO - [230/1000] Assassin's Creed Odyssey -> Assassin's Creed Odyssey (status=exact, score=100)
[2026-09-01T15:23:03.393+0000] {matching.py:175} INFO - [231/1000] Poppy Playtime -> Poppy Playtime (status=exact, score=100)
[2026-09-01T15:23:04.073+0000] {matching.py:175} INFO - [232/1000] Bloons TD 6 -> Bloons TD 6 (status=exact, score=100)
[2026-09-01T15:23:05.384+0000] {matching.py:175} INFO - [233/1000] Saints Row: The Third -> Saints Row: The Third (status=exact, score=100)
[2026-09-01T15:23:07.482+0000] {matching.py:175} INFO - [234/1000] Darkest Dungeon -> Darkest Dungeon (status=exact, score=100)
[2026-09-01T15:23:08.223+0000] {matching.py:175} INFO - [235/1000] Albion Online -> Albion Online (status=exact, score=100)
[2026-09-01T15:23:08.977+0000] {matching.py:175} INFO - [236/1000] Split Fiction -> Split Fiction (status=exact, score=100)
[2026-09-01T15:23:09.646+0000] {matching.py:175} INFO - [237/1000] Stellaris -> Stellaris (status=exact, score=100)
[2026-09-01T15:23:10.335+0000] {matching.py:175} INFO - [238/1000] Divide By Sheep -> Divide By Sheep (status=exact, score=100)
[2026-09-01T15:23:11.015+0000] {matching.py:175} INFO - [239/1000] Starbound -> Starbound (status=exact, score=100)
[2026-09-01T15:23:11.771+0000] {matching.py:175} INFO - [240/1000] Just Cause 2 -> Just Cause 2 (status=exact, score=100)
[2026-09-01T15:23:15.324+0000] {matching.py:175} INFO - [241/1000] STAR WARS Battlefront II (Classic, 2005) -> Star Wars: Battlefront II (2005) (status=high_confidence, score=88)
[2026-09-01T15:23:16.370+0000] {matching.py:175} INFO - [242/1000] Totally Accurate Battle Simulator -> Totally Accurate Battle Simulator (status=exact, score=100)
[2026-09-01T15:23:17.327+0000] {matching.py:175} INFO - [243/1000] Call of Duty: Modern Warfare 3 (2011) -> Call of Duty: Modern Warfare (2019) (status=high_confidence, score=94)
[2026-09-01T15:23:18.078+0000] {matching.py:175} INFO - [244/1000] Magicka -> Magicka (status=exact, score=100)
[2026-09-01T15:23:18.861+0000] {matching.py:175} INFO - [245/1000] FINAL FANTASY XIV Online -> Final Fantasy XIV (status=high_confidence, score=83)
[2026-09-01T15:23:19.573+0000] {matching.py:175} INFO - [246/1000] Need for Speed Heat -> Need for Speed Heat (status=exact, score=100)
[2026-09-01T15:23:20.340+0000] {matching.py:175} INFO - [247/1000] The Descendant -> The Descendant (status=exact, score=100)
[2026-09-01T15:23:21.126+0000] {matching.py:175} INFO - [248/1000] Killing Floor -> Killing Floor (status=exact, score=100)
[2026-09-01T15:23:22.297+0000] {matching.py:175} INFO - [249/1000] The Elder Scrolls IV: Oblivion Remastered -> The Elder Scrolls IV: Oblivion Remastered (status=exact, score=100)
[2026-09-01T15:23:22.813+0000] {local_task_job_runner.py:313} WARNING - State of this instance has been externally set to failed. Terminating instance.
[2026-09-01T15:23:22.814+0000] {local_task_job_runner.py:222} INFO - ::endgroup::
[2026-09-01T15:23:22.816+0000] {process_utils.py:132} INFO - Sending 15 to group 226. PIDs of all processes in the group: [226]
[2026-09-01T15:23:22.816+0000] {process_utils.py:87} INFO - Sending the signal 15 to group 226
[2026-09-01T15:23:22.817+0000] {taskinstance.py:2611} ERROR - Received SIGTERM. Terminating subprocesses.
[2026-09-01T15:23:22.818+0000] {taskinstance.py:441} INFO - ::group::Post task execution logs
[2026-09-01T15:23:22.869+0000] {process_utils.py:80} INFO - Process psutil.Process(pid=226, status='terminated', exitcode=0, started='15:19:35') (226) terminated with exit code 0
