[2026-09-16T07:45:51.099+0000] {local_task_job_runner.py:120} INFO - ::group::Pre task execution logs
[2026-09-16T07:45:51.139+0000] {taskinstance.py:2076} INFO - Dependencies all met for dep_context=non-requeueable deps ti=<TaskInstance: steam_analytics_daily.extract_steamspy_to_bronze scheduled__2026-09-15T02:00:00+00:00 [queued]>
[2026-09-16T07:45:51.149+0000] {taskinstance.py:2076} INFO - Dependencies all met for dep_context=requeueable deps ti=<TaskInstance: steam_analytics_daily.extract_steamspy_to_bronze scheduled__2026-09-15T02:00:00+00:00 [queued]>
[2026-09-16T07:45:51.149+0000] {taskinstance.py:2306} INFO - Starting attempt 1 of 2
[2026-09-16T07:45:51.169+0000] {taskinstance.py:2330} INFO - Executing <Task(_PythonDecoratedOperator): extract_steamspy_to_bronze> on 2026-09-15 02:00:00+00:00
[2026-09-16T07:45:51.178+0000] {logging_mixin.py:188} WARNING - /home/***/.local/lib/python3.12/site-packages/***/task/task_runner/standard_task_runner.py:62 DeprecationWarning: This process (pid=190) is multi-threaded, use of fork() may lead to deadlocks in the child.
[2026-09-16T07:45:51.177+0000] {standard_task_runner.py:90} INFO - Running: ['***', 'tasks', 'run', 'steam_analytics_daily', 'extract_steamspy_to_bronze', 'scheduled__2026-09-15T02:00:00+00:00', '--job-id', '94', '--raw', '--subdir', 'DAGS_FOLDER/steam_analytics.py', '--cfg-path', '/tmp/tmpodnflxbi']
[2026-09-16T07:45:51.179+0000] {standard_task_runner.py:64} INFO - Started process 191 to run task
[2026-09-16T07:45:51.180+0000] {standard_task_runner.py:91} INFO - Job 94: Subtask extract_steamspy_to_bronze
[2026-09-16T07:45:51.244+0000] {task_command.py:426} INFO - Running <TaskInstance: steam_analytics_daily.extract_steamspy_to_bronze scheduled__2026-09-15T02:00:00+00:00 [running]> on host fcb1bc3b8094
[2026-09-16T07:45:51.373+0000] {taskinstance.py:2648} INFO - Exporting env vars: AIRFLOW_CTX_DAG_OWNER='data_engineer' AIRFLOW_CTX_DAG_ID='steam_analytics_daily' AIRFLOW_CTX_TASK_ID='extract_steamspy_to_bronze' AIRFLOW_CTX_EXECUTION_DATE='2026-09-15T02:00:00+00:00' AIRFLOW_CTX_TRY_NUMBER='1' AIRFLOW_CTX_DAG_RUN_ID='scheduled__2026-09-15T02:00:00+00:00'
[2026-09-16T07:45:51.374+0000] {taskinstance.py:430} INFO - ::endgroup::
[2026-09-16T07:45:51.375+0000] {steam_analytics.py:65} INFO - Memulai extract SteamSpy untuk 2026-09-15
[2026-09-16T07:45:51.723+0000] {steam_analytics.py:71} INFO - Mengambil SteamSpy dengan 3 page (~3000 game).
[2026-09-16T07:45:52.025+0000] {steamspy.py:39} INFO - Page 0: 1000 game ditarik (top 0-999 by owners)
[2026-09-16T07:45:52.026+0000] {steamspy.py:43} INFO - Menunggu 61 detik sebelum request page berikutnya (rate limit 'all')...
[2026-09-16T07:46:53.132+0000] {steamspy.py:39} INFO - Page 1: 1000 game ditarik (top 1000-1999 by owners)
[2026-09-16T07:46:53.133+0000] {steamspy.py:43} INFO - Menunggu 61 detik sebelum request page berikutnya (rate limit 'all')...
[2026-09-16T07:47:54.240+0000] {steamspy.py:39} INFO - Page 2: 1000 game ditarik (top 2000-2999 by owners)
[2026-09-16T07:47:54.241+0000] {steamspy.py:46} INFO - Total game ditarik via pagination: 3000
[2026-09-16T07:47:54.284+0000] {minio_client.py:66} INFO - Berhasil menulis 3000 record ke s3://steam-analytics/bronze/steamspy/2026-09-15/data.json
[2026-09-16T07:47:54.285+0000] {steam_analytics.py:83} INFO - Bronze SteamSpy 2026-09-15 berhasil disimpan. Total game: 3000
[2026-09-16T07:47:54.286+0000] {python.py:237} INFO - Done. Returned value was: None
[2026-09-16T07:47:54.287+0000] {taskinstance.py:441} INFO - ::group::Post task execution logs
[2026-09-16T07:47:54.295+0000] {taskinstance.py:1206} INFO - Marking task as SUCCESS. dag_id=steam_analytics_daily, task_id=extract_steamspy_to_bronze, run_id=scheduled__2026-09-15T02:00:00+00:00, execution_date=20260915T020000, start_date=20260916T074551, end_date=20260916T074754
[2026-09-16T07:47:54.343+0000] {local_task_job_runner.py:243} INFO - Task exited with return code 0
[2026-09-16T07:47:54.363+0000] {taskinstance.py:3503} INFO - 1 downstream tasks scheduled from follow-on schedule check
[2026-09-16T07:47:54.365+0000] {local_task_job_runner.py:222} INFO - ::endgroup::
