[2026-09-01T11:36:44.085+0000] {local_task_job_runner.py:120} INFO - ::group::Pre task execution logs
[2026-09-01T11:36:44.118+0000] {taskinstance.py:2076} INFO - Dependencies all met for dep_context=non-requeueable deps ti=<TaskInstance: steam_analytics_daily.process_new_games_and_dimensions manual__2026-09-01T11:36:41.880958+00:00 [queued]>
[2026-09-01T11:36:44.127+0000] {taskinstance.py:2076} INFO - Dependencies all met for dep_context=requeueable deps ti=<TaskInstance: steam_analytics_daily.process_new_games_and_dimensions manual__2026-09-01T11:36:41.880958+00:00 [queued]>
[2026-09-01T11:36:44.128+0000] {taskinstance.py:2306} INFO - Starting attempt 1 of 2
[2026-09-01T11:36:44.141+0000] {taskinstance.py:2330} INFO - Executing <Task(_PythonDecoratedOperator): process_new_games_and_dimensions> on 2026-09-01 11:36:41.880958+00:00
[2026-09-01T11:36:44.149+0000] {logging_mixin.py:188} WARNING - /home/***/.local/lib/python3.12/site-packages/***/task/task_runner/standard_task_runner.py:62 DeprecationWarning: This process (pid=310) is multi-threaded, use of fork() may lead to deadlocks in the child.
[2026-09-01T11:36:44.148+0000] {standard_task_runner.py:90} INFO - Running: ['***', 'tasks', 'run', 'steam_analytics_daily', 'process_new_games_and_dimensions', 'manual__2026-09-01T11:36:41.880958+00:00', '--job-id', '22', '--raw', '--subdir', 'DAGS_FOLDER/steam_analytics.py', '--cfg-path', '/tmp/tmpojp_xec4']
[2026-09-01T11:36:44.150+0000] {standard_task_runner.py:64} INFO - Started process 311 to run task
[2026-09-01T11:36:44.151+0000] {standard_task_runner.py:91} INFO - Job 22: Subtask process_new_games_and_dimensions
[2026-09-01T11:36:44.192+0000] {task_command.py:426} INFO - Running <TaskInstance: steam_analytics_daily.process_new_games_and_dimensions manual__2026-09-01T11:36:41.880958+00:00 [running]> on host 8a6af1fc77fb
[2026-09-01T11:36:44.267+0000] {taskinstance.py:2648} INFO - Exporting env vars: AIRFLOW_CTX_DAG_OWNER='data_engineer' AIRFLOW_CTX_DAG_ID='steam_analytics_daily' AIRFLOW_CTX_TASK_ID='process_new_games_and_dimensions' AIRFLOW_CTX_EXECUTION_DATE='2026-09-01T11:36:41.880958+00:00' AIRFLOW_CTX_TRY_NUMBER='1' AIRFLOW_CTX_DAG_RUN_ID='manual__2026-09-01T11:36:41.880958+00:00'
[2026-09-01T11:36:44.268+0000] {taskinstance.py:430} INFO - ::endgroup::
[2026-09-01T11:36:44.382+0000] {minio_client.py:91} INFO - Berhasil membaca 1000 record dari s3://steam-analytics/bronze/steamspy/2026-09-01/data.json
[2026-09-01T11:36:44.392+0000] {base.py:84} INFO - Using connection ID 'postgres_***' for task execution.
[2026-09-01T11:36:44.408+0000] {postgres.py:51} INFO - Ditemukan 0 appid yang sudah punya mapping
[2026-09-01T11:36:44.409+0000] {matching.py:62} INFO - Deteksi game baru: 1000 dari 1000 game hari ini belum punya mapping
[2026-09-01T11:36:45.741+0000] {matching.py:175} INFO - [1/1000] Counter-Strike: Global Offensive -> Counter-Strike: Global Offensive (status=exact, score=100)
[2026-09-01T11:36:47.008+0000] {matching.py:175} INFO - [2/1000] Apex Legends -> Apex Legends (status=exact, score=100)
[2026-09-01T11:36:47.756+0000] {matching.py:175} INFO - [3/1000] PUBG: BATTLEGROUNDS -> PUGB - Battlegrounds (status=high_confidence, score=94)
[2026-09-01T11:36:48.456+0000] {matching.py:175} INFO - [4/1000] Palworld -> Palworld (status=exact, score=100)
[2026-09-01T11:36:49.222+0000] {matching.py:175} INFO - [5/1000] Team Fortress 2 -> Team Fortress 2 (status=exact, score=100)
[2026-09-01T11:36:50.091+0000] {matching.py:175} INFO - [6/1000] Call of Duty: Modern Warfare II -> Call of Duty: Modern Warfare II (status=exact, score=100)
[2026-09-01T11:36:51.061+0000] {matching.py:175} INFO - [7/1000] New World: Aeternum -> Avernum 3: Ruined World (status=review, score=75)
[2026-09-01T11:36:51.971+0000] {matching.py:175} INFO - [8/1000] Black Myth: Wukong -> Black Myth: Wukong (status=exact, score=100)
[2026-09-01T11:36:54.540+0000] {matching.py:175} INFO - [9/1000] Grand Theft Auto V Legacy -> Grand Theft Auto V (status=high_confidence, score=84)
[2026-09-01T11:36:56.293+0000] {matching.py:175} INFO - [10/1000] Left 4 Dead 2 -> Left 4 Dead 2 (status=exact, score=100)
[2026-09-01T11:36:57.009+0000] {matching.py:175} INFO - [11/1000] Unturned -> Unturned (status=exact, score=100)
[2026-09-01T11:36:58.147+0000] {matching.py:175} INFO - [12/1000] Lost Ark -> Lost Ark (status=exact, score=100)
[2026-09-01T11:36:58.796+0000] {matching.py:175} INFO - [13/1000] War Thunder -> War Thunder (status=exact, score=100)
[2026-09-01T11:36:59.744+0000] {matching.py:175} INFO - [14/1000] Monster Hunter Wilds -> Monster Hunter Wilds (status=exact, score=100)
[2026-09-01T11:37:00.507+0000] {matching.py:175} INFO - [15/1000] HELLDIVERS 2 -> HELLDIVERS 2 (status=exact, score=100)
[2026-09-01T11:37:04.927+0000] {matching.py:175} INFO - [16/1000] Warframe -> Warframe (status=exact, score=100)
[2026-09-01T11:37:06.136+0000] {matching.py:175} INFO - [17/1000] ELDEN RING -> Elden Ring (status=exact, score=100)
[2026-09-01T11:37:06.801+0000] {matching.py:175} INFO - [18/1000] Terraria -> Terraria (status=exact, score=100)
[2026-09-01T11:37:07.502+0000] {matching.py:175} INFO - [19/1000] Path of Exile 2 -> Path of Exile 2 (status=exact, score=100)
[2026-09-01T11:37:08.208+0000] {matching.py:175} INFO - [20/1000] Wallpaper Engine -> Wallpaper Engine (status=exact, score=100)
[2026-09-01T11:37:09.372+0000] {matching.py:175} INFO - [21/1000] Baldur's Gate 3 -> Baldur's Gate (status=high_confidence, score=92)
[2026-09-01T11:37:10.327+0000] {matching.py:175} INFO - [22/1000] Brawlhalla -> Brawlhalla (status=exact, score=100)
[2026-09-01T11:37:10.984+0000] {matching.py:175} INFO - [23/1000] Garry's Mod -> Garry's Mod (status=exact, score=100)
[2026-09-01T11:37:11.853+0000] {matching.py:175} INFO - [24/1000] Destiny 2 -> Destiny 2 (status=exact, score=100)
[2026-09-01T11:37:12.694+0000] {matching.py:175} INFO - [25/1000] Tom Clancy's Rainbow Six Siege -> Tom Clancy's Rainbow Six Siege (status=exact, score=100)
[2026-09-01T11:37:13.339+0000] {matching.py:175} INFO - [26/1000] Rust -> Rust (status=exact, score=100)
[2026-09-01T11:37:14.340+0000] {matching.py:175} INFO - [27/1000] World of Warships -> World of Warships (status=exact, score=100)
[2026-09-01T11:37:15.073+0000] {matching.py:175} INFO - [28/1000] ARK: Survival Evolved -> ARK: Survival Evolved (status=exact, score=100)
[2026-09-01T11:37:15.927+0000] {matching.py:175} INFO - [29/1000] Stardew Valley -> Stardew Valley (status=exact, score=100)
[2026-09-01T11:37:17.343+0000] {matching.py:175} INFO - [30/1000] The Forest -> The Forest (status=exact, score=100)
[2026-09-01T11:37:18.089+0000] {matching.py:175} INFO - [31/1000] War Robots: Frontiers -> War Robots: Frontiers (status=exact, score=100)
[2026-09-01T11:37:18.792+0000] {matching.py:175} INFO - [32/1000] Path of Exile -> Path of Exile (status=exact, score=100)
[2026-09-01T11:37:19.503+0000] {matching.py:175} INFO - [33/1000] PAYDAY 2 -> PAYDAY 2 (status=exact, score=100)
[2026-09-01T11:37:24.066+0000] {matching.py:175} INFO - [34/1000] Warface: Clutch -> Warface: Breakout (status=unmatched, score=67)
[2026-09-01T11:37:30.397+0000] {matching.py:175} INFO - [35/1000] Grand Theft Auto IV: Complete Edition -> Grand Theft Auto IV: Complete Edition (status=exact, score=100)
[2026-09-01T11:37:31.899+0000] {matching.py:175} INFO - [36/1000] Last Epoch -> Last Epoch (status=exact, score=100)
[2026-09-01T11:37:36.239+0000] {matching.py:175} INFO - [37/1000] Half-Life 2: Lost Coast -> Half-Life 2: Lost Coast (status=exact, score=100)
[2026-09-01T11:37:37.354+0000] {matching.py:175} INFO - [38/1000] Cyberpunk 2077 -> Cyberpunk 2077 (status=exact, score=100)
[2026-09-01T11:37:38.044+0000] {matching.py:175} INFO - [39/1000] Dead by Daylight -> Dead by Daylight (status=exact, score=100)
[2026-09-01T11:37:39.283+0000] {matching.py:175} INFO - [40/1000] Hogwarts Legacy -> Hogwarts Legacy (status=exact, score=100)
[2026-09-01T11:37:40.335+0000] {matching.py:175} INFO - [41/1000] VRChat -> VRChat (status=exact, score=100)
[2026-09-01T11:37:41.441+0000] {matching.py:175} INFO - [42/1000] The Witcher 3: Wild Hunt - Complete Edition -> The Witcher 3 Wild Hunt - Complete Edition (status=exact, score=100)
[2026-09-01T11:37:42.053+0000] {matching.py:175} INFO - [43/1000] Among Us -> Among Us (status=exact, score=100)
[2026-09-01T11:37:42.794+0000] {matching.py:175} INFO - [44/1000] Fall Guys: Ultimate Knockout -> Fall Guys: Ultimate Knockout (status=exact, score=100)
[2026-09-01T11:37:43.543+0000] {matching.py:175} INFO - [45/1000] Borderlands 2 -> Borderlands 2 (status=exact, score=100)
[2026-09-01T11:37:44.951+0000] {matching.py:175} INFO - [46/1000] Euro Truck Simulator 2 -> Euro Truck Simulator 2 (status=exact, score=100)
[2026-09-01T11:37:45.736+0000] {matching.py:175} INFO - [47/1000] Valheim -> Valheim (status=exact, score=100)
[2026-09-01T11:37:46.529+0000] {matching.py:175} INFO - [48/1000] Phasmophobia -> Phasmophobia (status=exact, score=100)
[2026-09-01T11:37:47.529+0000] {matching.py:175} INFO - [49/1000] Paladins -> Paladins (status=exact, score=100)
[2026-09-01T11:37:48.501+0000] {matching.py:175} INFO - [50/1000] NARAKA: BLADEPOINT -> Naraka Bladepoint (status=exact, score=100)
[2026-09-01T11:37:49.736+0000] {matching.py:175} INFO - [51/1000] Half-Life 2: Deathmatch -> Half-Life 2: Deathmatch (status=exact, score=100)
[2026-09-01T11:37:50.579+0000] {matching.py:175} INFO - [52/1000] Half-Life -> Half-Life (status=exact, score=100)
[2026-09-01T11:37:51.515+0000] {matching.py:175} INFO - [53/1000] Monster Hunter: World -> Monster Hunter: World (status=exact, score=100)
[2026-09-01T11:37:52.349+0000] {matching.py:175} INFO - [54/1000] Heroes & Generals -> Heroes & Generals (status=exact, score=100)
[2026-09-01T11:37:53.106+0000] {matching.py:175} INFO - [55/1000] Rocket League -> Rocket League (status=exact, score=100)
[2026-09-01T11:37:54.106+0000] {matching.py:175} INFO - [56/1000] Project Zomboid -> Project Zomboid (status=exact, score=100)
[2026-09-01T11:37:54.960+0000] {matching.py:175} INFO - [57/1000] Lethal Company -> Lethal Company (status=exact, score=100)
[2026-09-01T11:37:55.854+0000] {matching.py:175} INFO - [58/1000] Red Dead Redemption 2 -> Red Dead Redemption 2 (status=exact, score=100)
[2026-09-01T11:37:56.610+0000] {matching.py:175} INFO - [59/1000] Battlefield 2042 -> Battlefield 2042 (status=exact, score=100)
[2026-09-01T11:37:57.418+0000] {matching.py:175} INFO - [60/1000] Halo Infinite -> Halo Infinite (status=exact, score=100)
[2026-09-01T11:37:58.204+0000] {matching.py:175} INFO - [61/1000] Raft -> Raft (status=exact, score=100)
[2026-09-01T11:37:59.335+0000] {matching.py:175} INFO - [62/1000] SMITE -> SMITE (status=exact, score=100)
[2026-09-01T11:38:00.237+0000] {matching.py:175} INFO - [63/1000] World of Tanks Blitz -> World of Tanks Blitz (status=exact, score=100)
[2026-09-01T11:38:01.535+0000] {matching.py:175} INFO - [64/1000] Counter-Strike -> Counter-Strike (status=exact, score=100)
[2026-09-01T11:38:02.329+0000] {matching.py:175} INFO - [65/1000] Counter-Strike: Source -> Counter-Strike: Source (status=exact, score=100)
[2026-09-01T11:38:03.013+0000] {matching.py:175} INFO - [66/1000] Schedule I -> Schedule I (status=exact, score=100)
[2026-09-01T11:38:04.226+0000] {matching.py:175} INFO - [67/1000] Ring of Elysium -> Ring of Elysium (status=exact, score=100)
[2026-09-01T11:38:10.158+0000] {matching.py:175} INFO - [68/1000] Portal -> Portal (status=exact, score=100)
[2026-09-01T11:38:11.343+0000] {matching.py:175} INFO - [69/1000] The Sims 4 -> The Sims 4 (status=exact, score=100)
[2026-09-01T11:38:12.181+0000] {matching.py:175} INFO - [70/1000] Black Squad -> Black Squad (status=exact, score=100)
[2026-09-01T11:38:13.111+0000] {matching.py:175} INFO - [71/1000] Don't Starve Together -> Don't Starve Together (status=exact, score=100)
[2026-09-01T11:38:14.153+0000] {matching.py:175} INFO - [72/1000] Dying Light -> Dying Light (status=exact, score=100)
[2026-09-01T11:38:14.817+0000] {matching.py:175} INFO - [73/1000] Human Fall Flat -> Human: Fall Flat (status=exact, score=100)
[2026-09-01T11:38:15.559+0000] {matching.py:175} INFO - [74/1000] 7 Days to Die -> 7 Days to Die (status=exact, score=100)
[2026-09-01T11:38:16.573+0000] {matching.py:175} INFO - [75/1000] Counter-Strike: Condition Zero -> Counter-Strike: Condition Zero (status=exact, score=100)
[2026-09-01T11:38:17.409+0000] {matching.py:175} INFO - [76/1000] eFootball -> eFootball 2022 (status=high_confidence, score=78)
[2026-09-01T11:38:18.238+0000] {matching.py:175} INFO - [77/1000] Street Warriors Online -> Street Warriors Online (status=exact, score=100)
[2026-09-01T11:38:18.967+0000] {matching.py:175} INFO - [78/1000] Z1 Battle Royale -> H1Z1: Battle Royale (status=high_confidence, score=76)
[2026-09-01T11:38:20.368+0000] {matching.py:175} INFO - [79/1000] Hunt: Showdown 1896 -> Hunt: Showdown (status=high_confidence, score=84)
[2026-09-01T11:38:21.434+0000] {matching.py:175} INFO - [80/1000] Sekiro: Shadows Die Twice - GOTY Edition -> Sekiro: Shadows Die Twice (status=high_confidence, score=79)
[2026-09-01T11:38:22.062+0000] {matching.py:175} INFO - [81/1000] CyberCorp -> CyberCorp (status=exact, score=100)
[2026-09-01T11:38:22.812+0000] {matching.py:175} INFO - [82/1000] Half-Life 2 -> Half-Life 2 (status=exact, score=100)
[2026-09-01T11:38:23.451+0000] {matching.py:175} INFO - [83/1000] Arma 3 -> Arma 3 (status=exact, score=100)
[2026-09-01T11:38:24.188+0000] {matching.py:175} INFO - [84/1000] Sons Of The Forest -> Sons of the Forest (status=exact, score=100)
[2026-09-01T11:38:24.850+0000] {matching.py:175} INFO - [85/1000] Grim Dawn -> Grim Dawn (status=exact, score=100)
[2026-09-01T11:38:25.908+0000] {matching.py:175} INFO - [86/1000] Cities: Skylines -> Cities: Skylines (status=exact, score=100)
[2026-09-01T11:38:26.831+0000] {matching.py:175} INFO - [87/1000] Mount & Blade II: Bannerlord -> Mount & Blade II: Bannerlord (status=exact, score=100)
[2026-09-01T11:38:27.571+0000] {matching.py:175} INFO - [88/1000] Sid Meier's Civilization V -> Sid Meier's Civilization V (status=exact, score=100)
[2026-09-01T11:38:28.199+0000] {matching.py:175} INFO - [89/1000] Trove -> Trove (status=exact, score=100)
[2026-09-01T11:38:28.896+0000] {matching.py:175} INFO - [90/1000] Sid Meier’s Civilization VI -> Sid Meier’s Civilization VI (status=exact, score=100)
[2026-09-01T11:38:29.651+0000] {matching.py:175} INFO - [91/1000] Fallout 4 -> Fallout 4 (status=exact, score=100)
[2026-09-01T11:38:30.695+0000] {matching.py:175} INFO - [92/1000] Life is Strange 2 -> Life is Strange 2 (status=exact, score=100)
[2026-09-01T11:38:33.899+0000] {matching.py:175} INFO - [93/1000] Warhammer 40,000: Rogue Trader -> Warhammer 40,000: Rogue Trader (status=exact, score=100)
[2026-09-01T11:38:35.025+0000] {matching.py:175} INFO - [94/1000] Battlefield V -> Battlefield V (status=exact, score=100)
[2026-09-01T11:38:35.696+0000] {matching.py:175} INFO - [95/1000] R.E.P.O. -> R.E.P.O. (status=exact, score=100)
[2026-09-01T11:38:36.445+0000] {matching.py:175} INFO - [96/1000] DayZ -> DayZ (status=exact, score=100)
[2026-09-01T11:38:37.217+0000] {matching.py:175} INFO - [97/1000] Satisfactory -> Satisfactory (status=exact, score=100)
[2026-09-01T11:38:37.894+0000] {matching.py:175} INFO - [98/1000] NBA 2K20 -> NBA 2K20 (status=exact, score=100)
[2026-09-01T11:38:42.030+0000] {matching.py:175} INFO - [99/1000] Risk of Rain 2 -> Risk of Rain 2 (status=exact, score=100)
[2026-09-01T11:38:43.599+0000] {matching.py:175} INFO - [100/1000] EA SPORTS FIFA 23 -> EA SPORTS FIFA 23 (status=exact, score=100)
[2026-09-01T11:38:44.322+0000] {matching.py:175} INFO - [101/1000] Castle Crashers -> Castle Crashers (status=exact, score=100)
[2026-09-01T11:38:45.126+0000] {matching.py:175} INFO - [102/1000] PlanetSide 2 -> PlanetSide 2 (status=exact, score=100)
[2026-09-01T11:38:45.998+0000] {matching.py:175} INFO - [103/1000] The Elder Scrolls V: Skyrim -> The Elder Scrolls V: Skyrim (status=exact, score=100)
[2026-09-01T11:38:46.805+0000] {matching.py:175} INFO - [104/1000] Hearts of Iron IV -> Hearts of Iron IV (status=exact, score=100)
[2026-09-01T11:38:47.697+0000] {matching.py:175} INFO - [105/1000] The Elder Scrolls V: Skyrim Special Edition -> The Elder Scrolls V: Skyrim Special Edition (status=exact, score=100)
[2026-09-01T11:38:48.500+0000] {matching.py:175} INFO - [106/1000] Geometry Dash -> Geometry Dash (status=exact, score=100)
[2026-09-01T11:38:49.263+0000] {matching.py:175} INFO - [107/1000] MONSTER HUNTER RISE -> Monster Hunter Rise (status=exact, score=100)
[2026-09-01T11:38:50.111+0000] {matching.py:175} INFO - [108/1000] No More Room in Hell -> No More Room in Hell (status=exact, score=100)
[2026-09-01T11:38:51.493+0000] {matching.py:175} INFO - [109/1000] Tomb Raider Game of the Year -> Rise of the Tomb Raider (status=review, score=71)
[2026-09-01T11:38:52.105+0000] {matching.py:175} INFO - [110/1000] No Man's Sky -> No Man's Sky (status=exact, score=100)
[2026-09-01T11:38:53.646+0000] {matching.py:175} INFO - [111/1000] Hollow Knight -> Hollow Knight (status=exact, score=100)
[2026-09-01T11:38:54.468+0000] {matching.py:175} INFO - [112/1000] Robocraft -> Robocraft (status=exact, score=100)
[2026-09-01T11:38:55.160+0000] {matching.py:175} INFO - [113/1000] War Robots -> War Robots (status=exact, score=100)
[2026-09-01T11:38:56.035+0000] {matching.py:175} INFO - [114/1000] Resident Evil 4 -> Resident Evil 4 (status=exact, score=100)
[2026-09-01T11:38:56.844+0000] {matching.py:175} INFO - [115/1000] Deceit -> Deceit (status=exact, score=100)
[2026-09-01T11:38:57.833+0000] {matching.py:175} INFO - [116/1000] BeamNG.drive -> BeamNG.drive (status=exact, score=100)
[2026-09-01T11:38:58.715+0000] {matching.py:175} INFO - [117/1000] A Story About My Uncle -> A Story About My Uncle (status=exact, score=100)
[2026-09-01T11:38:59.392+0000] {matching.py:175} INFO - [118/1000] Subnautica -> Subnautica (status=exact, score=100)
[2026-09-01T11:39:00.562+0000] {matching.py:175} INFO - [119/1000] Counter-Strike: Condition Zero -> Counter-Strike: Condition Zero (status=exact, score=100)
[2026-09-01T11:39:01.332+0000] {matching.py:175} INFO - [120/1000] Kathy Rain -> Kathy Rain (status=exact, score=100)
[2026-09-01T11:39:02.175+0000] {matching.py:175} INFO - [121/1000] Deathmatch Classic -> Deathmatch Classic (status=exact, score=100)
[2026-09-01T11:39:03.130+0000] {matching.py:175} INFO - [122/1000] Guacamelee! Super Turbo Championship Edition -> Guacamelee! Super Turbo Championship Edition (status=exact, score=100)
[2026-09-01T11:39:04.313+0000] {matching.py:175} INFO - [123/1000] Content Warning -> Content Warning (status=exact, score=100)
[2026-09-01T11:39:05.073+0000] {matching.py:175} INFO - [124/1000] Call of Duty: Black Ops III -> Call of Duty: Black Ops III (status=exact, score=100)
[2026-09-01T11:39:05.767+0000] {matching.py:175} INFO - [125/1000] Dirty Bomb -> Dirty Bomb (status=exact, score=100)
[2026-09-01T11:39:07.183+0000] {matching.py:175} INFO - [126/1000] Sea of Thieves: 2026 Edition -> Sea of Thieves 64 - RetroJam 2021 (status=unmatched, score=69)
[2026-09-01T11:39:07.878+0000] {matching.py:175} INFO - [127/1000] Fallout: New Vegas -> Fallout: New Vegas (status=exact, score=100)
[2026-09-01T11:39:09.016+0000] {matching.py:175} INFO - [128/1000] The Binding of Isaac: Rebirth -> The Binding of Isaac: Rebirth (status=exact, score=100)
[2026-09-01T11:39:09.772+0000] {matching.py:175} INFO - [129/1000] SCP: Secret Laboratory -> SCP: Secret Laboratory (status=exact, score=100)
[2026-09-01T11:39:16.117+0000] {matching.py:175} INFO - [130/1000] Call of Duty: Modern Warfare 2 (2009) -> Call of Duty: Modern Warfare 2 (status=high_confidence, score=92)
[2026-09-01T11:39:17.128+0000] {matching.py:175} INFO - [131/1000] Black Desert -> Black Desert Online (status=high_confidence, score=77)
[2026-09-01T11:39:17.800+0000] {matching.py:175} INFO - [132/1000] ULTRAKILL -> Ultrakill (status=exact, score=100)
[2026-09-01T11:39:18.493+0000] {matching.py:175} INFO - [133/1000] Dota Underlords -> Dota Underlords (status=exact, score=100)
[2026-09-01T11:39:19.763+0000] {matching.py:175} INFO - [134/1000] It Takes Two -> It Takes Two (status=exact, score=100)
[2026-09-01T11:39:20.450+0000] {matching.py:175} INFO - [135/1000] EA SPORTS FC 24 -> EA SPORTS FC 24 (status=exact, score=100)
[2026-09-01T11:39:21.335+0000] {matching.py:175} INFO - [136/1000] Warhammer 40,000: Space Marine 2 -> Warhammer 40,000: Space Marine 2 (status=exact, score=100)
[2026-09-01T11:39:22.055+0000] {matching.py:175} INFO - [137/1000] Resident Evil 2 -> Resident Evil 2 (status=exact, score=100)
[2026-09-01T11:39:22.910+0000] {matching.py:175} INFO - [138/1000] Chivalry: Medieval Warfare -> Chivalry: Medieval Warfare (status=exact, score=100)
[2026-09-01T11:39:23.801+0000] {matching.py:175} INFO - [139/1000] The Elder Scrolls Online -> The Elder Scrolls Online (status=exact, score=100)
[2026-09-01T11:39:24.579+0000] {matching.py:175} INFO - [140/1000] Assetto Corsa -> Assetto Corsa (status=exact, score=100)
[2026-09-01T11:39:25.239+0000] {matching.py:175} INFO - [141/1000] XCOM 2 -> XCOM 2 (status=exact, score=100)
[2026-09-01T11:39:26.154+0000] {matching.py:175} INFO - [142/1000] Vampire Survivors -> Vampire Survivors (status=exact, score=100)
[2026-09-01T11:39:26.907+0000] {matching.py:175} INFO - [143/1000] MultiVersus -> MultiVersus (status=exact, score=100)
[2026-09-01T11:39:27.705+0000] {matching.py:175} INFO - [144/1000] Assassin’s Creed IV Black Flag -> Assassin’s Creed IV: Black Flag (status=exact, score=100)
[2026-09-01T11:39:28.428+0000] {matching.py:175} INFO - [145/1000] Day of Defeat -> Day of Defeat (status=exact, score=100)
[2026-09-01T11:39:29.170+0000] {matching.py:175} INFO - [146/1000] Europa Universalis IV -> Europa Universalis IV (status=exact, score=100)
[2026-09-01T11:39:29.976+0000] {matching.py:175} INFO - [147/1000] Clicker Heroes -> Clicker Heroes (status=exact, score=100)
[2026-09-01T11:39:32.113+0000] {matching.py:175} INFO - [148/1000] theHunter Classic -> theHunter (status=high_confidence, score=69)
[2026-09-01T11:39:33.053+0000] {matching.py:175} INFO - [149/1000] DOOM -> DOOM (status=exact, score=100)
[2026-09-01T11:39:33.785+0000] {matching.py:175} INFO - [150/1000] Evolve Stage 2 -> Evolve Stage 2 (status=exact, score=100)
[2026-09-01T11:39:34.794+0000] {matching.py:175} INFO - [151/1000] Crab Game -> Crab Game (status=exact, score=100)
[2026-09-01T11:39:35.457+0000] {matching.py:175} INFO - [152/1000] KurtzPel -> KurtzPel (status=exact, score=100)
[2026-09-01T11:39:36.353+0000] {matching.py:175} INFO - [153/1000] Devil May Cry 5 -> Devil May Cry 5 (status=exact, score=100)
[2026-09-01T11:39:37.153+0000] {matching.py:175} INFO - [154/1000] STAR WARS: The Old Republic -> Star Wars: The Old Republic (status=exact, score=100)
[2026-09-01T11:39:38.125+0000] {matching.py:175} INFO - [155/1000] Blender -> Blender Bros. (status=high_confidence, score=74)
[2026-09-01T11:39:39.097+0000] {matching.py:175} INFO - [156/1000] Life is Strange - Episode 1 -> Life is Strange 2 - Episode 1 (status=high_confidence, score=96)
[2026-09-01T11:39:39.785+0000] {matching.py:175} INFO - [157/1000] Forza Horizon 4 -> Forza Horizon 4 (status=exact, score=100)
[2026-09-01T11:39:40.385+0000] {matching.py:175} INFO - [158/1000] Hades -> Hades (status=exact, score=100)
[2026-09-01T11:39:41.134+0000] {matching.py:175} INFO - [159/1000] BattleBit Remastered -> BattleBit Remastered (status=exact, score=100)
[2026-09-01T11:39:42.000+0000] {matching.py:175} INFO - [160/1000] Factorio -> Factorio (status=exact, score=100)
[2026-09-01T11:39:42.793+0000] {matching.py:175} INFO - [161/1000] Age of Empires II (Retired) -> Age of Empires: The Rise of Rome (status=review, score=71)
[2026-09-01T11:39:43.564+0000] {matching.py:175} INFO - [162/1000] Company of Heroes 2 -> Company of Heroes 2 (status=exact, score=100)
[2026-09-01T11:39:44.233+0000] {matching.py:175} INFO - [163/1000] Realm Royale -> Realm Royale (status=exact, score=100)
[2026-09-01T11:39:44.978+0000] {matching.py:175} INFO - [164/1000] Total War: WARHAMMER II -> Total War: WARHAMMER II (status=exact, score=100)
[2026-09-01T11:39:45.790+0000] {matching.py:175} INFO - [165/1000] Undertale -> Undertale (status=exact, score=100)
[2026-09-01T11:39:49.078+0000] {matching.py:175} INFO - [166/1000] Halo: The Master Chief Collection -> Halo: The Master Chief Collection (status=exact, score=100)
[2026-09-01T11:39:49.763+0000] {matching.py:175} INFO - [167/1000] Slay the Spire -> Slay the Spire (status=exact, score=100)
[2026-09-01T11:39:50.429+0000] {matching.py:175} INFO - [168/1000] Dead Cells -> Dead Cells (status=exact, score=100)
[2026-09-01T11:39:51.068+0000] {matching.py:175} INFO - [169/1000] Cuphead -> Cuphead (status=exact, score=100)
[2026-09-01T11:39:52.082+0000] {matching.py:175} INFO - [170/1000] Z1 Battle Royale: Test Server -> Surviv.io - Battle Royale (status=unmatched, score=68)
[2026-09-01T11:39:52.957+0000] {matching.py:175} INFO - [171/1000] Left 4 Dead -> Left 4 Dead (status=exact, score=100)
[2026-09-01T11:39:54.029+0000] {matching.py:175} INFO - [172/1000] People Playground -> People Playground (status=exact, score=100)
[2026-09-01T11:39:54.712+0000] {matching.py:175} INFO - [173/1000] Portal 2 -> Portal 2 (status=exact, score=100)
[2026-09-01T11:39:55.540+0000] {matching.py:175} INFO - [174/1000] Forza Horizon 5 -> Forza Horizon 5 (status=exact, score=100)
[2026-09-01T11:39:56.681+0000] {matching.py:175} INFO - [175/1000] Eternal Return -> Eternal Return (status=exact, score=100)
[2026-09-01T11:39:57.526+0000] {matching.py:175} INFO - [176/1000] Half-Life 2: Episode One -> Half-Life 2: Episode One (status=exact, score=100)
[2026-09-01T11:39:58.296+0000] {matching.py:175} INFO - [177/1000] Half-Life Deathmatch: Source -> Half-Life Deathmatch: Source (status=exact, score=100)
[2026-09-01T11:39:59.199+0000] {matching.py:175} INFO - [178/1000] Total War: THREE KINGDOMS -> Total War: THREE KINGDOMS (status=exact, score=100)
[2026-09-01T11:40:00.043+0000] {matching.py:175} INFO - [179/1000] Prison Architect -> Prison Architect (status=exact, score=100)
[2026-09-01T11:40:01.217+0000] {matching.py:175} INFO - [180/1000] DOOM Eternal -> DOOM Eternal (status=exact, score=100)
[2026-09-01T11:40:02.025+0000] {matching.py:175} INFO - [181/1000] Cry of Fear -> Cry of Fear (status=exact, score=100)
[2026-09-01T11:40:02.718+0000] {matching.py:175} INFO - [182/1000] SCUM -> SCUM (status=exact, score=100)
[2026-09-01T11:40:03.512+0000] {matching.py:175} INFO - [183/1000] Splitgate: Arena Warfare -> Armored Warfare (status=unmatched, score=58)
[2026-09-01T11:40:04.553+0000] {matching.py:175} INFO - [184/1000] Stumble Guys -> Stumble Guys (status=exact, score=100)
[2026-09-01T11:40:05.346+0000] {matching.py:175} INFO - [185/1000] Neverwinter -> Neverwinter (status=exact, score=100)
[2026-09-01T11:40:06.204+0000] {matching.py:175} INFO - [186/1000] Half-Life 2: Episode Two -> Half-Life 2: Episode Two (status=exact, score=100)
[2026-09-01T11:40:07.177+0000] {matching.py:175} INFO - [187/1000] Business Tour - Board Game with Online Multiplayer -> Business Empire - Online Board Game (status=unmatched, score=67)
[2026-09-01T11:40:07.915+0000] {matching.py:175} INFO - [188/1000] Doki Doki Literature Club! -> Doki Doki Literature Club! (status=exact, score=100)
[2026-09-01T11:40:08.874+0000] {matching.py:175} INFO - [189/1000] Divinity: Original Sin 2 - Definitive Edition -> Divinity: Original Sin 2 - Definitive Edition (status=exact, score=100)
[2026-09-01T11:40:09.733+0000] {matching.py:175} INFO - [190/1000] Football Manager 2020 -> Football Manager 2020 (status=exact, score=100)
[2026-09-01T11:40:10.400+0000] {matching.py:175} INFO - [191/1000] V Rising -> V Rising (status=exact, score=100)
[2026-09-01T11:40:11.420+0000] {matching.py:175} INFO - [192/1000] Dying Light 2 Stay Human: Reloaded Edition -> Dying Light 2 Stay Human (status=high_confidence, score=74)
[2026-09-01T11:40:12.177+0000] {matching.py:175} INFO - [193/1000] Russian Fishing 4 -> Russian Fishing 4 (status=exact, score=100)
[2026-09-01T11:40:12.984+0000] {matching.py:175} INFO - [194/1000] Deep Rock Galactic -> Deep Rock Galactic (status=exact, score=100)
[2026-09-01T11:40:14.026+0000] {matching.py:175} INFO - [195/1000] RimWorld -> RimWorld (status=exact, score=100)
[2026-09-01T11:40:15.063+0000] {matching.py:175} INFO - [196/1000] Counter-Strike Nexon: Studio -> Counter-Strike Nexon: Zombies (status=review, score=79)
[2026-09-01T11:40:15.798+0000] {matching.py:175} INFO - [197/1000] The Cycle: Frontier -> The Cycle: Frontier (status=exact, score=100)
[2026-09-01T11:40:16.611+0000] {matching.py:175} INFO - [198/1000] HITMAN 2 -> Hitman 2 (status=exact, score=100)
[2026-09-01T11:40:17.360+0000] {matching.py:175} INFO - [199/1000] Titanfall 2 -> Titanfall 2 (status=exact, score=100)
[2026-09-01T11:40:18.315+0000] {matching.py:175} INFO - [200/1000] Infestation: The New Z -> Infestation: The New Z (status=exact, score=100)
[2026-09-01T11:40:19.403+0000] {matching.py:175} INFO - [201/1000] Call of Duty: Modern Warfare 2 (2009) -> Call of Duty: Modern Warfare 2 (status=high_confidence, score=92)
[2026-09-01T11:40:20.103+0000] {matching.py:175} INFO - [202/1000] Little Nightmares -> Little Nightmares (status=exact, score=100)
[2026-09-01T11:40:20.791+0000] {matching.py:175} INFO - [203/1000] EA SPORTS FC 25 -> EA SPORTS FC 25 (status=exact, score=100)
[2026-09-01T11:40:21.643+0000] {matching.py:175} INFO - [204/1000] theHunter: Call of the Wild -> theHunter: Call of the Wild (status=exact, score=100)
[2026-09-01T11:40:22.453+0000] {matching.py:175} INFO - [205/1000] Tom Clancy’s The Division -> Tom Clancy’s The Division (status=exact, score=100)
[2026-09-01T11:40:23.371+0000] {matching.py:175} INFO - [206/1000] POSTAL 2 -> POSTAL 2 (status=exact, score=100)
[2026-09-01T11:40:24.155+0000] {matching.py:175} INFO - [207/1000] Middle-earth: Shadow of Mordor -> Middle-earth: Shadow of Mordor (status=exact, score=100)
[2026-09-01T11:40:24.789+0000] {matching.py:175} INFO - [208/1000] AdVenture Capitalist -> AdVenture Capitalist (status=exact, score=100)
[2026-09-01T11:40:25.619+0000] {matching.py:175} INFO - [209/1000] Grand Theft Auto V Enhanced -> Grand Theft Auto V Enhanced (status=exact, score=100)
[2026-09-01T11:40:26.284+0000] {matching.py:175} INFO - [210/1000] Conan Exiles Enhanced -> Conan Exiles (status=high_confidence, score=73)
[2026-09-01T11:40:27.165+0000] {matching.py:175} INFO - [211/1000] DARK SOULS III -> Dark Souls III (status=exact, score=100)
[2026-09-01T11:40:27.948+0000] {matching.py:175} INFO - [212/1000] DAVE THE DIVER -> Dave the Diver (status=exact, score=100)
[2026-09-01T11:40:28.932+0000] {matching.py:175} INFO - [213/1000] FOR HONOR -> For Honor (status=exact, score=100)
[2026-09-01T11:40:30.250+0000] {matching.py:175} INFO - [214/1000] Loadout -> Loadout (status=exact, score=100)
[2026-09-01T11:40:31.087+0000] {matching.py:175} INFO - [215/1000] Mount & Blade: Warband -> Mount & Blade: Warband (status=exact, score=100)
[2026-09-01T11:40:31.768+0000] {matching.py:175} INFO - [216/1000] Call of Duty 2 -> Call of Duty 2 (status=exact, score=100)
[2026-09-01T11:40:32.965+0000] {matching.py:175} INFO - [217/1000] Grand Theft Auto IV: The Complete Edition -> Grand Theft Auto IV: Complete Edition (status=high_confidence, score=95)
[2026-09-01T11:40:33.682+0000] {matching.py:175} INFO - [218/1000] Ready or Not -> Ready or Not (status=exact, score=100)
[2026-09-01T11:40:34.371+0000] {matching.py:175} INFO - [219/1000] APB Reloaded -> APB Reloaded (status=exact, score=100)
[2026-09-01T11:40:35.104+0000] {matching.py:175} INFO - [220/1000] Stray -> Stray (status=exact, score=100)
[2026-09-01T11:40:35.890+0000] {matching.py:175} INFO - [221/1000] Saints Row IV: Re-Elected -> Saints Row IV: Re-Elected (status=exact, score=100)
[2026-09-01T11:40:36.658+0000] {matching.py:175} INFO - [222/1000] Fishing Planet -> Fishing Planet (status=exact, score=100)
[2026-09-01T11:40:45.166+0000] {matching.py:175} INFO - [223/1000] Just Cause 3 -> Just Cause 3 (status=exact, score=100)
[2026-09-01T11:40:46.391+0000] {matching.py:175} INFO - [224/1000] Braveland -> Braveland (status=exact, score=100)
[2026-09-01T11:40:47.148+0000] {matching.py:175} INFO - [225/1000] Metro 2033 Redux -> Metro 2033 Redux (status=exact, score=100)
[2026-09-01T11:40:48.371+0000] {matching.py:175} INFO - [226/1000] DCS World Steam Edition -> CROSS†CHANNEL: Steam Edition (status=unmatched, score=65)
[2026-09-01T11:40:48.997+0000] {matching.py:175} INFO - [227/1000] God of War -> God Of War (status=exact, score=100)
[2026-09-01T11:40:49.858+0000] {matching.py:175} INFO - [228/1000] Crossout -> Crossout (status=exact, score=100)
[2026-09-01T11:40:50.702+0000] {matching.py:175} INFO - [229/1000] Battlefield 1 -> Battlefield 1 (status=exact, score=100)
[2026-09-01T11:40:51.665+0000] {matching.py:175} INFO - [230/1000] Assassin's Creed Odyssey -> Assassin's Creed Odyssey (status=exact, score=100)
[2026-09-01T11:40:52.396+0000] {matching.py:175} INFO - [231/1000] Poppy Playtime -> Poppy Playtime (status=exact, score=100)
[2026-09-01T11:40:53.063+0000] {matching.py:175} INFO - [232/1000] Bloons TD 6 -> Bloons TD 6 (status=exact, score=100)
[2026-09-01T11:40:53.836+0000] {matching.py:175} INFO - [233/1000] Saints Row: The Third -> Saints Row: The Third (status=exact, score=100)
[2026-09-01T11:40:54.829+0000] {matching.py:175} INFO - [234/1000] Darkest Dungeon -> Darkest Dungeon (status=exact, score=100)
[2026-09-01T11:40:55.667+0000] {matching.py:175} INFO - [235/1000] Albion Online -> Albion Online (status=exact, score=100)
[2026-09-01T11:40:56.335+0000] {matching.py:175} INFO - [236/1000] Split Fiction -> Split Fiction (status=exact, score=100)
[2026-09-01T11:40:57.014+0000] {matching.py:175} INFO - [237/1000] Stellaris -> Stellaris (status=exact, score=100)
[2026-09-01T11:40:57.920+0000] {matching.py:175} INFO - [238/1000] Divide By Sheep -> Divide By Sheep (status=exact, score=100)
[2026-09-01T11:40:58.958+0000] {matching.py:175} INFO - [239/1000] Starbound -> Starbound (status=exact, score=100)
[2026-09-01T11:40:59.672+0000] {matching.py:175} INFO - [240/1000] Just Cause 2 -> Just Cause 2 (status=exact, score=100)
[2026-09-01T11:41:00.511+0000] {matching.py:175} INFO - [241/1000] STAR WARS Battlefront II (Classic, 2005) -> Star Wars: Battlefront II (2005) (status=high_confidence, score=88)
[2026-09-01T11:41:01.402+0000] {matching.py:175} INFO - [242/1000] Totally Accurate Battle Simulator -> Totally Accurate Battle Simulator (status=exact, score=100)
[2026-09-01T11:41:02.519+0000] {matching.py:175} INFO - [243/1000] Call of Duty: Modern Warfare 3 (2011) -> Call of Duty: Modern Warfare (2019) (status=high_confidence, score=94)
[2026-09-01T11:41:03.448+0000] {matching.py:175} INFO - [244/1000] Magicka -> Magicka (status=exact, score=100)
[2026-09-01T11:41:04.220+0000] {matching.py:175} INFO - [245/1000] FINAL FANTASY XIV Online -> Final Fantasy XIV (status=high_confidence, score=83)
[2026-09-01T11:41:05.094+0000] {matching.py:175} INFO - [246/1000] Need for Speed Heat -> Need for Speed Heat (status=exact, score=100)
[2026-09-01T11:41:06.084+0000] {matching.py:175} INFO - [247/1000] The Descendant -> The Descendant (status=exact, score=100)
[2026-09-01T11:41:06.739+0000] {matching.py:175} INFO - [248/1000] Killing Floor -> Killing Floor (status=exact, score=100)
[2026-09-01T11:41:07.624+0000] {matching.py:175} INFO - [249/1000] The Elder Scrolls IV: Oblivion Remastered -> The Elder Scrolls IV: Oblivion Remastered (status=exact, score=100)
[2026-09-01T11:41:08.319+0000] {matching.py:175} INFO - [250/1000] Frostpunk -> Frostpunk (status=exact, score=100)
[2026-09-01T11:41:09.163+0000] {matching.py:175} INFO - [251/1000] Starfield -> Starfield (status=exact, score=100)
[2026-09-01T11:41:15.059+0000] {matching.py:175} INFO - [252/1000] Age of Empires II: Definitive Edition -> Age of Empires II: Definitive Edition (status=exact, score=100)
[2026-09-01T11:41:16.179+0000] {matching.py:175} INFO - [253/1000] Alien Swarm -> Alien Swarm (status=exact, score=100)
[2026-09-01T11:41:17.114+0000] {matching.py:175} INFO - [254/1000] Amnesia: The Dark Descent -> Amnesia: The Dark Descent (status=exact, score=100)
[2026-09-01T11:41:17.897+0000] {matching.py:175} INFO - [255/1000] DISTRAINT: Deluxe Edition -> Distraint: Deluxe Edition (status=exact, score=100)
[2026-09-01T11:41:18.920+0000] {matching.py:175} INFO - [256/1000] The Witcher 2: Assassins of Kings Enhanced Edition -> The Witcher 2: Assassins of Kings Enhanced Edition (status=exact, score=100)
[2026-09-01T11:41:19.818+0000] {matching.py:175} INFO - [257/1000] FTL: Faster Than Light -> FTL: Faster Than Light (status=exact, score=100)
[2026-09-01T11:41:20.588+0000] {matching.py:175} INFO - [258/1000] Battlerite -> Battlerite (status=exact, score=100)
[2026-09-01T11:41:21.307+0000] {matching.py:175} INFO - [259/1000] Tabletop Simulator -> Tabletop Simulator (status=exact, score=100)
[2026-09-01T11:41:22.075+0000] {matching.py:175} INFO - [260/1000] Enter the Gungeon -> Enter the Gungeon (status=exact, score=100)
[2026-09-01T11:41:22.843+0000] {matching.py:175} INFO - [261/1000] Survarium -> Survarium (status=exact, score=100)
[2026-09-01T11:41:23.810+0000] {matching.py:175} INFO - [262/1000] Hades II -> Hades II (status=exact, score=100)
[2026-09-01T11:41:24.602+0000] {matching.py:175} INFO - [263/1000] Crosshair X -> MLB 10: The Show (status=unmatched, score=23)
[2026-09-01T11:41:25.504+0000] {matching.py:175} INFO - [264/1000] Resident Evil Village -> Resident Evil: Village (status=exact, score=100)
[2026-09-01T11:41:26.200+0000] {matching.py:175} INFO - [265/1000] House Flipper -> House Flipper (status=exact, score=100)
[2026-09-01T11:41:26.944+0000] {matching.py:175} INFO - [266/1000] STAR WARS Jedi: Fallen Order -> Star Wars Jedi: Fallen Order (status=exact, score=100)
[2026-09-01T11:41:27.710+0000] {matching.py:175} INFO - [267/1000] Call of Duty: Black Ops II -> Call of Duty: Black Ops II (status=exact, score=100)
[2026-09-01T11:41:28.497+0000] {matching.py:175} INFO - [268/1000] INSIDE -> INSIDE (status=exact, score=100)
[2026-09-01T11:41:30.027+0000] {matching.py:175} INFO - [269/1000] Plants vs. Zombies GOTY Edition -> Plants vs. Zombies GOTY Edition (status=exact, score=100)
[2026-09-01T11:41:30.900+0000] {matching.py:175} INFO - [270/1000] Party Animals -> Party Animals (status=exact, score=100)
[2026-09-01T11:41:31.842+0000] {matching.py:175} INFO - [271/1000] Arma 2: Operation Arrowhead -> ArmA II: Operation Arrowhead (status=high_confidence, score=91)
[2026-09-01T11:41:32.925+0000] {matching.py:175} INFO - [272/1000] The Lord of the Rings Online -> The Lord of the Rings Online (status=exact, score=100)
[2026-09-01T11:41:33.533+0000] {matching.py:175} INFO - [273/1000] Oxygen Not Included -> Oxygen Not Included (status=exact, score=100)
[2026-09-01T11:41:34.191+0000] {matching.py:175} INFO - [274/1000] Beat Saber -> Beat Saber (status=exact, score=100)
[2026-09-01T11:41:34.923+0000] {matching.py:175} INFO - [275/1000] Detroit: Become Human -> Detroit: Become Human (status=exact, score=100)
[2026-09-01T11:41:36.003+0000] {matching.py:175} INFO - [276/1000] Marvel’s Spider-Man Remastered -> Marvel's Spider-Man Remastered (status=exact, score=100)
[2026-09-01T11:41:36.726+0000] {matching.py:175} INFO - [277/1000] Dishonored -> Dishonored (status=exact, score=100)
[2026-09-01T11:41:37.631+0000] {matching.py:175} INFO - [278/1000] PAYDAY The Heist -> PAYDAY The Heist (status=exact, score=100)
[2026-09-01T11:41:38.466+0000] {matching.py:175} INFO - [279/1000] FIFA 22 -> FIFA 22 (status=exact, score=100)
[2026-09-01T11:41:39.450+0000] {matching.py:175} INFO - [280/1000] Ultimate Custom Night -> Ultimate Custom Night (status=exact, score=100)
[2026-09-01T11:41:40.150+0000] {matching.py:175} INFO - [281/1000] Grounded -> Grounded (status=exact, score=100)
[2026-09-01T11:41:40.912+0000] {matching.py:175} INFO - [282/1000] Middle-earth: Shadow of War -> Middle-earth: Shadow of War (status=exact, score=100)
[2026-09-01T11:41:42.795+0000] {matching.py:175} INFO - [283/1000] Broforce -> Broforce (status=exact, score=100)
[2026-09-01T11:41:43.396+0000] {matching.py:175} INFO - [284/1000] Mad Max -> Mad Max (status=exact, score=100)
[2026-09-01T11:41:44.154+0000] {matching.py:175} INFO - [285/1000] EVE Online -> EVE Online (status=exact, score=100)
[2026-09-01T11:41:44.816+0000] {matching.py:175} INFO - [286/1000] Far Cry 5 -> Far Cry 5 (status=exact, score=100)
[2026-09-01T11:41:45.634+0000] {matching.py:175} INFO - [287/1000] BioShock -> BioShock (status=exact, score=100)
[2026-09-01T11:41:46.692+0000] {matching.py:175} INFO - [288/1000] Vampire: The Masquerade - Bloodhunt -> Vampire: The Masquerade - Bloodhunt (status=exact, score=100)
[2026-09-01T11:41:47.453+0000] {matching.py:175} INFO - [289/1000] American Truck Simulator -> American Truck Simulator (status=exact, score=100)
[2026-09-01T11:41:49.339+0000] {matching.py:175} INFO - [290/1000] Enshrouded -> Enshrouded (status=exact, score=100)
[2026-09-01T11:41:55.277+0000] {matching.py:175} INFO - [291/1000] Yu-Gi-Oh! Duel Links -> Yu-Gi-Oh! Duel Links (status=exact, score=100)
[2026-09-01T11:41:56.325+0000] {matching.py:175} INFO - [292/1000] Borderlands 3 -> Borderlands 3 (status=exact, score=100)
[2026-09-01T11:41:57.114+0000] {matching.py:175} INFO - [293/1000] Grand Theft Auto: San Andreas -> Grand Theft Auto: San Andreas (status=exact, score=100)
[2026-09-01T11:41:57.794+0000] {matching.py:175} INFO - [294/1000] HITMAN -> Hitman (status=exact, score=100)
[2026-09-01T11:41:58.582+0000] {matching.py:175} INFO - [295/1000] Stick Fight: The Game -> Stick Fight: The Game (status=exact, score=100)
[2026-09-01T11:41:59.287+0000] {matching.py:175} INFO - [296/1000] CRSED: F.O.A.D. -> CRSED (status=high_confidence, score=67)
[2026-09-01T11:42:00.324+0000] {matching.py:175} INFO - [297/1000] Kingdom Two Crowns -> Kingdom: Two Crowns (status=exact, score=100)
[2026-09-01T11:42:01.267+0000] {matching.py:175} INFO - [298/1000] Mirror 2: Project X -> Mirror 2: Project X (status=exact, score=100)
[2026-09-01T11:42:02.267+0000] {matching.py:175} INFO - [299/1000] Batman: Arkham Knight -> Batman: Arkham Knight (status=exact, score=100)
[2026-09-01T11:42:02.914+0000] {matching.py:175} INFO - [300/1000] LIMBO -> Limbo (status=exact, score=100)
[2026-09-01T11:42:03.687+0000] {matching.py:175} INFO - [301/1000] Balatro -> Balatro (status=exact, score=100)
[2026-09-01T11:42:04.268+0000] {matching.py:175} INFO - [302/1000] Far Cry 4 -> Far Cry 4 (status=exact, score=100)
[2026-09-01T11:42:04.995+0000] {matching.py:175} INFO - [303/1000] Call of Duty: Black Ops -> Call of Duty: Black Ops (status=exact, score=100)
[2026-09-01T11:42:05.726+0000] {matching.py:175} INFO - [304/1000] Torchlight II -> Torchlight II (status=exact, score=100)
[2026-09-01T11:42:06.466+0000] {matching.py:175} INFO - [305/1000] Crusader Kings II -> Crusader Kings II (status=exact, score=100)
[2026-09-01T11:42:07.257+0000] {matching.py:175} INFO - [306/1000] Clair Obscur: Expedition 33 -> Clair Obscur: Expedition 33 (status=exact, score=100)
[2026-09-01T11:42:08.149+0000] {matching.py:175} INFO - [307/1000] Space Engineers -> Space Engineers (status=exact, score=100)
[2026-09-01T11:42:09.094+0000] {matching.py:175} INFO - [308/1000] Dyson Sphere Program -> Dyson Sphere Program (status=exact, score=100)
[2026-09-01T11:42:09.938+0000] {matching.py:175} INFO - [309/1000] Supermarket Together -> Supermarket Together (status=exact, score=100)
[2026-09-01T11:42:10.917+0000] {matching.py:175} INFO - [310/1000] Total War: SHOGUN 2 -> Total War: SHOGUN 2 (status=exact, score=100)
[2026-09-01T11:42:11.813+0000] {matching.py:175} INFO - [311/1000] TEKKEN 7 -> TEKKEN 7 (status=exact, score=100)
[2026-09-01T11:42:12.609+0000] {matching.py:175} INFO - [312/1000] Call of Duty: World at War -> Call of Duty: World at War (status=exact, score=100)
[2026-09-01T11:42:13.318+0000] {matching.py:175} INFO - [313/1000] Days Gone -> Days Gone (status=exact, score=100)
[2026-09-01T11:42:16.459+0000] {matching.py:175} INFO - [314/1000] Borderlands: The Pre-Sequel -> Borderlands: The Pre-Sequel (status=exact, score=100)
[2026-09-01T11:42:17.650+0000] {matching.py:175} INFO - [315/1000] Kerbal Space Program -> Kerbal Space Program (status=exact, score=100)
[2026-09-01T11:42:18.515+0000] {matching.py:175} INFO - [316/1000] Total War: WARHAMMER III -> Total War: WARHAMMER III (status=exact, score=100)
[2026-09-01T11:42:19.215+0000] {matching.py:175} INFO - [317/1000] Fistful of Frags -> Fistful of Frags (status=exact, score=100)
[2026-09-01T11:42:19.965+0000] {matching.py:175} INFO - [318/1000] Hotline Miami -> Hotline Miami (status=exact, score=100)
[2026-09-01T11:42:20.769+0000] {matching.py:175} INFO - [319/1000] The Expendabros -> The Expendabros (status=exact, score=100)
[2026-09-01T11:42:21.731+0000] {matching.py:175} INFO - [320/1000] Rising Storm 2: Vietnam -> Rising Storm 2: VIETNAM (status=exact, score=100)
[2026-09-01T11:42:29.048+0000] {matching.py:175} INFO - [321/1000] RaceRoom Racing Experience -> RaceRoom Racing Experience (status=exact, score=100)
[2026-09-01T11:42:30.753+0000] {matching.py:175} INFO - [322/1000] Last Man Standing -> Last Man Standing (status=exact, score=100)
[2026-09-01T11:42:32.009+0000] {matching.py:175} INFO - [323/1000] The Witcher: Enhanced Edition Director's Cut -> The Witcher: Enhanced Edition Director's Cut (status=exact, score=100)
[2026-09-01T11:42:32.945+0000] {matching.py:175} INFO - [324/1000] Warhammer: Vermintide 2 -> Warhammer: Vermintide 2 (status=exact, score=100)
[2026-09-01T11:42:33.677+0000] {matching.py:175} INFO - [325/1000] Ori and the Will of the Wisps -> Ori and the Will of the Wisps (status=exact, score=100)
[2026-09-01T11:42:34.551+0000] {matching.py:175} INFO - [326/1000] Elite Dangerous -> Elite Dangerous (status=exact, score=100)
[2026-09-01T11:42:35.393+0000] {matching.py:175} INFO - [327/1000] Total War: ROME II - Emperor Edition -> Total War: ROME II - Emperor Edition (status=exact, score=100)
[2026-09-01T11:42:36.129+0000] {matching.py:175} INFO - [328/1000] Saints Row 2 -> Saints Row 2 (status=exact, score=100)
[2026-09-01T11:42:36.925+0000] {matching.py:175} INFO - [329/1000] Skullgirls 2nd Encore -> Skullgirls 2nd Encore (status=exact, score=100)
[2026-09-01T11:42:37.743+0000] {matching.py:175} INFO - [330/1000] The Walking Dead -> The Walking Dead (status=exact, score=100)
[2026-09-01T11:42:38.787+0000] {matching.py:175} INFO - [331/1000] Red Orchestra 2: Heroes of Stalingrad with Rising Storm -> Red Orchestra 2: Heroes of Stalingrad with Rising Storm (status=exact, score=100)
[2026-09-01T11:42:39.523+0000] {matching.py:175} INFO - [332/1000] Gang Beasts -> Gang Beasts (status=exact, score=100)
[2026-09-01T11:42:40.255+0000] {matching.py:175} INFO - [333/1000] Killing Floor 2 -> Killing Floor 2 (status=exact, score=100)
[2026-09-01T11:42:41.143+0000] {matching.py:175} INFO - [334/1000] Call of Duty: Modern Warfare 3 (2011) -> Call of Duty: Modern Warfare (2019) (status=high_confidence, score=94)
[2026-09-01T11:42:41.847+0000] {matching.py:175} INFO - [335/1000] Century: Age of Ashes -> Century: Age of Ashes (status=exact, score=100)
[2026-09-01T11:42:42.820+0000] {matching.py:175} INFO - [336/1000] Kingdom Come: Deliverance II -> Kingdom Come: Deliverance II (status=exact, score=100)
[2026-09-01T11:42:43.557+0000] {matching.py:175} INFO - [337/1000] Watch_Dogs 2 -> Watch Dogs 2 (status=unmatched, score=61)
[2026-09-01T11:42:44.264+0000] {matching.py:175} INFO - [338/1000] XCOM: Enemy Unknown -> XCOM: Enemy Unknown (status=exact, score=100)
[2026-09-01T11:42:44.990+0000] {matching.py:175} INFO - [339/1000] ASTRONEER -> Astroneer (status=exact, score=100)
[2026-09-01T11:42:46.005+0000] {matching.py:175} INFO - [340/1000] Arma 2 -> ArmA II (status=unmatched, score=62)
[2026-09-01T11:42:46.758+0000] {matching.py:175} INFO - [341/1000] Guns of Icarus Online -> Guns of Icarus Online (status=exact, score=100)
[2026-09-01T11:42:47.702+0000] {matching.py:175} INFO - [342/1000] Mortal Kombat X -> Mortal Kombat X (status=exact, score=100)
[2026-09-01T11:42:48.372+0000] {matching.py:175} INFO - [343/1000] Transformice -> Transformice (status=exact, score=100)
[2026-09-01T11:42:49.599+0000] {matching.py:175} INFO - [344/1000] Dishonored 2 -> Dishonored 2 (status=exact, score=100)
[2026-09-01T11:42:50.680+0000] {matching.py:175} INFO - [345/1000] Spiral Knights -> Spiral Knights (status=exact, score=100)
[2026-09-01T11:42:51.484+0000] {matching.py:175} INFO - [346/1000] Helltaker -> Helltaker (status=exact, score=100)
[2026-09-01T11:42:52.586+0000] {matching.py:175} INFO - [347/1000] METAL GEAR SOLID V: THE PHANTOM PAIN -> Metal Gear Solid V: The Phantom Pain (status=exact, score=100)
[2026-09-01T11:42:53.588+0000] {matching.py:175} INFO - [348/1000] Tom Clancy's Ghost Recon Wildlands -> Tom Clancy's Ghost Recon Wildlands (status=exact, score=100)
[2026-09-01T11:42:54.380+0000] {matching.py:175} INFO - [349/1000] Don't Starve -> Don't Starve (status=exact, score=100)
[2026-09-01T11:43:00.295+0000] {matching.py:175} INFO - [350/1000] The Tiny Bang Story -> The Tiny Bang Story (status=exact, score=100)
[2026-09-01T11:43:01.295+0000] {matching.py:175} INFO - [351/1000] Trine 2: Complete Story -> Trine 2: Complete Story (status=exact, score=100)
[2026-09-01T11:43:02.474+0000] {matching.py:175} INFO - [352/1000] Pummel Party -> Pummel Party (status=exact, score=100)
[2026-09-01T11:43:03.156+0000] {matching.py:175} INFO - [353/1000] Scrap Mechanic -> Scrap Mechanic (status=exact, score=100)
[2026-09-01T11:43:03.841+0000] {matching.py:175} INFO - [354/1000] Hell Let Loose -> Hell Let Loose (status=exact, score=100)
[2026-09-01T11:43:04.571+0000] {matching.py:175} INFO - [355/1000] BioShock Remastered -> BioShock Remastered (status=exact, score=100)
[2026-09-01T11:43:05.433+0000] {matching.py:175} INFO - [356/1000] Resident Evil 7 Biohazard -> Resident Evil 7: Biohazard (status=exact, score=100)
[2026-09-01T11:43:06.324+0000] {matching.py:175} INFO - [357/1000] Mafia II (Classic) -> Mafia II (status=high_confidence, score=67)
[2026-09-01T11:43:07.226+0000] {matching.py:175} INFO - [358/1000] Cookie Clicker -> Cookie Clicker (status=exact, score=100)
[2026-09-01T11:43:08.178+0000] {matching.py:175} INFO - [359/1000] Kingdom Come: Deliverance -> Kingdom Come: Deliverance (status=exact, score=100)
[2026-09-01T11:43:09.002+0000] {matching.py:175} INFO - [360/1000] Hotline Miami 2: Wrong Number -> Hotline Miami 2: Wrong Number (status=exact, score=100)
[2026-09-01T11:43:09.797+0000] {matching.py:175} INFO - [361/1000] POSTAL -> POSTAL (status=exact, score=100)
[2026-09-01T11:43:10.569+0000] {matching.py:175} INFO - [362/1000] Manor Lords -> Manor Lords (status=exact, score=100)
[2026-09-01T11:43:11.384+0000] {matching.py:175} INFO - [363/1000] Minimalism -> Minimalism (status=exact, score=100)
[2026-09-01T11:43:12.090+0000] {matching.py:175} INFO - [364/1000] Assassin's Creed Unity -> Assassin's Creed Unity (status=exact, score=100)
[2026-09-01T11:43:12.798+0000] {matching.py:175} INFO - [365/1000] Mirror's Edge -> Mirror's Edge (status=exact, score=100)
[2026-09-01T11:43:13.811+0000] {matching.py:175} INFO - [366/1000] Company of Heroes - Legacy Edition -> Company of Heroes: Eastern Front (status=review, score=70)
[2026-09-01T11:43:14.537+0000] {matching.py:175} INFO - [367/1000] Gray Zone Warfare -> Gray Zone Warfare (status=exact, score=100)
[2026-09-01T11:43:15.359+0000] {matching.py:175} INFO - [368/1000] Shadow Warrior -> Shadow Warrior (status=exact, score=100)
[2026-09-01T11:43:17.290+0000] {matching.py:175} INFO - [369/1000] Wolfenstein: Youngblood -> Wolfenstein: Youngblood (status=exact, score=100)
[2026-09-01T11:43:18.236+0000] {matching.py:175} INFO - [370/1000] Mortal Kombat 11 -> Mortal Kombat 11 (status=exact, score=100)
[2026-09-01T11:43:19.142+0000] {matching.py:175} INFO - [371/1000] Call of Duty: Black Ops II -> Call of Duty: Black Ops II (status=exact, score=100)
[2026-09-01T11:43:19.903+0000] {matching.py:175} INFO - [372/1000] Codename CURE -> Codename CURE (status=exact, score=100)
[2026-09-01T11:43:20.646+0000] {matching.py:175} INFO - [373/1000] DRAGON BALL FighterZ -> DRAGON BALL FighterZ (status=exact, score=100)
[2026-09-01T11:43:21.730+0000] {matching.py:175} INFO - [374/1000] Fallout 76 -> Fallout 76 (status=exact, score=100)
[2026-09-01T11:43:26.154+0000] {matching.py:175} INFO - [375/1000] Block N Load -> Block N Load (status=exact, score=100)
[2026-09-01T11:43:27.010+0000] {matching.py:175} INFO - [376/1000] South Park: The Stick of Truth -> South Park: The Stick of Truth (status=exact, score=100)
[2026-09-01T11:43:27.715+0000] {matching.py:175} INFO - [377/1000] World of Guns: Gun Disassembly -> World of Guns: Gun Disassembly (status=exact, score=100)
[2026-09-01T11:43:28.444+0000] {matching.py:175} INFO - [378/1000] Defiance -> Defiance (status=exact, score=100)
[2026-09-01T11:43:29.305+0000] {matching.py:175} INFO - [379/1000] Kingdom: Classic -> Kingdom: Classic (status=exact, score=100)
[2026-09-01T11:43:29.994+0000] {matching.py:175} INFO - [380/1000] Liar's Bar -> Liar's Bar (status=exact, score=100)
[2026-09-01T11:43:30.864+0000] {matching.py:175} INFO - [381/1000] DARK SOULS II: Scholar of the First Sin -> Dark Souls II: Scholar of the First Sin (status=exact, score=100)
[2026-09-01T11:43:31.567+0000] {matching.py:175} INFO - [382/1000] Kenshi -> Kenshi (status=exact, score=100)
[2026-09-01T11:43:32.312+0000] {matching.py:175} INFO - [383/1000] Getting Over It with Bennett Foddy -> Getting Over It with Bennett Foddy (status=exact, score=100)
[2026-09-01T11:43:33.217+0000] {matching.py:175} INFO - [384/1000] Layers of Fear (2016) -> Layers of Fear (2023) (status=high_confidence, score=89)
[2026-09-01T11:43:34.540+0000] {matching.py:175} INFO - [385/1000] The Scroll of Taiwu : Beyond The Dome -> The Behind -- The Beyond (status=unmatched, score=54)
[2026-09-01T11:43:35.517+0000] {matching.py:175} INFO - [386/1000] Outlast -> Outlast (status=exact, score=100)
[2026-09-01T11:43:36.302+0000] {matching.py:175} INFO - [387/1000] This War of Mine -> This War of Mine (status=exact, score=100)
[2026-09-01T11:43:37.052+0000] {matching.py:175} INFO - [388/1000] Metro Exodus -> Metro Exodus (status=exact, score=100)
[2026-09-01T11:43:37.798+0000] {matching.py:175} INFO - [389/1000] Crusader Kings III -> Crusader Kings III (status=exact, score=100)
[2026-09-01T11:43:38.547+0000] {matching.py:175} INFO - [390/1000] Chained Together -> Chained Together (status=exact, score=100)
[2026-09-01T11:43:39.231+0000] {matching.py:175} INFO - [391/1000] Goat Simulator -> Goat Simulator (status=exact, score=100)
[2026-09-01T11:43:40.495+0000] {matching.py:175} INFO - [392/1000] Alien: Isolation -> Alien: Isolation (status=exact, score=100)
[2026-09-01T11:43:41.167+0000] {matching.py:175} INFO - [393/1000] Black Mesa -> Black Mesa (status=exact, score=100)
[2026-09-01T11:43:42.027+0000] {matching.py:175} INFO - [394/1000] Friday the 13th: The Game -> Friday the 13th: The Game (status=exact, score=100)
[2026-09-01T11:43:43.817+0000] {matching.py:175} INFO - [395/1000] Remnant: From the Ashes -> Remnant: From the Ashes (status=exact, score=100)
[2026-09-01T11:43:44.636+0000] {matching.py:175} INFO - [396/1000] Fallout Shelter -> Fallout Shelter (status=exact, score=100)
[2026-09-01T11:43:45.366+0000] {matching.py:175} INFO - [397/1000] Escape the Backrooms -> Escape the Backrooms (status=exact, score=100)
[2026-09-01T11:43:46.675+0000] {matching.py:175} INFO - [398/1000] Hitman: Absolution -> Hitman: Absolution (status=exact, score=100)
[2026-09-01T11:43:47.639+0000] {matching.py:175} INFO - [399/1000] Grand Theft Auto III -> Grand Theft Auto III (status=exact, score=100)
[2026-09-01T11:43:52.565+0000] {matching.py:175} INFO - [400/1000] Conqueror's Blade -> Conqueror's Blade (status=exact, score=100)
[2026-09-01T11:43:53.780+0000] {matching.py:175} INFO - [401/1000] Phantasy Star Online 2 -> Phantasy Star Online 2 (status=exact, score=100)
[2026-09-01T11:43:54.446+0000] {matching.py:175} INFO - [402/1000] Brotato -> Brotato (status=exact, score=100)
[2026-09-01T11:43:55.201+0000] {matching.py:175} INFO - [403/1000] BattleBlock Theater -> BattleBlock Theater (status=exact, score=100)
[2026-09-01T11:43:56.219+0000] {matching.py:175} INFO - [404/1000] Fallout: A Post Nuclear Role Playing Game -> Colony Ship: A Post-Earth Role Playing Game (status=unmatched, score=67)
[2026-09-01T11:43:57.198+0000] {matching.py:175} INFO - [405/1000] Granblue Fantasy: Relink -> Granblue Fantasy: Relink (status=exact, score=100)
[2026-09-01T11:43:58.028+0000] {matching.py:175} INFO - [406/1000] Dungeon Defenders -> Dungeon Defenders (status=exact, score=100)
[2026-09-01T11:43:58.999+0000] {matching.py:175} INFO - [407/1000] Sins of a Solar Empire: Rebellion -> Sins of a Solar Empire: Rebellion (status=exact, score=100)
[2026-09-01T11:43:59.798+0000] {matching.py:175} INFO - [408/1000] METAL GEAR RISING: REVENGEANCE -> Metal Gear Rising: Revengeance (status=exact, score=100)
[2026-09-01T11:44:00.728+0000] {matching.py:175} INFO - [409/1000] Insurgency: Sandstorm -> Insurgency: Sandstorm (status=exact, score=100)
[2026-09-01T11:44:01.479+0000] {matching.py:175} INFO - [410/1000] Total War: SHOGUN 2 -> Total War: SHOGUN 2 (status=exact, score=100)
[2026-09-01T11:44:02.359+0000] {matching.py:175} INFO - [411/1000] Ori and the Blind Forest: Definitive Edition -> Ori and the Blind Forest: Definitive Edition (status=exact, score=100)
[2026-09-01T11:44:03.071+0000] {matching.py:175} INFO - [412/1000] Overcooked! 2 -> Overcooked! 2 (status=exact, score=100)
[2026-09-01T11:44:03.935+0000] {matching.py:175} INFO - [413/1000] Rise of the Tomb Raider -> Rise of the Tomb Raider (status=exact, score=100)
[2026-09-01T11:44:04.660+0000] {matching.py:175} INFO - [414/1000] BioShock Infinite -> BioShock Infinite (status=exact, score=100)
[2026-09-01T11:44:05.587+0000] {matching.py:175} INFO - [415/1000] Tree of Savior (English Ver.) -> Tree of Savior (English Ver.) (status=exact, score=100)
[2026-09-01T11:44:06.445+0000] {matching.py:175} INFO - [416/1000] Papers, Please -> Papers, Please (status=exact, score=100)
