[2026-09-08T17:34:10.454+0000] {local_task_job_runner.py:120} INFO - ::group::Pre task execution logs
[2026-09-08T17:34:10.522+0000] {taskinstance.py:2076} INFO - Dependencies all met for dep_context=non-requeueable deps ti=<TaskInstance: steam_analytics_daily.extract_steamspy_to_bronze manual__2026-09-08T17:34:09.230235+00:00 [queued]>
[2026-09-08T17:34:10.529+0000] {taskinstance.py:2076} INFO - Dependencies all met for dep_context=requeueable deps ti=<TaskInstance: steam_analytics_daily.extract_steamspy_to_bronze manual__2026-09-08T17:34:09.230235+00:00 [queued]>
[2026-09-08T17:34:10.529+0000] {taskinstance.py:2306} INFO - Starting attempt 1 of 2
[2026-09-08T17:34:10.544+0000] {taskinstance.py:2330} INFO - Executing <Task(_PythonDecoratedOperator): extract_steamspy_to_bronze> on 2026-09-08 17:34:09.230235+00:00
[2026-09-08T17:34:10.562+0000] {logging_mixin.py:188} WARNING - /home/***/.local/lib/python3.12/site-packages/***/task/task_runner/standard_task_runner.py:62 DeprecationWarning: This process (pid=197) is multi-threaded, use of fork() may lead to deadlocks in the child.
[2026-09-08T17:34:10.561+0000] {standard_task_runner.py:90} INFO - Running: ['***', 'tasks', 'run', 'steam_analytics_daily', 'extract_steamspy_to_bronze', 'manual__2026-09-08T17:34:09.230235+00:00', '--job-id', '2', '--raw', '--subdir', 'DAGS_FOLDER/steam_analytics.py', '--cfg-path', '/tmp/tmpmjfd5rfo']
[2026-09-08T17:34:10.563+0000] {standard_task_runner.py:64} INFO - Started process 198 to run task
[2026-09-08T17:34:10.563+0000] {standard_task_runner.py:91} INFO - Job 2: Subtask extract_steamspy_to_bronze
[2026-09-08T17:34:10.738+0000] {task_command.py:426} INFO - Running <TaskInstance: steam_analytics_daily.extract_steamspy_to_bronze manual__2026-09-08T17:34:09.230235+00:00 [running]> on host af106f5ed5d0
[2026-09-08T17:34:10.823+0000] {taskinstance.py:2648} INFO - Exporting env vars: AIRFLOW_CTX_DAG_OWNER='data_engineer' AIRFLOW_CTX_DAG_ID='steam_analytics_daily' AIRFLOW_CTX_TASK_ID='extract_steamspy_to_bronze' AIRFLOW_CTX_EXECUTION_DATE='2026-09-08T17:34:09.230235+00:00' AIRFLOW_CTX_TRY_NUMBER='1' AIRFLOW_CTX_DAG_RUN_ID='manual__2026-09-08T17:34:09.230235+00:00'
[2026-09-08T17:34:10.824+0000] {taskinstance.py:430} INFO - ::endgroup::
[2026-09-08T17:34:10.824+0000] {steam_analytics.py:84} INFO - Memulai extract SteamSpy untuk 2026-09-08
[2026-09-08T17:34:11.035+0000] {steam_analytics.py:90} INFO - Mengambil SteamSpy dengan 3 page (~3000 game).
[2026-09-08T17:34:11.185+0000] {steamspy.py:39} INFO - Page 0: 1000 game ditarik (top 0-999 by owners)
[2026-09-08T17:34:11.185+0000] {steamspy.py:43} INFO - Menunggu 61 detik sebelum request page berikutnya (rate limit 'all')...
[2026-09-08T17:34:30.829+0000] {local_task_job_runner.py:313} WARNING - State of this instance has been externally set to failed. Terminating instance.
[2026-09-08T17:34:30.830+0000] {local_task_job_runner.py:222} INFO - ::endgroup::
[2026-09-08T17:34:30.832+0000] {process_utils.py:132} INFO - Sending 15 to group 198. PIDs of all processes in the group: [198]
[2026-09-08T17:34:30.833+0000] {process_utils.py:87} INFO - Sending the signal 15 to group 198
[2026-09-08T17:34:30.833+0000] {taskinstance.py:2611} ERROR - Received SIGTERM. Terminating subprocesses.
[2026-09-08T17:34:30.834+0000] {taskinstance.py:441} INFO - ::group::Post task execution logs
[2026-09-08T17:34:30.885+0000] {process_utils.py:80} INFO - Process psutil.Process(pid=198, status='terminated', exitcode=0, started='17:34:09') (198) terminated with exit code 0
